2025-12-17T18:57:31.9584558Z Current runner version: '2.329.0'
2025-12-17T18:57:31.9608214Z ##[group]Runner Image Provisioner
2025-12-17T18:57:31.9609134Z Hosted Compute Agent
2025-12-17T18:57:31.9609684Z Version: 20251202.455
2025-12-17T18:57:31.9610248Z Commit: 6c10caca4910e198df60de23adf20ad317c474e3
2025-12-17T18:57:31.9611057Z Build Date: 2025-12-02T15:56:59Z
2025-12-17T18:57:31.9611682Z Worker ID: {277d6643-4482-43c9-bebc-c8f6f263dacd}
2025-12-17T18:57:31.9612387Z ##[endgroup]
2025-12-17T18:57:31.9612995Z ##[group]Operating System
2025-12-17T18:57:31.9613533Z Ubuntu
2025-12-17T18:57:31.9614223Z 24.04.3
2025-12-17T18:57:31.9614737Z LTS
2025-12-17T18:57:31.9615210Z ##[endgroup]
2025-12-17T18:57:31.9615699Z ##[group]Runner Image
2025-12-17T18:57:31.9616302Z Image: ubuntu-24.04
2025-12-17T18:57:31.9616796Z Version: 20251208.163.1
2025-12-17T18:57:31.9617813Z Included Software: https://github.com/actions/runner-images/blob/ubuntu24/20251208.163/images/ubuntu/Ubuntu2404-Readme.md
2025-12-17T18:57:31.9619409Z Image Release: https://github.com/actions/runner-images/releases/tag/ubuntu24%2F20251208.163
2025-12-17T18:57:31.9620410Z ##[endgroup]
2025-12-17T18:57:31.9623551Z ##[group]GITHUB_TOKEN Permissions
2025-12-17T18:57:31.9626129Z Actions: write
2025-12-17T18:57:31.9626643Z ArtifactMetadata: write
2025-12-17T18:57:31.9627360Z Attestations: write
2025-12-17T18:57:31.9627837Z Checks: write
2025-12-17T18:57:31.9628307Z Contents: write
2025-12-17T18:57:31.9628946Z Deployments: write
2025-12-17T18:57:31.9629427Z Discussions: write
2025-12-17T18:57:31.9629916Z Issues: write
2025-12-17T18:57:31.9630464Z Metadata: read
2025-12-17T18:57:31.9630964Z Models: read
2025-12-17T18:57:31.9631413Z Packages: write
2025-12-17T18:57:31.9631987Z Pages: write
2025-12-17T18:57:31.9632481Z PullRequests: write
2025-12-17T18:57:31.9633111Z RepositoryProjects: write
2025-12-17T18:57:31.9633768Z SecurityEvents: write
2025-12-17T18:57:31.9634697Z Statuses: write
2025-12-17T18:57:31.9635244Z ##[endgroup]
2025-12-17T18:57:31.9637858Z Secret source: Actions
2025-12-17T18:57:31.9638820Z Prepare workflow directory
2025-12-17T18:57:32.0169888Z Prepare all required actions
2025-12-17T18:57:32.0223481Z Getting action download info
2025-12-17T18:57:32.3772204Z Download action repository 'actions/checkout@v4' (SHA:34e114876b0b11c390a56381ad16ebd13914f8d5)
2025-12-17T18:57:32.4695320Z Download action repository 'actions/cache@v4' (SHA:0057852bfaa89a56745cba8c7296529d2fc39830)
2025-12-17T18:57:32.5676775Z Download action repository 'actions/upload-artifact@v4' (SHA:ea165f8d65b6e75b540449e92b4886f43607fa02)
2025-12-17T18:57:32.7661344Z Uses: zmkfirmware/zmk/.github/workflows/build-user-config.yml@0b5a103c187ad337b9f50d824667866c4d7252e1
2025-12-17T18:57:32.7665981Z ##[group] Inputs
2025-12-17T18:57:32.7666526Z   build_matrix_path: build.yaml
2025-12-17T18:57:32.7667052Z   config_path: config
2025-12-17T18:57:32.7667503Z   fallback_binary: bin
2025-12-17T18:57:32.7667957Z   archive_name: firmware
2025-12-17T18:57:32.7668422Z ##[endgroup]
2025-12-17T18:57:32.7669367Z Complete job name: build / Build (eyelash_sofle_left, nice_view, studio-rpc-usb-uart, -DCONFIG_ZMK_STUDIO=y -DCONFIG_ZMK_STU...
2025-12-17T18:57:32.8181191Z ##[group]Checking docker version
2025-12-17T18:57:32.8194434Z ##[command]/usr/bin/docker version --format '{{.Server.APIVersion}}'
2025-12-17T18:57:32.8990669Z '1.48'
2025-12-17T18:57:32.9002318Z Docker daemon API version: '1.48'
2025-12-17T18:57:32.9003154Z ##[command]/usr/bin/docker version --format '{{.Client.APIVersion}}'
2025-12-17T18:57:32.9153759Z '1.48'
2025-12-17T18:57:32.9167393Z Docker client API version: '1.48'
2025-12-17T18:57:32.9173040Z ##[endgroup]
2025-12-17T18:57:32.9176238Z ##[group]Clean up resources from previous jobs
2025-12-17T18:57:32.9181635Z ##[command]/usr/bin/docker ps --all --quiet --no-trunc --filter "label=c5ee41"
2025-12-17T18:57:32.9332573Z ##[command]/usr/bin/docker network prune --force --filter "label=c5ee41"
2025-12-17T18:57:32.9460678Z ##[endgroup]
2025-12-17T18:57:32.9461203Z ##[group]Create local container network
2025-12-17T18:57:32.9471527Z ##[command]/usr/bin/docker network create --label c5ee41 github_network_2d8892534b7e4401b338d77c6043132e
2025-12-17T18:57:33.0044968Z de741a5a0c60079388e10f576b10a68d4c5daf21e6db0b7c98f77b2a97f07eb7
2025-12-17T18:57:33.0065466Z ##[endgroup]
2025-12-17T18:57:33.0088699Z ##[group]Starting job container
2025-12-17T18:57:33.0108013Z ##[command]/usr/bin/docker pull zmkfirmware/zmk-build-arm:stable
2025-12-17T18:57:33.5672961Z stable: Pulling from zmkfirmware/zmk-build-arm
2025-12-17T18:57:33.7193427Z a1a21c96bc16: Pulling fs layer
2025-12-17T18:57:33.7195003Z 80b3f0d914b4: Pulling fs layer
2025-12-17T18:57:33.7196227Z 39f6267735b8: Pulling fs layer
2025-12-17T18:57:34.2507939Z a1a21c96bc16: Verifying Checksum
2025-12-17T18:57:34.2510803Z a1a21c96bc16: Download complete
2025-12-17T18:57:35.9976291Z a1a21c96bc16: Pull complete
2025-12-17T18:57:36.3199309Z 80b3f0d914b4: Verifying Checksum
2025-12-17T18:57:36.3199840Z 80b3f0d914b4: Download complete
2025-12-17T18:57:37.1971639Z 39f6267735b8: Verifying Checksum
2025-12-17T18:57:37.1972156Z 39f6267735b8: Download complete
2025-12-17T18:57:45.1976750Z 80b3f0d914b4: Pull complete
2025-12-17T18:57:55.8321559Z 39f6267735b8: Pull complete
2025-12-17T18:57:55.8363543Z Digest: sha256:edb1c953438c6f720ddb79c3762f3972013b7fbbaf4fff3592fc869983e7afc5
2025-12-17T18:57:55.8377129Z Status: Downloaded newer image for zmkfirmware/zmk-build-arm:stable
2025-12-17T18:57:55.8388061Z docker.io/zmkfirmware/zmk-build-arm:stable
2025-12-17T18:57:55.8484206Z ##[command]/usr/bin/docker create --name 887e72109a364801a692df6c8b47c692_zmkfirmwarezmkbuildarmstable_82b475 --label c5ee41 --workdir /__w/zmk-sofle/zmk-sofle --network github_network_2d8892534b7e4401b338d77c6043132e  -e "HOME=/github/home" -e GITHUB_ACTIONS=true -e CI=true -v "/var/run/docker.sock":"/var/run/docker.sock" -v "/home/runner/work":"/__w" -v "/home/runner/actions-runner/cached/externals":"/__e":ro -v "/home/runner/work/_temp":"/__w/_temp" -v "/home/runner/work/_actions":"/__w/_actions" -v "/opt/hostedtoolcache":"/__t" -v "/home/runner/work/_temp/_github_home":"/github/home" -v "/home/runner/work/_temp/_github_workflow":"/github/workflow" --entrypoint "tail" zmkfirmware/zmk-build-arm:stable "-f" "/dev/null"
2025-12-17T18:57:55.8765311Z 5253b8589ffd95e8f7aeff01c05b1a23a8e6b4e56d5b961b213f8ce6b9508b02
2025-12-17T18:57:55.8789214Z ##[command]/usr/bin/docker start 5253b8589ffd95e8f7aeff01c05b1a23a8e6b4e56d5b961b213f8ce6b9508b02
2025-12-17T18:57:56.0471353Z 5253b8589ffd95e8f7aeff01c05b1a23a8e6b4e56d5b961b213f8ce6b9508b02
2025-12-17T18:57:56.0489070Z ##[command]/usr/bin/docker ps --all --filter id=5253b8589ffd95e8f7aeff01c05b1a23a8e6b4e56d5b961b213f8ce6b9508b02 --filter status=running --no-trunc --format "{{.ID}} {{.Status}}"
2025-12-17T18:57:56.0605329Z 5253b8589ffd95e8f7aeff01c05b1a23a8e6b4e56d5b961b213f8ce6b9508b02 Up Less than a second
2025-12-17T18:57:56.0626061Z ##[command]/usr/bin/docker inspect --format "{{range .Config.Env}}{{println .}}{{end}}" 5253b8589ffd95e8f7aeff01c05b1a23a8e6b4e56d5b961b213f8ce6b9508b02
2025-12-17T18:57:56.0741866Z HOME=/github/home
2025-12-17T18:57:56.0742317Z GITHUB_ACTIONS=true
2025-12-17T18:57:56.0743069Z CI=true
2025-12-17T18:57:56.0743417Z PATH=/usr/local/sbin:/usr/local/bin:/usr/sbin:/usr/bin:/sbin:/bin
2025-12-17T18:57:56.0743790Z DEBIAN_FRONTEND=noninteractive
2025-12-17T18:57:56.0744291Z ZEPHYR_VERSION=4.1.0
2025-12-17T18:57:56.0760708Z ##[endgroup]
2025-12-17T18:57:56.0769672Z ##[group]Waiting for all services to be ready
2025-12-17T18:57:56.0771529Z ##[endgroup]
2025-12-17T18:57:56.1019723Z ##[group]Run actions/checkout@v4
2025-12-17T18:57:56.1020287Z with:
2025-12-17T18:57:56.1020489Z   repository: duducm2/zmk-sofle
2025-12-17T18:57:56.1020891Z   token: ***
2025-12-17T18:57:56.1021102Z   ssh-strict: true
2025-12-17T18:57:56.1021283Z   ssh-user: git
2025-12-17T18:57:56.1021477Z   persist-credentials: true
2025-12-17T18:57:56.1021691Z   clean: true
2025-12-17T18:57:56.1021887Z   sparse-checkout-cone-mode: true
2025-12-17T18:57:56.1022113Z   fetch-depth: 1
2025-12-17T18:57:56.1022285Z   fetch-tags: false
2025-12-17T18:57:56.1022698Z   show-progress: true
2025-12-17T18:57:56.1022877Z   lfs: false
2025-12-17T18:57:56.1023041Z   submodules: false
2025-12-17T18:57:56.1023218Z   set-safe-directory: true
2025-12-17T18:57:56.1023665Z ##[endgroup]
2025-12-17T18:57:56.1080437Z ##[command]/usr/bin/docker exec  5253b8589ffd95e8f7aeff01c05b1a23a8e6b4e56d5b961b213f8ce6b9508b02 sh -c "cat /etc/*release | grep ^ID"
2025-12-17T18:57:56.3171296Z Syncing repository: duducm2/zmk-sofle
2025-12-17T18:57:56.3172609Z ##[group]Getting Git version info
2025-12-17T18:57:56.3172949Z Working directory is '/__w/zmk-sofle/zmk-sofle'
2025-12-17T18:57:56.3173427Z [command]/usr/bin/git version
2025-12-17T18:57:56.3173651Z git version 2.43.0
2025-12-17T18:57:56.3193062Z ##[endgroup]
2025-12-17T18:57:56.3208274Z Temporarily overriding HOME='/__w/_temp/3ae2f90e-39de-4456-a75d-8f1e2bc04592' before making global git config changes
2025-12-17T18:57:56.3209360Z Adding repository directory to the temporary git global config as a safe directory
2025-12-17T18:57:56.3214971Z [command]/usr/bin/git config --global --add safe.directory /__w/zmk-sofle/zmk-sofle
2025-12-17T18:57:56.3254648Z Deleting the contents of '/__w/zmk-sofle/zmk-sofle'
2025-12-17T18:57:56.3258532Z ##[group]Initializing the repository
2025-12-17T18:57:56.3262583Z [command]/usr/bin/git init /__w/zmk-sofle/zmk-sofle
2025-12-17T18:57:56.3294056Z hint: Using 'master' as the name for the initial branch. This default branch name
2025-12-17T18:57:56.3295067Z hint: is subject to change. To configure the initial branch name to use in all
2025-12-17T18:57:56.3296018Z hint: of your new repositories, which will suppress this warning, call:
2025-12-17T18:57:56.3296833Z hint: 
2025-12-17T18:57:56.3297288Z hint: 	git config --global init.defaultBranch <name>
2025-12-17T18:57:56.3297635Z hint: 
2025-12-17T18:57:56.3297923Z hint: Names commonly chosen instead of 'master' are 'main', 'trunk' and
2025-12-17T18:57:56.3298387Z hint: 'development'. The just-created branch can be renamed via this command:
2025-12-17T18:57:56.3298753Z hint: 
2025-12-17T18:57:56.3298941Z hint: 	git branch -m <name>
2025-12-17T18:57:56.3302653Z Initialized empty Git repository in /__w/zmk-sofle/zmk-sofle/.git/
2025-12-17T18:57:56.3314178Z [command]/usr/bin/git remote add origin https://github.com/duducm2/zmk-sofle
2025-12-17T18:57:56.3341500Z ##[endgroup]
2025-12-17T18:57:56.3341870Z ##[group]Disabling automatic garbage collection
2025-12-17T18:57:56.3346544Z [command]/usr/bin/git config --local gc.auto 0
2025-12-17T18:57:56.3372983Z ##[endgroup]
2025-12-17T18:57:56.3373628Z ##[group]Setting up auth
2025-12-17T18:57:56.3380853Z [command]/usr/bin/git config --local --name-only --get-regexp core\.sshCommand
2025-12-17T18:57:56.3409100Z [command]/usr/bin/git submodule foreach --recursive sh -c "git config --local --name-only --get-regexp 'core\.sshCommand' && git config --local --unset-all 'core.sshCommand' || :"
2025-12-17T18:57:56.3638296Z [command]/usr/bin/git config --local --name-only --get-regexp http\.https\:\/\/github\.com\/\.extraheader
2025-12-17T18:57:56.3726606Z [command]/usr/bin/git submodule foreach --recursive sh -c "git config --local --name-only --get-regexp 'http\.https\:\/\/github\.com\/\.extraheader' && git config --local --unset-all 'http.https://github.com/.extraheader' || :"
2025-12-17T18:57:56.3901388Z [command]/usr/bin/git config --local --name-only --get-regexp ^includeIf\.gitdir:
2025-12-17T18:57:56.3930892Z [command]/usr/bin/git submodule foreach --recursive git config --local --show-origin --name-only --get-regexp remote.origin.url
2025-12-17T18:57:56.4156099Z [command]/usr/bin/git config --local http.https://github.com/.extraheader AUTHORIZATION: basic ***
2025-12-17T18:57:56.4189567Z ##[endgroup]
2025-12-17T18:57:56.4190266Z ##[group]Fetching the repository
2025-12-17T18:57:56.4198062Z [command]/usr/bin/git -c protocol.version=2 fetch --no-tags --prune --no-recurse-submodules --depth=1 origin +15616ea16156c658e8634281847fe4aab4d5f465:refs/remotes/origin/main
2025-12-17T18:57:56.7428213Z From https://github.com/duducm2/zmk-sofle
2025-12-17T18:57:56.7429249Z  * [new ref]         15616ea16156c658e8634281847fe4aab4d5f465 -> origin/main
2025-12-17T18:57:56.7454554Z ##[endgroup]
2025-12-17T18:57:56.7455481Z ##[group]Determining the checkout info
2025-12-17T18:57:56.7458521Z ##[endgroup]
2025-12-17T18:57:56.7462647Z [command]/usr/bin/git sparse-checkout disable
2025-12-17T18:57:56.7510000Z [command]/usr/bin/git config --local --unset-all extensions.worktreeConfig
2025-12-17T18:57:56.7536992Z ##[group]Checking out the ref
2025-12-17T18:57:56.7540019Z [command]/usr/bin/git checkout --progress --force -B main refs/remotes/origin/main
2025-12-17T18:57:56.7637692Z Switched to a new branch 'main'
2025-12-17T18:57:56.7638625Z branch 'main' set up to track 'origin/main'.
2025-12-17T18:57:56.7644876Z ##[endgroup]
2025-12-17T18:57:56.7678981Z [command]/usr/bin/git log -1 --format=%H
2025-12-17T18:57:56.7701969Z 15616ea16156c658e8634281847fe4aab4d5f465
2025-12-17T18:57:56.7897289Z ##[group]Run echo "build_dir=$(mktemp -d)" >> $GITHUB_ENV
2025-12-17T18:57:56.7897758Z [36;1mecho "build_dir=$(mktemp -d)" >> $GITHUB_ENV[0m
2025-12-17T18:57:56.7901470Z shell: sh -e {0}
2025-12-17T18:57:56.7901678Z ##[endgroup]
2025-12-17T18:57:56.8494484Z ##[group]Run if [ -e zephyr/module.yml ]; then
2025-12-17T18:57:56.8494868Z [36;1mif [ -e zephyr/module.yml ]; then[0m
2025-12-17T18:57:56.8495228Z [36;1m  export zmk_load_arg=" -DZMK_EXTRA_MODULES='${GITHUB_WORKSPACE}'"[0m
2025-12-17T18:57:56.8495604Z [36;1m  new_tmp_dir="${TMPDIR:-/tmp}/zmk-config"[0m
2025-12-17T18:57:56.8495888Z [36;1m  mkdir -p "${new_tmp_dir}"[0m
2025-12-17T18:57:56.8496164Z [36;1m  echo "base_dir=${new_tmp_dir}" >> $GITHUB_ENV[0m
2025-12-17T18:57:56.8496437Z [36;1melse[0m
2025-12-17T18:57:56.8496671Z [36;1m  echo "base_dir=${GITHUB_WORKSPACE}" >> $GITHUB_ENV[0m
2025-12-17T18:57:56.8496936Z [36;1mfi[0m
2025-12-17T18:57:56.8497090Z [36;1m[0m
2025-12-17T18:57:56.8497251Z [36;1mif [ -n "${snippet}" ]; then[0m
2025-12-17T18:57:56.8497509Z [36;1m  extra_west_args="-S \"${snippet}\""[0m
2025-12-17T18:57:56.8497761Z [36;1mfi[0m
2025-12-17T18:57:56.8497911Z [36;1m[0m
2025-12-17T18:57:56.8498155Z [36;1mecho "zephyr_version=${ZEPHYR_VERSION}" >> $GITHUB_ENV[0m
2025-12-17T18:57:56.8498508Z [36;1mecho "extra_west_args=${extra_west_args}" >> $GITHUB_ENV[0m
2025-12-17T18:57:56.8498942Z [36;1mecho "extra_cmake_args=${shield:+-DSHIELD=\"$shield\"}${zmk_load_arg}" >> $GITHUB_ENV[0m
2025-12-17T18:57:56.8499404Z [36;1mecho "display_name=${shield:+$shield - }${board}" >> $GITHUB_ENV[0m
2025-12-17T18:57:56.8499847Z [36;1mecho "artifact_name=${artifact_name:-${shield:+$shield-}${board}-zmk}" >> $GITHUB_ENV[0m
2025-12-17T18:57:56.8501440Z shell: sh -x {0}
2025-12-17T18:57:56.8501621Z env:
2025-12-17T18:57:56.8501799Z   build_dir: /tmp/tmp.dhaRWpF4sq
2025-12-17T18:57:56.8502026Z   board: eyelash_sofle_left
2025-12-17T18:57:56.8502232Z   shield: nice_view
2025-12-17T18:57:56.8502430Z   artifact_name: eyelash_sofle_studio_left
2025-12-17T18:57:56.8502685Z   snippet: studio-rpc-usb-uart
2025-12-17T18:57:56.8502907Z ##[endgroup]
2025-12-17T18:57:56.9210065Z + [ -e zephyr/module.yml ]
2025-12-17T18:57:56.9212474Z + export zmk_load_arg= -DZMK_EXTRA_MODULES='/__w/zmk-sofle/zmk-sofle'
2025-12-17T18:57:56.9214903Z + new_tmp_dir=/tmp/zmk-config
2025-12-17T18:57:56.9215806Z + mkdir -p /tmp/zmk-config
2025-12-17T18:57:56.9218652Z + echo base_dir=/tmp/zmk-config
2025-12-17T18:57:56.9219173Z + [ -n studio-rpc-usb-uart ]
2025-12-17T18:57:56.9219566Z + extra_west_args=-S "studio-rpc-usb-uart"
2025-12-17T18:57:56.9220007Z + echo zephyr_version=4.1.0
2025-12-17T18:57:56.9220553Z + echo extra_west_args=-S "studio-rpc-usb-uart"
2025-12-17T18:57:56.9221510Z + echo extra_cmake_args=-DSHIELD="nice_view" -DZMK_EXTRA_MODULES='/__w/zmk-sofle/zmk-sofle'
2025-12-17T18:57:56.9222252Z + echo display_name=nice_view - eyelash_sofle_left
2025-12-17T18:57:56.9222903Z + echo artifact_name=eyelash_sofle_studio_left
2025-12-17T18:57:56.9292230Z ##[group]Run if [ "/tmp/zmk-config" != "${GITHUB_WORKSPACE}" ]; then
2025-12-17T18:57:56.9292844Z [36;1mif [ "/tmp/zmk-config" != "${GITHUB_WORKSPACE}" ]; then[0m
2025-12-17T18:57:56.9293178Z [36;1m  mkdir "/tmp/zmk-config/config"[0m
2025-12-17T18:57:56.9293469Z [36;1m  cp -R config/* "/tmp/zmk-config/config/"[0m
2025-12-17T18:57:56.9293718Z [36;1mfi[0m
2025-12-17T18:57:56.9294272Z shell: sh -e {0}
2025-12-17T18:57:56.9294455Z env:
2025-12-17T18:57:56.9294638Z   build_dir: /tmp/tmp.dhaRWpF4sq
2025-12-17T18:57:56.9294938Z   base_dir: /tmp/zmk-config
2025-12-17T18:57:56.9295167Z   zephyr_version: 4.1.0
2025-12-17T18:57:56.9295403Z   extra_west_args: -S "studio-rpc-usb-uart"
2025-12-17T18:57:56.9295809Z   extra_cmake_args: -DSHIELD="nice_view" -DZMK_EXTRA_MODULES='/__w/zmk-sofle/zmk-sofle'
2025-12-17T18:57:56.9296209Z   display_name: nice_view - eyelash_sofle_left
2025-12-17T18:57:56.9296483Z   artifact_name: eyelash_sofle_studio_left
2025-12-17T18:57:56.9296752Z ##[endgroup]
2025-12-17T18:57:57.0706527Z ##[group]Run actions/cache@v4
2025-12-17T18:57:57.0706779Z with:
2025-12-17T18:57:57.0707265Z   path: /tmp/zmk-config/modules/
/tmp/zmk-config/tools/
/tmp/zmk-config/zephyr/
/tmp/zmk-config/bootloader/
/tmp/zmk-config/zmk/

2025-12-17T18:57:57.0708070Z   key: Linux-build-cache-zephyr-4.1.0-modules-894fb66ef5982f4923c995ad3e56df2fd96e8b44d3656d1d201d07d8d75ce5c6
2025-12-17T18:57:57.0708705Z   restore-keys: Linux-build-cache-zephyr-4.1.0-modules-
Linux-build-
Linux-

2025-12-17T18:57:57.0709072Z   enableCrossOsArchive: false
2025-12-17T18:57:57.0709302Z   fail-on-cache-miss: false
2025-12-17T18:57:57.0709506Z   lookup-only: false
2025-12-17T18:57:57.0709690Z   save-always: false
2025-12-17T18:57:57.0709865Z env:
2025-12-17T18:57:57.0710033Z   build_dir: /tmp/tmp.dhaRWpF4sq
2025-12-17T18:57:57.0710256Z   base_dir: /tmp/zmk-config
2025-12-17T18:57:57.0710460Z   zephyr_version: 4.1.0
2025-12-17T18:57:57.0710689Z   extra_west_args: -S "studio-rpc-usb-uart"
2025-12-17T18:57:57.0711111Z   extra_cmake_args: -DSHIELD="nice_view" -DZMK_EXTRA_MODULES='/__w/zmk-sofle/zmk-sofle'
2025-12-17T18:57:57.0711512Z   display_name: nice_view - eyelash_sofle_left
2025-12-17T18:57:57.0711784Z   artifact_name: eyelash_sofle_studio_left
2025-12-17T18:57:57.0712040Z   cache_name: cache-zephyr-4.1.0-modules
2025-12-17T18:57:57.0712275Z ##[endgroup]
2025-12-17T18:57:57.0716124Z ##[command]/usr/bin/docker exec  5253b8589ffd95e8f7aeff01c05b1a23a8e6b4e56d5b961b213f8ce6b9508b02 sh -c "cat /etc/*release | grep ^ID"
2025-12-17T18:57:57.5121035Z Cache hit for: Linux-build-cache-zephyr-4.1.0-modules-894fb66ef5982f4923c995ad3e56df2fd96e8b44d3656d1d201d07d8d75ce5c6
2025-12-17T18:57:58.6497420Z Received 125829120 of 2009302056 (6.3%), 120.0 MBs/sec
2025-12-17T18:57:59.6556589Z Received 276824064 of 2009302056 (13.8%), 131.6 MBs/sec
2025-12-17T18:58:00.6625301Z Received 490733568 of 2009302056 (24.4%), 155.5 MBs/sec
2025-12-17T18:58:01.7054333Z Received 671088640 of 2009302056 (33.4%), 157.8 MBs/sec
2025-12-17T18:58:02.7057777Z Received 838860800 of 2009302056 (41.7%), 158.2 MBs/sec
2025-12-17T18:58:03.7063674Z Received 1010827264 of 2009302056 (50.3%), 159.2 MBs/sec
2025-12-17T18:58:04.7064939Z Received 1191182336 of 2009302056 (59.3%), 161.0 MBs/sec
2025-12-17T18:58:05.7063522Z Received 1342177280 of 2009302056 (66.8%), 158.9 MBs/sec
2025-12-17T18:58:06.7071039Z Received 1509949440 of 2009302056 (75.1%), 159.0 MBs/sec
2025-12-17T18:58:07.7078104Z Received 1702887424 of 2009302056 (84.8%), 161.5 MBs/sec
2025-12-17T18:58:08.7085769Z Received 1874853888 of 2009302056 (93.3%), 161.7 MBs/sec
2025-12-17T18:58:09.7085089Z Received 1979711488 of 2009302056 (98.5%), 156.6 MBs/sec
2025-12-17T18:58:09.8919125Z Received 2009302056 of 2009302056 (100.0%), 156.5 MBs/sec
2025-12-17T18:58:09.8922652Z Cache Size: ~1916 MB (2009302056 B)
2025-12-17T18:58:09.9026934Z [command]/usr/bin/tar -xf /__w/_temp/5582d0a1-850d-4ac7-90b0-000400cdd15b/cache.tgz -P -C /__w/zmk-sofle/zmk-sofle -z
2025-12-17T18:58:30.2373360Z Cache restored successfully
2025-12-17T18:58:30.5817314Z Cache restored from key: Linux-build-cache-zephyr-4.1.0-modules-894fb66ef5982f4923c995ad3e56df2fd96e8b44d3656d1d201d07d8d75ce5c6
2025-12-17T18:58:30.5956709Z ##[group]Run west init -l "/tmp/zmk-config/config"
2025-12-17T18:58:30.5957092Z [36;1mwest init -l "/tmp/zmk-config/config"[0m
2025-12-17T18:58:30.5957468Z shell: sh -e {0}
2025-12-17T18:58:30.5957644Z env:
2025-12-17T18:58:30.5957837Z   build_dir: /tmp/tmp.dhaRWpF4sq
2025-12-17T18:58:30.5958077Z   base_dir: /tmp/zmk-config
2025-12-17T18:58:30.5958291Z   zephyr_version: 4.1.0
2025-12-17T18:58:30.5958515Z   extra_west_args: -S "studio-rpc-usb-uart"
2025-12-17T18:58:30.5958904Z   extra_cmake_args: -DSHIELD="nice_view" -DZMK_EXTRA_MODULES='/__w/zmk-sofle/zmk-sofle'
2025-12-17T18:58:30.5959307Z   display_name: nice_view - eyelash_sofle_left
2025-12-17T18:58:30.5959574Z   artifact_name: eyelash_sofle_studio_left
2025-12-17T18:58:30.5959817Z ##[endgroup]
2025-12-17T18:58:30.7660381Z === Initializing from existing manifest repository config
2025-12-17T18:58:30.7662388Z --- Creating /tmp/zmk-config/.west and local configuration file
2025-12-17T18:58:30.7669810Z === Initialized. Now run "west update" inside /tmp/zmk-config.
2025-12-17T18:58:30.7900276Z ##[group]Run west update --fetch-opt=--filter=tree:0
2025-12-17T18:58:30.7900658Z [36;1mwest update --fetch-opt=--filter=tree:0[0m
2025-12-17T18:58:30.7901016Z shell: sh -e {0}
2025-12-17T18:58:30.7901191Z env:
2025-12-17T18:58:30.7901372Z   build_dir: /tmp/tmp.dhaRWpF4sq
2025-12-17T18:58:30.7901606Z   base_dir: /tmp/zmk-config
2025-12-17T18:58:30.7901816Z   zephyr_version: 4.1.0
2025-12-17T18:58:30.7902042Z   extra_west_args: -S "studio-rpc-usb-uart"
2025-12-17T18:58:30.7902437Z   extra_cmake_args: -DSHIELD="nice_view" -DZMK_EXTRA_MODULES='/__w/zmk-sofle/zmk-sofle'
2025-12-17T18:58:30.7902833Z   display_name: nice_view - eyelash_sofle_left
2025-12-17T18:58:30.7903108Z   artifact_name: eyelash_sofle_studio_left
2025-12-17T18:58:30.7903350Z ##[endgroup]
2025-12-17T18:58:31.0519839Z === updating zmk (zmk):
2025-12-17T18:58:31.2030234Z HEAD is now at 0b5a103c fix(core): Generate correct keymap layer names for all builds (#3047)
2025-12-17T18:58:31.2186148Z === updating zephyr (zephyr):
2025-12-17T18:58:31.2213158Z --- zephyr: fetching, need revision v3.5.0+zmk-fixes
2025-12-17T18:58:31.6537223Z From https://github.com/zmkfirmware/zephyr
2025-12-17T18:58:31.6537820Z  * branch                v3.5.0+zmk-fixes -> FETCH_HEAD
2025-12-17T18:58:32.7863563Z HEAD is now at dacab4875 scripts: check_init_priorities: drop recursive child parsing
2025-12-17T18:58:32.8253505Z === updating eyelash_sofle (eyelash_sofle):
2025-12-17T18:58:32.8254210Z --- eyelash_sofle: initializing
2025-12-17T18:58:32.8302293Z Initialized empty Git repository in /tmp/zmk-config/eyelash_sofle/.git/
2025-12-17T18:58:32.8335236Z --- eyelash_sofle: fetching, need revision refactor
2025-12-17T18:58:33.0842479Z From https://github.com/a741725193/zmk-sofle
2025-12-17T18:58:33.0843005Z  * branch            refactor   -> FETCH_HEAD
2025-12-17T18:58:33.4658178Z HEAD is now at 504d2a5 [Draw] update configuration
2025-12-17T18:58:33.4719549Z HEAD is now at 504d2a5 [Draw] update configuration
2025-12-17T18:58:33.4725765Z === updating mario-peripheral-animation (mario-peripheral-animation):
2025-12-17T18:58:33.4726448Z --- mario-peripheral-animation: initializing
2025-12-17T18:58:33.4766085Z Initialized empty Git repository in /tmp/zmk-config/mario-peripheral-animation/.git/
2025-12-17T18:58:33.4799028Z --- mario-peripheral-animation: fetching, need revision main
2025-12-17T18:58:33.7085626Z From https://github.com/GPeye/mario-peripheral-animation
2025-12-17T18:58:33.7086250Z  * branch            main       -> FETCH_HEAD
2025-12-17T18:58:34.4566278Z HEAD is now at 1aa3950 vid
2025-12-17T18:58:34.4942181Z HEAD is now at 1aa3950 vid
2025-12-17T18:58:34.4946274Z === updating nanopb (modules/lib/nanopb):
2025-12-17T18:58:34.5282793Z HEAD is now at 8c60555 Merge pull request #4 from petejohanson/build/find-protoc-fixes
2025-12-17T18:58:34.5287438Z === updating zmk-studio-messages (modules/msgs/zmk-studio-messages):
2025-12-17T18:58:34.5417385Z HEAD is now at 6cb4c28 refactor: Return detailed save changes response.
2025-12-17T18:58:34.5422162Z === updating acpica (modules/lib/acpica):
2025-12-17T18:58:34.7292783Z HEAD is now at 0333c2af1 os_specific: zephyr: add generic platform support
2025-12-17T18:58:34.7299509Z === updating canopennode (modules/lib/canopennode):
2025-12-17T18:58:34.7481811Z HEAD is now at dec12fa stack: map CANopenNode crc16_ccitt() to Zephyr crc16_itu_t()
2025-12-17T18:58:34.7486287Z === updating cmsis (modules/hal/cmsis):
2025-12-17T18:58:34.7696140Z HEAD is now at 5a00331 remove cmsis-dsp and cmsis-nn
2025-12-17T18:58:34.7700447Z === updating cmsis-dsp (modules/lib/cmsis-dsp):
2025-12-17T18:58:35.0924546Z HEAD is now at ff7b5fd1 compute Library: fix inline function that is not static
2025-12-17T18:58:35.0929641Z === updating cmsis-nn (modules/lib/cmsis-nn):
2025-12-17T18:58:35.1481868Z HEAD is now at 0c8669d Merge pull request #1 from XenuIsWatching/zephyr
2025-12-17T18:58:35.1486706Z === updating fatfs (modules/fs/fatfs):
2025-12-17T18:58:35.1679731Z HEAD is now at 427159b zephyr: fix ffconf.h override use of STRINGIZE
2025-12-17T18:58:35.1684194Z === updating hal_ambiq (modules/hal/ambiq):
2025-12-17T18:58:35.2333616Z HEAD is now at 0a7c993 modules: hal_ambiq: Add Ambiq Apollo4 Blue Plus SoC
2025-12-17T18:58:35.2338287Z === updating hal_atmel (modules/hal/atmel):
2025-12-17T18:58:35.5095676Z HEAD is now at 5ab4300 Remove LITTLE_ENDIAN and __LITTLE_ENDIAN defines
2025-12-17T18:58:35.5100776Z === updating hal_espressif (modules/hal/espressif):
2025-12-17T18:58:36.2707056Z HEAD is now at 31fc5758f3 random: rename header file as in Zephyr.
2025-12-17T18:58:36.2716913Z === updating hal_ethos_u (modules/hal/ethos_u):
2025-12-17T18:58:36.2896437Z HEAD is now at 90ada2e Clarify README regarding CPU choice
2025-12-17T18:58:36.2900665Z === updating hal_gigadevice (modules/hal/gigadevice):
2025-12-17T18:58:36.3484349Z HEAD is now at 2994b7d README.md: add pllmf and pack exception for gd32a50x
2025-12-17T18:58:36.3488755Z === updating hal_intel (modules/hal/intel):
2025-12-17T18:58:36.3649861Z HEAD is now at b3b43d4 pm: fix handling reset prep in incorrect place
2025-12-17T18:58:36.3653751Z === updating hal_nordic (modules/hal/nordic):
2025-12-17T18:58:37.0117537Z HEAD is now at 884c4d6 nrfx: Update to version 3.6.0
2025-12-17T18:58:37.0122683Z === updating hal_nuvoton (modules/hal/nuvoton):
2025-12-17T18:58:37.0691475Z HEAD is now at 3e0a4c4 hal: NuMaker M46x: revise API name of M460 FMC erase bank
2025-12-17T18:58:37.0695427Z === updating hal_quicklogic (modules/hal/quicklogic):
2025-12-17T18:58:37.0838354Z HEAD is now at b3a66fe Remove references to FPGA IP core drivers
2025-12-17T18:58:37.0842584Z === updating hal_renesas (modules/hal/renesas):
2025-12-17T18:58:37.1004382Z HEAD is now at a6cf2af Remove dynamic memory allocation from PD code
2025-12-17T18:58:37.1008965Z === updating hal_rpi_pico (modules/hal/rpi_pico):
2025-12-17T18:58:37.1480594Z HEAD is now at fba7162 Merge pull request #5 from soburi/zephyr_timer_modification
2025-12-17T18:58:37.1485028Z === updating hal_stm32 (modules/hal/stm32):
2025-12-17T18:58:38.8260110Z HEAD is now at 89ef0a33 stm32cube: stm32h5:  ethernet: PTP clock doesnâ€™t works
2025-12-17T18:58:38.8265375Z === updating hal_telink (modules/hal/telink):
2025-12-17T18:58:38.8460181Z HEAD is now at 38573af B91 ADC driver support
2025-12-17T18:58:38.8464960Z === updating hal_wurthelektronik (modules/hal/wurthelektronik):
2025-12-17T18:58:38.8606075Z HEAD is now at 24ca987 Initialized WE HAL module repository.
2025-12-17T18:58:38.8610784Z === updating libmetal (modules/hal/libmetal):
2025-12-17T18:58:38.8795422Z HEAD is now at b91611a lib: update libmetal to release v2023.04.0
2025-12-17T18:58:38.8799140Z === updating liblc3 (modules/lib/liblc3):
2025-12-17T18:58:38.8972850Z HEAD is now at 448f3de Merge pull request #8 from carlescufi/rename
2025-12-17T18:58:38.8976893Z === updating littlefs (modules/fs/littlefs):
2025-12-17T18:58:38.9133024Z HEAD is now at ca583fd Merge tag 'v2.5.0' of https://github.com/littlefs-project/littlefs into zephyr
2025-12-17T18:58:38.9137294Z === updating lvgl (modules/lib/gui/lvgl):
2025-12-17T18:58:39.1987679Z HEAD is now at 8a6a2d1d2 zephyr: Move gluecode back to zephyr main repository
2025-12-17T18:58:39.1993047Z === updating mbedtls (modules/crypto/mbedtls):
2025-12-17T18:58:39.3394321Z HEAD is now at c38dc78d9 Merge pull request #44 from d3zd3z/zephyr-3.4.0
2025-12-17T18:58:39.3399780Z === updating mipi-sys-t (modules/debug/mipi-sys-t):
2025-12-17T18:58:39.3588768Z HEAD is now at a819419 library: allow building without wchar support
2025-12-17T18:58:39.3593088Z === updating nrf_hw_models (modules/bsim_hw_models/nrf_hw_models):
2025-12-17T18:58:39.3770060Z HEAD is now at f459580 TEMP & ECB: Fix INTEN sideeffect prototypes
2025-12-17T18:58:39.3774463Z === updating open-amp (modules/lib/open-amp):
2025-12-17T18:58:39.3946806Z HEAD is now at 42b7c57 cmake: Compile with WITH_DCACHE_RSC_TABLE
2025-12-17T18:58:39.3951048Z === updating percepio (modules/debug/percepio):
2025-12-17T18:58:39.4213210Z HEAD is now at a3728ef Merge pull request #4 from peter-mitsis/pmitsis-k_mem_block
2025-12-17T18:58:39.4219205Z === updating picolibc (modules/lib/picolibc):
2025-12-17T18:58:39.5811454Z HEAD is now at d07c38ff0 Version 1.8.2
2025-12-17T18:58:39.5819294Z === updating segger (modules/debug/segger):
2025-12-17T18:58:39.5965286Z HEAD is now at 9d01912 segger: config: RTT spinlock implementation
2025-12-17T18:58:39.5969175Z === updating tinycrypt (modules/crypto/tinycrypt):
2025-12-17T18:58:39.6109889Z HEAD is now at 3e9a49d cmake: Fix conditional in root CMakeLists.txt
2025-12-17T18:58:39.6114384Z === updating trusted-firmware-a (modules/tee/tf-a/trusted-firmware-a):
2025-12-17T18:58:39.7972895Z HEAD is now at 421dc0502 Merge pull request #3 from SgrrZhf/topics/huizha01/2.9.0-updates
2025-12-17T18:58:39.7980241Z === updating uoscore-uedhoc (modules/lib/uoscore-uedhoc):
2025-12-17T18:58:39.8220983Z HEAD is now at 5fe2cb6 2.2.1
2025-12-17T18:58:39.8225366Z === updating zcbor (modules/lib/zcbor):
2025-12-17T18:58:39.8412730Z HEAD is now at 67fd8bb Update version from 0.6.99 to 0.7.0
2025-12-17T18:58:39.8688648Z ##[group]Run west zephyr-export
2025-12-17T18:58:39.8688952Z [36;1mwest zephyr-export[0m
2025-12-17T18:58:39.8689437Z shell: sh -e {0}
2025-12-17T18:58:39.8689627Z env:
2025-12-17T18:58:39.8689817Z   build_dir: /tmp/tmp.dhaRWpF4sq
2025-12-17T18:58:39.8690051Z   base_dir: /tmp/zmk-config
2025-12-17T18:58:39.8690257Z   zephyr_version: 4.1.0
2025-12-17T18:58:39.8690492Z   extra_west_args: -S "studio-rpc-usb-uart"
2025-12-17T18:58:39.8690894Z   extra_cmake_args: -DSHIELD="nice_view" -DZMK_EXTRA_MODULES='/__w/zmk-sofle/zmk-sofle'
2025-12-17T18:58:39.8691323Z   display_name: nice_view - eyelash_sofle_left
2025-12-17T18:58:39.8691611Z   artifact_name: eyelash_sofle_studio_left
2025-12-17T18:58:39.8691854Z ##[endgroup]
2025-12-17T18:58:40.4007768Z Zephyr (/tmp/zmk-config/zephyr/share/zephyr-package/cmake)
2025-12-17T18:58:40.4008186Z has been added to the user package registry in:
2025-12-17T18:58:40.4008953Z ~/.cmake/packages/Zephyr
2025-12-17T18:58:40.4009199Z 
2025-12-17T18:58:40.6726249Z ZephyrUnittest (/tmp/zmk-config/zephyr/share/zephyrunittest-package/cmake)
2025-12-17T18:58:40.6726753Z has been added to the user package registry in:
2025-12-17T18:58:40.6727048Z ~/.cmake/packages/ZephyrUnittest
2025-12-17T18:58:40.6727217Z 
2025-12-17T18:58:40.6982256Z ##[group]Run west build -s zmk/app -d "/tmp/tmp.dhaRWpF4sq" -b "eyelash_sofle_left" -S "studio-rpc-usb-uart" -- -DZMK_CONFIG=/tmp/zmk-config/config -DSHIELD="nice_view" -DZMK_EXTRA_MODULES='/__w/zmk-sofle/zmk-sofle' -DCONFIG_ZMK_STUDIO=y -DCONFIG_ZMK_STUDIO_LOCKING=n
2025-12-17T18:58:40.6984275Z [36;1mwest build -s zmk/app -d "/tmp/tmp.dhaRWpF4sq" -b "eyelash_sofle_left" -S "studio-rpc-usb-uart" -- -DZMK_CONFIG=/tmp/zmk-config/config -DSHIELD="nice_view" -DZMK_EXTRA_MODULES='/__w/zmk-sofle/zmk-sofle' -DCONFIG_ZMK_STUDIO=y -DCONFIG_ZMK_STUDIO_LOCKING=n[0m
2025-12-17T18:58:40.6985270Z shell: sh -x {0}
2025-12-17T18:58:40.6985459Z env:
2025-12-17T18:58:40.6985636Z   build_dir: /tmp/tmp.dhaRWpF4sq
2025-12-17T18:58:40.6986099Z   base_dir: /tmp/zmk-config
2025-12-17T18:58:40.6986321Z   zephyr_version: 4.1.0
2025-12-17T18:58:40.6986545Z   extra_west_args: -S "studio-rpc-usb-uart"
2025-12-17T18:58:40.6986988Z   extra_cmake_args: -DSHIELD="nice_view" -DZMK_EXTRA_MODULES='/__w/zmk-sofle/zmk-sofle'
2025-12-17T18:58:40.6987388Z   display_name: nice_view - eyelash_sofle_left
2025-12-17T18:58:40.6987671Z   artifact_name: eyelash_sofle_studio_left
2025-12-17T18:58:40.6987917Z ##[endgroup]
2025-12-17T18:58:40.7506013Z + west build -s zmk/app -d /tmp/tmp.dhaRWpF4sq -b eyelash_sofle_left -S studio-rpc-usb-uart -- -DZMK_CONFIG=/tmp/zmk-config/config -DSHIELD=nice_view -DZMK_EXTRA_MODULES=/__w/zmk-sofle/zmk-sofle -DCONFIG_ZMK_STUDIO=y -DCONFIG_ZMK_STUDIO_LOCKING=n
2025-12-17T18:58:40.9461615Z -- west build: generating a build system
2025-12-17T18:58:41.2196439Z Loading Zephyr default modules (Zephyr base).
2025-12-17T18:58:41.2197546Z -- Application: /tmp/zmk-config/zmk/app
2025-12-17T18:58:41.2198415Z -- CMake version: 3.31.6
2025-12-17T18:58:41.3292284Z -- Found Python3: /usr/bin/python3 (found suitable version "3.12.3", minimum required is "3.8") found components: Interpreter
2025-12-17T18:58:41.3409559Z -- Cache files will be written to: /tmp/zmk-config/zephyr/.cache
2025-12-17T18:58:41.3468719Z -- Zephyr version: 3.5.0 (/tmp/zmk-config/zephyr)
2025-12-17T18:58:41.4109048Z -- Found west (found suitable version "1.5.0", minimum required is "0.14.0")
2025-12-17T18:58:41.9067568Z -- Adding /tmp/zmk-config/zmk/app/boards/shields/nice_view
2025-12-17T18:58:41.9068371Z -- ZMK Config directory: /tmp/zmk-config/config
2025-12-17T18:58:41.9069625Z -- ZMK Config Kconfig: /tmp/zmk-config/config/eyelash_sofle.conf
2025-12-17T18:58:41.9071036Z -- Using keymap file: /tmp/zmk-config/config/eyelash_sofle_left.keymap
2025-12-17T18:58:41.9072037Z -- Using keymap file: /tmp/zmk-config/config/eyelash_sofle_left.keymap
2025-12-17T18:58:41.9138019Z -- Board: eyelash_sofle_left
2025-12-17T18:58:41.9174993Z -- Shield(s): nice_view
2025-12-17T18:58:42.0470451Z -- Snippet(s): studio-rpc-usb-uart
2025-12-17T18:58:42.0640811Z -- ZEPHYR_TOOLCHAIN_VARIANT not set, trying to locate Zephyr SDK
2025-12-17T18:58:42.0664743Z -- Found host-tools: zephyr 0.16.9 (/opt/zephyr-sdk-0.16.9)
2025-12-17T18:58:42.0672597Z -- Found toolchain: zephyr 0.16.9 (/opt/zephyr-sdk-0.16.9)
2025-12-17T18:58:42.0710974Z -- Found Dtc: /opt/zephyr-sdk-0.16.9/sysroots/x86_64-pokysdk-linux/usr/bin/dtc (found suitable version "1.6.0", minimum required is "1.4.6")
2025-12-17T18:58:42.0716755Z -- Found BOARD.dts: /tmp/zmk-config/eyelash_sofle/boards/arm/eyelash_sofle/eyelash_sofle_left.dts
2025-12-17T18:58:42.0718035Z -- Found devicetree overlay: /tmp/zmk-config/zmk/app/boards/shields/nice_view/nice_view.overlay
2025-12-17T18:58:42.0718972Z -- Found devicetree overlay: /tmp/zmk-config/config/eyelash_sofle_left.keymap
2025-12-17T18:58:42.0719755Z -- Found devicetree overlay: /tmp/zmk-config/zmk/app/snippets/studio-rpc-usb-uart/studio-rpc-usb-uart.overlay
2025-12-17T18:58:42.4307797Z 'label' is marked as deprecated in 'properties:' in /tmp/zmk-config/zmk/app/module/dts/bindings/sensor/alps,ec11.yaml for node /encoder_left.
2025-12-17T18:58:42.4309928Z 'resolution' is marked as deprecated in 'properties:' in /tmp/zmk-config/zmk/app/module/dts/bindings/sensor/alps,ec11.yaml for node /encoder_left.
2025-12-17T18:58:42.4311482Z 'label' is marked as deprecated in 'properties:' in /tmp/zmk-config/zmk/app/dts/bindings/zmk,ext-power-generic.yaml for node /ext-power.
2025-12-17T18:58:42.4327832Z 'label' is marked as deprecated in 'properties:' in /tmp/zmk-config/zmk/app/dts/bindings/behaviors/zmk,behavior-macro.yaml for node /behaviors/select_all_copy.
2025-12-17T18:58:42.4329957Z 'label' is marked as deprecated in 'properties:' in /tmp/zmk-config/zmk/app/dts/bindings/behaviors/zmk,behavior-macro.yaml for node /behaviors/select_all_cut.
2025-12-17T18:58:42.4331185Z 'label' is marked as deprecated in 'properties:' in /tmp/zmk-config/zmk/app/dts/bindings/behaviors/zmk,behavior-macro.yaml for node /behaviors/select_all_del.
2025-12-17T18:58:42.4333783Z 'label' is marked as deprecated in 'properties:' in /tmp/zmk-config/zmk/app/dts/bindings/behaviors/zmk,behavior-macro.yaml for node /behaviors/prev_win.
2025-12-17T18:58:42.4335284Z 'label' is marked as deprecated in 'properties:' in /tmp/zmk-config/zmk/app/dts/bindings/behaviors/zmk,behavior-macro.yaml for node /behaviors/second_prev_win.
2025-12-17T18:58:42.4338323Z 'label' is marked as deprecated in 'properties:' in /tmp/zmk-config/zmk/app/dts/bindings/behaviors/zmk,behavior-macro.yaml for node /behaviors/meh_a.
2025-12-17T18:58:42.4340126Z 'label' is marked as deprecated in 'properties:' in /tmp/zmk-config/zmk/app/dts/bindings/behaviors/zmk,behavior-macro.yaml for node /behaviors/meh_s.
2025-12-17T18:58:42.4341936Z 'label' is marked as deprecated in 'properties:' in /tmp/zmk-config/zmk/app/dts/bindings/behaviors/zmk,behavior-macro.yaml for node /behaviors/meh_d.
2025-12-17T18:58:42.4343729Z 'label' is marked as deprecated in 'properties:' in /tmp/zmk-config/zmk/app/dts/bindings/behaviors/zmk,behavior-macro.yaml for node /behaviors/meh_f.
2025-12-17T18:58:42.4345446Z 'label' is marked as deprecated in 'properties:' in /tmp/zmk-config/zmk/app/dts/bindings/behaviors/zmk,behavior-macro.yaml for node /behaviors/caw_a.
2025-12-17T18:58:42.4347054Z 'label' is marked as deprecated in 'properties:' in /tmp/zmk-config/zmk/app/dts/bindings/behaviors/zmk,behavior-macro.yaml for node /behaviors/caw_s.
2025-12-17T18:58:42.4348697Z 'label' is marked as deprecated in 'properties:' in /tmp/zmk-config/zmk/app/dts/bindings/behaviors/zmk,behavior-macro.yaml for node /behaviors/caw_d.
2025-12-17T18:58:42.4349781Z 'label' is marked as deprecated in 'properties:' in /tmp/zmk-config/zmk/app/dts/bindings/behaviors/zmk,behavior-macro.yaml for node /behaviors/caw_f.
2025-12-17T18:58:42.4350706Z 'label' is marked as deprecated in 'properties:' in /tmp/zmk-config/zmk/app/dts/bindings/behaviors/zmk,behavior-macro.yaml for node /behaviors/caw_q.
2025-12-17T18:58:42.4351604Z 'label' is marked as deprecated in 'properties:' in /tmp/zmk-config/zmk/app/dts/bindings/behaviors/zmk,behavior-macro.yaml for node /behaviors/caw_w.
2025-12-17T18:58:42.4352497Z 'label' is marked as deprecated in 'properties:' in /tmp/zmk-config/zmk/app/dts/bindings/behaviors/zmk,behavior-macro.yaml for node /behaviors/caw_e.
2025-12-17T18:58:42.4353389Z 'label' is marked as deprecated in 'properties:' in /tmp/zmk-config/zmk/app/dts/bindings/behaviors/zmk,behavior-macro.yaml for node /behaviors/caw_r.
2025-12-17T18:58:42.4358923Z 'label' is marked as deprecated in 'properties:' in /tmp/zmk-config/zmk/app/dts/bindings/behaviors/zmk,behavior-macro.yaml for node /behaviors/lg_home_alt_tab_ctrl_home.
2025-12-17T18:58:42.4364201Z devicetree error: <Node /behaviors/enc_key_press in '/tmp/zmk-config/zephyr/misc/empty_file.c'> lacks #binding-cells
2025-12-17T18:58:42.4488895Z CMake Error at /tmp/zmk-config/zephyr/cmake/modules/dts.cmake:279 (message):
2025-12-17T18:58:42.4489574Z   gen_defines.py failed with return code: 1
2025-12-17T18:58:42.4489977Z Call Stack (most recent call first):
2025-12-17T18:58:42.4490349Z   /tmp/zmk-config/zephyr/cmake/modules/zephyr_default.cmake:129 (include)
2025-12-17T18:58:42.4490866Z   /tmp/zmk-config/zephyr/share/zephyr-package/cmake/ZephyrConfig.cmake:66 (include)
2025-12-17T18:58:42.4491781Z   /tmp/zmk-config/zephyr/share/zephyr-package/cmake/ZephyrConfig.cmake:92 (include_boilerplate)
2025-12-17T18:58:42.4492250Z   CMakeLists.txt:9 (find_package)
2025-12-17T18:58:42.4492406Z 
2025-12-17T18:58:42.4492410Z 
2025-12-17T18:58:42.4495779Z -- In: /tmp/tmp.dhaRWpF4sq/zephyr, command: /usr/bin/python3;/tmp/zmk-config/zephyr/scripts/dts/gen_defines.py;--dts;/tmp/tmp.dhaRWpF4sq/zephyr/zephyr.dts.pre;--dtc-flags;'';--bindings-dirs;/tmp/zmk-config/zmk/app/module/dts/bindings;/tmp/zmk-config/zmk/app/dts/bindings;/tmp/zmk-config/zephyr/dts/bindings;--header-out;/tmp/tmp.dhaRWpF4sq/zephyr/include/generated/devicetree_generated.h.new;--dts-out;/tmp/tmp.dhaRWpF4sq/zephyr/zephyr.dts.new;--edt-pickle-out;/tmp/tmp.dhaRWpF4sq/zephyr/edt.pickle;--vendor-prefixes;/tmp/zmk-config/zmk/app/dts/bindings/vendor-prefixes.txt;--vendor-prefixes;/tmp/zmk-config/zephyr/dts/bindings/vendor-prefixes.txt
2025-12-17T18:58:42.4499232Z -- Configuring incomplete, errors occurred!
2025-12-17T18:58:42.4524840Z FATAL ERROR: command exited with status 1: /usr/local/bin/cmake -DWEST_PYTHON=/usr/bin/python3 -B/tmp/tmp.dhaRWpF4sq -GNinja -DBOARD=eyelash_sofle_left -DZMK_CONFIG=/tmp/zmk-config/config -DSHIELD=nice_view -DZMK_EXTRA_MODULES=/__w/zmk-sofle/zmk-sofle -DCONFIG_ZMK_STUDIO=y -DCONFIG_ZMK_STUDIO_LOCKING=n -DSNIPPET=studio-rpc-usb-uart -S/tmp/zmk-config/zmk/app
2025-12-17T18:58:42.4757112Z ##[error]Process completed with exit code 1.
2025-12-17T18:58:42.4807571Z ##[group]Run if [ -f "/tmp/tmp.dhaRWpF4sq/zephyr/.config" ]
2025-12-17T18:58:42.4807985Z [36;1mif [ -f "/tmp/tmp.dhaRWpF4sq/zephyr/.config" ][0m
2025-12-17T18:58:42.4808271Z [36;1mthen[0m
2025-12-17T18:58:42.4808538Z [36;1m  grep -v -e "^#" -e "^$" "/tmp/tmp.dhaRWpF4sq/zephyr/.config" | sort[0m
2025-12-17T18:58:42.4808897Z [36;1melse[0m
2025-12-17T18:58:42.4809085Z [36;1m  echo "No Kconfig output"[0m
2025-12-17T18:58:42.4809306Z [36;1mfi[0m
2025-12-17T18:58:42.4809538Z shell: sh -e {0}
2025-12-17T18:58:42.4809714Z env:
2025-12-17T18:58:42.4809886Z   build_dir: /tmp/tmp.dhaRWpF4sq
2025-12-17T18:58:42.4810119Z   base_dir: /tmp/zmk-config
2025-12-17T18:58:42.4810329Z   zephyr_version: 4.1.0
2025-12-17T18:58:42.4810551Z   extra_west_args: -S "studio-rpc-usb-uart"
2025-12-17T18:58:42.4810945Z   extra_cmake_args: -DSHIELD="nice_view" -DZMK_EXTRA_MODULES='/__w/zmk-sofle/zmk-sofle'
2025-12-17T18:58:42.4811343Z   display_name: nice_view - eyelash_sofle_left
2025-12-17T18:58:42.4811661Z   artifact_name: eyelash_sofle_studio_left
2025-12-17T18:58:42.4811907Z ##[endgroup]
2025-12-17T18:58:42.5334395Z No Kconfig output
2025-12-17T18:58:42.5389433Z ##[group]Run if [ -f "/tmp/tmp.dhaRWpF4sq/zephyr/zephyr.dts" ]
2025-12-17T18:58:42.5389880Z [36;1mif [ -f "/tmp/tmp.dhaRWpF4sq/zephyr/zephyr.dts" ][0m
2025-12-17T18:58:42.5390185Z [36;1mthen[0m
2025-12-17T18:58:42.5390412Z [36;1m  cat "/tmp/tmp.dhaRWpF4sq/zephyr/zephyr.dts"[0m
2025-12-17T18:58:42.5390758Z [36;1melif [ -f "/tmp/tmp.dhaRWpF4sq/zephyr/zephyr.dts.pre" ][0m
2025-12-17T18:58:42.5391052Z [36;1mthen[0m
2025-12-17T18:58:42.5391290Z [36;1m  cat -s "/tmp/tmp.dhaRWpF4sq/zephyr/zephyr.dts.pre"[0m
2025-12-17T18:58:42.5391571Z [36;1melse[0m
2025-12-17T18:58:42.5391758Z [36;1m  echo "No Devicetree output"[0m
2025-12-17T18:58:42.5391992Z [36;1mfi[0m
2025-12-17T18:58:42.5392226Z shell: sh -e {0}
2025-12-17T18:58:42.5392411Z env:
2025-12-17T18:58:42.5392594Z   build_dir: /tmp/tmp.dhaRWpF4sq
2025-12-17T18:58:42.5392828Z   base_dir: /tmp/zmk-config
2025-12-17T18:58:42.5393043Z   zephyr_version: 4.1.0
2025-12-17T18:58:42.5393292Z   extra_west_args: -S "studio-rpc-usb-uart"
2025-12-17T18:58:42.5393690Z   extra_cmake_args: -DSHIELD="nice_view" -DZMK_EXTRA_MODULES='/__w/zmk-sofle/zmk-sofle'
2025-12-17T18:58:42.5394322Z   display_name: nice_view - eyelash_sofle_left
2025-12-17T18:58:42.5394602Z   artifact_name: eyelash_sofle_studio_left
2025-12-17T18:58:42.5394841Z ##[endgroup]
2025-12-17T18:58:42.5925754Z # 0 "/tmp/zmk-config/zephyr/misc/empty_file.c"
2025-12-17T18:58:42.5926293Z # 0 "<built-in>"
2025-12-17T18:58:42.5926686Z # 0 "<command-line>"
2025-12-17T18:58:42.5927234Z # 1 "/tmp/zmk-config/eyelash_sofle/boards/arm/eyelash_sofle/eyelash_sofle_left.dts" 1
2025-12-17T18:58:42.5927752Z 
2025-12-17T18:58:42.5928074Z # 1 "/tmp/zmk-config/eyelash_sofle/boards/arm/eyelash_sofle/eyelash_sofle.dtsi" 1
2025-12-17T18:58:42.5928547Z 
2025-12-17T18:58:42.5928660Z /dts-v1/;
2025-12-17T18:58:42.5929065Z # 1 "/tmp/zmk-config/zephyr/dts/arm/nordic/nrf52840_qiaa.dtsi" 1 3 4
2025-12-17T18:58:42.5929471Z 
2025-12-17T18:58:42.5929651Z # 1 "/tmp/zmk-config/zephyr/dts/common/mem.h" 1 3 4
2025-12-17T18:58:42.5930606Z # 8 "/tmp/zmk-config/zephyr/dts/arm/nordic/nrf52840_qiaa.dtsi" 2 3 4
2025-12-17T18:58:42.5931256Z # 1 "/tmp/zmk-config/zephyr/dts/arm/nordic/nrf52840.dtsi" 1 3 4
2025-12-17T18:58:42.5932033Z 
2025-12-17T18:58:42.5932248Z # 1 "/tmp/zmk-config/zephyr/dts/arm/armv7-m.dtsi" 1 3 4
2025-12-17T18:58:42.5932614Z 
2025-12-17T18:58:42.5932847Z # 1 "/tmp/zmk-config/zephyr/dts/common/skeleton.dtsi" 1 3 4
2025-12-17T18:58:42.5933447Z # 9 "/tmp/zmk-config/zephyr/dts/common/skeleton.dtsi" 3 4
2025-12-17T18:58:42.5934086Z / {
2025-12-17T18:58:42.5934374Z  #address-cells = <1>;
2025-12-17T18:58:42.5934671Z  #size-cells = <1>;
2025-12-17T18:58:42.5934987Z  chosen { };
2025-12-17T18:58:42.5935281Z  aliases { };
2025-12-17T18:58:42.5935566Z };
2025-12-17T18:58:42.5935925Z # 4 "/tmp/zmk-config/zephyr/dts/arm/armv7-m.dtsi" 2 3 4
2025-12-17T18:58:42.5936304Z 
2025-12-17T18:58:42.5936408Z / {
2025-12-17T18:58:42.5936595Z  soc {
2025-12-17T18:58:42.5936871Z   #address-cells = <1>;
2025-12-17T18:58:42.5937215Z   #size-cells = <1>;
2025-12-17T18:58:42.5937582Z   compatible = "simple-bus";
2025-12-17T18:58:42.5937975Z   interrupt-parent = <&nvic>;
2025-12-17T18:58:42.5938359Z   ranges;
2025-12-17T18:58:42.5938528Z 
2025-12-17T18:58:42.5938691Z   nvic: interrupt-controller@e000e100 {
2025-12-17T18:58:42.5939118Z    #address-cells = <1>;
2025-12-17T18:58:42.5939506Z    compatible = "arm,v7m-nvic";
2025-12-17T18:58:42.5939868Z    reg = <0xe000e100 0xc00>;
2025-12-17T18:58:42.5940219Z    interrupt-controller;
2025-12-17T18:58:42.5940556Z    #interrupt-cells = <2>;
2025-12-17T18:58:42.5940877Z   };
2025-12-17T18:58:42.5941010Z 
2025-12-17T18:58:42.5941141Z   systick: timer@e000e010 {
2025-12-17T18:58:42.5941505Z    compatible = "arm,armv7m-systick";
2025-12-17T18:58:42.5941888Z    reg = <0xe000e010 0x10>;
2025-12-17T18:58:42.5942193Z   };
2025-12-17T18:58:42.5942431Z  };
2025-12-17T18:58:42.5942662Z };
2025-12-17T18:58:42.5943035Z # 4 "/tmp/zmk-config/zephyr/dts/arm/nordic/nrf52840.dtsi" 2 3 4
2025-12-17T18:58:42.5944118Z # 1 "/tmp/zmk-config/zephyr/dts/arm/nordic/nrf_common.dtsi" 1 3 4
2025-12-17T18:58:42.5944541Z 
2025-12-17T18:58:42.5944832Z # 1 "/tmp/zmk-config/zephyr/include/zephyr/dt-bindings/adc/adc.h" 1 3 4
2025-12-17T18:58:42.5945509Z # 8 "/tmp/zmk-config/zephyr/dts/arm/nordic/nrf_common.dtsi" 2 3 4
2025-12-17T18:58:42.5946181Z # 1 "/tmp/zmk-config/zephyr/include/zephyr/dt-bindings/adc/nrf-adc.h" 1 3 4
2025-12-17T18:58:42.5946897Z # 10 "/tmp/zmk-config/zephyr/include/zephyr/dt-bindings/adc/nrf-adc.h" 3 4
2025-12-17T18:58:42.5947568Z # 1 "/tmp/zmk-config/zephyr/include/zephyr/dt-bindings/dt-util.h" 1 3 4
2025-12-17T18:58:42.5948254Z # 19 "/tmp/zmk-config/zephyr/include/zephyr/dt-bindings/dt-util.h" 3 4
2025-12-17T18:58:42.5948914Z # 1 "/tmp/zmk-config/zephyr/include/zephyr/sys/util_macro.h" 1 3 4
2025-12-17T18:58:42.5949512Z # 34 "/tmp/zmk-config/zephyr/include/zephyr/sys/util_macro.h" 3 4
2025-12-17T18:58:42.5950116Z # 1 "/tmp/zmk-config/zephyr/include/zephyr/sys/util_internal.h" 1 3 4
2025-12-17T18:58:42.5950778Z # 18 "/tmp/zmk-config/zephyr/include/zephyr/sys/util_internal.h" 3 4
2025-12-17T18:58:42.5951410Z # 1 "/tmp/zmk-config/zephyr/include/zephyr/sys/util_loops.h" 1 3 4
2025-12-17T18:58:42.5952059Z # 1083 "/tmp/zmk-config/zephyr/include/zephyr/sys/util_loops.h" 3 4
2025-12-17T18:58:42.5952723Z # 1 "/tmp/zmk-config/zephyr/include/zephyr/sys/util_listify.h" 1 3 4
2025-12-17T18:58:42.5953398Z # 1084 "/tmp/zmk-config/zephyr/include/zephyr/sys/util_loops.h" 2 3 4
2025-12-17T18:58:42.5954279Z # 19 "/tmp/zmk-config/zephyr/include/zephyr/sys/util_internal.h" 2 3 4
2025-12-17T18:58:42.5954956Z # 153 "/tmp/zmk-config/zephyr/include/zephyr/sys/util_internal.h" 3 4
2025-12-17T18:58:42.5955666Z # 1 "/tmp/zmk-config/zephyr/include/zephyr/sys/util_internal_is_eq.h" 1 3 4
2025-12-17T18:58:42.5956433Z # 154 "/tmp/zmk-config/zephyr/include/zephyr/sys/util_internal.h" 2 3 4
2025-12-17T18:58:42.5956968Z # 184 "/tmp/zmk-config/zephyr/include/zephyr/sys/util_internal.h" 3 4
2025-12-17T18:58:42.5957536Z # 1 "/tmp/zmk-config/zephyr/include/zephyr/sys/util_internal_util_inc.h" 1 3 4
2025-12-17T18:58:42.5957980Z # 185 "/tmp/zmk-config/zephyr/include/zephyr/sys/util_internal.h" 2 3 4
2025-12-17T18:58:42.5958405Z 
2025-12-17T18:58:42.5958607Z # 1 "/tmp/zmk-config/zephyr/include/zephyr/sys/util_internal_util_dec.h" 1 3 4
2025-12-17T18:58:42.5959043Z # 188 "/tmp/zmk-config/zephyr/include/zephyr/sys/util_internal.h" 2 3 4
2025-12-17T18:58:42.5959290Z 
2025-12-17T18:58:42.5959473Z # 1 "/tmp/zmk-config/zephyr/include/zephyr/sys/util_internal_util_x2.h" 1 3 4
2025-12-17T18:58:42.5959914Z # 191 "/tmp/zmk-config/zephyr/include/zephyr/sys/util_internal.h" 2 3 4
2025-12-17T18:58:42.5960304Z # 35 "/tmp/zmk-config/zephyr/include/zephyr/sys/util_macro.h" 2 3 4
2025-12-17T18:58:42.5960695Z # 20 "/tmp/zmk-config/zephyr/include/zephyr/dt-bindings/dt-util.h" 2 3 4
2025-12-17T18:58:42.5961119Z # 11 "/tmp/zmk-config/zephyr/include/zephyr/dt-bindings/adc/nrf-adc.h" 2 3 4
2025-12-17T18:58:42.5961524Z # 9 "/tmp/zmk-config/zephyr/dts/arm/nordic/nrf_common.dtsi" 2 3 4
2025-12-17T18:58:42.5961916Z # 1 "/tmp/zmk-config/zephyr/include/zephyr/dt-bindings/gpio/gpio.h" 1 3 4
2025-12-17T18:58:42.5962317Z # 10 "/tmp/zmk-config/zephyr/dts/arm/nordic/nrf_common.dtsi" 2 3 4
2025-12-17T18:58:42.5962705Z # 1 "/tmp/zmk-config/zephyr/include/zephyr/dt-bindings/i2c/i2c.h" 1 3 4
2025-12-17T18:58:42.5963080Z # 11 "/tmp/zmk-config/zephyr/dts/arm/nordic/nrf_common.dtsi" 2 3 4
2025-12-17T18:58:42.5963510Z # 1 "/tmp/zmk-config/zephyr/include/zephyr/dt-bindings/pinctrl/nrf-pinctrl.h" 1 3 4
2025-12-17T18:58:42.5964338Z # 12 "/tmp/zmk-config/zephyr/dts/arm/nordic/nrf_common.dtsi" 2 3 4
2025-12-17T18:58:42.5964923Z # 1 "/tmp/zmk-config/zephyr/include/zephyr/dt-bindings/pwm/pwm.h" 1 3 4
2025-12-17T18:58:42.5965312Z # 13 "/tmp/zmk-config/zephyr/dts/arm/nordic/nrf_common.dtsi" 2 3 4
2025-12-17T18:58:42.5965538Z 
2025-12-17T18:58:42.5965652Z # 1 "/tmp/zmk-config/zephyr/dts/common/freq.h" 1 3 4
2025-12-17T18:58:42.5965980Z # 15 "/tmp/zmk-config/zephyr/dts/arm/nordic/nrf_common.dtsi" 2 3 4
2025-12-17T18:58:42.5966493Z # 1 "/tmp/zmk-config/zephyr/dts/arm/nordic/override.dtsi" 1 3 4
2025-12-17T18:58:42.5966856Z # 16 "/tmp/zmk-config/zephyr/dts/arm/nordic/nrf_common.dtsi" 2 3 4
2025-12-17T18:58:42.5967215Z # 24 "/tmp/zmk-config/zephyr/dts/arm/nordic/nrf_common.dtsi" 3 4
2025-12-17T18:58:42.5967495Z / {
2025-12-17T18:58:42.5967661Z  pinctrl: pin-controller {
2025-12-17T18:58:42.5967803Z 
2025-12-17T18:58:42.5967891Z   compatible = "nordic,nrf-pinctrl";
2025-12-17T18:58:42.5968122Z  };
2025-12-17T18:58:42.5968202Z 
2025-12-17T18:58:42.5968278Z  rng_hci: entropy_bt_hci {
2025-12-17T18:58:42.5968493Z   compatible = "zephyr,bt-hci-entropy";
2025-12-17T18:58:42.5968723Z   status = "okay";
2025-12-17T18:58:42.5968909Z  };
2025-12-17T18:58:42.5968996Z 
2025-12-17T18:58:42.5969067Z  sw_pwm: sw-pwm {
2025-12-17T18:58:42.5969258Z   compatible = "nordic,nrf-sw-pwm";
2025-12-17T18:58:42.5969476Z   status = "disabled";
2025-12-17T18:58:42.5969664Z   generator = <&timer1>;
2025-12-17T18:58:42.5969863Z   clock-prescaler = <0>;
2025-12-17T18:58:42.5970295Z   #pwm-cells = <3>;
2025-12-17T18:58:42.5970458Z  };
2025-12-17T18:58:42.5970596Z };
2025-12-17T18:58:42.5970676Z 
2025-12-17T18:58:42.5970751Z &systick {
2025-12-17T18:58:42.5970844Z 
2025-12-17T18:58:42.5970912Z  status = "disabled";
2025-12-17T18:58:42.5971084Z };
2025-12-17T18:58:42.5971306Z # 5 "/tmp/zmk-config/zephyr/dts/arm/nordic/nrf52840.dtsi" 2 3 4
2025-12-17T18:58:42.5971536Z 
2025-12-17T18:58:42.5971598Z / {
2025-12-17T18:58:42.5971743Z  chosen {
2025-12-17T18:58:42.5971909Z   zephyr,entropy = &rng;
2025-12-17T18:58:42.5972141Z   zephyr,flash-controller = &flash_controller;
2025-12-17T18:58:42.5972404Z  };
2025-12-17T18:58:42.5972490Z 
2025-12-17T18:58:42.5972553Z  cpus {
2025-12-17T18:58:42.5972712Z   #address-cells = <1>;
2025-12-17T18:58:42.5972902Z   #size-cells = <0>;
2025-12-17T18:58:42.5973013Z 
2025-12-17T18:58:42.5973075Z   cpu@0 {
2025-12-17T18:58:42.5973234Z    device_type = "cpu";
2025-12-17T18:58:42.5973434Z    compatible = "arm,cortex-m4f";
2025-12-17T18:58:42.5973648Z    reg = <0>;
2025-12-17T18:58:42.5974000Z    #address-cells = <1>;
2025-12-17T18:58:42.5974211Z    #size-cells = <1>;
2025-12-17T18:58:42.5974457Z 
2025-12-17T18:58:42.5974532Z    itm: itm@e0000000 {
2025-12-17T18:58:42.5974723Z     compatible = "arm,armv7m-itm";
2025-12-17T18:58:42.5974946Z     reg = <0xe0000000 0x1000>;
2025-12-17T18:58:42.5975159Z     swo-ref-frequency = <32000000>;
2025-12-17T18:58:42.5975369Z    };
2025-12-17T18:58:42.5975513Z   };
2025-12-17T18:58:42.5975657Z  };
2025-12-17T18:58:42.5975735Z 
2025-12-17T18:58:42.5975795Z  soc {
2025-12-17T18:58:42.5975950Z   ficr: ficr@10000000 {
2025-12-17T18:58:42.5976145Z    compatible = "nordic,nrf-ficr";
2025-12-17T18:58:42.5976359Z    reg = <0x10000000 0x1000>;
2025-12-17T18:58:42.5976557Z    status = "okay";
2025-12-17T18:58:42.5976720Z   };
2025-12-17T18:58:42.5976800Z 
2025-12-17T18:58:42.5976867Z   uicr: uicr@10001000 {
2025-12-17T18:58:42.5977058Z    compatible = "nordic,nrf-uicr";
2025-12-17T18:58:42.5977281Z    reg = <0x10001000 0x1000>;
2025-12-17T18:58:42.5977468Z    status = "okay";
2025-12-17T18:58:42.5977630Z   };
2025-12-17T18:58:42.5977708Z 
2025-12-17T18:58:42.5977790Z   sram0: memory@20000000 {
2025-12-17T18:58:42.5977998Z    compatible = "mmio-sram";
2025-12-17T18:58:42.5978188Z   };
2025-12-17T18:58:42.5978270Z 
2025-12-17T18:58:42.5978341Z   clock: clock@40000000 {
2025-12-17T18:58:42.5978547Z    compatible = "nordic,nrf-clock";
2025-12-17T18:58:42.5978762Z    reg = <0x40000000 0x1000>;
2025-12-17T18:58:42.5978968Z    interrupts = <0 1>;
2025-12-17T18:58:42.5979146Z    status = "okay";
2025-12-17T18:58:42.5979302Z   };
2025-12-17T18:58:42.5979386Z 
2025-12-17T18:58:42.5979460Z   power: power@40000000 {
2025-12-17T18:58:42.5979666Z    compatible = "nordic,nrf-power";
2025-12-17T18:58:42.5979878Z    reg = <0x40000000 0x1000>;
2025-12-17T18:58:42.5980070Z    interrupts = <0 1>;
2025-12-17T18:58:42.5980247Z    status = "okay";
2025-12-17T18:58:42.5980418Z    #address-cells = <1>;
2025-12-17T18:58:42.5980724Z    #size-cells = <1>;
2025-12-17T18:58:42.5980846Z 
2025-12-17T18:58:42.5980927Z    gpregret1: gpregret1@4000051c {
2025-12-17T18:58:42.5981150Z     #address-cells = <1>;
2025-12-17T18:58:42.5981343Z     #size-cells = <1>;
2025-12-17T18:58:42.5981542Z     compatible = "nordic,nrf-gpregret";
2025-12-17T18:58:42.5981779Z     reg = <0x4000051c 0x1>;
2025-12-17T18:58:42.5981966Z     status = "okay";
2025-12-17T18:58:42.5982134Z    };
2025-12-17T18:58:42.5982218Z 
2025-12-17T18:58:42.5982301Z    gpregret2: gpregret2@40000520 {
2025-12-17T18:58:42.5982514Z     #address-cells = <1>;
2025-12-17T18:58:42.5982707Z     #size-cells = <1>;
2025-12-17T18:58:42.5982906Z     compatible = "nordic,nrf-gpregret";
2025-12-17T18:58:42.5983132Z     reg = <0x40000520 0x1>;
2025-12-17T18:58:42.5983319Z     status = "okay";
2025-12-17T18:58:42.5983487Z    };
2025-12-17T18:58:42.5983624Z   };
2025-12-17T18:58:42.5983711Z 
2025-12-17T18:58:42.5983781Z   radio: radio@40001000 {
2025-12-17T18:58:42.5984247Z    compatible = "nordic,nrf-radio";
2025-12-17T18:58:42.5984483Z    reg = <0x40001000 0x1000>;
2025-12-17T18:58:42.5984682Z    interrupts = <1 1>;
2025-12-17T18:58:42.5984862Z    status = "okay";
2025-12-17T18:58:42.5985044Z    ieee802154-supported;
2025-12-17T18:58:42.5985236Z    ble-2mbps-supported;
2025-12-17T18:58:42.5985437Z    ble-coded-phy-supported;
2025-12-17T18:58:42.5985650Z    tx-high-power-supported;
2025-12-17T18:58:42.5985781Z 
2025-12-17T18:58:42.5985851Z    ieee802154: ieee802154 {
2025-12-17T18:58:42.5986067Z     compatible = "nordic,nrf-ieee802154";
2025-12-17T18:58:42.5986307Z     status = "disabled";
2025-12-17T18:58:42.5986482Z    };
2025-12-17T18:58:42.5986626Z   };
2025-12-17T18:58:42.5986706Z 
2025-12-17T18:58:42.5986780Z   uart0: uart@40002000 {
2025-12-17T18:58:42.5986895Z 
2025-12-17T18:58:42.5986977Z    compatible = "nordic,nrf-uarte";
2025-12-17T18:58:42.5987198Z    reg = <0x40002000 0x1000>;
2025-12-17T18:58:42.5987397Z    interrupts = <2 1>;
2025-12-17T18:58:42.5987581Z    status = "disabled";
2025-12-17T18:58:42.5987759Z   };
2025-12-17T18:58:42.5987849Z 
2025-12-17T18:58:42.5987914Z   i2c0: i2c@40003000 {
2025-12-17T18:58:42.5988021Z 
2025-12-17T18:58:42.5988234Z    compatible = "nordic,nrf-twim";
2025-12-17T18:58:42.5988459Z    #address-cells = <1>;
2025-12-17T18:58:42.5988648Z    #size-cells = <0>;
2025-12-17T18:58:42.5988831Z    reg = <0x40003000 0x1000>;
2025-12-17T18:58:42.5989034Z    clock-frequency = <100000>;
2025-12-17T18:58:42.5989248Z    interrupts = <3 1>;
2025-12-17T18:58:42.5989438Z    easydma-maxcnt-bits = <16>;
2025-12-17T18:58:42.5989638Z    status = "disabled";
2025-12-17T18:58:42.5989810Z   };
2025-12-17T18:58:42.5989889Z 
2025-12-17T18:58:42.5989965Z   spi0: spi@40003000 {
2025-12-17T18:58:42.5990074Z 
2025-12-17T18:58:42.5990162Z    compatible = "nordic,nrf-spim";
2025-12-17T18:58:42.5990378Z    #address-cells = <1>;
2025-12-17T18:58:42.5990569Z    #size-cells = <0>;
2025-12-17T18:58:42.5990748Z    reg = <0x40003000 0x1000>;
2025-12-17T18:58:42.5990938Z    interrupts = <3 1>;
2025-12-17T18:58:42.5991136Z    max-frequency = <((8) * 1000 * 1000)>;
2025-12-17T18:58:42.5991373Z    easydma-maxcnt-bits = <16>;
2025-12-17T18:58:42.5991574Z    status = "disabled";
2025-12-17T18:58:42.5991751Z   };
2025-12-17T18:58:42.5991831Z 
2025-12-17T18:58:42.5991902Z   i2c1: i2c@40004000 {
2025-12-17T18:58:42.5992009Z 
2025-12-17T18:58:42.5992087Z    compatible = "nordic,nrf-twim";
2025-12-17T18:58:42.5992305Z    #address-cells = <1>;
2025-12-17T18:58:42.5992491Z    #size-cells = <0>;
2025-12-17T18:58:42.5992663Z    reg = <0x40004000 0x1000>;
2025-12-17T18:58:42.5992865Z    clock-frequency = <100000>;
2025-12-17T18:58:42.5993069Z    interrupts = <4 1>;
2025-12-17T18:58:42.5993256Z    easydma-maxcnt-bits = <16>;
2025-12-17T18:58:42.5993453Z    status = "disabled";
2025-12-17T18:58:42.5993624Z   };
2025-12-17T18:58:42.5993702Z 
2025-12-17T18:58:42.5993775Z   spi1: spi@40004000 {
2025-12-17T18:58:42.5994235Z 
2025-12-17T18:58:42.5994324Z    compatible = "nordic,nrf-spim";
2025-12-17T18:58:42.5994556Z    #address-cells = <1>;
2025-12-17T18:58:42.5994877Z    #size-cells = <0>;
2025-12-17T18:58:42.5995062Z    reg = <0x40004000 0x1000>;
2025-12-17T18:58:42.5995267Z    interrupts = <4 1>;
2025-12-17T18:58:42.5995467Z    max-frequency = <((8) * 1000 * 1000)>;
2025-12-17T18:58:42.5995703Z    easydma-maxcnt-bits = <16>;
2025-12-17T18:58:42.5995914Z    status = "disabled";
2025-12-17T18:58:42.5996089Z   };
2025-12-17T18:58:42.5996172Z 
2025-12-17T18:58:42.5996246Z   nfct: nfct@40005000 {
2025-12-17T18:58:42.5996437Z    compatible = "nordic,nrf-nfct";
2025-12-17T18:58:42.5996655Z    reg = <0x40005000 0x1000>;
2025-12-17T18:58:42.5996854Z    interrupts = <5 1>;
2025-12-17T18:58:42.5997026Z    status = "okay";
2025-12-17T18:58:42.5997188Z   };
2025-12-17T18:58:42.5997270Z 
2025-12-17T18:58:42.5997348Z   gpiote: gpiote@40006000 {
2025-12-17T18:58:42.5997558Z    compatible = "nordic,nrf-gpiote";
2025-12-17T18:58:42.5997782Z    reg = <0x40006000 0x1000>;
2025-12-17T18:58:42.5997976Z    interrupts = <6 5>;
2025-12-17T18:58:42.5998156Z    status = "disabled";
2025-12-17T18:58:42.5998329Z   };
2025-12-17T18:58:42.5998409Z 
2025-12-17T18:58:42.5998483Z   adc: adc@40007000 {
2025-12-17T18:58:42.5998677Z    compatible = "nordic,nrf-saadc";
2025-12-17T18:58:42.5998897Z    reg = <0x40007000 0x1000>;
2025-12-17T18:58:42.5999094Z    interrupts = <7 1>;
2025-12-17T18:58:42.5999268Z    status = "disabled";
2025-12-17T18:58:42.5999455Z    #io-channel-cells = <1>;
2025-12-17T18:58:42.5999643Z   };
2025-12-17T18:58:42.5999720Z 
2025-12-17T18:58:42.5999796Z   timer0: timer@40008000 {
2025-12-17T18:58:42.5999994Z    compatible = "nordic,nrf-timer";
2025-12-17T18:58:42.6000213Z    status = "disabled";
2025-12-17T18:58:42.6000392Z    reg = <0x40008000 0x1000>;
2025-12-17T18:58:42.6000579Z    cc-num = <4>;
2025-12-17T18:58:42.6000756Z    max-bit-width = <32>;
2025-12-17T18:58:42.6000947Z    interrupts = <8 1>;
2025-12-17T18:58:42.6001123Z    prescaler = <0>;
2025-12-17T18:58:42.6001299Z   };
2025-12-17T18:58:42.6001384Z 
2025-12-17T18:58:42.6001468Z   timer1: timer@40009000 {
2025-12-17T18:58:42.6001676Z    compatible = "nordic,nrf-timer";
2025-12-17T18:58:42.6001905Z    status = "disabled";
2025-12-17T18:58:42.6002217Z    reg = <0x40009000 0x1000>;
2025-12-17T18:58:42.6002411Z    cc-num = <4>;
2025-12-17T18:58:42.6002589Z    max-bit-width = <32>;
2025-12-17T18:58:42.6002784Z    interrupts = <9 1>;
2025-12-17T18:58:42.6002962Z    prescaler = <0>;
2025-12-17T18:58:42.6003131Z   };
2025-12-17T18:58:42.6003225Z 
2025-12-17T18:58:42.6003358Z   timer2: timer@4000a000 {
2025-12-17T18:58:42.6003731Z    compatible = "nordic,nrf-timer";
2025-12-17T18:58:42.6004247Z    status = "disabled";
2025-12-17T18:58:42.6004604Z    reg = <0x4000a000 0x1000>;
2025-12-17T18:58:42.6004913Z    cc-num = <4>;
2025-12-17T18:58:42.6005187Z    max-bit-width = <32>;
2025-12-17T18:58:42.6005535Z    interrupts = <10 1>;
2025-12-17T18:58:42.6005811Z    prescaler = <0>;
2025-12-17T18:58:42.6006074Z   };
2025-12-17T18:58:42.6006172Z 
2025-12-17T18:58:42.6006372Z   rtc0: rtc@4000b000 {
2025-12-17T18:58:42.6017459Z    compatible = "nordic,nrf-rtc";
2025-12-17T18:58:42.6017760Z    reg = <0x4000b000 0x1000>;
2025-12-17T18:58:42.6017974Z    cc-num = <3>;
2025-12-17T18:58:42.6018169Z    interrupts = <11 1>;
2025-12-17T18:58:42.6018365Z    status = "disabled";
2025-12-17T18:58:42.6018551Z    clock-frequency = <32768>;
2025-12-17T18:58:42.6018758Z    prescaler = <1>;
2025-12-17T18:58:42.6018939Z   };
2025-12-17T18:58:42.6019026Z 
2025-12-17T18:58:42.6019102Z   temp: temp@4000c000 {
2025-12-17T18:58:42.6019303Z    compatible = "nordic,nrf-temp";
2025-12-17T18:58:42.6019531Z    reg = <0x4000c000 0x1000>;
2025-12-17T18:58:42.6019729Z    interrupts = <12 1>;
2025-12-17T18:58:42.6019904Z    status = "okay";
2025-12-17T18:58:42.6020067Z   };
2025-12-17T18:58:42.6020150Z 
2025-12-17T18:58:42.6020225Z   rng: random@4000d000 {
2025-12-17T18:58:42.6020423Z    compatible = "nordic,nrf-rng";
2025-12-17T18:58:42.6020637Z    reg = <0x4000d000 0x1000>;
2025-12-17T18:58:42.6020835Z    interrupts = <13 1>;
2025-12-17T18:58:42.6021175Z    status = "okay";
2025-12-17T18:58:42.6021349Z   };
2025-12-17T18:58:42.6021430Z 
2025-12-17T18:58:42.6021502Z   ecb: ecb@4000e000 {
2025-12-17T18:58:42.6021695Z    compatible = "nordic,nrf-ecb";
2025-12-17T18:58:42.6021909Z    reg = <0x4000e000 0x1000>;
2025-12-17T18:58:42.6022104Z    interrupts = <14 1>;
2025-12-17T18:58:42.6022276Z    status = "okay";
2025-12-17T18:58:42.6022436Z   };
2025-12-17T18:58:42.6022520Z 
2025-12-17T18:58:42.6022585Z   ccm: ccm@4000f000 {
2025-12-17T18:58:42.6022764Z    compatible = "nordic,nrf-ccm";
2025-12-17T18:58:42.6022968Z    reg = <0x4000f000 0x1000>;
2025-12-17T18:58:42.6023163Z    interrupts = <15 1>;
2025-12-17T18:58:42.6023357Z    length-field-length-8-bits;
2025-12-17T18:58:42.6023558Z    status = "okay";
2025-12-17T18:58:42.6023717Z   };
2025-12-17T18:58:42.6023795Z 
2025-12-17T18:58:42.6024121Z   wdt: wdt0: watchdog@40010000 {
2025-12-17T18:58:42.6024465Z    compatible = "nordic,nrf-wdt";
2025-12-17T18:58:42.6024696Z    reg = <0x40010000 0x1000>;
2025-12-17T18:58:42.6024904Z    interrupts = <16 1>;
2025-12-17T18:58:42.6025080Z    status = "okay";
2025-12-17T18:58:42.6025243Z   };
2025-12-17T18:58:42.6025330Z 
2025-12-17T18:58:42.6025402Z   rtc1: rtc@40011000 {
2025-12-17T18:58:42.6025588Z    compatible = "nordic,nrf-rtc";
2025-12-17T18:58:42.6025804Z    reg = <0x40011000 0x1000>;
2025-12-17T18:58:42.6025999Z    cc-num = <4>;
2025-12-17T18:58:42.6026173Z    interrupts = <17 1>;
2025-12-17T18:58:42.6026358Z    status = "disabled";
2025-12-17T18:58:42.6026544Z    clock-frequency = <32768>;
2025-12-17T18:58:42.6026747Z    prescaler = <1>;
2025-12-17T18:58:42.6026909Z   };
2025-12-17T18:58:42.6026995Z 
2025-12-17T18:58:42.6027069Z   qdec: qdec0: qdec@40012000 {
2025-12-17T18:58:42.6027285Z    compatible = "nordic,nrf-qdec";
2025-12-17T18:58:42.6027502Z    reg = <0x40012000 0x1000>;
2025-12-17T18:58:42.6027701Z    interrupts = <18 1>;
2025-12-17T18:58:42.6027885Z    status = "disabled";
2025-12-17T18:58:42.6028051Z   };
2025-12-17T18:58:42.6028138Z 
2025-12-17T18:58:42.6028216Z   comp: comparator@40013000 {
2025-12-17T18:58:42.6028346Z 
2025-12-17T18:58:42.6028433Z    compatible = "nordic,nrf-comp";
2025-12-17T18:58:42.6028786Z    reg = <0x40013000 0x1000>;
2025-12-17T18:58:42.6028975Z    interrupts = <19 1>;
2025-12-17T18:58:42.6029153Z    status = "disabled";
2025-12-17T18:58:42.6029338Z    #io-channel-cells = <1>;
2025-12-17T18:58:42.6029525Z   };
2025-12-17T18:58:42.6029609Z 
2025-12-17T18:58:42.6029680Z   egu0: swi0: egu@40014000 {
2025-12-17T18:58:42.6029920Z    compatible = "nordic,nrf-egu", "nordic,nrf-swi";
2025-12-17T18:58:42.6030182Z    reg = <0x40014000 0x1000>;
2025-12-17T18:58:42.6030378Z    interrupts = <20 1>;
2025-12-17T18:58:42.6030556Z    status = "okay";
2025-12-17T18:58:42.6030712Z   };
2025-12-17T18:58:42.6030795Z 
2025-12-17T18:58:42.6030865Z   egu1: swi1: egu@40015000 {
2025-12-17T18:58:42.6031095Z    compatible = "nordic,nrf-egu", "nordic,nrf-swi";
2025-12-17T18:58:42.6031342Z    reg = <0x40015000 0x1000>;
2025-12-17T18:58:42.6031544Z    interrupts = <21 1>;
2025-12-17T18:58:42.6031722Z    status = "okay";
2025-12-17T18:58:42.6031877Z   };
2025-12-17T18:58:42.6031959Z 
2025-12-17T18:58:42.6032033Z   egu2: swi2: egu@40016000 {
2025-12-17T18:58:42.6032259Z    compatible = "nordic,nrf-egu", "nordic,nrf-swi";
2025-12-17T18:58:42.6032507Z    reg = <0x40016000 0x1000>;
2025-12-17T18:58:42.6032693Z    interrupts = <22 1>;
2025-12-17T18:58:42.6032871Z    status = "okay";
2025-12-17T18:58:42.6033030Z   };
2025-12-17T18:58:42.6033108Z 
2025-12-17T18:58:42.6033176Z   egu3: swi3: egu@40017000 {
2025-12-17T18:58:42.6033400Z    compatible = "nordic,nrf-egu", "nordic,nrf-swi";
2025-12-17T18:58:42.6033651Z    reg = <0x40017000 0x1000>;
2025-12-17T18:58:42.6033966Z    interrupts = <23 1>;
2025-12-17T18:58:42.6034150Z    status = "okay";
2025-12-17T18:58:42.6034308Z   };
2025-12-17T18:58:42.6034388Z 
2025-12-17T18:58:42.6034456Z   egu4: swi4: egu@40018000 {
2025-12-17T18:58:42.6034679Z    compatible = "nordic,nrf-egu", "nordic,nrf-swi";
2025-12-17T18:58:42.6035045Z    reg = <0x40018000 0x1000>;
2025-12-17T18:58:42.6035240Z    interrupts = <24 1>;
2025-12-17T18:58:42.6035411Z    status = "okay";
2025-12-17T18:58:42.6035592Z   };
2025-12-17T18:58:42.6035672Z 
2025-12-17T18:58:42.6035747Z   egu5: swi5: egu@40019000 {
2025-12-17T18:58:42.6035966Z    compatible = "nordic,nrf-egu", "nordic,nrf-swi";
2025-12-17T18:58:42.6036217Z    reg = <0x40019000 0x1000>;
2025-12-17T18:58:42.6036407Z    interrupts = <25 1>;
2025-12-17T18:58:42.6036585Z    status = "okay";
2025-12-17T18:58:42.6036744Z   };
2025-12-17T18:58:42.6036822Z 
2025-12-17T18:58:42.6036900Z   timer3: timer@4001a000 {
2025-12-17T18:58:42.6037103Z    compatible = "nordic,nrf-timer";
2025-12-17T18:58:42.6037325Z    status = "disabled";
2025-12-17T18:58:42.6037505Z    reg = <0x4001a000 0x1000>;
2025-12-17T18:58:42.6037688Z    cc-num = <6>;
2025-12-17T18:58:42.6037867Z    max-bit-width = <32>;
2025-12-17T18:58:42.6038065Z    interrupts = <26 1>;
2025-12-17T18:58:42.6038248Z    prescaler = <0>;
2025-12-17T18:58:42.6038407Z   };
2025-12-17T18:58:42.6038497Z 
2025-12-17T18:58:42.6038570Z   timer4: timer@4001b000 {
2025-12-17T18:58:42.6038777Z    compatible = "nordic,nrf-timer";
2025-12-17T18:58:42.6039001Z    status = "disabled";
2025-12-17T18:58:42.6039187Z    reg = <0x4001b000 0x1000>;
2025-12-17T18:58:42.6039381Z    cc-num = <6>;
2025-12-17T18:58:42.6039553Z    max-bit-width = <32>;
2025-12-17T18:58:42.6039746Z    interrupts = <27 1>;
2025-12-17T18:58:42.6039926Z    prescaler = <0>;
2025-12-17T18:58:42.6040083Z   };
2025-12-17T18:58:42.6040168Z 
2025-12-17T18:58:42.6040237Z   pwm0: pwm@4001c000 {
2025-12-17T18:58:42.6040433Z    compatible = "nordic,nrf-pwm";
2025-12-17T18:58:42.6040646Z    reg = <0x4001c000 0x1000>;
2025-12-17T18:58:42.6040843Z    interrupts = <28 1>;
2025-12-17T18:58:42.6041022Z    status = "disabled";
2025-12-17T18:58:42.6041195Z    #pwm-cells = <3>;
2025-12-17T18:58:42.6041367Z   };
2025-12-17T18:58:42.6041451Z 
2025-12-17T18:58:42.6041524Z   pdm0: pdm@4001d000 {
2025-12-17T18:58:42.6041726Z    compatible = "nordic,nrf-pdm";
2025-12-17T18:58:42.6041936Z    reg = <0x4001d000 0x1000>;
2025-12-17T18:58:42.6042129Z    interrupts = <29 1>;
2025-12-17T18:58:42.6042438Z    status = "disabled";
2025-12-17T18:58:42.6042603Z   };
2025-12-17T18:58:42.6042688Z 
2025-12-17T18:58:42.6042755Z   acl: acl@4001e000 {
2025-12-17T18:58:42.6042945Z    compatible = "nordic,nrf-acl";
2025-12-17T18:58:42.6043149Z    reg = <0x4001e000 0x1000>;
2025-12-17T18:58:42.6043339Z    status = "okay";
2025-12-17T18:58:42.6043503Z   };
2025-12-17T18:58:42.6043582Z 
2025-12-17T18:58:42.6043687Z   flash_controller: flash-controller@4001e000 {
2025-12-17T18:58:42.6044108Z    compatible = "nordic,nrf52-flash-controller";
2025-12-17T18:58:42.6044366Z    reg = <0x4001e000 0x1000>;
2025-12-17T18:58:42.6044561Z    partial-erase;
2025-12-17T18:58:42.6044670Z 
2025-12-17T18:58:42.6044744Z    #address-cells = <1>;
2025-12-17T18:58:42.6044935Z    #size-cells = <1>;
2025-12-17T18:58:42.6045047Z 
2025-12-17T18:58:42.6045117Z    flash0: flash@0 {
2025-12-17T18:58:42.6045308Z     compatible = "soc-nv-flash";
2025-12-17T18:58:42.6045531Z     erase-block-size = <4096>;
2025-12-17T18:58:42.6045744Z     write-block-size = <4>;
2025-12-17T18:58:42.6045937Z    };
2025-12-17T18:58:42.6046085Z   };
2025-12-17T18:58:42.6046165Z 
2025-12-17T18:58:42.6046242Z   ppi: ppi@4001f000 {
2025-12-17T18:58:42.6046434Z    compatible = "nordic,nrf-ppi";
2025-12-17T18:58:42.6046650Z    reg = <0x4001f000 0x1000>;
2025-12-17T18:58:42.6046841Z    status = "okay";
2025-12-17T18:58:42.6046999Z   };
2025-12-17T18:58:42.6047082Z 
2025-12-17T18:58:42.6047147Z   mwu: mwu@40020000 {
2025-12-17T18:58:42.6047333Z    compatible = "nordic,nrf-mwu";
2025-12-17T18:58:42.6047543Z    reg = <0x40020000 0x1000>;
2025-12-17T18:58:42.6047732Z    status = "okay";
2025-12-17T18:58:42.6047892Z   };
2025-12-17T18:58:42.6047972Z 
2025-12-17T18:58:42.6048048Z   pwm1: pwm@40021000 {
2025-12-17T18:58:42.6048233Z    compatible = "nordic,nrf-pwm";
2025-12-17T18:58:42.6048454Z    reg = <0x40021000 0x1000>;
2025-12-17T18:58:42.6048768Z    interrupts = <33 1>;
2025-12-17T18:58:42.6048955Z    status = "disabled";
2025-12-17T18:58:42.6049136Z    #pwm-cells = <3>;
2025-12-17T18:58:42.6049312Z   };
2025-12-17T18:58:42.6049392Z 
2025-12-17T18:58:42.6049466Z   pwm2: pwm@40022000 {
2025-12-17T18:58:42.6049656Z    compatible = "nordic,nrf-pwm";
2025-12-17T18:58:42.6049863Z    reg = <0x40022000 0x1000>;
2025-12-17T18:58:42.6050055Z    interrupts = <34 1>;
2025-12-17T18:58:42.6050235Z    status = "disabled";
2025-12-17T18:58:42.6050407Z    #pwm-cells = <3>;
2025-12-17T18:58:42.6050571Z   };
2025-12-17T18:58:42.6050648Z 
2025-12-17T18:58:42.6050718Z   spi2: spi@40023000 {
2025-12-17T18:58:42.6050823Z 
2025-12-17T18:58:42.6050904Z    compatible = "nordic,nrf-spim";
2025-12-17T18:58:42.6051127Z    #address-cells = <1>;
2025-12-17T18:58:42.6051318Z    #size-cells = <0>;
2025-12-17T18:58:42.6051488Z    reg = <0x40023000 0x1000>;
2025-12-17T18:58:42.6051681Z    interrupts = <35 1>;
2025-12-17T18:58:42.6051876Z    max-frequency = <((8) * 1000 * 1000)>;
2025-12-17T18:58:42.6052118Z    easydma-maxcnt-bits = <16>;
2025-12-17T18:58:42.6052320Z    status = "disabled";
2025-12-17T18:58:42.6052489Z   };
2025-12-17T18:58:42.6052574Z 
2025-12-17T18:58:42.6052643Z   rtc2: rtc@40024000 {
2025-12-17T18:58:42.6052823Z    compatible = "nordic,nrf-rtc";
2025-12-17T18:58:42.6053032Z    reg = <0x40024000 0x1000>;
2025-12-17T18:58:42.6053217Z    cc-num = <4>;
2025-12-17T18:58:42.6053381Z    interrupts = <36 1>;
2025-12-17T18:58:42.6053553Z    status = "disabled";
2025-12-17T18:58:42.6053735Z    clock-frequency = <32768>;
2025-12-17T18:58:42.6054082Z    prescaler = <1>;
2025-12-17T18:58:42.6054243Z   };
2025-12-17T18:58:42.6054320Z 
2025-12-17T18:58:42.6054388Z   i2s0: i2s@40025000 {
2025-12-17T18:58:42.6054564Z    compatible = "nordic,nrf-i2s";
2025-12-17T18:58:42.6054776Z    #address-cells = <1>;
2025-12-17T18:58:42.6054961Z    #size-cells = <0>;
2025-12-17T18:58:42.6055135Z    reg = <0x40025000 0x1000>;
2025-12-17T18:58:42.6055322Z    interrupts = <37 1>;
2025-12-17T18:58:42.6055506Z    status = "disabled";
2025-12-17T18:58:42.6055673Z   };
2025-12-17T18:58:42.6055750Z 
2025-12-17T18:58:42.6055816Z   usbd: usbd@40027000 {
2025-12-17T18:58:42.6056134Z    compatible = "nordic,nrf-usbd";
2025-12-17T18:58:42.6056349Z    reg = <0x40027000 0x1000>;
2025-12-17T18:58:42.6056535Z    interrupts = <39 1>;
2025-12-17T18:58:42.6056723Z    num-bidir-endpoints = <1>;
2025-12-17T18:58:42.6056929Z    num-in-endpoints = <7>;
2025-12-17T18:58:42.6057125Z    num-out-endpoints = <7>;
2025-12-17T18:58:42.6057328Z    num-isoin-endpoints = <1>;
2025-12-17T18:58:42.6057536Z    num-isoout-endpoints = <1>;
2025-12-17T18:58:42.6057733Z    status = "disabled";
2025-12-17T18:58:42.6057900Z   };
2025-12-17T18:58:42.6057976Z 
2025-12-17T18:58:42.6058048Z   uart1: uart@40028000 {
2025-12-17T18:58:42.6058241Z    compatible = "nordic,nrf-uarte";
2025-12-17T18:58:42.6058460Z    reg = <0x40028000 0x1000>;
2025-12-17T18:58:42.6058651Z    interrupts = <40 1>;
2025-12-17T18:58:42.6058829Z    status = "disabled";
2025-12-17T18:58:42.6058996Z   };
2025-12-17T18:58:42.6059077Z 
2025-12-17T18:58:42.6059144Z   qspi: qspi@40029000 {
2025-12-17T18:58:42.6059332Z    compatible = "nordic,nrf-qspi";
2025-12-17T18:58:42.6059550Z    #address-cells = <1>;
2025-12-17T18:58:42.6059735Z    #size-cells = <0>;
2025-12-17T18:58:42.6059930Z    reg = <0x40029000 0x1000>, <0x12000000 0x8000000>;
2025-12-17T18:58:42.6060175Z    reg-names = "qspi", "qspi_mm";
2025-12-17T18:58:42.6060382Z    interrupts = <41 1>;
2025-12-17T18:58:42.6060566Z    status = "disabled";
2025-12-17T18:58:42.6060727Z   };
2025-12-17T18:58:42.6060812Z 
2025-12-17T18:58:42.6060878Z   pwm3: pwm@4002d000 {
2025-12-17T18:58:42.6061067Z    compatible = "nordic,nrf-pwm";
2025-12-17T18:58:42.6061272Z    reg = <0x4002d000 0x1000>;
2025-12-17T18:58:42.6061465Z    interrupts = <45 1>;
2025-12-17T18:58:42.6061642Z    status = "disabled";
2025-12-17T18:58:42.6061819Z    #pwm-cells = <3>;
2025-12-17T18:58:42.6061979Z   };
2025-12-17T18:58:42.6062061Z 
2025-12-17T18:58:42.6062278Z   spi3: spi@4002f000 {
2025-12-17T18:58:42.6062471Z    compatible = "nordic,nrf-spim";
2025-12-17T18:58:42.6062682Z    #address-cells = <1>;
2025-12-17T18:58:42.6062870Z    #size-cells = <0>;
2025-12-17T18:58:42.6063045Z    reg = <0x4002f000 0x1000>;
2025-12-17T18:58:42.6063231Z    interrupts = <47 1>;
2025-12-17T18:58:42.6063423Z    max-frequency = <((32) * 1000 * 1000)>;
2025-12-17T18:58:42.6063659Z    easydma-maxcnt-bits = <16>;
2025-12-17T18:58:42.6063970Z    rx-delay-supported;
2025-12-17T18:58:42.6064149Z    rx-delay = <2>;
2025-12-17T18:58:42.6064320Z    status = "disabled";
2025-12-17T18:58:42.6064481Z   };
2025-12-17T18:58:42.6064564Z 
2025-12-17T18:58:42.6064633Z   gpio0: gpio@50000000 {
2025-12-17T18:58:42.6064827Z    compatible = "nordic,nrf-gpio";
2025-12-17T18:58:42.6065033Z    gpio-controller;
2025-12-17T18:58:42.6065207Z    reg = <0x50000000 0x200
2025-12-17T18:58:42.6065396Z           0x50000500 0x300>;
2025-12-17T18:58:42.6065589Z    #gpio-cells = <2>;
2025-12-17T18:58:42.6065773Z    status = "disabled";
2025-12-17T18:58:42.6065948Z    port = <0>;
2025-12-17T18:58:42.6066105Z   };
2025-12-17T18:58:42.6066186Z 
2025-12-17T18:58:42.6066259Z   gpio1: gpio@50000300 {
2025-12-17T18:58:42.6066463Z    compatible = "nordic,nrf-gpio";
2025-12-17T18:58:42.6066681Z    gpio-controller;
2025-12-17T18:58:42.6066854Z    reg = <0x50000300 0x200
2025-12-17T18:58:42.6067042Z           0x50000800 0x300>;
2025-12-17T18:58:42.6067233Z    #gpio-cells = <2>;
2025-12-17T18:58:42.6067408Z    ngpios = <16>;
2025-12-17T18:58:42.6067579Z    status = "disabled";
2025-12-17T18:58:42.6067760Z    port = <1>;
2025-12-17T18:58:42.6067910Z   };
2025-12-17T18:58:42.6067996Z 
2025-12-17T18:58:42.6068073Z   cryptocell: crypto@5002a000 {
2025-12-17T18:58:42.6068346Z    compatible = "nordic,cryptocell", "arm,cryptocell-310";
2025-12-17T18:58:42.6068656Z    reg = <0x5002a000 0x1000>, <0x5002b000 0x1000>;
2025-12-17T18:58:42.6068938Z    reg-names = "wrapper", "core";
2025-12-17T18:58:42.6069158Z    interrupts = <42 1>;
2025-12-17T18:58:42.6069347Z    status = "disabled";
2025-12-17T18:58:42.6069513Z   };
2025-12-17T18:58:42.6069652Z  };
2025-12-17T18:58:42.6069798Z };
2025-12-17T18:58:42.6070000Z 
2025-12-17T18:58:42.6070062Z &nvic {
2025-12-17T18:58:42.6070236Z  arm,num-irq-priority-bits = <3>;
2025-12-17T18:58:42.6070455Z };
2025-12-17T18:58:42.6070698Z # 9 "/tmp/zmk-config/zephyr/dts/arm/nordic/nrf52840_qiaa.dtsi" 2 3 4
2025-12-17T18:58:42.6070951Z 
2025-12-17T18:58:42.6071017Z &flash0 {
2025-12-17T18:58:42.6071185Z  reg = <0x00000000 ((1024) * 1024)>;
2025-12-17T18:58:42.6071386Z };
2025-12-17T18:58:42.6071469Z 
2025-12-17T18:58:42.6071529Z &sram0 {
2025-12-17T18:58:42.6071687Z  reg = <0x20000000 ((256) * 1024)>;
2025-12-17T18:58:42.6071883Z };
2025-12-17T18:58:42.6071967Z 
2025-12-17T18:58:42.6072026Z / {
2025-12-17T18:58:42.6072163Z  soc {
2025-12-17T18:58:42.6072379Z   compatible = "nordic,nrf52840-qiaa", "nordic,nrf52840",
2025-12-17T18:58:42.6072671Z         "nordic,nrf52", "simple-bus";
2025-12-17T18:58:42.6072887Z  };
2025-12-17T18:58:42.6073029Z };
2025-12-17T18:58:42.6073304Z # 10 "/tmp/zmk-config/eyelash_sofle/boards/arm/eyelash_sofle/eyelash_sofle.dtsi" 2
2025-12-17T18:58:42.6073762Z # 1 "/tmp/zmk-config/zephyr/include/zephyr/dt-bindings/led/led.h" 1 3 4
2025-12-17T18:58:42.6074346Z # 11 "/tmp/zmk-config/eyelash_sofle/boards/arm/eyelash_sofle/eyelash_sofle.dtsi" 2
2025-12-17T18:58:42.6074817Z # 1 "/tmp/zmk-config/zmk/app/include/dt-bindings/zmk/matrix_transform.h" 1 3 4
2025-12-17T18:58:42.6075278Z # 12 "/tmp/zmk-config/eyelash_sofle/boards/arm/eyelash_sofle/eyelash_sofle.dtsi" 2
2025-12-17T18:58:42.6075554Z 
2025-12-17T18:58:42.6075774Z # 1 "/tmp/zmk-config/eyelash_sofle/boards/arm/eyelash_sofle/eyelash_sofle-layouts.dtsi" 1
2025-12-17T18:58:42.6076214Z # 1 "/tmp/zmk-config/zmk/app/dts/physical_layouts.dtsi" 1 3 4
2025-12-17T18:58:42.6076430Z 
2025-12-17T18:58:42.6076488Z / {
2025-12-17T18:58:42.6076663Z     key_physical_attrs: key_physical_attrs {
2025-12-17T18:58:42.6076930Z         compatible = "zmk,key-physical-attrs";
2025-12-17T18:58:42.6077220Z 
2025-12-17T18:58:42.6077299Z         #key-cells = <7>;
2025-12-17T18:58:42.6077484Z     };
2025-12-17T18:58:42.6077627Z };
2025-12-17T18:58:42.6077932Z # 2 "/tmp/zmk-config/eyelash_sofle/boards/arm/eyelash_sofle/eyelash_sofle-layouts.dtsi" 2
2025-12-17T18:58:42.6078240Z 
2025-12-17T18:58:42.6078298Z / {
2025-12-17T18:58:42.6078476Z     eyelash_sofle_layout: eyelash_sofle_layout {
2025-12-17T18:58:42.6078744Z         compatible = "zmk,physical-layout";
2025-12-17T18:58:42.6078989Z         display-name = "Layout";
2025-12-17T18:58:42.6079217Z         transform = <&default_transform>;
2025-12-17T18:58:42.6079445Z         keys
2025-12-17T18:58:42.6079625Z             = <&key_physical_attrs 100 100 0 50 0 0 0>
2025-12-17T18:58:42.6079892Z             , <&key_physical_attrs 100 100 100 50 0 0 0>
2025-12-17T18:58:42.6080152Z             , <&key_physical_attrs 100 100 200 12 0 0 0>
2025-12-17T18:58:42.6080404Z             , <&key_physical_attrs 100 100 300 0 0 0 0>
2025-12-17T18:58:42.6080660Z             , <&key_physical_attrs 100 100 400 12 0 0 0>
2025-12-17T18:58:42.6080909Z             , <&key_physical_attrs 100 100 500 12 0 0 0>
2025-12-17T18:58:42.6081162Z             , <&key_physical_attrs 100 100 775 12 0 0 0>
2025-12-17T18:58:42.6081411Z             , <&key_physical_attrs 100 100 1050 12 0 0 0>
2025-12-17T18:58:42.6081664Z             , <&key_physical_attrs 100 100 1150 12 0 0 0>
2025-12-17T18:58:42.6081914Z             , <&key_physical_attrs 100 100 1250 0 0 0 0>
2025-12-17T18:58:42.6082159Z             , <&key_physical_attrs 100 100 1350 12 0 0 0>
2025-12-17T18:58:42.6082413Z             , <&key_physical_attrs 100 100 1450 50 0 0 0>
2025-12-17T18:58:42.6082660Z             , <&key_physical_attrs 100 100 1550 50 0 0 0>
2025-12-17T18:58:42.6082911Z             , <&key_physical_attrs 100 100 0 150 0 0 0>
2025-12-17T18:58:42.6083155Z             , <&key_physical_attrs 100 100 100 150 0 0 0>
2025-12-17T18:58:42.6083406Z             , <&key_physical_attrs 100 100 200 112 0 0 0>
2025-12-17T18:58:42.6083661Z             , <&key_physical_attrs 100 100 300 100 0 0 0>
2025-12-17T18:58:42.6084026Z             , <&key_physical_attrs 100 100 400 112 0 0 0>
2025-12-17T18:58:42.6084409Z             , <&key_physical_attrs 100 100 500 112 0 0 0>
2025-12-17T18:58:42.6084664Z             , <&key_physical_attrs 100 100 775 212 0 0 0>
2025-12-17T18:58:42.6084918Z             , <&key_physical_attrs 100 100 1050 112 0 0 0>
2025-12-17T18:58:42.6085176Z             , <&key_physical_attrs 100 100 1150 112 0 0 0>
2025-12-17T18:58:42.6085431Z             , <&key_physical_attrs 100 100 1250 100 0 0 0>
2025-12-17T18:58:42.6085684Z             , <&key_physical_attrs 100 100 1350 112 0 0 0>
2025-12-17T18:58:42.6085929Z             , <&key_physical_attrs 100 100 1450 150 0 0 0>
2025-12-17T18:58:42.6086180Z             , <&key_physical_attrs 100 100 1550 150 0 0 0>
2025-12-17T18:58:42.6086428Z             , <&key_physical_attrs 100 100 0 250 0 0 0>
2025-12-17T18:58:42.6086679Z             , <&key_physical_attrs 100 100 100 250 0 0 0>
2025-12-17T18:58:42.6086932Z             , <&key_physical_attrs 100 100 200 212 0 0 0>
2025-12-17T18:58:42.6087178Z             , <&key_physical_attrs 100 100 300 200 0 0 0>
2025-12-17T18:58:42.6087433Z             , <&key_physical_attrs 100 100 400 212 0 0 0>
2025-12-17T18:58:42.6087676Z             , <&key_physical_attrs 100 100 500 212 0 0 0>
2025-12-17T18:58:42.6087925Z             , <&key_physical_attrs 100 100 675 112 0 0 0>
2025-12-17T18:58:42.6088176Z             , <&key_physical_attrs 100 100 1050 212 0 0 0>
2025-12-17T18:58:42.6088423Z             , <&key_physical_attrs 100 100 1150 212 0 0 0>
2025-12-17T18:58:42.6088675Z             , <&key_physical_attrs 100 100 1250 200 0 0 0>
2025-12-17T18:58:42.6088927Z             , <&key_physical_attrs 100 100 1350 212 0 0 0>
2025-12-17T18:58:42.6089173Z             , <&key_physical_attrs 100 100 1450 250 0 0 0>
2025-12-17T18:58:42.6089424Z             , <&key_physical_attrs 100 100 1550 250 0 0 0>
2025-12-17T18:58:42.6089787Z             , <&key_physical_attrs 100 100 0 350 0 0 0>
2025-12-17T18:58:42.6090039Z             , <&key_physical_attrs 100 100 100 350 0 0 0>
2025-12-17T18:58:42.6090292Z             , <&key_physical_attrs 100 100 200 312 0 0 0>
2025-12-17T18:58:42.6090543Z             , <&key_physical_attrs 100 100 300 300 0 0 0>
2025-12-17T18:58:42.6090794Z             , <&key_physical_attrs 100 100 400 312 0 0 0>
2025-12-17T18:58:42.6091037Z             , <&key_physical_attrs 100 100 500 312 0 0 0>
2025-12-17T18:58:42.6091286Z             , <&key_physical_attrs 100 100 875 112 0 0 0>
2025-12-17T18:58:42.6091536Z             , <&key_physical_attrs 100 100 1050 312 0 0 0>
2025-12-17T18:58:42.6091794Z             , <&key_physical_attrs 100 100 1150 312 0 0 0>
2025-12-17T18:58:42.6092047Z             , <&key_physical_attrs 100 100 1250 300 0 0 0>
2025-12-17T18:58:42.6092303Z             , <&key_physical_attrs 100 100 1350 312 0 0 0>
2025-12-17T18:58:42.6092557Z             , <&key_physical_attrs 100 100 1450 350 0 0 0>
2025-12-17T18:58:42.6092811Z             , <&key_physical_attrs 100 100 1550 350 0 0 0>
2025-12-17T18:58:42.6093064Z             , <&key_physical_attrs 100 100 650 338 0 0 0>
2025-12-17T18:58:42.6093319Z             , <&key_physical_attrs 100 100 200 412 0 0 0>
2025-12-17T18:58:42.6093565Z             , <&key_physical_attrs 100 100 300 400 0 0 0>
2025-12-17T18:58:42.6093968Z             , <&key_physical_attrs 100 100 400 412 0 0 0>
2025-12-17T18:58:42.6094241Z             , <&key_physical_attrs 100 100 550 412 3000 500 412>
2025-12-17T18:58:42.6094526Z             , <&key_physical_attrs 100 100 675 362 3000 500 412>
2025-12-17T18:58:42.6094789Z             , <&key_physical_attrs 100 100 775 112 0 0 0>
2025-12-17T18:58:42.6095082Z             , <&key_physical_attrs 100 100 875 362 (-3000) 1150 412>
2025-12-17T18:58:42.6095385Z             , <&key_physical_attrs 100 100 1000 412 (-3000) 1150 412>
2025-12-17T18:58:42.6095660Z             , <&key_physical_attrs 100 100 1150 412 0 0 0>
2025-12-17T18:58:42.6095920Z             , <&key_physical_attrs 100 100 1250 400 0 0 0>
2025-12-17T18:58:42.6096177Z             , <&key_physical_attrs 100 100 1350 412 0 0 0>
2025-12-17T18:58:42.6096529Z             ;
2025-12-17T18:58:42.6096683Z     };
2025-12-17T18:58:42.6096828Z };
2025-12-17T18:58:42.6097111Z # 14 "/tmp/zmk-config/eyelash_sofle/boards/arm/eyelash_sofle/eyelash_sofle.dtsi" 2
2025-12-17T18:58:42.6097393Z 
2025-12-17T18:58:42.6097452Z / {
2025-12-17T18:58:42.6097618Z     model = "eyelash_sofle";
2025-12-17T18:58:42.6097870Z     compatible = "eyelashperipherals,eyelash_sofle";
2025-12-17T18:58:42.6098071Z 
2025-12-17T18:58:42.6098134Z     chosen {
2025-12-17T18:58:42.6098333Z         zephyr,code-partition = &code_partition;
2025-12-17T18:58:42.6098598Z         zephyr,sram = &sram0;
2025-12-17T18:58:42.6098807Z         zephyr,flash = &flash0;
2025-12-17T18:58:42.6099020Z         zmk,kscan = &kscan0;
2025-12-17T18:58:42.6099222Z         zmk,battery = &vbatt;
2025-12-17T18:58:42.6099428Z         zmk,underglow = &led_strip;
2025-12-17T18:58:42.6099687Z         zmk,physical-layout = &eyelash_sofle_layout;
2025-12-17T18:58:42.6099949Z         zmk,backlight = &backlight;
2025-12-17T18:58:42.6100164Z     };
2025-12-17T18:58:42.6100248Z 
2025-12-17T18:58:42.6100326Z  left_encoder: encoder_left {
2025-12-17T18:58:42.6100537Z   compatible = "alps,ec11";
2025-12-17T18:58:42.6100745Z   label = "LEFT_ENCODER";
2025-12-17T18:58:42.6100930Z   resolution = <4>;
2025-12-17T18:58:42.6101106Z         steps = <40>;
2025-12-17T18:58:42.6101304Z         a-gpios = <&gpio1 10 ((0 << 0) | (1 << 4))>;
2025-12-17T18:58:42.6101559Z      b-gpios = <&gpio1 14 ((0 << 0) | (1 << 4))>;
2025-12-17T18:58:42.6101801Z   status = "disabled";
2025-12-17T18:58:42.6101975Z  };
2025-12-17T18:58:42.6102054Z 
2025-12-17T18:58:42.6102119Z     sensors {
2025-12-17T18:58:42.6102304Z   compatible = "zmk,keymap-sensors";
2025-12-17T18:58:42.6102536Z   sensors = <&left_encoder>;
2025-12-17T18:58:42.6102724Z  };
2025-12-17T18:58:42.6102803Z 
2025-12-17T18:58:42.6102869Z     kscan0: kscan {
2025-12-17T18:58:42.6103175Z         compatible = "zmk,kscan-gpio-matrix";
2025-12-17T18:58:42.6103422Z         wakeup-source;
2025-12-17T18:58:42.6103610Z         diode-direction = "col2row";
2025-12-17T18:58:42.6103963Z         row-gpios
2025-12-17T18:58:42.6104154Z             = <&gpio0 19 ((0 << 0) | (1 << 5))>
2025-12-17T18:58:42.6104387Z             , <&gpio0 8 ((0 << 0) | (1 << 5))>
2025-12-17T18:58:42.6104618Z             , <&gpio0 12 ((0 << 0) | (1 << 5))>
2025-12-17T18:58:42.6104846Z             , <&gpio0 11 ((0 << 0) | (1 << 5))>
2025-12-17T18:58:42.6105066Z             , <&gpio1 9 ((0 << 0) | (1 << 5))>
2025-12-17T18:58:42.6105283Z             ;
2025-12-17T18:58:42.6105435Z     };
2025-12-17T18:58:42.6105519Z 
2025-12-17T18:58:42.6105615Z     default_transform: keymap_transform_0 {
2025-12-17T18:58:42.6105872Z         compatible = "zmk,matrix-transform";
2025-12-17T18:58:42.6106112Z         columns = <14>;
2025-12-17T18:58:42.6106292Z         rows = <5>;
2025-12-17T18:58:42.6106450Z         map = <
2025-12-17T18:58:42.6106736Z             (((0) << 8) + (0)) (((0) << 8) + (1)) (((0) << 8) + (2)) (((0) << 8) + (3)) (((0) << 8) + (4)) (((0) << 8) + (5)) (((0) << 8) + (7)) (((0) << 8) + (8)) (((0) << 8) + (9)) (((0) << 8) + (10)) (((0) << 8) + (11)) (((0) << 8) + (12)) (((0) << 8) + (13))
2025-12-17T18:58:42.6107186Z             (((1) << 8) + (0)) (((1) << 8) + (1)) (((1) << 8) + (2)) (((1) << 8) + (3)) (((1) << 8) + (4)) (((1) << 8) + (5)) (((1) << 8) + (7)) (((1) << 8) + (8)) (((1) << 8) + (9)) (((1) << 8) + (10)) (((1) << 8) + (11)) (((1) << 8) + (12)) (((1) << 8) + (13))
2025-12-17T18:58:42.6107608Z             (((2) << 8) + (0)) (((2) << 8) + (1)) (((2) << 8) + (2)) (((2) << 8) + (3)) (((2) << 8) + (4)) (((2) << 8) + (5)) (((2) << 8) + (7)) (((2) << 8) + (8)) (((2) << 8) + (9)) (((2) << 8) + (10)) (((2) << 8) + (11)) (((2) << 8) + (12)) (((2) << 8) + (13))
2025-12-17T18:58:42.6108027Z             (((3) << 8) + (0)) (((3) << 8) + (1)) (((3) << 8) + (2)) (((3) << 8) + (3)) (((3) << 8) + (4)) (((3) << 8) + (5)) (((3) << 8) + (7)) (((3) << 8) + (8)) (((3) << 8) + (9)) (((3) << 8) + (10)) (((3) << 8) + (11)) (((3) << 8) + (12)) (((3) << 8) + (13))
2025-12-17T18:58:42.6108552Z             (((4) << 8) + (0)) (((4) << 8) + (1)) (((4) << 8) + (2)) (((4) << 8) + (3)) (((4) << 8) + (4)) (((4) << 8) + (5)) (((4) << 8) + (7)) (((4) << 8) + (8)) (((4) << 8) + (9)) (((4) << 8) + (10)) (((4) << 8) + (11)) (((4) << 8) + (12))
2025-12-17T18:58:42.6108857Z         >;
2025-12-17T18:58:42.6109005Z     };
2025-12-17T18:58:42.6109088Z 
2025-12-17T18:58:42.6109158Z     ext-power {
2025-12-17T18:58:42.6109346Z         compatible = "zmk,ext-power-generic";
2025-12-17T18:58:42.6109590Z         label = "EXT_POWER";
2025-12-17T18:58:42.6109806Z         control-gpios = <&gpio0 13 (0 << 0)>;
2025-12-17T18:58:42.6110043Z          init-delay-ms = <50>;
2025-12-17T18:58:42.6110240Z     };
2025-12-17T18:58:42.6110323Z 
2025-12-17T18:58:42.6110393Z     vbatt: vbatt {
2025-12-17T18:58:42.6110585Z         compatible = "zmk,battery-nrf-vddh";
2025-12-17T18:58:42.6110834Z        init-delay-ms = <50>;
2025-12-17T18:58:42.6111025Z     };
2025-12-17T18:58:42.6111107Z 
2025-12-17T18:58:42.6111191Z     backlight: pwmleds {
2025-12-17T18:58:42.6111402Z         compatible = "pwm-leds";
2025-12-17T18:58:42.6111611Z         pwm_led_0 {
2025-12-17T18:58:42.6111816Z             pwms = <&pwm0 0 (((1) * 1000UL) * 1000UL) (0 << 0)>;
2025-12-17T18:58:42.6112063Z         };
2025-12-17T18:58:42.6112209Z     };
2025-12-17T18:58:42.6112346Z };
2025-12-17T18:58:42.6112426Z 
2025-12-17T18:58:42.6112484Z &adc {
2025-12-17T18:58:42.6112633Z     status = "okay";
2025-12-17T18:58:42.6112798Z };
2025-12-17T18:58:42.6112872Z 
2025-12-17T18:58:42.6112934Z &gpiote {
2025-12-17T18:58:42.6113082Z     status = "okay";
2025-12-17T18:58:42.6113242Z };
2025-12-17T18:58:42.6113317Z 
2025-12-17T18:58:42.6113378Z &gpio0 {
2025-12-17T18:58:42.6113526Z     status = "okay";
2025-12-17T18:58:42.6113683Z };
2025-12-17T18:58:42.6113758Z 
2025-12-17T18:58:42.6113909Z &gpio1 {
2025-12-17T18:58:42.6114168Z     status = "okay";
2025-12-17T18:58:42.6114331Z };
2025-12-17T18:58:42.6114407Z 
2025-12-17T18:58:42.6114499Z &usbd {
2025-12-17T18:58:42.6114649Z     status = "okay";
2025-12-17T18:58:42.6114825Z     cdc_acm_uart: cdc_acm_uart {
2025-12-17T18:58:42.6115049Z         compatible = "zephyr,cdc-acm-uart";
2025-12-17T18:58:42.6115271Z     };
2025-12-17T18:58:42.6115404Z };
2025-12-17T18:58:42.6115479Z 
2025-12-17T18:58:42.6115541Z &flash0 {
2025-12-17T18:58:42.6115624Z 
2025-12-17T18:58:42.6115689Z     partitions {
2025-12-17T18:58:42.6115875Z         compatible = "fixed-partitions";
2025-12-17T18:58:42.6116112Z         #address-cells = <1>;
2025-12-17T18:58:42.6116311Z         #size-cells = <1>;
2025-12-17T18:58:42.6116436Z 
2025-12-17T18:58:42.6116513Z         sd_partition: partition@0 {
2025-12-17T18:58:42.6116736Z             reg = <0x00000000 0x00026000>;
2025-12-17T18:58:42.6116942Z         };
2025-12-17T18:58:42.6117115Z         code_partition: partition@26000 {
2025-12-17T18:58:42.6117355Z             reg = <0x00026000 0x000c6000>;
2025-12-17T18:58:42.6117565Z         };
2025-12-17T18:58:42.6117848Z # 140 "/tmp/zmk-config/eyelash_sofle/boards/arm/eyelash_sofle/eyelash_sofle.dtsi"
2025-12-17T18:58:42.6118227Z         storage_partition: partition@ec000 {
2025-12-17T18:58:42.6118468Z             reg = <0x000ec000 0x00008000>;
2025-12-17T18:58:42.6118674Z         };
2025-12-17T18:58:42.6118762Z 
2025-12-17T18:58:42.6118846Z         boot_partition: partition@f4000 {
2025-12-17T18:58:42.6119079Z             reg = <0x000f4000 0x0000c000>;
2025-12-17T18:58:42.6119284Z         };
2025-12-17T18:58:42.6119428Z     };
2025-12-17T18:58:42.6119570Z };
2025-12-17T18:58:42.6119649Z 
2025-12-17T18:58:42.6119714Z &pinctrl {
2025-12-17T18:58:42.6119880Z     spi3_default: spi3_default {
2025-12-17T18:58:42.6120086Z         group1 {
2025-12-17T18:58:42.6120321Z             psels = <((((((1) * 32U) + (12)) & 0x7FU) << 0U) | ((5U & 0xFFFFU) << 16U))>;
2025-12-17T18:58:42.6120598Z         };
2025-12-17T18:58:42.6120743Z     };
2025-12-17T18:58:42.6120829Z 
2025-12-17T18:58:42.6120909Z     spi3_sleep: spi3_sleep {
2025-12-17T18:58:42.6121103Z         group1 {
2025-12-17T18:58:42.6121444Z             psels = <((((((1) * 32U) + (12)) & 0x7FU) << 0U) | ((5U & 0xFFFFU) << 16U))>;
2025-12-17T18:58:42.6121736Z             low-power-enable;
2025-12-17T18:58:42.6121924Z         };
2025-12-17T18:58:42.6122068Z     };
2025-12-17T18:58:42.6122149Z 
2025-12-17T18:58:42.6122233Z     spi0_default: spi0_default {
2025-12-17T18:58:42.6122429Z         group1 {
2025-12-17T18:58:42.6122648Z             psels = <((((((0) * 32U) + (20)) & 0x7FU) << 0U) | ((4U & 0xFFFFU) << 16U))>,
2025-12-17T18:58:42.6122969Z                 <((((((0) * 32U) + (17)) & 0x7FU) << 0U) | ((5U & 0xFFFFU) << 16U))>,
2025-12-17T18:58:42.6123273Z                 <((((((0) * 32U) + (25)) & 0x7FU) << 0U) | ((6U & 0xFFFFU) << 16U))>;
2025-12-17T18:58:42.6123520Z         };
2025-12-17T18:58:42.6123665Z     };
2025-12-17T18:58:42.6123747Z 
2025-12-17T18:58:42.6123990Z     spi0_sleep: spi0_sleep {
2025-12-17T18:58:42.6124186Z         group1 {
2025-12-17T18:58:42.6124405Z             psels = <((((((0) * 32U) + (20)) & 0x7FU) << 0U) | ((4U & 0xFFFFU) << 16U))>,
2025-12-17T18:58:42.6124724Z                 <((((((0) * 32U) + (17)) & 0x7FU) << 0U) | ((5U & 0xFFFFU) << 16U))>,
2025-12-17T18:58:42.6125018Z                 <((((((0) * 32U) + (25)) & 0x7FU) << 0U) | ((6U & 0xFFFFU) << 16U))>;
2025-12-17T18:58:42.6125287Z             low-power-enable;
2025-12-17T18:58:42.6125480Z         };
2025-12-17T18:58:42.6125622Z     };
2025-12-17T18:58:42.6125703Z 
2025-12-17T18:58:42.6125780Z     pwm0_default: pwm0_default {
2025-12-17T18:58:42.6125981Z         group1 {
2025-12-17T18:58:42.6126228Z             psels = <((((((1) * 32U) + (13)) & 0x7FU) << 0U) | ((22U & 0xFFFFU) << 16U))>;
2025-12-17T18:58:42.6126500Z         };
2025-12-17T18:58:42.6126651Z     };
2025-12-17T18:58:42.6126841Z     pwm0_sleep: pwm0_sleep {
2025-12-17T18:58:42.6127029Z         group1 {
2025-12-17T18:58:42.6127366Z             psels = <((((((1) * 32U) + (13)) & 0x7FU) << 0U) | ((22U & 0xFFFFU) << 16U))>;
2025-12-17T18:58:42.6127677Z             low-power-enable;
2025-12-17T18:58:42.6127875Z         };
2025-12-17T18:58:42.6128021Z     };
2025-12-17T18:58:42.6128161Z };
2025-12-17T18:58:42.6128241Z 
2025-12-17T18:58:42.6128306Z &spi3 {
2025-12-17T18:58:42.6128472Z     compatible = "nordic,nrf-spim";
2025-12-17T18:58:42.6128698Z     status = "okay";
2025-12-17T18:58:42.6128807Z 
2025-12-17T18:58:42.6128887Z     pinctrl-0 = <&spi3_default>;
2025-12-17T18:58:42.6129098Z     pinctrl-1 = <&spi3_sleep>;
2025-12-17T18:58:42.6129322Z     pinctrl-names = "default", "sleep";
2025-12-17T18:58:42.6129486Z 
2025-12-17T18:58:42.6129565Z     led_strip: ws2812@0 {
2025-12-17T18:58:42.6129774Z         compatible = "worldsemi,ws2812-spi";
2025-12-17T18:58:42.6129949Z 
2025-12-17T18:58:42.6130012Z         reg = <0>;
2025-12-17T18:58:42.6130195Z         spi-max-frequency = <4000000>;
2025-12-17T18:58:42.6130355Z 
2025-12-17T18:58:42.6130437Z         chain-length = <7>;
2025-12-17T18:58:42.6130637Z         spi-one-frame = <0x70>;
2025-12-17T18:58:42.6130851Z         spi-zero-frame = <0x40>;
2025-12-17T18:58:42.6130993Z 
2025-12-17T18:58:42.6131071Z         color-mapping = <2 1 3>;
2025-12-17T18:58:42.6131262Z     };
2025-12-17T18:58:42.6131402Z };
2025-12-17T18:58:42.6131481Z 
2025-12-17T18:58:42.6131550Z &pwm0 {
2025-12-17T18:58:42.6131697Z     status = "okay";
2025-12-17T18:58:42.6131885Z     pinctrl-0 = <&pwm0_default>;
2025-12-17T18:58:42.6132098Z     pinctrl-1 = <&pwm0_sleep>;
2025-12-17T18:58:42.6132309Z     pinctrl-names = "default", "sleep";
2025-12-17T18:58:42.6132529Z };
2025-12-17T18:58:42.6132606Z 
2025-12-17T18:58:42.6132679Z zephyr_udc0: &usbd {
2025-12-17T18:58:42.6132872Z     compatible = "nordic,nrf-usbd";
2025-12-17T18:58:42.6133092Z     status = "okay";
2025-12-17T18:58:42.6133262Z };
2025-12-17T18:58:42.6133341Z 
2025-12-17T18:58:42.6133420Z nice_view_spi: &spi0 {
2025-12-17T18:58:42.6133612Z     compatible = "nordic,nrf-spim";
2025-12-17T18:58:42.6133974Z     pinctrl-0 = <&spi0_default>;
2025-12-17T18:58:42.6134195Z     pinctrl-1 = <&spi0_sleep>;
2025-12-17T18:58:42.6134408Z     pinctrl-names = "default", "sleep";
2025-12-17T18:58:42.6134764Z     cs-gpios = <&gpio0 6 (0 << 0)>;
2025-12-17T18:58:42.6134971Z };
2025-12-17T18:58:42.6135255Z # 9 "/tmp/zmk-config/eyelash_sofle/boards/arm/eyelash_sofle/eyelash_sofle_left.dts" 2
2025-12-17T18:58:42.6135556Z 
2025-12-17T18:58:42.6135619Z &kscan0 {
2025-12-17T18:58:42.6135776Z      col-gpios
2025-12-17T18:58:42.6135940Z          = <&gpio0 3 (0 << 0)>
2025-12-17T18:58:42.6136139Z          , <&gpio0 28 (0 << 0)>
2025-12-17T18:58:42.6136340Z          , <&gpio0 30 (0 << 0)>
2025-12-17T18:58:42.6136534Z          , <&gpio0 21 (0 << 0)>
2025-12-17T18:58:42.6136720Z          , <&gpio0 23 (0 << 0)>
2025-12-17T18:58:42.6136912Z          , <&gpio0 22 (0 << 0)>
2025-12-17T18:58:42.6137098Z          ;
2025-12-17T18:58:42.6137239Z };
2025-12-17T18:58:42.6137323Z 
2025-12-17T18:58:42.6137390Z &left_encoder {
2025-12-17T18:58:42.6137563Z     status = "okay";
2025-12-17T18:58:42.6137727Z };
2025-12-17T18:58:42.6137879Z # 0 "<command-line>" 2
2025-12-17T18:58:42.6138184Z # 1 "/tmp/zmk-config/zmk/app/boards/shields/nice_view/nice_view.overlay" 1
2025-12-17T18:58:42.6138454Z 
2025-12-17T18:58:42.6138522Z &nice_view_spi {
2025-12-17T18:58:42.6138699Z     status = "okay";
2025-12-17T18:58:42.6138880Z     nice_view: ls0xx@0 {
2025-12-17T18:58:42.6139076Z         compatible = "sharp,ls0xx";
2025-12-17T18:58:42.6139312Z         spi-max-frequency = <1000000>;
2025-12-17T18:58:42.6139537Z         reg = <0>;
2025-12-17T18:58:42.6139707Z         width = <160>;
2025-12-17T18:58:42.6139881Z         height = <68>;
2025-12-17T18:58:42.6140051Z     };
2025-12-17T18:58:42.6140196Z };
2025-12-17T18:58:42.6140275Z 
2025-12-17T18:58:42.6140334Z / {
2025-12-17T18:58:42.6140483Z     chosen {
2025-12-17T18:58:42.6140656Z         zephyr,display = &nice_view;
2025-12-17T18:58:42.6140866Z     };
2025-12-17T18:58:42.6141008Z };
2025-12-17T18:58:42.6141267Z # 0 "<command-line>" 2
2025-12-17T18:58:42.6141501Z # 1 "/tmp/zmk-config/config/eyelash_sofle_left.keymap" 1
2025-12-17T18:58:42.6141817Z # 1 "/tmp/zmk-config/config/eyelash_sofle.keymap" 1
2025-12-17T18:58:42.6142005Z 
2025-12-17T18:58:42.6142241Z # 1 "/tmp/zmk-config/zephyr/include/zephyr/dt-bindings/input/input-event-codes.h" 1 3 4
2025-12-17T18:58:42.6142655Z # 7 "/tmp/zmk-config/config/eyelash_sofle.keymap" 2
2025-12-17T18:58:42.6142951Z # 1 "/tmp/zmk-config/zmk/app/dts/behaviors.dtsi" 1 3 4
2025-12-17T18:58:42.6143154Z 
2025-12-17T18:58:42.6143294Z # 1 "/tmp/zmk-config/zmk/app/dts/behaviors/key_press.dtsi" 1 3 4
2025-12-17T18:58:42.6143516Z 
2025-12-17T18:58:42.6143687Z # 1 "/tmp/zmk-config/zmk/app/include/dt-bindings/zmk/behaviors.h" 1 3 4
2025-12-17T18:58:42.6144169Z # 8 "/tmp/zmk-config/zmk/app/dts/behaviors/key_press.dtsi" 2 3 4
2025-12-17T18:58:42.6144398Z 
2025-12-17T18:58:42.6144459Z / {
2025-12-17T18:58:42.6144611Z     behaviors {
2025-12-17T18:58:42.6144717Z 
2025-12-17T18:58:42.6144797Z         kp: key_press {
2025-12-17T18:58:42.6145015Z             compatible = "zmk,behavior-key-press";
2025-12-17T18:58:42.6145278Z             #binding-cells = <1>;
2025-12-17T18:58:42.6145518Z             display-name = "Key Press";
2025-12-17T18:58:42.6145732Z         };
2025-12-17T18:58:42.6145883Z     };
2025-12-17T18:58:42.6146028Z };
2025-12-17T18:58:42.6146215Z # 8 "/tmp/zmk-config/zmk/app/dts/behaviors.dtsi" 2 3 4
2025-12-17T18:58:42.6146557Z # 1 "/tmp/zmk-config/zmk/app/dts/behaviors/key_toggle.dtsi" 1 3 4
2025-12-17T18:58:42.6146782Z 
2025-12-17T18:58:42.6146952Z # 1 "/tmp/zmk-config/zmk/app/include/dt-bindings/zmk/behaviors.h" 1 3 4
2025-12-17T18:58:42.6147354Z # 8 "/tmp/zmk-config/zmk/app/dts/behaviors/key_toggle.dtsi" 2 3 4
2025-12-17T18:58:42.6147584Z 
2025-12-17T18:58:42.6147644Z / {
2025-12-17T18:58:42.6147792Z     behaviors {
2025-12-17T18:58:42.6147893Z 
2025-12-17T18:58:42.6147968Z         kt: key_toggle {
2025-12-17T18:58:42.6148182Z             compatible = "zmk,behavior-key-toggle";
2025-12-17T18:58:42.6148442Z             #binding-cells = <1>;
2025-12-17T18:58:42.6148665Z             display-name = "Key Toggle";
2025-12-17T18:58:42.6149007Z         };
2025-12-17T18:58:42.6149155Z     };
2025-12-17T18:58:42.6149298Z };
2025-12-17T18:58:42.6149481Z # 9 "/tmp/zmk-config/zmk/app/dts/behaviors.dtsi" 2 3 4
2025-12-17T18:58:42.6149822Z # 1 "/tmp/zmk-config/zmk/app/dts/behaviors/transparent.dtsi" 1 3 4
2025-12-17T18:58:42.6150058Z 
2025-12-17T18:58:42.6150224Z # 1 "/tmp/zmk-config/zmk/app/include/dt-bindings/zmk/behaviors.h" 1 3 4
2025-12-17T18:58:42.6150617Z # 8 "/tmp/zmk-config/zmk/app/dts/behaviors/transparent.dtsi" 2 3 4
2025-12-17T18:58:42.6150843Z 
2025-12-17T18:58:42.6150904Z / {
2025-12-17T18:58:42.6151052Z     behaviors {
2025-12-17T18:58:42.6151152Z 
2025-12-17T18:58:42.6151235Z         trans: transparent {
2025-12-17T18:58:42.6151472Z             compatible = "zmk,behavior-transparent";
2025-12-17T18:58:42.6151737Z             #binding-cells = <0>;
2025-12-17T18:58:42.6151969Z             display-name = "Transparent";
2025-12-17T18:58:42.6152187Z         };
2025-12-17T18:58:42.6152335Z     };
2025-12-17T18:58:42.6152480Z };
2025-12-17T18:58:42.6152682Z # 10 "/tmp/zmk-config/zmk/app/dts/behaviors.dtsi" 2 3 4
2025-12-17T18:58:42.6153004Z # 1 "/tmp/zmk-config/zmk/app/dts/behaviors/none.dtsi" 1 3 4
2025-12-17T18:58:42.6153219Z 
2025-12-17T18:58:42.6153381Z # 1 "/tmp/zmk-config/zmk/app/include/dt-bindings/zmk/behaviors.h" 1 3 4
2025-12-17T18:58:42.6153744Z # 8 "/tmp/zmk-config/zmk/app/dts/behaviors/none.dtsi" 2 3 4
2025-12-17T18:58:42.6154059Z 
2025-12-17T18:58:42.6154120Z / {
2025-12-17T18:58:42.6154271Z     behaviors {
2025-12-17T18:58:42.6154369Z 
2025-12-17T18:58:42.6154442Z         none: none {
2025-12-17T18:58:42.6154641Z             compatible = "zmk,behavior-none";
2025-12-17T18:58:42.6154890Z             #binding-cells = <0>;
2025-12-17T18:58:42.6155109Z             display-name = "None";
2025-12-17T18:58:42.6155317Z         };
2025-12-17T18:58:42.6155461Z     };
2025-12-17T18:58:42.6155721Z };
2025-12-17T18:58:42.6155922Z # 11 "/tmp/zmk-config/zmk/app/dts/behaviors.dtsi" 2 3 4
2025-12-17T18:58:42.6156247Z # 1 "/tmp/zmk-config/zmk/app/dts/behaviors/mod_tap.dtsi" 1 3 4
2025-12-17T18:58:42.6156485Z 
2025-12-17T18:58:42.6156646Z # 1 "/tmp/zmk-config/zmk/app/include/dt-bindings/zmk/behaviors.h" 1 3 4
2025-12-17T18:58:42.6157020Z # 8 "/tmp/zmk-config/zmk/app/dts/behaviors/mod_tap.dtsi" 2 3 4
2025-12-17T18:58:42.6157233Z 
2025-12-17T18:58:42.6157293Z / {
2025-12-17T18:58:42.6157442Z     behaviors {
2025-12-17T18:58:42.6157541Z 
2025-12-17T18:58:42.6157616Z         mt: mod_tap {
2025-12-17T18:58:42.6157824Z             compatible = "zmk,behavior-hold-tap";
2025-12-17T18:58:42.6158086Z             #binding-cells = <2>;
2025-12-17T18:58:42.6158310Z             flavor = "hold-preferred";
2025-12-17T18:58:42.6158553Z             tapping-term-ms = <200>;
2025-12-17T18:58:42.6158778Z             bindings = <&kp>, <&kp>;
2025-12-17T18:58:42.6159007Z             display-name = "Mod-Tap";
2025-12-17T18:58:42.6159228Z         };
2025-12-17T18:58:42.6159369Z     };
2025-12-17T18:58:42.6159511Z };
2025-12-17T18:58:42.6159708Z # 12 "/tmp/zmk-config/zmk/app/dts/behaviors.dtsi" 2 3 4
2025-12-17T18:58:42.6160042Z # 1 "/tmp/zmk-config/zmk/app/dts/behaviors/layer_tap.dtsi" 1 3 4
2025-12-17T18:58:42.6160275Z 
2025-12-17T18:58:42.6160436Z # 1 "/tmp/zmk-config/zmk/app/include/dt-bindings/zmk/behaviors.h" 1 3 4
2025-12-17T18:58:42.6160815Z # 8 "/tmp/zmk-config/zmk/app/dts/behaviors/layer_tap.dtsi" 2 3 4
2025-12-17T18:58:42.6161032Z 
2025-12-17T18:58:42.6161096Z / {
2025-12-17T18:58:42.6161238Z     behaviors {
2025-12-17T18:58:42.6161344Z 
2025-12-17T18:58:42.6161415Z         lt: layer_tap {
2025-12-17T18:58:42.6161628Z             compatible = "zmk,behavior-hold-tap";
2025-12-17T18:58:42.6161878Z             #binding-cells = <2>;
2025-12-17T18:58:42.6162102Z             flavor = "tap-preferred";
2025-12-17T18:58:42.6162335Z             tapping-term-ms = <200>;
2025-12-17T18:58:42.6162559Z             bindings = <&mo>, <&kp>;
2025-12-17T18:58:42.6162788Z             display-name = "Layer-Tap";
2025-12-17T18:58:42.6163006Z         };
2025-12-17T18:58:42.6163155Z     };
2025-12-17T18:58:42.6163418Z };
2025-12-17T18:58:42.6163614Z # 13 "/tmp/zmk-config/zmk/app/dts/behaviors.dtsi" 2 3 4
2025-12-17T18:58:42.6164037Z # 1 "/tmp/zmk-config/zmk/app/dts/behaviors/gresc.dtsi" 1 3 4
2025-12-17T18:58:42.6164257Z 
2025-12-17T18:58:42.6164415Z # 1 "/tmp/zmk-config/zmk/app/include/dt-bindings/zmk/behaviors.h" 1 3 4
2025-12-17T18:58:42.6164781Z # 9 "/tmp/zmk-config/zmk/app/dts/behaviors/gresc.dtsi" 2 3 4
2025-12-17T18:58:42.6165133Z # 1 "/tmp/zmk-config/zmk/app/include/dt-bindings/zmk/keys.h" 1 3 4
2025-12-17T18:58:42.6165355Z 
2025-12-17T18:58:42.6165417Z        
2025-12-17T18:58:42.6165508Z 
2025-12-17T18:58:42.6165662Z # 1 "/tmp/zmk-config/zmk/app/include/dt-bindings/zmk/hid_usage.h" 1 3 4
2025-12-17T18:58:42.6166065Z # 11 "/tmp/zmk-config/zmk/app/include/dt-bindings/zmk/hid_usage.h" 3 4
2025-12-17T18:58:42.6166369Z        
2025-12-17T18:58:42.6166598Z # 9 "/tmp/zmk-config/zmk/app/include/dt-bindings/zmk/keys.h" 2 3 4
2025-12-17T18:58:42.6167007Z # 1 "/tmp/zmk-config/zmk/app/include/dt-bindings/zmk/hid_usage_pages.h" 1 3 4
2025-12-17T18:58:42.6167457Z # 11 "/tmp/zmk-config/zmk/app/include/dt-bindings/zmk/hid_usage_pages.h" 3 4
2025-12-17T18:58:42.6167773Z        
2025-12-17T18:58:42.6168008Z # 10 "/tmp/zmk-config/zmk/app/include/dt-bindings/zmk/keys.h" 2 3 4
2025-12-17T18:58:42.6168392Z # 1 "/tmp/zmk-config/zmk/app/include/dt-bindings/zmk/modifiers.h" 1 3 4
2025-12-17T18:58:42.6168633Z 
2025-12-17T18:58:42.6168694Z        
2025-12-17T18:58:42.6168922Z # 11 "/tmp/zmk-config/zmk/app/include/dt-bindings/zmk/keys.h" 2 3 4
2025-12-17T18:58:42.6169277Z # 10 "/tmp/zmk-config/zmk/app/dts/behaviors/gresc.dtsi" 2 3 4
2025-12-17T18:58:42.6169490Z 
2025-12-17T18:58:42.6169556Z / {
2025-12-17T18:58:42.6169702Z     behaviors {
2025-12-17T18:58:42.6169808Z 
2025-12-17T18:58:42.6169885Z         gresc: grave_escape {
2025-12-17T18:58:42.6170270Z             compatible = "zmk,behavior-mod-morph";
2025-12-17T18:58:42.6170530Z             #binding-cells = <0>;
2025-12-17T18:58:42.6170820Z             bindings = <&kp (((((0x07) << 16) | (0x29))))>, <&kp ((((0x07) << 16) | (0x35)))>;
2025-12-17T18:58:42.6171135Z             mods = <(0x08|0x02|0x80|0x20)>;
2025-12-17T18:58:42.6171381Z             display-name = "Grave/Escape";
2025-12-17T18:58:42.6171600Z         };
2025-12-17T18:58:42.6171745Z     };
2025-12-17T18:58:42.6171887Z };
2025-12-17T18:58:42.6172078Z # 14 "/tmp/zmk-config/zmk/app/dts/behaviors.dtsi" 2 3 4
2025-12-17T18:58:42.6172416Z # 1 "/tmp/zmk-config/zmk/app/dts/behaviors/sticky_key.dtsi" 1 3 4
2025-12-17T18:58:42.6172639Z 
2025-12-17T18:58:42.6172807Z # 1 "/tmp/zmk-config/zmk/app/include/dt-bindings/zmk/behaviors.h" 1 3 4
2025-12-17T18:58:42.6173183Z # 8 "/tmp/zmk-config/zmk/app/dts/behaviors/sticky_key.dtsi" 2 3 4
2025-12-17T18:58:42.6173414Z 
2025-12-17T18:58:42.6173475Z / {
2025-12-17T18:58:42.6173622Z     behaviors {
2025-12-17T18:58:42.6173721Z 
2025-12-17T18:58:42.6173803Z         sk: sticky_key {
2025-12-17T18:58:42.6174127Z             compatible = "zmk,behavior-sticky-key";
2025-12-17T18:58:42.6174401Z             #binding-cells = <1>;
2025-12-17T18:58:42.6174626Z             release-after-ms = <1000>;
2025-12-17T18:58:42.6174854Z             bindings = <&kp>;
2025-12-17T18:58:42.6175062Z             ignore-modifiers;
2025-12-17T18:58:42.6175283Z             display-name = "Sticky Key";
2025-12-17T18:58:42.6175501Z         };
2025-12-17T18:58:42.6175593Z 
2025-12-17T18:58:42.6175667Z         sl: sticky_layer {
2025-12-17T18:58:42.6175893Z             compatible = "zmk,behavior-sticky-key";
2025-12-17T18:58:42.6176144Z             #binding-cells = <1>;
2025-12-17T18:58:42.6176368Z             release-after-ms = <1000>;
2025-12-17T18:58:42.6176605Z             bindings = <&mo>;
2025-12-17T18:58:42.6176808Z             quick-release;
2025-12-17T18:58:42.6177013Z             display-name = "Sticky Layer";
2025-12-17T18:58:42.6177242Z         };
2025-12-17T18:58:42.6177394Z     };
2025-12-17T18:58:42.6177477Z 
2025-12-17T18:58:42.6177539Z };
2025-12-17T18:58:42.6177739Z # 15 "/tmp/zmk-config/zmk/app/dts/behaviors.dtsi" 2 3 4
2025-12-17T18:58:42.6178221Z # 1 "/tmp/zmk-config/zmk/app/dts/behaviors/momentary_layer.dtsi" 1 3 4
2025-12-17T18:58:42.6178466Z 
2025-12-17T18:58:42.6178628Z # 1 "/tmp/zmk-config/zmk/app/include/dt-bindings/zmk/behaviors.h" 1 3 4
2025-12-17T18:58:42.6179026Z # 8 "/tmp/zmk-config/zmk/app/dts/behaviors/momentary_layer.dtsi" 2 3 4
2025-12-17T18:58:42.6179277Z 
2025-12-17T18:58:42.6179338Z / {
2025-12-17T18:58:42.6179488Z     behaviors {
2025-12-17T18:58:42.6179589Z 
2025-12-17T18:58:42.6179664Z         mo: momentary_layer {
2025-12-17T18:58:42.6179787Z             compatible = "zmk,behavior-momentary-layer";
2025-12-17T18:58:42.6179865Z             #binding-cells = <1>;
2025-12-17T18:58:42.6179955Z             display-name = "Momentary Layer";
2025-12-17T18:58:42.6180019Z         };
2025-12-17T18:58:42.6180077Z     };
2025-12-17T18:58:42.6180142Z };
2025-12-17T18:58:42.6180258Z # 16 "/tmp/zmk-config/zmk/app/dts/behaviors.dtsi" 2 3 4
2025-12-17T18:58:42.6180408Z # 1 "/tmp/zmk-config/zmk/app/dts/behaviors/toggle_layer.dtsi" 1 3 4
2025-12-17T18:58:42.6180416Z 
2025-12-17T18:58:42.6180580Z # 1 "/tmp/zmk-config/zmk/app/include/dt-bindings/zmk/behaviors.h" 1 3 4
2025-12-17T18:58:42.6180724Z # 8 "/tmp/zmk-config/zmk/app/dts/behaviors/toggle_layer.dtsi" 2 3 4
2025-12-17T18:58:42.6180728Z 
2025-12-17T18:58:42.6180789Z / {
2025-12-17T18:58:42.6180859Z     behaviors {
2025-12-17T18:58:42.6180863Z 
2025-12-17T18:58:42.6180935Z         tog: toggle_layer {
2025-12-17T18:58:42.6181039Z             compatible = "zmk,behavior-toggle-layer";
2025-12-17T18:58:42.6181119Z             #binding-cells = <1>;
2025-12-17T18:58:42.6181201Z             display-name = "Toggle Layer";
2025-12-17T18:58:42.6181261Z         };
2025-12-17T18:58:42.6181331Z     };
2025-12-17T18:58:42.6181389Z };
2025-12-17T18:58:42.6181690Z # 17 "/tmp/zmk-config/zmk/app/dts/behaviors.dtsi" 2 3 4
2025-12-17T18:58:42.6181863Z # 1 "/tmp/zmk-config/zmk/app/dts/behaviors/to_layer.dtsi" 1 3 4
2025-12-17T18:58:42.6181868Z 
2025-12-17T18:58:42.6182064Z # 1 "/tmp/zmk-config/zmk/app/include/dt-bindings/zmk/behaviors.h" 1 3 4
2025-12-17T18:58:42.6182230Z # 8 "/tmp/zmk-config/zmk/app/dts/behaviors/to_layer.dtsi" 2 3 4
2025-12-17T18:58:42.6182234Z 
2025-12-17T18:58:42.6182476Z / {
2025-12-17T18:58:42.6182575Z     behaviors {
2025-12-17T18:58:42.6182580Z 
2025-12-17T18:58:42.6182679Z         to: to_layer {
2025-12-17T18:58:42.6182848Z             compatible = "zmk,behavior-to-layer";
2025-12-17T18:58:42.6182955Z             #binding-cells = <1>;
2025-12-17T18:58:42.6183180Z             display-name = "To Layer";
2025-12-17T18:58:42.6183290Z         };
2025-12-17T18:58:42.6183384Z     };
2025-12-17T18:58:42.6183509Z };
2025-12-17T18:58:42.6183652Z # 18 "/tmp/zmk-config/zmk/app/dts/behaviors.dtsi" 2 3 4
2025-12-17T18:58:42.6183967Z # 1 "/tmp/zmk-config/zmk/app/dts/behaviors/reset.dtsi" 1 3 4
2025-12-17T18:58:42.6183980Z 
2025-12-17T18:58:42.6184254Z # 1 "/tmp/zmk-config/zmk/app/include/dt-bindings/zmk/reset.h" 1 3 4
2025-12-17T18:58:42.6184428Z # 8 "/tmp/zmk-config/zmk/app/dts/behaviors/reset.dtsi" 2 3 4
2025-12-17T18:58:42.6184437Z 
2025-12-17T18:58:42.6184565Z / {
2025-12-17T18:58:42.6184663Z     behaviors {
2025-12-17T18:58:42.6184667Z 
2025-12-17T18:58:42.6184773Z         sys_reset: sysreset {
2025-12-17T18:58:42.6184951Z             compatible = "zmk,behavior-reset";
2025-12-17T18:58:42.6185108Z             #binding-cells = <0>;
2025-12-17T18:58:42.6185234Z             display-name = "Reset";
2025-12-17T18:58:42.6185362Z         };
2025-12-17T18:58:42.6185367Z 
2025-12-17T18:58:42.6185476Z         bootloader: bootload {
2025-12-17T18:58:42.6185632Z             compatible = "zmk,behavior-reset";
2025-12-17T18:58:42.6185719Z             type = <0x57>;
2025-12-17T18:58:42.6185872Z             #binding-cells = <0>;
2025-12-17T18:58:42.6186047Z             display-name = "Bootloader";
2025-12-17T18:58:42.6186146Z         };
2025-12-17T18:58:42.6186238Z     };
2025-12-17T18:58:42.6186397Z };
2025-12-17T18:58:42.6186534Z # 19 "/tmp/zmk-config/zmk/app/dts/behaviors.dtsi" 2 3 4
2025-12-17T18:58:42.6186947Z # 1 "/tmp/zmk-config/zmk/app/dts/behaviors/sensor_rotate_key_press.dtsi" 1 3 4
2025-12-17T18:58:42.6186972Z 
2025-12-17T18:58:42.6194825Z / {
2025-12-17T18:58:42.6194925Z     behaviors {
2025-12-17T18:58:42.6194931Z 
2025-12-17T18:58:42.6195086Z         /omit-if-no-ref/ inc_dec_cp: inc_dec_kp: enc_key_press {
2025-12-17T18:58:42.6195219Z             compatible = "zmk,behavior-sensor-rotate-var";
2025-12-17T18:58:42.6195311Z             #sensor-binding-cells = <2>;
2025-12-17T18:58:42.6195391Z             bindings = <&kp>, <&kp>;
2025-12-17T18:58:42.6195458Z         };
2025-12-17T18:58:42.6195519Z     };
2025-12-17T18:58:42.6195583Z };
2025-12-17T18:58:42.6195720Z # 20 "/tmp/zmk-config/zmk/app/dts/behaviors.dtsi" 2 3 4
2025-12-17T18:58:42.6195885Z # 1 "/tmp/zmk-config/zmk/app/dts/behaviors/rgb_underglow.dtsi" 1 3 4
2025-12-17T18:58:42.6195898Z 
2025-12-17T18:58:42.6195963Z / {
2025-12-17T18:58:42.6196035Z     behaviors {
2025-12-17T18:58:42.6196040Z 
2025-12-17T18:58:42.6196116Z         rgb_ug: rgb_ug {
2025-12-17T18:58:42.6196233Z             compatible = "zmk,behavior-rgb-underglow";
2025-12-17T18:58:42.6196311Z             #binding-cells = <2>;
2025-12-17T18:58:42.6196393Z             display-name = "Underglow";
2025-12-17T18:58:42.6196461Z         };
2025-12-17T18:58:42.6196520Z     };
2025-12-17T18:58:42.6196580Z };
2025-12-17T18:58:42.6196701Z # 21 "/tmp/zmk-config/zmk/app/dts/behaviors.dtsi" 2 3 4
2025-12-17T18:58:42.6196855Z # 1 "/tmp/zmk-config/zmk/app/dts/behaviors/bluetooth.dtsi" 1 3 4
2025-12-17T18:58:42.6196859Z 
2025-12-17T18:58:42.6197031Z # 1 "/tmp/zmk-config/zmk/app/include/dt-bindings/zmk/behaviors.h" 1 3 4
2025-12-17T18:58:42.6197167Z # 8 "/tmp/zmk-config/zmk/app/dts/behaviors/bluetooth.dtsi" 2 3 4
2025-12-17T18:58:42.6197171Z 
2025-12-17T18:58:42.6197232Z / {
2025-12-17T18:58:42.6197303Z     behaviors {
2025-12-17T18:58:42.6197464Z 
2025-12-17T18:58:42.6197543Z         bt: bluetooth {
2025-12-17T18:58:42.6197647Z             compatible = "zmk,behavior-bluetooth";
2025-12-17T18:58:42.6197735Z             #binding-cells = <2>;
2025-12-17T18:58:42.6197815Z             display-name = "Bluetooth";
2025-12-17T18:58:42.6197881Z         };
2025-12-17T18:58:42.6197942Z     };
2025-12-17T18:58:42.6198001Z };
2025-12-17T18:58:42.6198123Z # 22 "/tmp/zmk-config/zmk/app/dts/behaviors.dtsi" 2 3 4
2025-12-17T18:58:42.6198259Z # 1 "/tmp/zmk-config/zmk/app/dts/behaviors/ext_power.dtsi" 1 3 4
2025-12-17T18:58:42.6198262Z 
2025-12-17T18:58:42.6198320Z / {
2025-12-17T18:58:42.6198392Z     behaviors {
2025-12-17T18:58:42.6198396Z 
2025-12-17T18:58:42.6198472Z         ext_power: extpower {
2025-12-17T18:58:42.6198571Z             compatible = "zmk,behavior-ext-power";
2025-12-17T18:58:42.6198651Z             #binding-cells = <1>;
2025-12-17T18:58:42.6198742Z             display-name = "External Power";
2025-12-17T18:58:42.6198811Z         };
2025-12-17T18:58:42.6198870Z     };
2025-12-17T18:58:42.6198928Z };
2025-12-17T18:58:42.6199050Z # 23 "/tmp/zmk-config/zmk/app/dts/behaviors.dtsi" 2 3 4
2025-12-17T18:58:42.6199193Z # 1 "/tmp/zmk-config/zmk/app/dts/behaviors/outputs.dtsi" 1 3 4
2025-12-17T18:58:42.6199197Z 
2025-12-17T18:58:42.6199361Z # 1 "/tmp/zmk-config/zmk/app/include/dt-bindings/zmk/behaviors.h" 1 3 4
2025-12-17T18:58:42.6199492Z # 8 "/tmp/zmk-config/zmk/app/dts/behaviors/outputs.dtsi" 2 3 4
2025-12-17T18:58:42.6199496Z 
2025-12-17T18:58:42.6199555Z / {
2025-12-17T18:58:42.6199621Z     behaviors {
2025-12-17T18:58:42.6199629Z 
2025-12-17T18:58:42.6199697Z         out: outputs {
2025-12-17T18:58:42.6199795Z             compatible = "zmk,behavior-outputs";
2025-12-17T18:58:42.6199876Z             #binding-cells = <1>;
2025-12-17T18:58:42.6199968Z             display-name = "Output Selection";
2025-12-17T18:58:42.6200027Z         };
2025-12-17T18:58:42.6200089Z     };
2025-12-17T18:58:42.6200146Z };
2025-12-17T18:58:42.6200261Z # 24 "/tmp/zmk-config/zmk/app/dts/behaviors.dtsi" 2 3 4
2025-12-17T18:58:42.6200400Z # 1 "/tmp/zmk-config/zmk/app/dts/behaviors/caps_word.dtsi" 1 3 4
2025-12-17T18:58:42.6200524Z 
2025-12-17T18:58:42.6200683Z # 1 "/tmp/zmk-config/zmk/app/include/dt-bindings/zmk/behaviors.h" 1 3 4
2025-12-17T18:58:42.6200815Z # 8 "/tmp/zmk-config/zmk/app/dts/behaviors/caps_word.dtsi" 2 3 4
2025-12-17T18:58:42.6200823Z 
2025-12-17T18:58:42.6200884Z / {
2025-12-17T18:58:42.6200947Z     behaviors {
2025-12-17T18:58:42.6200951Z 
2025-12-17T18:58:42.6201031Z         caps_word: caps_word {
2025-12-17T18:58:42.6201125Z             compatible = "zmk,behavior-caps-word";
2025-12-17T18:58:42.6201199Z             #binding-cells = <0>;
2025-12-17T18:58:42.6201410Z             continue-list = <((0x02 << 24 | (((0x07) << 16) | (0x2D)))) ((((0x07) << 16) | (0x2A))) ((((0x07) << 16) | (0x4C)))>;
2025-12-17T18:58:42.6201491Z             display-name = "Caps Word";
2025-12-17T18:58:42.6201550Z         };
2025-12-17T18:58:42.6201613Z     };
2025-12-17T18:58:42.6201676Z };
2025-12-17T18:58:42.6201791Z # 25 "/tmp/zmk-config/zmk/app/dts/behaviors.dtsi" 2 3 4
2025-12-17T18:58:42.6201934Z # 1 "/tmp/zmk-config/zmk/app/dts/behaviors/key_repeat.dtsi" 1 3 4
2025-12-17T18:58:42.6201943Z 
2025-12-17T18:58:42.6202098Z # 1 "/tmp/zmk-config/zmk/app/include/dt-bindings/zmk/behaviors.h" 1 3 4
2025-12-17T18:58:42.6202236Z # 8 "/tmp/zmk-config/zmk/app/dts/behaviors/key_repeat.dtsi" 2 3 4
2025-12-17T18:58:42.6202240Z 
2025-12-17T18:58:42.6202298Z / {
2025-12-17T18:58:42.6202361Z     behaviors {
2025-12-17T18:58:42.6202365Z 
2025-12-17T18:58:42.6202448Z         key_repeat: key_repeat {
2025-12-17T18:58:42.6202546Z             compatible = "zmk,behavior-key-repeat";
2025-12-17T18:58:42.6202623Z             #binding-cells = <0>;
2025-12-17T18:58:42.6202702Z             usage-pages = <(0x07)>;
2025-12-17T18:58:42.6202785Z             display-name = "Key Repeat";
2025-12-17T18:58:42.6202849Z         };
2025-12-17T18:58:42.6202907Z     };
2025-12-17T18:58:42.6202965Z };
2025-12-17T18:58:42.6203160Z # 26 "/tmp/zmk-config/zmk/app/dts/behaviors.dtsi" 2 3 4
2025-12-17T18:58:42.6203299Z # 1 "/tmp/zmk-config/zmk/app/dts/behaviors/backlight.dtsi" 1 3 4
2025-12-17T18:58:42.6203308Z 
2025-12-17T18:58:42.6203464Z # 1 "/tmp/zmk-config/zmk/app/include/dt-bindings/zmk/behaviors.h" 1 3 4
2025-12-17T18:58:42.6203599Z # 8 "/tmp/zmk-config/zmk/app/dts/behaviors/backlight.dtsi" 2 3 4
2025-12-17T18:58:42.6203603Z 
2025-12-17T18:58:42.6203661Z  / {
2025-12-17T18:58:42.6203729Z     behaviors {
2025-12-17T18:58:42.6203733Z 
2025-12-17T18:58:42.6203800Z         bl: bcklight {
2025-12-17T18:58:42.6204018Z             compatible = "zmk,behavior-backlight";
2025-12-17T18:58:42.6204100Z             #binding-cells = <2>;
2025-12-17T18:58:42.6204180Z             display-name = "Backlight";
2025-12-17T18:58:42.6204239Z         };
2025-12-17T18:58:42.6204302Z     };
2025-12-17T18:58:42.6204359Z };
2025-12-17T18:58:42.6204467Z # 27 "/tmp/zmk-config/zmk/app/dts/behaviors.dtsi" 2 3 4
2025-12-17T18:58:42.6204605Z # 1 "/tmp/zmk-config/zmk/app/dts/behaviors/macros.dtsi" 1 3 4
2025-12-17T18:58:42.6204732Z # 29 "/tmp/zmk-config/zmk/app/dts/behaviors/macros.dtsi" 3 4
2025-12-17T18:58:42.6204798Z / {
2025-12-17T18:58:42.6204861Z     behaviors {
2025-12-17T18:58:42.6204937Z         macro_tap: macro_tap {
2025-12-17T18:58:42.6205048Z             compatible = "zmk,macro-control-mode-tap";
2025-12-17T18:58:42.6205125Z             #binding-cells = <0>;
2025-12-17T18:58:42.6205183Z         };
2025-12-17T18:58:42.6205186Z 
2025-12-17T18:58:42.6205268Z         macro_press: macro_press {
2025-12-17T18:58:42.6205379Z             compatible = "zmk,macro-control-mode-press";
2025-12-17T18:58:42.6205453Z             #binding-cells = <0>;
2025-12-17T18:58:42.6205517Z         };
2025-12-17T18:58:42.6205520Z 
2025-12-17T18:58:42.6205604Z         macro_release: macro_release {
2025-12-17T18:58:42.6205724Z             compatible = "zmk,macro-control-mode-release";
2025-12-17T18:58:42.6205797Z             #binding-cells = <0>;
2025-12-17T18:58:42.6205860Z         };
2025-12-17T18:58:42.6205863Z 
2025-12-17T18:58:42.6205952Z         macro_tap_time: macro_tap_time {
2025-12-17T18:58:42.6206176Z             compatible = "zmk,macro-control-tap-time";
2025-12-17T18:58:42.6206250Z             #binding-cells = <1>;
2025-12-17T18:58:42.6206315Z         };
2025-12-17T18:58:42.6206318Z 
2025-12-17T18:58:42.6206402Z         macro_wait_time: macro_wait_time {
2025-12-17T18:58:42.6206509Z             compatible = "zmk,macro-control-wait-time";
2025-12-17T18:58:42.6206582Z             #binding-cells = <1>;
2025-12-17T18:58:42.6206641Z         };
2025-12-17T18:58:42.6206644Z 
2025-12-17T18:58:42.6206757Z         macro_pause_for_release: macro_pause_for_release {
2025-12-17T18:58:42.6206860Z             compatible = "zmk,macro-pause-for-release";
2025-12-17T18:58:42.6206931Z             #binding-cells = <0>;
2025-12-17T18:58:42.6206996Z         };
2025-12-17T18:58:42.6207000Z 
2025-12-17T18:58:42.6207087Z         macro_param_1to1: macro_param_1to1 {
2025-12-17T18:58:42.6207189Z             compatible = "zmk,macro-param-1to1";
2025-12-17T18:58:42.6207261Z             #binding-cells = <0>;
2025-12-17T18:58:42.6207326Z         };
2025-12-17T18:58:42.6207329Z 
2025-12-17T18:58:42.6207414Z         macro_param_1to2: macro_param_1to2 {
2025-12-17T18:58:42.6207501Z             compatible = "zmk,macro-param-1to2";
2025-12-17T18:58:42.6207573Z             #binding-cells = <0>;
2025-12-17T18:58:42.6207637Z         };
2025-12-17T18:58:42.6207640Z 
2025-12-17T18:58:42.6207722Z         macro_param_2to1: macro_param_2to1 {
2025-12-17T18:58:42.6207807Z             compatible = "zmk,macro-param-2to1";
2025-12-17T18:58:42.6207884Z             #binding-cells = <0>;
2025-12-17T18:58:42.6207943Z         };
2025-12-17T18:58:42.6207946Z 
2025-12-17T18:58:42.6208030Z         macro_param_2to2: macro_param_2to2 {
2025-12-17T18:58:42.6208116Z             compatible = "zmk,macro-param-2to2";
2025-12-17T18:58:42.6208188Z             #binding-cells = <0>;
2025-12-17T18:58:42.6208252Z         };
2025-12-17T18:58:42.6208420Z     };
2025-12-17T18:58:42.6208482Z };
2025-12-17T18:58:42.6208601Z # 28 "/tmp/zmk-config/zmk/app/dts/behaviors.dtsi" 2 3 4
2025-12-17T18:58:42.6208746Z # 1 "/tmp/zmk-config/zmk/app/dts/behaviors/soft_off.dtsi" 1 3 4
2025-12-17T18:58:42.6208750Z 
2025-12-17T18:58:42.6208910Z # 1 "/tmp/zmk-config/zmk/app/include/dt-bindings/zmk/behaviors.h" 1 3 4
2025-12-17T18:58:42.6209045Z # 8 "/tmp/zmk-config/zmk/app/dts/behaviors/soft_off.dtsi" 2 3 4
2025-12-17T18:58:42.6209048Z 
2025-12-17T18:58:42.6209107Z / {
2025-12-17T18:58:42.6209173Z     behaviors {
2025-12-17T18:58:42.6209177Z 
2025-12-17T18:58:42.6209249Z         soft_off: z_so_off {
2025-12-17T18:58:42.6209343Z             compatible = "zmk,behavior-soft-off";
2025-12-17T18:58:42.6209421Z             #binding-cells = <0>;
2025-12-17T18:58:42.6209515Z             split-peripheral-off-on-press;
2025-12-17T18:58:42.6209574Z         };
2025-12-17T18:58:42.6209637Z     };
2025-12-17T18:58:42.6209694Z };
2025-12-17T18:58:42.6209809Z # 29 "/tmp/zmk-config/zmk/app/dts/behaviors.dtsi" 2 3 4
2025-12-17T18:58:42.6209970Z # 1 "/tmp/zmk-config/zmk/app/dts/behaviors/studio_unlock.dtsi" 1 3 4
2025-12-17T18:58:42.6209978Z 
2025-12-17T18:58:42.6210037Z / {
2025-12-17T18:58:42.6210104Z     behaviors {
2025-12-17T18:58:42.6210185Z         studio_unlock: studio_unlock {
2025-12-17T18:58:42.6210287Z             compatible = "zmk,behavior-studio-unlock";
2025-12-17T18:58:42.6210365Z             #binding-cells = <0>;
2025-12-17T18:58:42.6210447Z             display-name = "Studio Unlock";
2025-12-17T18:58:42.6210510Z         };
2025-12-17T18:58:42.6210572Z     };
2025-12-17T18:58:42.6210630Z };
2025-12-17T18:58:42.6210737Z # 30 "/tmp/zmk-config/zmk/app/dts/behaviors.dtsi" 2 3 4
2025-12-17T18:58:42.6210877Z # 1 "/tmp/zmk-config/zmk/app/dts/behaviors/mouse_keys.dtsi" 1 3 4
2025-12-17T18:58:42.6210882Z 
2025-12-17T18:58:42.6211038Z # 1 "/tmp/zmk-config/zmk/app/dts/behaviors/mouse_key_press.dtsi" 1 3 4
2025-12-17T18:58:42.6211042Z 
2025-12-17T18:58:42.6211206Z # 1 "/tmp/zmk-config/zmk/app/include/dt-bindings/zmk/behaviors.h" 1 3 4
2025-12-17T18:58:42.6211363Z # 8 "/tmp/zmk-config/zmk/app/dts/behaviors/mouse_key_press.dtsi" 2 3 4
2025-12-17T18:58:42.6211449Z 
2025-12-17T18:58:42.6211509Z / {
2025-12-17T18:58:42.6211577Z     behaviors {
2025-12-17T18:58:42.6211581Z 
2025-12-17T18:58:42.6211654Z         mkp: mouse_key_press {
2025-12-17T18:58:42.6211771Z             compatible = "zmk,behavior-mouse-key-press";
2025-12-17T18:58:42.6211842Z             #binding-cells = <1>;
2025-12-17T18:58:42.6211931Z             display-name = "Mouse Key Press";
2025-12-17T18:58:42.6211994Z         };
2025-12-17T18:58:42.6212052Z     };
2025-12-17T18:58:42.6212055Z 
2025-12-17T18:58:42.6212144Z     mkp_input_listener: mkp_input_listener {
2025-12-17T18:58:42.6212235Z         compatible = "zmk,input-listener";
2025-12-17T18:58:42.6212305Z         device = <&mkp>;
2025-12-17T18:58:42.6212362Z     };
2025-12-17T18:58:42.6212425Z };
2025-12-17T18:58:42.6212565Z # 8 "/tmp/zmk-config/zmk/app/dts/behaviors/mouse_keys.dtsi" 2 3 4
2025-12-17T18:58:42.6212702Z # 1 "/tmp/zmk-config/zmk/app/dts/behaviors/mouse_move.dtsi" 1 3 4
2025-12-17T18:58:42.6212841Z # 9 "/tmp/zmk-config/zmk/app/dts/behaviors/mouse_move.dtsi" 3 4
2025-12-17T18:58:42.6212898Z / {
2025-12-17T18:58:42.6212967Z     behaviors {
2025-12-17T18:58:42.6213050Z         /omit-if-no-ref/ mmv: mouse_move {
2025-12-17T18:58:42.6213151Z             compatible = "zmk,behavior-input-two-axis";
2025-12-17T18:58:42.6213228Z             #binding-cells = <1>;
2025-12-17T18:58:42.6213304Z             x-input-code = <0x00>;
2025-12-17T18:58:42.6213375Z             y-input-code = <0x01>;
2025-12-17T18:58:42.6213466Z             time-to-max-speed-ms = <300>;
2025-12-17T18:58:42.6213553Z             acceleration-exponent = <1>;
2025-12-17T18:58:42.6213613Z         };
2025-12-17T18:58:42.6213676Z     };
2025-12-17T18:58:42.6213680Z 
2025-12-17T18:58:42.6213768Z     mmv_input_listener: mmv_input_listener {
2025-12-17T18:58:42.6214105Z         compatible = "zmk,input-listener";
2025-12-17T18:58:42.6214185Z         device = <&mmv>;
2025-12-17T18:58:42.6214244Z     };
2025-12-17T18:58:42.6214306Z };
2025-12-17T18:58:42.6214455Z # 9 "/tmp/zmk-config/zmk/app/dts/behaviors/mouse_keys.dtsi" 2 3 4
2025-12-17T18:58:42.6214638Z # 1 "/tmp/zmk-config/zmk/app/dts/behaviors/mouse_scroll.dtsi" 1 3 4
2025-12-17T18:58:42.6214789Z # 10 "/tmp/zmk-config/zmk/app/dts/behaviors/mouse_scroll.dtsi" 3 4
2025-12-17T18:58:42.6214848Z / {
2025-12-17T18:58:42.6214912Z     behaviors {
2025-12-17T18:58:42.6215002Z         /omit-if-no-ref/ msc: mouse_scroll {
2025-12-17T18:58:42.6215108Z             compatible = "zmk,behavior-input-two-axis";
2025-12-17T18:58:42.6215186Z             #binding-cells = <1>;
2025-12-17T18:58:42.6215262Z             x-input-code = <0x06>;
2025-12-17T18:58:42.6215332Z             y-input-code = <0x08>;
2025-12-17T18:58:42.6215419Z             time-to-max-speed-ms = <300>;
2025-12-17T18:58:42.6215502Z             acceleration-exponent = <0>;
2025-12-17T18:58:42.6215567Z         };
2025-12-17T18:58:42.6215628Z     };
2025-12-17T18:58:42.6215632Z 
2025-12-17T18:58:42.6215719Z     msc_input_listener: msc_input_listener {
2025-12-17T18:58:42.6215809Z         compatible = "zmk,input-listener";
2025-12-17T18:58:42.6215880Z         device = <&msc>;
2025-12-17T18:58:42.6215939Z     };
2025-12-17T18:58:42.6215996Z };
2025-12-17T18:58:42.6216146Z # 10 "/tmp/zmk-config/zmk/app/dts/behaviors/mouse_keys.dtsi" 2 3 4
2025-12-17T18:58:42.6216257Z # 31 "/tmp/zmk-config/zmk/app/dts/behaviors.dtsi" 2 3 4
2025-12-17T18:58:42.6216366Z # 8 "/tmp/zmk-config/config/eyelash_sofle.keymap" 2
2025-12-17T18:58:42.6216503Z # 1 "/tmp/zmk-config/zmk/app/include/dt-bindings/zmk/bt.h" 1 3 4
2025-12-17T18:58:42.6216612Z # 9 "/tmp/zmk-config/config/eyelash_sofle.keymap" 2
2025-12-17T18:58:42.6216774Z # 1 "/tmp/zmk-config/zmk/app/include/dt-bindings/zmk/ext_power.h" 1 3 4
2025-12-17T18:58:42.6216879Z # 10 "/tmp/zmk-config/config/eyelash_sofle.keymap" 2
2025-12-17T18:58:42.6216883Z 
2025-12-17T18:58:42.6217052Z # 1 "/tmp/zmk-config/zmk/app/include/dt-bindings/zmk/pointing.h" 1 3 4
2025-12-17T18:58:42.6217061Z 
2025-12-17T18:58:42.6217121Z        
2025-12-17T18:58:42.6217344Z # 12 "/tmp/zmk-config/config/eyelash_sofle.keymap" 2
2025-12-17T18:58:42.6217485Z # 1 "/tmp/zmk-config/zmk/app/include/dt-bindings/zmk/rgb.h" 1 3 4
2025-12-17T18:58:42.6217585Z # 13 "/tmp/zmk-config/config/eyelash_sofle.keymap" 2
2025-12-17T18:58:42.6217736Z # 1 "/tmp/zmk-config/zmk/app/include/dt-bindings/zmk/outputs.h" 1 3 4
2025-12-17T18:58:42.6217838Z # 14 "/tmp/zmk-config/config/eyelash_sofle.keymap" 2
2025-12-17T18:58:42.6217937Z # 29 "/tmp/zmk-config/config/eyelash_sofle.keymap"
2025-12-17T18:58:42.6217996Z &mmv {
2025-12-17T18:58:42.6218081Z     time-to-max-speed-ms = <500>;
2025-12-17T18:58:42.6218165Z     acceleration-exponent = <1>;
2025-12-17T18:58:42.6218249Z     trigger-period-ms = <16>;
2025-12-17T18:58:42.6218308Z };
2025-12-17T18:58:42.6218312Z 
2025-12-17T18:58:42.6218370Z / {
2025-12-17T18:58:42.6218438Z     macros {
2025-12-17T18:58:42.6218501Z     };
2025-12-17T18:58:42.6218505Z 
2025-12-17T18:58:42.6218570Z     behaviors {
2025-12-17T18:58:42.6218651Z         five_rights: five_rights {
2025-12-17T18:58:42.6218748Z             compatible = "zmk,behavior-macro";
2025-12-17T18:58:42.6218822Z             #binding-cells = <0>;
2025-12-17T18:58:42.6218898Z             wait-ms = <30>;
2025-12-17T18:58:42.6218966Z             tap-ms = <30>;
2025-12-17T18:58:42.6219227Z             bindings = <&kp ((((0x07) << 16) | (0x4F))) &kp ((((0x07) << 16) | (0x4F))) &kp ((((0x07) << 16) | (0x4F))) &kp ((((0x07) << 16) | (0x4F))) &kp ((((0x07) << 16) | (0x4F)))>;
2025-12-17T18:58:42.6219287Z         };
2025-12-17T18:58:42.6219291Z 
2025-12-17T18:58:42.6219365Z         five_downs: five_downs {
2025-12-17T18:58:42.6219458Z             compatible = "zmk,behavior-macro";
2025-12-17T18:58:42.6219532Z             #binding-cells = <0>;
2025-12-17T18:58:42.6219599Z             wait-ms = <30>;
2025-12-17T18:58:42.6219670Z             tap-ms = <30>;
2025-12-17T18:58:42.6219991Z             bindings = <&kp ((((0x07) << 16) | (0x51))) &kp ((((0x07) << 16) | (0x51))) &kp ((((0x07) << 16) | (0x51))) &kp ((((0x07) << 16) | (0x51))) &kp ((((0x07) << 16) | (0x51)))>;
2025-12-17T18:58:42.6220063Z         };
2025-12-17T18:58:42.6220067Z 
2025-12-17T18:58:42.6220141Z         five_ups: five_ups {
2025-12-17T18:58:42.6220229Z             compatible = "zmk,behavior-macro";
2025-12-17T18:58:42.6220304Z             #binding-cells = <0>;
2025-12-17T18:58:42.6220371Z             wait-ms = <30>;
2025-12-17T18:58:42.6220437Z             tap-ms = <30>;
2025-12-17T18:58:42.6220671Z             bindings = <&kp ((((0x07) << 16) | (0x52))) &kp ((((0x07) << 16) | (0x52))) &kp ((((0x07) << 16) | (0x52))) &kp ((((0x07) << 16) | (0x52))) &kp ((((0x07) << 16) | (0x52)))>;
2025-12-17T18:58:42.6220731Z         };
2025-12-17T18:58:42.6220735Z 
2025-12-17T18:58:42.6220817Z         five_lefts: five_lefts {
2025-12-17T18:58:42.6220902Z             compatible = "zmk,behavior-macro";
2025-12-17T18:58:42.6220978Z             #binding-cells = <0>;
2025-12-17T18:58:42.6221048Z             wait-ms = <30>;
2025-12-17T18:58:42.6221114Z             tap-ms = <30>;
2025-12-17T18:58:42.6221347Z             bindings = <&kp ((((0x07) << 16) | (0x50))) &kp ((((0x07) << 16) | (0x50))) &kp ((((0x07) << 16) | (0x50))) &kp ((((0x07) << 16) | (0x50))) &kp ((((0x07) << 16) | (0x50)))>;
2025-12-17T18:58:42.6221412Z         };
2025-12-17T18:58:42.6221416Z 
2025-12-17T18:58:42.6221500Z         ctrl_five_rights: ctrl_five_rights {
2025-12-17T18:58:42.6221588Z             compatible = "zmk,behavior-macro";
2025-12-17T18:58:42.6221661Z             #binding-cells = <0>;
2025-12-17T18:58:42.6221727Z             wait-ms = <30>;
2025-12-17T18:58:42.6221798Z             tap-ms = <30>;
2025-12-17T18:58:42.6221863Z             bindings =
2025-12-17T18:58:42.6221963Z                 <&macro_press &kp (((((0x07) << 16) | (0xE0))))>,
2025-12-17T18:58:42.6222062Z                 <&macro_tap &kp ((((0x07) << 16) | (0x4F)))>,
2025-12-17T18:58:42.6222153Z                 <&macro_tap &kp ((((0x07) << 16) | (0x4F)))>,
2025-12-17T18:58:42.6222238Z                 <&macro_tap &kp ((((0x07) << 16) | (0x4F)))>,
2025-12-17T18:58:42.6222415Z                 <&macro_tap &kp ((((0x07) << 16) | (0x4F)))>,
2025-12-17T18:58:42.6222502Z                 <&macro_tap &kp ((((0x07) << 16) | (0x4F)))>,
2025-12-17T18:58:42.6222616Z                 <&macro_release &kp (((((0x07) << 16) | (0xE0))))>;
2025-12-17T18:58:42.6222676Z         };
2025-12-17T18:58:42.6222680Z 
2025-12-17T18:58:42.6222764Z         ctrl_five_lefts: ctrl_five_lefts {
2025-12-17T18:58:42.6222855Z             compatible = "zmk,behavior-macro";
2025-12-17T18:58:42.6222931Z             #binding-cells = <0>;
2025-12-17T18:58:42.6222999Z             wait-ms = <30>;
2025-12-17T18:58:42.6223071Z             tap-ms = <30>;
2025-12-17T18:58:42.6223135Z             bindings =
2025-12-17T18:58:42.6223235Z                 <&macro_press &kp (((((0x07) << 16) | (0xE0))))>,
2025-12-17T18:58:42.6223335Z                 <&macro_tap &kp ((((0x07) << 16) | (0x50)))>,
2025-12-17T18:58:42.6223423Z                 <&macro_tap &kp ((((0x07) << 16) | (0x50)))>,
2025-12-17T18:58:42.6223513Z                 <&macro_tap &kp ((((0x07) << 16) | (0x50)))>,
2025-12-17T18:58:42.6223596Z                 <&macro_tap &kp ((((0x07) << 16) | (0x50)))>,
2025-12-17T18:58:42.6223682Z                 <&macro_tap &kp ((((0x07) << 16) | (0x50)))>,
2025-12-17T18:58:42.6223787Z                 <&macro_release &kp (((((0x07) << 16) | (0xE0))))>;
2025-12-17T18:58:42.6224020Z         };
2025-12-17T18:58:42.6224024Z 
2025-12-17T18:58:42.6224095Z         win_z_4: win_z_4 {
2025-12-17T18:58:42.6224191Z             compatible = "zmk,behavior-macro";
2025-12-17T18:58:42.6224265Z             #binding-cells = <0>;
2025-12-17T18:58:42.6224338Z             wait-ms = <500>;
2025-12-17T18:58:42.6224406Z             tap-ms = <50>;
2025-12-17T18:58:42.6224813Z             bindings = <&kp (((((0x07) << 16) | (0x29)))) &kp (0x08 << 24 | ((((0x07) << 16) | (0x1D)))) &macro_wait_time 1000 &kp (((((0x07) << 16) | (0x21)))) &kp (((((0x07) << 16) | (0x28))))>;
2025-12-17T18:58:42.6224885Z         };
2025-12-17T18:58:42.6224894Z 
2025-12-17T18:58:42.6224962Z         win_z_5: win_z_5 {
2025-12-17T18:58:42.6225057Z             compatible = "zmk,behavior-macro";
2025-12-17T18:58:42.6225130Z             #binding-cells = <0>;
2025-12-17T18:58:42.6225198Z             wait-ms = <500>;
2025-12-17T18:58:42.6225280Z             tap-ms = <50>;
2025-12-17T18:58:42.6225559Z             bindings = <&kp (((((0x07) << 16) | (0x29)))) &kp (0x08 << 24 | ((((0x07) << 16) | (0x1D)))) &macro_wait_time 1000 &kp (((((0x07) << 16) | (0x22)))) &kp (((((0x07) << 16) | (0x28))))>;
2025-12-17T18:58:42.6225617Z         };
2025-12-17T18:58:42.6225621Z 
2025-12-17T18:58:42.6225690Z         win_z_6: win_z_6 {
2025-12-17T18:58:42.6225772Z             compatible = "zmk,behavior-macro";
2025-12-17T18:58:42.6225843Z             #binding-cells = <0>;
2025-12-17T18:58:42.6225918Z             wait-ms = <500>;
2025-12-17T18:58:42.6225985Z             tap-ms = <50>;
2025-12-17T18:58:42.6226259Z             bindings = <&kp (((((0x07) << 16) | (0x29)))) &kp (0x08 << 24 | ((((0x07) << 16) | (0x1D)))) &macro_wait_time 1000 &kp (((((0x07) << 16) | (0x23)))) &kp (((((0x07) << 16) | (0x28))))>;
2025-12-17T18:58:42.6226324Z         };
2025-12-17T18:58:42.6226328Z 
2025-12-17T18:58:42.6226394Z         win_z_7: win_z_7 {
2025-12-17T18:58:42.6226481Z             compatible = "zmk,behavior-macro";
2025-12-17T18:58:42.6226559Z             #binding-cells = <0>;
2025-12-17T18:58:42.6226625Z             wait-ms = <500>;
2025-12-17T18:58:42.6226694Z             tap-ms = <50>;
2025-12-17T18:58:42.6226962Z             bindings = <&kp (((((0x07) << 16) | (0x29)))) &kp (0x08 << 24 | ((((0x07) << 16) | (0x1D)))) &macro_wait_time 1000 &kp (((((0x07) << 16) | (0x24)))) &kp (((((0x07) << 16) | (0x28))))>;
2025-12-17T18:58:42.6227026Z         };
2025-12-17T18:58:42.6227030Z 
2025-12-17T18:58:42.6227095Z         win_z_8: win_z_8 {
2025-12-17T18:58:42.6227179Z             compatible = "zmk,behavior-macro";
2025-12-17T18:58:42.6227254Z             #binding-cells = <0>;
2025-12-17T18:58:42.6227437Z             wait-ms = <500>;
2025-12-17T18:58:42.6227503Z             tap-ms = <50>;
2025-12-17T18:58:42.6227772Z             bindings = <&kp (((((0x07) << 16) | (0x29)))) &kp (0x08 << 24 | ((((0x07) << 16) | (0x1D)))) &macro_wait_time 1000 &kp (((((0x07) << 16) | (0x25)))) &kp (((((0x07) << 16) | (0x28))))>;
2025-12-17T18:58:42.6227832Z         };
2025-12-17T18:58:42.6227836Z 
2025-12-17T18:58:42.6227932Z         win_alt_shift_comma: win_alt_shift_comma {
2025-12-17T18:58:42.6228015Z             compatible = "zmk,behavior-macro";
2025-12-17T18:58:42.6228086Z             #binding-cells = <0>;
2025-12-17T18:58:42.6228155Z             wait-ms = <30>;
2025-12-17T18:58:42.6228222Z             tap-ms = <30>;
2025-12-17T18:58:42.6228377Z             bindings = <&kp (0x08 << 24 | (0x04 << 24 | (0x02 << 24 | ((((0x07) << 16) | (0x36))))))>;
2025-12-17T18:58:42.6228444Z         };
2025-12-17T18:58:42.6228448Z 
2025-12-17T18:58:42.6228531Z         win_alt_shift_n: win_alt_shift_n {
2025-12-17T18:58:42.6228623Z             compatible = "zmk,behavior-macro";
2025-12-17T18:58:42.6228695Z             #binding-cells = <0>;
2025-12-17T18:58:42.6228761Z             wait-ms = <30>;
2025-12-17T18:58:42.6228831Z             tap-ms = <30>;
2025-12-17T18:58:42.6228978Z             bindings = <&kp (0x08 << 24 | (0x04 << 24 | (0x02 << 24 | ((((0x07) << 16) | (0x11))))))>;
2025-12-17T18:58:42.6229037Z         };
2025-12-17T18:58:42.6229040Z 
2025-12-17T18:58:42.6229113Z         was_up: was_up {
2025-12-17T18:58:42.6229194Z             compatible = "zmk,behavior-macro";
2025-12-17T18:58:42.6229268Z             #binding-cells = <0>;
2025-12-17T18:58:42.6229335Z             wait-ms = <30>;
2025-12-17T18:58:42.6229400Z             tap-ms = <30>;
2025-12-17T18:58:42.6229547Z             bindings = <&kp (0x08 << 24 | (0x04 << 24 | (0x02 << 24 | ((((0x07) << 16) | (0x52))))))>;
2025-12-17T18:58:42.6229727Z         };
2025-12-17T18:58:42.6229732Z 
2025-12-17T18:58:42.6229803Z         was_down: was_down {
2025-12-17T18:58:42.6229894Z             compatible = "zmk,behavior-macro";
2025-12-17T18:58:42.6229966Z             #binding-cells = <0>;
2025-12-17T18:58:42.6230031Z             wait-ms = <30>;
2025-12-17T18:58:42.6230100Z             tap-ms = <30>;
2025-12-17T18:58:42.6230242Z             bindings = <&kp (0x08 << 24 | (0x04 << 24 | (0x02 << 24 | ((((0x07) << 16) | (0x51))))))>;
2025-12-17T18:58:42.6230304Z         };
2025-12-17T18:58:42.6230307Z 
2025-12-17T18:58:42.6230375Z         was_left: was_left {
2025-12-17T18:58:42.6230456Z             compatible = "zmk,behavior-macro";
2025-12-17T18:58:42.6230530Z             #binding-cells = <0>;
2025-12-17T18:58:42.6230596Z             wait-ms = <30>;
2025-12-17T18:58:42.6230660Z             tap-ms = <30>;
2025-12-17T18:58:42.6230809Z             bindings = <&kp (0x08 << 24 | (0x04 << 24 | (0x02 << 24 | ((((0x07) << 16) | (0x50))))))>;
2025-12-17T18:58:42.6230872Z         };
2025-12-17T18:58:42.6230875Z 
2025-12-17T18:58:42.6230948Z         was_right: was_right {
2025-12-17T18:58:42.6231040Z             compatible = "zmk,behavior-macro";
2025-12-17T18:58:42.6231111Z             #binding-cells = <0>;
2025-12-17T18:58:42.6231181Z             wait-ms = <30>;
2025-12-17T18:58:42.6231246Z             tap-ms = <30>;
2025-12-17T18:58:42.6231391Z             bindings = <&kp (0x08 << 24 | (0x04 << 24 | (0x02 << 24 | ((((0x07) << 16) | (0x4F))))))>;
2025-12-17T18:58:42.6231454Z         };
2025-12-17T18:58:42.6231457Z 
2025-12-17T18:58:42.6231548Z         ctrl_shift_home_del: ctrl_shift_home_del {
2025-12-17T18:58:42.6231635Z             compatible = "zmk,behavior-macro";
2025-12-17T18:58:42.6231712Z             #binding-cells = <0>;
2025-12-17T18:58:42.6231781Z             wait-ms = <30>;
2025-12-17T18:58:42.6231850Z             tap-ms = <30>;
2025-12-17T18:58:42.6232029Z             bindings = <&kp (0x01 << 24 | (0x02 << 24 | ((((0x07) << 16) | (0x4A))))) &kp ((((0x07) << 16) | (0x4C)))>;
2025-12-17T18:58:42.6232088Z         };
2025-12-17T18:58:42.6232091Z 
2025-12-17T18:58:42.6232185Z         ctrl_shift_end_del: ctrl_shift_end_del {
2025-12-17T18:58:42.6232361Z             compatible = "zmk,behavior-macro";
2025-12-17T18:58:42.6232433Z             #binding-cells = <0>;
2025-12-17T18:58:42.6232504Z             wait-ms = <30>;
2025-12-17T18:58:42.6232568Z             tap-ms = <30>;
2025-12-17T18:58:42.6232733Z             bindings = <&kp (0x01 << 24 | (0x02 << 24 | ((((0x07) << 16) | (0x4D))))) &kp ((((0x07) << 16) | (0x4C)))>;
2025-12-17T18:58:42.6232795Z         };
2025-12-17T18:58:42.6232799Z 
2025-12-17T18:58:42.6232880Z         shift_home_del: shift_home_del {
2025-12-17T18:58:42.6232967Z             compatible = "zmk,behavior-macro";
2025-12-17T18:58:42.6233038Z             #binding-cells = <0>;
2025-12-17T18:58:42.6233103Z             wait-ms = <30>;
2025-12-17T18:58:42.6233172Z             tap-ms = <30>;
2025-12-17T18:58:42.6233333Z             bindings = <&kp (0x02 << 24 | ((((0x07) << 16) | (0x4A)))) &kp ((((0x07) << 16) | (0x4C)))>;
2025-12-17T18:58:42.6233392Z         };
2025-12-17T18:58:42.6233400Z 
2025-12-17T18:58:42.6233483Z         shift_end_del: shift_end_del {
2025-12-17T18:58:42.6233566Z             compatible = "zmk,behavior-macro";
2025-12-17T18:58:42.6233642Z             #binding-cells = <0>;
2025-12-17T18:58:42.6233708Z             wait-ms = <30>;
2025-12-17T18:58:42.6233773Z             tap-ms = <30>;
2025-12-17T18:58:42.6234033Z             bindings = <&kp (0x02 << 24 | ((((0x07) << 16) | (0x4D)))) &kp ((((0x07) << 16) | (0x4C)))>;
2025-12-17T18:58:42.6234094Z         };
2025-12-17T18:58:42.6234097Z 
2025-12-17T18:58:42.6234181Z         select_all_copy: select_all_copy {
2025-12-17T18:58:42.6234270Z             compatible = "zmk,behavior-macro";
2025-12-17T18:58:42.6234341Z             #binding-cells = <0>;
2025-12-17T18:58:42.6234410Z             label = "SACPY";
2025-12-17T18:58:42.6234482Z             wait-ms = <20>;
2025-12-17T18:58:42.6234661Z             tap-ms = <20>;
2025-12-17T18:58:42.6234835Z             bindings = <&kp (0x01 << 24 | ((((0x07) << 16) | (0x04)))) &kp (0x01 << 24 | ((((0x07) << 16) | (0x06))))>;
2025-12-17T18:58:42.6234901Z         };
2025-12-17T18:58:42.6234904Z 
2025-12-17T18:58:42.6234981Z         select_all_cut: select_all_cut {
2025-12-17T18:58:42.6235068Z             compatible = "zmk,behavior-macro";
2025-12-17T18:58:42.6235140Z             #binding-cells = <0>;
2025-12-17T18:58:42.6235205Z             label = "SAX";
2025-12-17T18:58:42.6235275Z             wait-ms = <20>;
2025-12-17T18:58:42.6235340Z             tap-ms = <20>;
2025-12-17T18:58:42.6235505Z             bindings = <&kp (0x01 << 24 | ((((0x07) << 16) | (0x04)))) &kp (0x01 << 24 | ((((0x07) << 16) | (0x1B))))>;
2025-12-17T18:58:42.6235565Z         };
2025-12-17T18:58:42.6235568Z 
2025-12-17T18:58:42.6235645Z         select_all_del: select_all_del {
2025-12-17T18:58:42.6235731Z             compatible = "zmk,behavior-macro";
2025-12-17T18:58:42.6235806Z             #binding-cells = <0>;
2025-12-17T18:58:42.6235872Z             label = "SADEL";
2025-12-17T18:58:42.6235941Z             wait-ms = <20>;
2025-12-17T18:58:42.6236011Z             tap-ms = <20>;
2025-12-17T18:58:42.6236158Z             bindings = <&kp (0x01 << 24 | ((((0x07) << 16) | (0x04)))) &kp ((((0x07) << 16) | (0x4C)))>;
2025-12-17T18:58:42.6236220Z         };
2025-12-17T18:58:42.6236223Z 
2025-12-17T18:58:42.6236298Z         morph_left: morph_left {
2025-12-17T18:58:42.6236393Z             compatible = "zmk,behavior-mod-morph";
2025-12-17T18:58:42.6236466Z             #binding-cells = <0>;
2025-12-17T18:58:42.6236558Z             bindings = <&five_lefts>, <&five_lefts>;
2025-12-17T18:58:42.6236633Z             mods = <(0x01 | 0x10)>;
2025-12-17T18:58:42.6236707Z             keep-mods = <(0x01 | 0x10)>;
2025-12-17T18:58:42.6236769Z         };
2025-12-17T18:58:42.6236773Z 
2025-12-17T18:58:42.6236852Z         morph_right: morph_right {
2025-12-17T18:58:42.6236947Z             compatible = "zmk,behavior-mod-morph";
2025-12-17T18:58:42.6237018Z             #binding-cells = <0>;
2025-12-17T18:58:42.6237120Z             bindings = <&five_rights>, <&five_rights>;
2025-12-17T18:58:42.6237307Z             mods = <(0x01 | 0x10)>;
2025-12-17T18:58:42.6237387Z             keep-mods = <(0x01 | 0x10)>;
2025-12-17T18:58:42.6237444Z         };
2025-12-17T18:58:42.6237448Z 
2025-12-17T18:58:42.6237520Z         morph_up: morph_up {
2025-12-17T18:58:42.6237616Z             compatible = "zmk,behavior-mod-morph";
2025-12-17T18:58:42.6237689Z             #binding-cells = <0>;
2025-12-17T18:58:42.6237817Z             bindings = <&five_ups>, <&kp ((((0x0C) << 16) | (0xB5)))>;
2025-12-17T18:58:42.6237887Z             mods = <(0x01 | 0x10)>;
2025-12-17T18:58:42.6237946Z         };
2025-12-17T18:58:42.6237950Z 
2025-12-17T18:58:42.6238029Z         morph_down: morph_down {
2025-12-17T18:58:42.6238117Z             compatible = "zmk,behavior-mod-morph";
2025-12-17T18:58:42.6238190Z             #binding-cells = <0>;
2025-12-17T18:58:42.6238327Z             bindings = <&five_downs>, <&kp (((((0x0C) << 16) | (0xB6))))>;
2025-12-17T18:58:42.6238395Z             mods = <(0x01 | 0x10)>;
2025-12-17T18:58:42.6238459Z         };
2025-12-17T18:58:42.6238462Z 
2025-12-17T18:58:42.6238543Z         morph_mmv_up: morph_mmv_up {
2025-12-17T18:58:42.6238633Z             compatible = "zmk,behavior-mod-morph";
2025-12-17T18:58:42.6238704Z             #binding-cells = <0>;
2025-12-17T18:58:42.6238811Z             bindings = <&mmv ((-180) & 0xFFFF)>, <&was_up>;
2025-12-17T18:58:42.6238878Z             mods = <(0x01 | 0x10)>;
2025-12-17T18:58:42.6238939Z         };
2025-12-17T18:58:42.6238943Z 
2025-12-17T18:58:42.6239021Z         morph_mmv_down: morph_mmv_down {
2025-12-17T18:58:42.6239109Z             compatible = "zmk,behavior-mod-morph";
2025-12-17T18:58:42.6239187Z             #binding-cells = <0>;
2025-12-17T18:58:42.6239290Z             bindings = <&mmv ((180) & 0xFFFF)>, <&was_down>;
2025-12-17T18:58:42.6239438Z             mods = <(0x01 | 0x10)>;
2025-12-17T18:58:42.6239503Z         };
2025-12-17T18:58:42.6239507Z 
2025-12-17T18:58:42.6239585Z         morph_mmv_left: morph_mmv_left {
2025-12-17T18:58:42.6239679Z             compatible = "zmk,behavior-mod-morph";
2025-12-17T18:58:42.6239750Z             #binding-cells = <0>;
2025-12-17T18:58:42.6239868Z             bindings = <&mmv (((-180) & 0xFFFF) << 16)>, <&was_left>;
2025-12-17T18:58:42.6239937Z             mods = <(0x01 | 0x10)>;
2025-12-17T18:58:42.6239996Z         };
2025-12-17T18:58:42.6239999Z 
2025-12-17T18:58:42.6240082Z         morph_mmv_right: morph_mmv_right {
2025-12-17T18:58:42.6240173Z             compatible = "zmk,behavior-mod-morph";
2025-12-17T18:58:42.6240243Z             #binding-cells = <0>;
2025-12-17T18:58:42.6240357Z             bindings = <&mmv (((180) & 0xFFFF) << 16)>, <&was_right>;
2025-12-17T18:58:42.6240426Z             mods = <(0x01 | 0x10)>;
2025-12-17T18:58:42.6240484Z         };
2025-12-17T18:58:42.6240487Z 
2025-12-17T18:58:42.6240569Z         prev_win: prev_win {
2025-12-17T18:58:42.6240658Z                 compatible = "zmk,behavior-macro";
2025-12-17T18:58:42.6240736Z                 #binding-cells = <0>;
2025-12-17T18:58:42.6240814Z                 label = "PREV_WIN";
2025-12-17T18:58:42.6240937Z                 bindings = <&kp (0x04 << 24 | ((((0x07) << 16) | (0x2B))))>;
2025-12-17T18:58:42.6240998Z             };
2025-12-17T18:58:42.6241002Z 
2025-12-17T18:58:42.6241088Z         second_prev_win: second_prev_win {
2025-12-17T18:58:42.6241173Z                 compatible = "zmk,behavior-macro";
2025-12-17T18:58:42.6241254Z                 #binding-cells = <0>;
2025-12-17T18:58:42.6241329Z                 label = "SEC_PREV_WIN";
2025-12-17T18:58:42.6241400Z                 wait-ms = <30>;
2025-12-17T18:58:42.6241474Z                 tap-ms = <30>;
2025-12-17T18:58:42.6241543Z                 bindings =
2025-12-17T18:58:42.6241642Z                     <&macro_press &kp (((((0x07) << 16) | (0xE2))))>,
2025-12-17T18:58:42.6241747Z                     <&macro_tap &kp ((((0x07) << 16) | (0x2B)))>,
2025-12-17T18:58:42.6241838Z                     <&macro_tap &kp ((((0x07) << 16) | (0x2B)))>,
2025-12-17T18:58:42.6242030Z                     <&macro_release &kp (((((0x07) << 16) | (0xE2))))>;
2025-12-17T18:58:42.6242093Z         };
2025-12-17T18:58:42.6242096Z 
2025-12-17T18:58:42.6242169Z         meh_press: meh_press {
2025-12-17T18:58:42.6242260Z             compatible = "zmk,behavior-macro";
2025-12-17T18:58:42.6242332Z             #binding-cells = <0>;
2025-12-17T18:58:42.6242454Z             bindings = <&macro_press &kp (((((0x07) << 16) | (0xE0))))
2025-12-17T18:58:42.6242551Z                         &macro_press &kp (((((0x07) << 16) | (0xE2))))
2025-12-17T18:58:42.6242651Z                         &macro_press &kp (((((0x07) << 16) | (0xE1))))>;
2025-12-17T18:58:42.6242710Z         };
2025-12-17T18:58:42.6242713Z 
2025-12-17T18:58:42.6242786Z         caw_press: caw_press {
2025-12-17T18:58:42.6242871Z             compatible = "zmk,behavior-macro";
2025-12-17T18:58:42.6242952Z             #binding-cells = <0>;
2025-12-17T18:58:42.6243066Z             bindings = <&macro_press &kp (((((0x07) << 16) | (0xE0))))
2025-12-17T18:58:42.6243159Z                         &macro_press &kp (((((0x07) << 16) | (0xE2))))
2025-12-17T18:58:42.6243258Z                         &macro_press &kp (((((0x07) << 16) | (0xE3))))>;
2025-12-17T18:58:42.6243320Z         };
2025-12-17T18:58:42.6243323Z 
2025-12-17T18:58:42.6243397Z         meh_release: meh_release {
2025-12-17T18:58:42.6243485Z             compatible = "zmk,behavior-macro";
2025-12-17T18:58:42.6243560Z             #binding-cells = <0>;
2025-12-17T18:58:42.6243681Z             bindings = <&macro_release &kp (((((0x07) << 16) | (0xE0))))
2025-12-17T18:58:42.6243774Z                         &macro_release &kp (((((0x07) << 16) | (0xE2))))
2025-12-17T18:58:42.6243983Z                         &macro_release &kp (((((0x07) << 16) | (0xE1))))>;
2025-12-17T18:58:42.6244047Z         };
2025-12-17T18:58:42.6244051Z 
2025-12-17T18:58:42.6244238Z         caw_release: caw_release {
2025-12-17T18:58:42.6244329Z             compatible = "zmk,behavior-macro";
2025-12-17T18:58:42.6244412Z             #binding-cells = <0>;
2025-12-17T18:58:42.6244530Z             bindings = <&macro_release &kp (((((0x07) << 16) | (0xE0))))
2025-12-17T18:58:42.6244622Z                         &macro_release &kp (((((0x07) << 16) | (0xE2))))
2025-12-17T18:58:42.6244722Z                         &macro_release &kp (((((0x07) << 16) | (0xE3))))>;
2025-12-17T18:58:42.6244781Z         };
2025-12-17T18:58:42.6244785Z 
2025-12-17T18:58:42.6244852Z         meh_a: meh_a {
2025-12-17T18:58:42.6244937Z             compatible = "zmk,behavior-macro";
2025-12-17T18:58:42.6245009Z             #binding-cells = <0>;
2025-12-17T18:58:42.6245079Z             label = "MEH_A";
2025-12-17T18:58:42.6245251Z             bindings = <&meh_press &macro_tap &kp ((((0x07) << 16) | (0x04))) &meh_release>;
2025-12-17T18:58:42.6245310Z         };
2025-12-17T18:58:42.6245313Z 
2025-12-17T18:58:42.6245383Z         meh_s: meh_s {
2025-12-17T18:58:42.6245465Z             compatible = "zmk,behavior-macro";
2025-12-17T18:58:42.6245540Z             #binding-cells = <0>;
2025-12-17T18:58:42.6245611Z             label = "MEH_S";
2025-12-17T18:58:42.6245770Z             bindings = <&meh_press &macro_tap &kp ((((0x07) << 16) | (0x16))) &meh_release>;
2025-12-17T18:58:42.6245833Z         };
2025-12-17T18:58:42.6245836Z 
2025-12-17T18:58:42.6245900Z         meh_d: meh_d {
2025-12-17T18:58:42.6245982Z             compatible = "zmk,behavior-macro";
2025-12-17T18:58:42.6246056Z             #binding-cells = <0>;
2025-12-17T18:58:42.6246121Z             label = "MEH_D";
2025-12-17T18:58:42.6246277Z             bindings = <&meh_press &macro_tap &kp ((((0x07) << 16) | (0x07))) &meh_release>;
2025-12-17T18:58:42.6246338Z         };
2025-12-17T18:58:42.6246342Z 
2025-12-17T18:58:42.6246404Z         meh_f: meh_f {
2025-12-17T18:58:42.6246490Z             compatible = "zmk,behavior-macro";
2025-12-17T18:58:42.6246565Z             #binding-cells = <0>;
2025-12-17T18:58:42.6246632Z             label = "MEH_F";
2025-12-17T18:58:42.6246788Z             bindings = <&meh_press &macro_tap &kp ((((0x07) << 16) | (0x09))) &meh_release>;
2025-12-17T18:58:42.6246964Z         };
2025-12-17T18:58:42.6246968Z 
2025-12-17T18:58:42.6247032Z         caw_a: caw_a {
2025-12-17T18:58:42.6247120Z             compatible = "zmk,behavior-macro";
2025-12-17T18:58:42.6247192Z             #binding-cells = <0>;
2025-12-17T18:58:42.6247262Z             label = "CAW_A";
2025-12-17T18:58:42.6247416Z             bindings = <&caw_press &macro_tap &kp ((((0x07) << 16) | (0x04))) &caw_release>;
2025-12-17T18:58:42.6247475Z         };
2025-12-17T18:58:42.6247478Z 
2025-12-17T18:58:42.6247544Z         caw_s: caw_s {
2025-12-17T18:58:42.6247627Z             compatible = "zmk,behavior-macro";
2025-12-17T18:58:42.6247697Z             #binding-cells = <0>;
2025-12-17T18:58:42.6247767Z             label = "CAW_S";
2025-12-17T18:58:42.6247924Z             bindings = <&caw_press &macro_tap &kp ((((0x07) << 16) | (0x16))) &caw_release>;
2025-12-17T18:58:42.6247987Z         };
2025-12-17T18:58:42.6247993Z 
2025-12-17T18:58:42.6248061Z         caw_d: caw_d {
2025-12-17T18:58:42.6248143Z             compatible = "zmk,behavior-macro";
2025-12-17T18:58:42.6248217Z             #binding-cells = <0>;
2025-12-17T18:58:42.6248283Z             label = "CAW_D";
2025-12-17T18:58:42.6248435Z             bindings = <&caw_press &macro_tap &kp ((((0x07) << 16) | (0x07))) &caw_release>;
2025-12-17T18:58:42.6248497Z         };
2025-12-17T18:58:42.6248501Z 
2025-12-17T18:58:42.6248564Z         caw_f: caw_f {
2025-12-17T18:58:42.6248646Z             compatible = "zmk,behavior-macro";
2025-12-17T18:58:42.6248721Z             #binding-cells = <0>;
2025-12-17T18:58:42.6248786Z             label = "CAW_F";
2025-12-17T18:58:42.6248943Z             bindings = <&caw_press &macro_tap &kp ((((0x07) << 16) | (0x09))) &caw_release>;
2025-12-17T18:58:42.6249002Z         };
2025-12-17T18:58:42.6249006Z 
2025-12-17T18:58:42.6249149Z         caw_q: caw_q {
2025-12-17T18:58:42.6249238Z             compatible = "zmk,behavior-macro";
2025-12-17T18:58:42.6249315Z             #binding-cells = <0>;
2025-12-17T18:58:42.6249382Z             label = "CAW_Q";
2025-12-17T18:58:42.6249540Z             bindings = <&caw_press &macro_tap &kp ((((0x07) << 16) | (0x14))) &caw_release>;
2025-12-17T18:58:42.6249598Z         };
2025-12-17T18:58:42.6249602Z 
2025-12-17T18:58:42.6249664Z         caw_w: caw_w {
2025-12-17T18:58:42.6249751Z             compatible = "zmk,behavior-macro";
2025-12-17T18:58:42.6249822Z             #binding-cells = <0>;
2025-12-17T18:58:42.6249890Z             label = "CAW_W";
2025-12-17T18:58:42.6250043Z             bindings = <&caw_press &macro_tap &kp ((((0x07) << 16) | (0x1A))) &caw_release>;
2025-12-17T18:58:42.6250101Z         };
2025-12-17T18:58:42.6250105Z 
2025-12-17T18:58:42.6250170Z         caw_e: caw_e {
2025-12-17T18:58:42.6250252Z             compatible = "zmk,behavior-macro";
2025-12-17T18:58:42.6250327Z             #binding-cells = <0>;
2025-12-17T18:58:42.6250396Z             label = "CAW_E";
2025-12-17T18:58:42.6250549Z             bindings = <&caw_press &macro_tap &kp ((((0x07) << 16) | (0x08))) &caw_release>;
2025-12-17T18:58:42.6250616Z         };
2025-12-17T18:58:42.6250619Z 
2025-12-17T18:58:42.6250683Z         caw_r: caw_r {
2025-12-17T18:58:42.6250764Z             compatible = "zmk,behavior-macro";
2025-12-17T18:58:42.6250839Z             #binding-cells = <0>;
2025-12-17T18:58:42.6250905Z             label = "CAW_R";
2025-12-17T18:58:42.6251056Z             bindings = <&caw_press &macro_tap &kp ((((0x07) << 16) | (0x15))) &caw_release>;
2025-12-17T18:58:42.6251118Z         };
2025-12-17T18:58:42.6251121Z 
2025-12-17T18:58:42.6251192Z         td_n7_l: tap_dance_n7_l {
2025-12-17T18:58:42.6251286Z             compatible = "zmk,behavior-tap-dance";
2025-12-17T18:58:42.6251366Z             #binding-cells = <0>;
2025-12-17T18:58:42.6251445Z             tapping-term-ms = <400>;
2025-12-17T18:58:42.6251702Z             bindings = <&kp (0x08 << 24 | (0x04 << 24 | (0x02 << 24 | (((((0x07) << 16) | (0x27)))))))>, <&kp (0x08 << 24 | (0x04 << 24 | (0x02 << 24 | ((((0x07) << 16) | (0x0D))))))>;
2025-12-17T18:58:42.6251845Z         };
2025-12-17T18:58:42.6251849Z 
2025-12-17T18:58:42.6251921Z         ht_n0_td: hold_tap_n0_td {
2025-12-17T18:58:42.6252017Z             compatible = "zmk,behavior-hold-tap";
2025-12-17T18:58:42.6252089Z             #binding-cells = <2>;
2025-12-17T18:58:42.6252170Z             flavor = "tap-preferred";
2025-12-17T18:58:42.6252250Z             tapping-term-ms = <200>;
2025-12-17T18:58:42.6252326Z             bindings = <&kp>, <&td_n7_l>;
2025-12-17T18:58:42.6252387Z         };
2025-12-17T18:58:42.6252391Z 
2025-12-17T18:58:42.6252463Z         td_as_qs: tap_dance_as_qs {
2025-12-17T18:58:42.6252560Z             compatible = "zmk,behavior-tap-dance";
2025-12-17T18:58:42.6252634Z             #binding-cells = <0>;
2025-12-17T18:58:42.6252708Z             tapping-term-ms = <400>;
2025-12-17T18:58:42.6252922Z             bindings = <&kp (0x04 << 24 | (0x02 << 24 | ((((0x07) << 16) | (0x14)))))>, <&kp (0x04 << 24 | (0x02 << 24 | ((((0x07) << 16) | (0x1A)))))>;
2025-12-17T18:58:42.6252988Z         };
2025-12-17T18:58:42.6252992Z 
2025-12-17T18:58:42.6253069Z         ht_as_w_td: hold_tap_as_w_td {
2025-12-17T18:58:42.6253167Z             compatible = "zmk,behavior-hold-tap";
2025-12-17T18:58:42.6253238Z             #binding-cells = <2>;
2025-12-17T18:58:42.6253316Z             flavor = "tap-preferred";
2025-12-17T18:58:42.6253394Z             tapping-term-ms = <200>;
2025-12-17T18:58:42.6253471Z             bindings = <&kp>, <&td_as_qs>;
2025-12-17T18:58:42.6253528Z         };
2025-12-17T18:58:42.6253531Z 
2025-12-17T18:58:42.6253616Z         td_prev_sw: tap_dance_prev_win {
2025-12-17T18:58:42.6253708Z             compatible = "zmk,behavior-tap-dance";
2025-12-17T18:58:42.6253782Z             #binding-cells = <0>;
2025-12-17T18:58:42.6253967Z             tapping-term-ms = <400>;
2025-12-17T18:58:42.6254184Z             bindings = <&prev_win>, <&second_prev_win>;
2025-12-17T18:58:42.6254249Z         };
2025-12-17T18:58:42.6254252Z 
2025-12-17T18:58:42.6254350Z         td_was_comma_n: tap_dance_was_comma_n {
2025-12-17T18:58:42.6254439Z             compatible = "zmk,behavior-tap-dance";
2025-12-17T18:58:42.6254515Z             #binding-cells = <0>;
2025-12-17T18:58:42.6254589Z             tapping-term-ms = <400>;
2025-12-17T18:58:42.6254706Z             bindings = <&win_alt_shift_comma>, <&win_alt_shift_n>;
2025-12-17T18:58:42.6254767Z         };
2025-12-17T18:58:42.6254770Z 
2025-12-17T18:58:42.6254857Z         ht_wz4_prev_td: hold_tap_wz4_prev {
2025-12-17T18:58:42.6254950Z             compatible = "zmk,behavior-hold-tap";
2025-12-17T18:58:42.6255022Z             #binding-cells = <2>;
2025-12-17T18:58:42.6255100Z             flavor = "tap-preferred";
2025-12-17T18:58:42.6255177Z             tapping-term-ms = <200>;
2025-12-17T18:58:42.6255261Z             bindings = <&win_z_4>, <&td_prev_sw>;
2025-12-17T18:58:42.6255324Z         };
2025-12-17T18:58:42.6255328Z 
2025-12-17T18:58:42.6255411Z         ht_wz4_was_td: hold_tap_wz4_was {
2025-12-17T18:58:42.6255505Z             compatible = "zmk,behavior-hold-tap";
2025-12-17T18:58:42.6255583Z             #binding-cells = <2>;
2025-12-17T18:58:42.6255664Z             flavor = "tap-preferred";
2025-12-17T18:58:42.6255737Z             tapping-term-ms = <200>;
2025-12-17T18:58:42.6255833Z             bindings = <&win_z_4>, <&td_was_comma_n>;
2025-12-17T18:58:42.6255892Z         };
2025-12-17T18:58:42.6255896Z 
2025-12-17T18:58:42.6255982Z         td_ctrl_alt_bv: tap_dance_ctrl_alt_bv {
2025-12-17T18:58:42.6256074Z             compatible = "zmk,behavior-tap-dance";
2025-12-17T18:58:42.6256146Z             #binding-cells = <0>;
2025-12-17T18:58:42.6256218Z             tapping-term-ms = <400>;
2025-12-17T18:58:42.6256433Z             bindings = <&kp (0x01 << 24 | (0x04 << 24 | ((((0x07) << 16) | (0x05)))))>, <&kp (0x01 << 24 | (0x04 << 24 | ((((0x07) << 16) | (0x19)))))>;
2025-12-17T18:58:42.6256492Z         };
2025-12-17T18:58:42.6256496Z 
2025-12-17T18:58:42.6256585Z         ht_was1_cabv_td: hold_tap_was1_cabv {
2025-12-17T18:58:42.6256796Z             compatible = "zmk,behavior-hold-tap";
2025-12-17T18:58:42.6256868Z             #binding-cells = <2>;
2025-12-17T18:58:42.6256947Z             flavor = "tap-preferred";
2025-12-17T18:58:42.6257020Z             tapping-term-ms = <200>;
2025-12-17T18:58:42.6257104Z             bindings = <&kp>, <&td_ctrl_alt_bv>;
2025-12-17T18:58:42.6257165Z         };
2025-12-17T18:58:42.6257169Z 
2025-12-17T18:58:42.6257252Z         td_ctx_sa_cut: tap_dance_ctx_sa_cut {
2025-12-17T18:58:42.6257340Z             compatible = "zmk,behavior-tap-dance";
2025-12-17T18:58:42.6257416Z             #binding-cells = <0>;
2025-12-17T18:58:42.6257490Z             tapping-term-ms = <400>;
2025-12-17T18:58:42.6257621Z             bindings = <&kp (((((0x07) << 16) | (0x65))))>, <&select_all_cut>;
2025-12-17T18:58:42.6257680Z         };
2025-12-17T18:58:42.6257688Z 
2025-12-17T18:58:42.6257777Z         ht_lghome_ctx_td: hold_tap_lghome_ctx {
2025-12-17T18:58:42.6257869Z             compatible = "zmk,behavior-hold-tap";
2025-12-17T18:58:42.6257946Z             #binding-cells = <2>;
2025-12-17T18:58:42.6258020Z             flavor = "tap-preferred";
2025-12-17T18:58:42.6258099Z             tapping-term-ms = <200>;
2025-12-17T18:58:42.6258178Z             bindings = <&kp>, <&td_ctx_sa_cut>;
2025-12-17T18:58:42.6258237Z         };
2025-12-17T18:58:42.6258245Z 
2025-12-17T18:58:42.6258331Z         td_ps_sa_copy: tap_dance_ps_sa_copy {
2025-12-17T18:58:42.6258418Z             compatible = "zmk,behavior-tap-dance";
2025-12-17T18:58:42.6258492Z             #binding-cells = <0>;
2025-12-17T18:58:42.6258564Z             tapping-term-ms = <400>;
2025-12-17T18:58:42.6258748Z             bindings = <&kp (0x08 << 24 | (0x04 << 24 | (0x02 << 24 | ((((0x07) << 16) | (0x0D))))))>, <&select_all_copy>;
2025-12-17T18:58:42.6258811Z         };
2025-12-17T18:58:42.6258815Z 
2025-12-17T18:58:42.6258988Z         ht_lgshfte_ps_td: hold_tap_lgshfte_ps {
2025-12-17T18:58:42.6259084Z             compatible = "zmk,behavior-hold-tap";
2025-12-17T18:58:42.6259162Z             #binding-cells = <2>;
2025-12-17T18:58:42.6259238Z             flavor = "tap-preferred";
2025-12-17T18:58:42.6259315Z             tapping-term-ms = <200>;
2025-12-17T18:58:42.6259445Z             bindings = <&lg_home_alt_tab_ctrl_home>, <&td_ps_sa_copy>;
2025-12-17T18:58:42.6259503Z         };
2025-12-17T18:58:42.6259507Z 
2025-12-17T18:58:42.6259587Z         mt_cshome: modtap_cshome {
2025-12-17T18:58:42.6259678Z             compatible = "zmk,behavior-hold-tap";
2025-12-17T18:58:42.6259751Z             #binding-cells = <2>;
2025-12-17T18:58:42.6259832Z             flavor = "tap-preferred";
2025-12-17T18:58:42.6259906Z             tapping-term-ms = <200>;
2025-12-17T18:58:42.6259983Z             bindings = <&kp>, <&kp>;
2025-12-17T18:58:42.6260041Z         };
2025-12-17T18:58:42.6260045Z 
2025-12-17T18:58:42.6260124Z         mt_csend: modtap_csend {
2025-12-17T18:58:42.6260217Z             compatible = "zmk,behavior-hold-tap";
2025-12-17T18:58:42.6260288Z             #binding-cells = <2>;
2025-12-17T18:58:42.6260369Z             flavor = "tap-preferred";
2025-12-17T18:58:42.6260447Z             tapping-term-ms = <200>;
2025-12-17T18:58:42.6260518Z             bindings = <&kp>, <&kp>;
2025-12-17T18:58:42.6260576Z         };
2025-12-17T18:58:42.6260580Z 
2025-12-17T18:58:42.6260663Z         mt_ctrl: modtap_ctrl_generic {
2025-12-17T18:58:42.6260749Z             compatible = "zmk,behavior-hold-tap";
2025-12-17T18:58:42.6260824Z             #binding-cells = <2>;
2025-12-17T18:58:42.6260899Z             flavor = "tap-preferred";
2025-12-17T18:58:42.6260972Z             tapping-term-ms = <200>;
2025-12-17T18:58:42.6261046Z             bindings = <&kp>, <&kp>;
2025-12-17T18:58:42.6261104Z         };
2025-12-17T18:58:42.6261107Z 
2025-12-17T18:58:42.6261192Z         ht_cshome_del: hold_tap_cshome_del {
2025-12-17T18:58:42.6261286Z             compatible = "zmk,behavior-hold-tap";
2025-12-17T18:58:42.6261357Z             #binding-cells = <2>;
2025-12-17T18:58:42.6261432Z             flavor = "tap-preferred";
2025-12-17T18:58:42.6261598Z             tapping-term-ms = <200>;
2025-12-17T18:58:42.6261714Z             bindings = <&ctrl_shift_home_del>, <&shift_home_del>;
2025-12-17T18:58:42.6261777Z         };
2025-12-17T18:58:42.6261780Z 
2025-12-17T18:58:42.6261864Z         ht_csend_del: hold_tap_csend_del {
2025-12-17T18:58:42.6261953Z             compatible = "zmk,behavior-hold-tap";
2025-12-17T18:58:42.6262028Z             #binding-cells = <2>;
2025-12-17T18:58:42.6262104Z             flavor = "tap-preferred";
2025-12-17T18:58:42.6262176Z             tapping-term-ms = <200>;
2025-12-17T18:58:42.6262294Z             bindings = <&ctrl_shift_end_del>, <&shift_end_del>;
2025-12-17T18:58:42.6262353Z         };
2025-12-17T18:58:42.6262357Z 
2025-12-17T18:58:42.6262442Z         ht_was6_altf4: hold_tap_was6_altf4 {
2025-12-17T18:58:42.6262533Z             compatible = "zmk,behavior-hold-tap";
2025-12-17T18:58:42.6262606Z             #binding-cells = <2>;
2025-12-17T18:58:42.6262684Z             flavor = "tap-preferred";
2025-12-17T18:58:42.6262762Z             tapping-term-ms = <200>;
2025-12-17T18:58:42.6262832Z             bindings = <&kp>, <&kp>;
2025-12-17T18:58:42.6262897Z         };
2025-12-17T18:58:42.6262901Z 
2025-12-17T18:58:42.6263018Z         lg_home_alt_tab_ctrl_home: lg_home_alt_tab_ctrl_home {
2025-12-17T18:58:42.6263108Z             compatible = "zmk,behavior-macro";
2025-12-17T18:58:42.6263189Z             #binding-cells = <0>;
2025-12-17T18:58:42.6263273Z             label = "LG_HOME_ALT_TAB_CTRL_HOME";
2025-12-17T18:58:42.6263346Z             wait-ms = <50>;
2025-12-17T18:58:42.6263415Z             tap-ms = <50>;
2025-12-17T18:58:42.6263479Z             bindings =
2025-12-17T18:58:42.6263601Z                 <&macro_tap &kp (0x08 << 24 | ((((0x07) << 16) | (0x4A))))>,
2025-12-17T18:58:42.6263763Z                 <&macro_wait_time 100>,
2025-12-17T18:58:42.6264015Z                 <&macro_press &kp (((((0x07) << 16) | (0xE2))))>,
2025-12-17T18:58:42.6264114Z                 <&macro_tap &kp ((((0x07) << 16) | (0x2B)))>,
2025-12-17T18:58:42.6264196Z                 <&macro_wait_time 50>,
2025-12-17T18:58:42.6264312Z                 <&macro_tap &kp (0x01 << 24 | ((((0x07) << 16) | (0x4A))))>,
2025-12-17T18:58:42.6264388Z                 <&macro_wait_time 50>,
2025-12-17T18:58:42.6264491Z                 <&macro_release &kp (((((0x07) << 16) | (0xE2))))>;
2025-12-17T18:58:42.6264553Z         };
2025-12-17T18:58:42.6264557Z 
2025-12-17T18:58:42.6264640Z         td_win_win_h: tap_dance_win_win_h {
2025-12-17T18:58:42.6264734Z             compatible = "zmk,behavior-tap-dance";
2025-12-17T18:58:42.6264810Z             #binding-cells = <0>;
2025-12-17T18:58:42.6264888Z             tapping-term-ms = <200>;
2025-12-17T18:58:42.6265106Z             bindings = <&kp (0x08 << 24 | (0x04 << 24 | (0x02 << 24 | ((((0x07) << 16) | (0x18))))))>, <&kp (0x08 << 24 | ((((0x07) << 16) | (0x0B))))>;
2025-12-17T18:58:42.6265174Z         };
2025-12-17T18:58:42.6265178Z 
2025-12-17T18:58:42.6265264Z         ht_mo2_win_td: hold_tap_mo2_win {
2025-12-17T18:58:42.6265372Z             compatible = "zmk,behavior-hold-tap";
2025-12-17T18:58:42.6265451Z             #binding-cells = <2>;
2025-12-17T18:58:42.6265531Z             flavor = "tap-preferred";
2025-12-17T18:58:42.6265613Z             tapping-term-ms = <200>;
2025-12-17T18:58:42.6265699Z             bindings = <&mo>, <&td_win_win_h>;
2025-12-17T18:58:42.6265761Z         };
2025-12-17T18:58:42.6265765Z 
2025-12-17T18:58:42.6265863Z         td_enter_was_u: tap_dance_enter_was_u {
2025-12-17T18:58:42.6265960Z             compatible = "zmk,behavior-tap-dance";
2025-12-17T18:58:42.6266036Z             #binding-cells = <0>;
2025-12-17T18:58:42.6266115Z             tapping-term-ms = <400>;
2025-12-17T18:58:42.6266306Z             bindings = <&mkp ((1UL << (0)))>, <&kp (0x08 << 24 | (0x04 << 24 | (0x02 << 24 | ((((0x07) << 16) | (0x18))))))>;
2025-12-17T18:58:42.6266371Z         };
2025-12-17T18:58:42.6266375Z 
2025-12-17T18:58:42.6266480Z         ht_mo2_enter_was_u: hold_tap_mo2_enter_was_u {
2025-12-17T18:58:42.6266729Z             compatible = "zmk,behavior-hold-tap";
2025-12-17T18:58:42.6266815Z             #binding-cells = <2>;
2025-12-17T18:58:42.6266893Z             flavor = "tap-preferred";
2025-12-17T18:58:42.6266969Z             tapping-term-ms = <200>;
2025-12-17T18:58:42.6267056Z             bindings = <&mo>, <&td_enter_was_u>;
2025-12-17T18:58:42.6267116Z         };
2025-12-17T18:58:42.6267119Z 
2025-12-17T18:58:42.6267243Z         td_maximize_minimize: tap_dance_maximize_minimize {
2025-12-17T18:58:42.6267337Z             compatible = "zmk,behavior-tap-dance";
2025-12-17T18:58:42.6267411Z             #binding-cells = <0>;
2025-12-17T18:58:42.6267489Z             tapping-term-ms = <400>;
2025-12-17T18:58:42.6267739Z             bindings = <&kp (0x08 << 24 | (0x04 << 24 | (0x02 << 24 | (((((0x07) << 16) | (0x23)))))))>, <&kp (0x08 << 24 | (0x04 << 24 | (0x02 << 24 | ((((0x07) << 16) | (0x10))))))>;
2025-12-17T18:58:42.6267800Z         };
2025-12-17T18:58:42.6267812Z 
2025-12-17T18:58:42.6267907Z         ht_close_window_td: hold_tap_close_window {
2025-12-17T18:58:42.6267998Z             compatible = "zmk,behavior-hold-tap";
2025-12-17T18:58:42.6268074Z             #binding-cells = <2>;
2025-12-17T18:58:42.6268152Z             flavor = "tap-preferred";
2025-12-17T18:58:42.6268225Z             tapping-term-ms = <200>;
2025-12-17T18:58:42.6268322Z             bindings = <&kp>, <&td_maximize_minimize>;
2025-12-17T18:58:42.6268381Z         };
2025-12-17T18:58:42.6268385Z 
2025-12-17T18:58:42.6268444Z     };
2025-12-17T18:58:42.6268448Z 
2025-12-17T18:58:42.6268529Z     scroll_encoder: scroll_encoder {
2025-12-17T18:58:42.6268628Z         compatible = "zmk,behavior-sensor-rotate";
2025-12-17T18:58:42.6268711Z         #sensor-binding-cells = <0>;
2025-12-17T18:58:42.6268981Z         bindings = <&inc_dec_kp (((((0x07) << 16) | (0x4E)))) (((((0x07) << 16) | (0x4B))))>;
2025-12-17T18:58:42.6269053Z         tap-ms = <100>;
2025-12-17T18:58:42.6269118Z     };
2025-12-17T18:58:42.6269126Z 
2025-12-17T18:58:42.6269191Z     keymap {
2025-12-17T18:58:42.6269269Z         compatible = "zmk,keymap";
2025-12-17T18:58:42.6269274Z 
2025-12-17T18:58:42.6269340Z         layer0 {
2025-12-17T18:58:42.6269410Z             bindings = <
2025-12-17T18:58:42.6269898Z &kp (((((0x07) << 16) | (0x29)))) &kp (((((0x07) << 16) | (0x1E)))) &kp (((((0x07) << 16) | (0x1F)))) &kp (((((0x07) << 16) | (0x20)))) &kp (((((0x07) << 16) | (0x21)))) &kp (((((0x07) << 16) | (0x22)))) &kp ((((0x07) << 16) | (0x52))) &kp (((((0x07) << 16) | (0x23)))) &kp (((((0x07) << 16) | (0x24)))) &kp (((((0x07) << 16) | (0x25)))) &kp (((((0x07) << 16) | (0x26)))) &kp (((((0x07) << 16) | (0x27)))) &kp ((((0x07) << 16) | (0x2A)))
2025-12-17T18:58:42.6270424Z &kp ((((0x07) << 16) | (0x2B))) &kp ((((0x07) << 16) | (0x14))) &kp ((((0x07) << 16) | (0x1A))) &kp ((((0x07) << 16) | (0x08))) &kp ((((0x07) << 16) | (0x15))) &kp ((((0x07) << 16) | (0x17))) &kp ((((0x07) << 16) | (0x51))) &kp ((((0x07) << 16) | (0x1C))) &kp ((((0x07) << 16) | (0x18))) &kp ((((0x07) << 16) | (0x0C))) &kp ((((0x07) << 16) | (0x12))) &kp ((((0x07) << 16) | (0x13))) &ht_as_w_td (0x04 << 24 | (0x02 << 24 | ((((0x07) << 16) | (0x16))))) 0
2025-12-17T18:58:42.6271059Z &kp (((((0x07) << 16) | (0x39)))) &kp ((((0x07) << 16) | (0x04))) &kp ((((0x07) << 16) | (0x16))) &kp ((((0x07) << 16) | (0x07))) &kp ((((0x07) << 16) | (0x09))) &kp ((((0x07) << 16) | (0x0A))) &kp ((((0x07) << 16) | (0x50))) &kp ((((0x07) << 16) | (0x0B))) &kp ((((0x07) << 16) | (0x0D))) &kp ((((0x07) << 16) | (0x0E))) &kp ((((0x07) << 16) | (0x0F))) &ht_n0_td (0x08 << 24 | (0x04 << 24 | (0x02 << 24 | (((((0x07) << 16) | (0x24))))))) 0 &ht_was1_cabv_td (0x08 << 24 | (0x04 << 24 | (0x02 << 24 | (((((0x07) << 16) | (0x1E))))))) 0
2025-12-17T18:58:42.6271599Z &kp (((((0x07) << 16) | (0xE1)))) &kp ((((0x07) << 16) | (0x1D))) &kp ((((0x07) << 16) | (0x1B))) &kp ((((0x07) << 16) | (0x06))) &kp ((((0x07) << 16) | (0x19))) &kp ((((0x07) << 16) | (0x05))) &kp ((((0x07) << 16) | (0x4F))) &kp ((((0x07) << 16) | (0x11))) &kp ((((0x07) << 16) | (0x10))) &kp ((((0x07) << 16) | (0x36))) &kp (((((0x07) << 16) | (0x37)))) &ht_close_window_td (0x04 << 24 | ((((0x07) << 16) | (0x3D)))) 0 &kp (((((0x07) << 16) | (0x28))))
2025-12-17T18:58:42.6272241Z &kp ((((0x0C) << 16) | (0xCD))) &kp (((((0x07) << 16) | (0xE0)))) &kp ((((0x07) << 16) | (0xE3))) &kp ((((0x07) << 16) | (0xE2))) &kp ((((0x07) << 16) | (0x2C))) &mo 1 &trans &ht_mo2_enter_was_u 2 0 &kp (0x08 << 24 | (0x04 << 24 | ((((0x07) << 16) | (0xE1))))) &ht_lgshfte_ps_td 0 0 &ht_lghome_ctx_td (0x08 << 24 | (0x02 << 24 | ((((0x07) << 16) | (0x08))))) 0 &kp ((((0x07) << 16) | (0x4C)))
2025-12-17T18:58:42.6272304Z             >;
2025-12-17T18:58:42.6272308Z 
2025-12-17T18:58:42.6272503Z             sensor-bindings = <&inc_dec_kp ((((0x0C) << 16) | (0xE9))) (((((0x0C) << 16) | (0xEA))))>;
2025-12-17T18:58:42.6272584Z             display-name = "ZERO";
2025-12-17T18:58:42.6272644Z         };
2025-12-17T18:58:42.6272648Z 
2025-12-17T18:58:42.6272712Z         layer_1 {
2025-12-17T18:58:42.6272784Z             bindings = <
2025-12-17T18:58:42.6273262Z &kp ((((0x07) << 16) | (0x44))) &kp ((((0x07) << 16) | (0x3A))) &kp ((((0x07) << 16) | (0x3B))) &kp ((((0x07) << 16) | (0x3C))) &kp ((((0x07) << 16) | (0x3D))) &kp ((((0x07) << 16) | (0x3E))) &morph_mmv_up &kp ((((0x07) << 16) | (0x3F))) &kp ((((0x07) << 16) | (0x40))) &kp ((((0x07) << 16) | (0x41))) &kp ((((0x07) << 16) | (0x42))) &kp ((((0x07) << 16) | (0x43))) &kp ((((0x07) << 16) | (0x45)))
2025-12-17T18:58:42.6273746Z &prev_win &second_prev_win &trans &win_z_4 &win_z_5 &win_z_6 &morph_mmv_down &kp (0x02 << 24 | (((((0x07) << 16) | (0x38))))) &morph_mmv_up &kp ((((0x07) << 16) | (0x30))) &kp (((((0x07) << 16) | (0x38)))) &kp (((((0x07) << 16) | (0x33)))) &kp (0x01 << 24 | (0x04 << 24 | ((((0x07) << 16) | (0x1A)))))
2025-12-17T18:58:42.6274375Z &trans &caw_q &caw_w &caw_e &caw_r &win_z_7 &morph_mmv_left &morph_mmv_left &morph_mmv_down &morph_mmv_right &kp ((((0x07) << 16) | (0x2D))) &kp ((((0x07) << 16) | (0x2E))) &kp (((((0x07) << 16) | (0x34))))
2025-12-17T18:58:42.6274826Z &kp (((((0x07) << 16) | (0xE1)))) &caw_a &caw_s &caw_d &caw_f &win_z_8 &morph_mmv_right &kp ((0x02 << 24 | (((0x07) << 16) | (0x35)))) &kp ((((0x07) << 16) | (0x35))) &kp ((((0x07) << 16) | (0x54))) &kp (0x02 << 24 | ((((0x07) << 16) | (0x2E)))) &kp (0x02 << 24 | ((((0x07) << 16) | (0x2D)))) &kp ((((0x07) << 16) | (0x2F)))
2025-12-17T18:58:42.6275269Z &kp ((((0x0C) << 16) | (0xE2))) &kp (((((0x07) << 16) | (0xE0)))) &trans &kp ((((0x07) << 16) | (0xE2))) &trans &trans &trans &mkp ((1UL << (0))) &kp (0x02 << 24 | (((((0x07) << 16) | (0x34))))) &kp (0x02 << 24 | ((((0x07) << 16) | (0x2F)))) &kp ((((0x07) << 16) | (0x64))) &kp (0x04 << 24 | (0x02 << 24 | ((((0x07) << 16) | (0x16)))))
2025-12-17T18:58:42.6275330Z             >;
2025-12-17T18:58:42.6275334Z 
2025-12-17T18:58:42.6275411Z             display-name = "ONE";
2025-12-17T18:58:42.6275659Z             sensor-bindings = <&inc_dec_kp (0x01 << 24 | (0x02 << 24 | ((((0x07) << 16) | (0x2E))))) (0x01 << 24 | ((((0x07) << 16) | (0x2D))))>;
2025-12-17T18:58:42.6275721Z         };
2025-12-17T18:58:42.6275725Z 
2025-12-17T18:58:42.6275790Z         layer_2 {
2025-12-17T18:58:42.6275858Z             bindings = <
2025-12-17T18:58:42.6276759Z &ht_was6_altf4 (0x08 << 24 | (0x04 << 24 | (0x02 << 24 | (((((0x07) << 16) | (0x23))))))) (0x04 << 24 | ((((0x07) << 16) | (0x3D)))) &bt 3 0 &bt 3 3 &bt 3 2 &kp (0x08 << 24 | ((((0x07) << 16) | (0x4A)))) &kp (0x08 << 24 | (0x02 << 24 | ((((0x07) << 16) | (0x08))))) &morph_up &mt_cshome (0x01 << 24 | (0x02 << 24 | ((((0x07) << 16) | (0x4A))))) (0x02 << 24 | ((((0x07) << 16) | (0x4A)))) &mt_csend (0x01 << 24 | (0x02 << 24 | ((((0x07) << 16) | (0x4D))))) (0x02 << 24 | ((((0x07) << 16) | (0x4D)))) &ht_cshome_del 0 0 &ht_csend_del 0 0 &mt_ctrl (0x01 << 24 | ((((0x07) << 16) | (0x4A)))) ((((0x07) << 16) | (0x4A))) &mt_ctrl (0x01 << 24 | ((((0x07) << 16) | (0x4D)))) ((((0x07) << 16) | (0x4D)))
2025-12-17T18:58:42.6277386Z &trans &trans &trans &trans &trans &kp (0x08 << 24 | (((((0x07) << 16) | (0x37))))) &morph_down &kp (0x04 << 24 | ((((0x07) << 16) | (0x46)))) &kp ((((0x07) << 16) | (0x52))) &kp (((((0x07) << 16) | (0x4B)))) &kp (((((0x07) << 16) | (0x4E)))) &mt_ctrl (0x01 << 24 | (0x02 << 24 | (((((0x07) << 16) | (0x4B)))))) (0x01 << 24 | (((((0x07) << 16) | (0x4B))))) &mt_ctrl (0x01 << 24 | (0x02 << 24 | (((((0x07) << 16) | (0x4E)))))) (0x01 << 24 | (((((0x07) << 16) | (0x4E)))))
2025-12-17T18:58:42.6277847Z &trans &trans &trans &trans &kp (0x01 << 24 | (0x02 << 24 | ((((0x07) << 16) | (0x19))))) &trans &morph_left &kp ((((0x07) << 16) | (0x50))) &kp ((((0x07) << 16) | (0x51))) &kp ((((0x07) << 16) | (0x4F))) &trans &trans &trans
2025-12-17T18:58:42.6278373Z &trans &trans &trans &trans &kp (0x01 << 24 | (0x04 << 24 | ((((0x07) << 16) | (0x19))))) &kp (0x01 << 24 | (0x04 << 24 | ((((0x07) << 16) | (0x05))))) &morph_right &trans &trans &trans &trans &kp (0x08 << 24 | (0x04 << 24 | (0x02 << 24 | (((((0x07) << 16) | (0x21))))))) &kp (0x08 << 24 | (0x04 << 24 | (0x02 << 24 | (((((0x07) << 16) | (0x22)))))))
2025-12-17T18:58:42.6278600Z &bt 0 0 &kp (((((0x07) << 16) | (0xE0)))) &trans &trans &trans &trans &trans &trans &trans &trans &trans &select_all_del
2025-12-17T18:58:42.6278663Z             >;
2025-12-17T18:58:42.6278667Z 
2025-12-17T18:58:42.6278744Z             display-name = "TWO";
2025-12-17T18:58:42.6278842Z             sensor-bindings = <&scroll_encoder>;
2025-12-17T18:58:42.6278902Z         };
2025-12-17T18:58:42.6278905Z 
2025-12-17T18:58:42.6278967Z         layer_3 {
2025-12-17T18:58:42.6279039Z             bindings = <
2025-12-17T18:58:42.6279236Z &trans &trans &trans &trans &trans &trans &trans &trans &trans &trans &trans &trans &trans
2025-12-17T18:58:42.6279426Z &trans &trans &trans &trans &trans &trans &trans &trans &trans &trans &trans &trans &trans
2025-12-17T18:58:42.6279690Z &trans &trans &trans &trans &trans &trans &trans &trans &trans &trans &trans &trans &trans
2025-12-17T18:58:42.6279878Z &trans &trans &trans &trans &trans &trans &trans &trans &trans &trans &trans &trans &trans
2025-12-17T18:58:42.6280060Z &trans &trans &trans &trans &trans &trans &trans &trans &trans &trans &trans &trans
2025-12-17T18:58:42.6280121Z             >;
2025-12-17T18:58:42.6280179Z         };
2025-12-17T18:58:42.6280243Z     };
2025-12-17T18:58:42.6280302Z };
2025-12-17T18:58:42.6280428Z # 2 "/tmp/zmk-config/config/eyelash_sofle_left.keymap" 2
2025-12-17T18:58:42.6280502Z # 0 "<command-line>" 2
2025-12-17T18:58:42.6280735Z # 1 "/tmp/zmk-config/zmk/app/snippets/studio-rpc-usb-uart/studio-rpc-usb-uart.overlay" 1
2025-12-17T18:58:42.6280739Z 
2025-12-17T18:58:42.6280800Z / {
2025-12-17T18:58:42.6280862Z     chosen {
2025-12-17T18:58:42.6280985Z         zmk,studio-rpc-uart = &snippet_studio_rpc_usb_uart;
2025-12-17T18:58:42.6281048Z     };
2025-12-17T18:58:42.6281107Z };
2025-12-17T18:58:42.6281111Z 
2025-12-17T18:58:42.6281175Z &zephyr_udc0 {
2025-12-17T18:58:42.6281317Z     snippet_studio_rpc_usb_uart: snippet_studio_rpc_usb_uart {
2025-12-17T18:58:42.6281411Z         compatible = "zephyr,cdc-acm-uart";
2025-12-17T18:58:42.6281475Z     };
2025-12-17T18:58:42.6281535Z };
2025-12-17T18:58:42.6281603Z # 0 "<command-line>" 2
2025-12-17T18:58:42.6281697Z # 1 "/tmp/zmk-config/zephyr/misc/empty_file.c"
2025-12-17T18:58:42.6340270Z Post job cleanup.
2025-12-17T18:58:42.6343714Z ##[command]/usr/bin/docker exec  5253b8589ffd95e8f7aeff01c05b1a23a8e6b4e56d5b961b213f8ce6b9508b02 sh -c "cat /etc/*release | grep ^ID"
2025-12-17T18:58:42.8469363Z [command]/usr/bin/git version
2025-12-17T18:58:42.8510426Z git version 2.43.0
2025-12-17T18:58:42.8556713Z Temporarily overriding HOME='/__w/_temp/565a27c6-cf57-4e28-8d90-73c61e923d1a' before making global git config changes
2025-12-17T18:58:42.8557152Z Adding repository directory to the temporary git global config as a safe directory
2025-12-17T18:58:42.8563301Z [command]/usr/bin/git config --global --add safe.directory /__w/zmk-sofle/zmk-sofle
2025-12-17T18:58:42.8597152Z [command]/usr/bin/git config --local --name-only --get-regexp core\.sshCommand
2025-12-17T18:58:42.8634640Z [command]/usr/bin/git submodule foreach --recursive sh -c "git config --local --name-only --get-regexp 'core\.sshCommand' && git config --local --unset-all 'core.sshCommand' || :"
2025-12-17T18:58:42.8862399Z [command]/usr/bin/git config --local --name-only --get-regexp http\.https\:\/\/github\.com\/\.extraheader
2025-12-17T18:58:42.8881291Z http.https://github.com/.extraheader
2025-12-17T18:58:42.8893648Z [command]/usr/bin/git config --local --unset-all http.https://github.com/.extraheader
2025-12-17T18:58:42.8923152Z [command]/usr/bin/git submodule foreach --recursive sh -c "git config --local --name-only --get-regexp 'http\.https\:\/\/github\.com\/\.extraheader' && git config --local --unset-all 'http.https://github.com/.extraheader' || :"
2025-12-17T18:58:42.9143521Z [command]/usr/bin/git config --local --name-only --get-regexp ^includeIf\.gitdir:
2025-12-17T18:58:42.9172893Z [command]/usr/bin/git submodule foreach --recursive git config --local --show-origin --name-only --get-regexp remote.origin.url
2025-12-17T18:58:42.9508613Z Stop and remove container: 887e72109a364801a692df6c8b47c692_zmkfirmwarezmkbuildarmstable_82b475
2025-12-17T18:58:42.9512757Z ##[command]/usr/bin/docker rm --force 5253b8589ffd95e8f7aeff01c05b1a23a8e6b4e56d5b961b213f8ce6b9508b02
2025-12-17T18:58:47.0548118Z 5253b8589ffd95e8f7aeff01c05b1a23a8e6b4e56d5b961b213f8ce6b9508b02
2025-12-17T18:58:47.0581117Z Remove container network: github_network_2d8892534b7e4401b338d77c6043132e
2025-12-17T18:58:47.0585652Z ##[command]/usr/bin/docker network rm github_network_2d8892534b7e4401b338d77c6043132e
2025-12-17T18:58:47.1871601Z github_network_2d8892534b7e4401b338d77c6043132e
2025-12-17T18:58:47.1928111Z Cleaning up orphan processes