2025-12-17T19:08:53.9800072Z Current runner version: '2.329.0'
2025-12-17T19:08:53.9826210Z ##[group]Runner Image Provisioner
2025-12-17T19:08:53.9826983Z Hosted Compute Agent
2025-12-17T19:08:53.9827524Z Version: 20251202.455
2025-12-17T19:08:53.9828178Z Commit: 6c10caca4910e198df60de23adf20ad317c474e3
2025-12-17T19:08:53.9828842Z Build Date: 2025-12-02T15:56:59Z
2025-12-17T19:08:53.9829483Z Worker ID: {4ac2ef65-c6f6-4d13-b719-afd344452492}
2025-12-17T19:08:53.9830131Z ##[endgroup]
2025-12-17T19:08:53.9830753Z ##[group]Operating System
2025-12-17T19:08:53.9831278Z Ubuntu
2025-12-17T19:08:53.9831728Z 24.04.3
2025-12-17T19:08:53.9832199Z LTS
2025-12-17T19:08:53.9832647Z ##[endgroup]
2025-12-17T19:08:53.9833393Z ##[group]Runner Image
2025-12-17T19:08:53.9834112Z Image: ubuntu-24.04
2025-12-17T19:08:53.9834620Z Version: 20251208.163.1
2025-12-17T19:08:53.9835613Z Included Software: https://github.com/actions/runner-images/blob/ubuntu24/20251208.163/images/ubuntu/Ubuntu2404-Readme.md
2025-12-17T19:08:53.9837223Z Image Release: https://github.com/actions/runner-images/releases/tag/ubuntu24%2F20251208.163
2025-12-17T19:08:53.9838553Z ##[endgroup]
2025-12-17T19:08:53.9841203Z ##[group]GITHUB_TOKEN Permissions
2025-12-17T19:08:53.9843844Z Actions: write
2025-12-17T19:08:53.9844497Z ArtifactMetadata: write
2025-12-17T19:08:53.9845002Z Attestations: write
2025-12-17T19:08:53.9845503Z Checks: write
2025-12-17T19:08:53.9845980Z Contents: write
2025-12-17T19:08:53.9846493Z Deployments: write
2025-12-17T19:08:53.9847012Z Discussions: write
2025-12-17T19:08:53.9847567Z Issues: write
2025-12-17T19:08:53.9848032Z Metadata: read
2025-12-17T19:08:53.9848521Z Models: read
2025-12-17T19:08:53.9849043Z Packages: write
2025-12-17T19:08:53.9849523Z Pages: write
2025-12-17T19:08:53.9850050Z PullRequests: write
2025-12-17T19:08:53.9850631Z RepositoryProjects: write
2025-12-17T19:08:53.9851269Z SecurityEvents: write
2025-12-17T19:08:53.9851754Z Statuses: write
2025-12-17T19:08:53.9852226Z ##[endgroup]
2025-12-17T19:08:53.9854965Z Secret source: Actions
2025-12-17T19:08:53.9855848Z Prepare workflow directory
2025-12-17T19:08:54.0439756Z Prepare all required actions
2025-12-17T19:08:54.0498662Z Getting action download info
2025-12-17T19:08:54.4269676Z Download action repository 'actions/checkout@v4' (SHA:34e114876b0b11c390a56381ad16ebd13914f8d5)
2025-12-17T19:08:54.5215844Z Download action repository 'actions/cache@v4' (SHA:0057852bfaa89a56745cba8c7296529d2fc39830)
2025-12-17T19:08:54.6229172Z Download action repository 'actions/upload-artifact@v4' (SHA:ea165f8d65b6e75b540449e92b4886f43607fa02)
2025-12-17T19:08:54.8328222Z Uses: zmkfirmware/zmk/.github/workflows/build-user-config.yml@0b5a103c187ad337b9f50d824667866c4d7252e1
2025-12-17T19:08:54.8332883Z ##[group] Inputs
2025-12-17T19:08:54.8333706Z   build_matrix_path: build.yaml
2025-12-17T19:08:54.8334226Z   config_path: config
2025-12-17T19:08:54.8334683Z   fallback_binary: bin
2025-12-17T19:08:54.8335125Z   archive_name: firmware
2025-12-17T19:08:54.8335571Z ##[endgroup]
2025-12-17T19:08:54.8336184Z Complete job name: build / Build (eyelash_sofle_right, nice_view_custom)
2025-12-17T19:08:54.8881142Z ##[group]Checking docker version
2025-12-17T19:08:54.8894782Z ##[command]/usr/bin/docker version --format '{{.Server.APIVersion}}'
2025-12-17T19:08:54.9586785Z '1.48'
2025-12-17T19:08:54.9602457Z Docker daemon API version: '1.48'
2025-12-17T19:08:54.9603600Z ##[command]/usr/bin/docker version --format '{{.Client.APIVersion}}'
2025-12-17T19:08:54.9778111Z '1.48'
2025-12-17T19:08:54.9793526Z Docker client API version: '1.48'
2025-12-17T19:08:54.9798838Z ##[endgroup]
2025-12-17T19:08:54.9802525Z ##[group]Clean up resources from previous jobs
2025-12-17T19:08:54.9808736Z ##[command]/usr/bin/docker ps --all --quiet --no-trunc --filter "label=08e646"
2025-12-17T19:08:54.9980382Z ##[command]/usr/bin/docker network prune --force --filter "label=08e646"
2025-12-17T19:08:55.0145435Z ##[endgroup]
2025-12-17T19:08:55.0146364Z ##[group]Create local container network
2025-12-17T19:08:55.0159428Z ##[command]/usr/bin/docker network create --label 08e646 github_network_c8e248463c8b4769a089c770440906b1
2025-12-17T19:08:55.0760734Z db2d02796584fecce30da8f89618e74c1049234427851bde1058d05116244b33
2025-12-17T19:08:55.0782225Z ##[endgroup]
2025-12-17T19:08:55.0806961Z ##[group]Starting job container
2025-12-17T19:08:55.0828322Z ##[command]/usr/bin/docker pull zmkfirmware/zmk-build-arm:stable
2025-12-17T19:08:55.4887626Z stable: Pulling from zmkfirmware/zmk-build-arm
2025-12-17T19:08:55.6044795Z a1a21c96bc16: Pulling fs layer
2025-12-17T19:08:55.6047031Z 80b3f0d914b4: Pulling fs layer
2025-12-17T19:08:55.6048076Z 39f6267735b8: Pulling fs layer
2025-12-17T19:08:56.6380127Z a1a21c96bc16: Verifying Checksum
2025-12-17T19:08:56.6383960Z a1a21c96bc16: Download complete
2025-12-17T19:08:57.8031238Z a1a21c96bc16: Pull complete
2025-12-17T19:08:59.8795149Z 80b3f0d914b4: Verifying Checksum
2025-12-17T19:08:59.8795738Z 80b3f0d914b4: Download complete
2025-12-17T19:09:07.0182576Z 39f6267735b8: Verifying Checksum
2025-12-17T19:09:07.0183473Z 39f6267735b8: Download complete
2025-12-17T19:09:09.6580711Z 80b3f0d914b4: Pull complete
2025-12-17T19:09:20.7094426Z 39f6267735b8: Pull complete
2025-12-17T19:09:20.7136761Z Digest: sha256:edb1c953438c6f720ddb79c3762f3972013b7fbbaf4fff3592fc869983e7afc5
2025-12-17T19:09:20.7149410Z Status: Downloaded newer image for zmkfirmware/zmk-build-arm:stable
2025-12-17T19:09:20.7162175Z docker.io/zmkfirmware/zmk-build-arm:stable
2025-12-17T19:09:20.7250373Z ##[command]/usr/bin/docker create --name 5faa186c121b49f5b04f73e80a8fd9bf_zmkfirmwarezmkbuildarmstable_ceae09 --label 08e646 --workdir /__w/zmk-sofle/zmk-sofle --network github_network_c8e248463c8b4769a089c770440906b1  -e "HOME=/github/home" -e GITHUB_ACTIONS=true -e CI=true -v "/var/run/docker.sock":"/var/run/docker.sock" -v "/home/runner/work":"/__w" -v "/home/runner/actions-runner/cached/externals":"/__e":ro -v "/home/runner/work/_temp":"/__w/_temp" -v "/home/runner/work/_actions":"/__w/_actions" -v "/opt/hostedtoolcache":"/__t" -v "/home/runner/work/_temp/_github_home":"/github/home" -v "/home/runner/work/_temp/_github_workflow":"/github/workflow" --entrypoint "tail" zmkfirmware/zmk-build-arm:stable "-f" "/dev/null"
2025-12-17T19:09:20.7523946Z 51d4fef77b1df7a24ea95ff9391da4174a9e8a27858f9a7dacd37dd66dd9dafd
2025-12-17T19:09:20.7551275Z ##[command]/usr/bin/docker start 51d4fef77b1df7a24ea95ff9391da4174a9e8a27858f9a7dacd37dd66dd9dafd
2025-12-17T19:09:20.9261184Z 51d4fef77b1df7a24ea95ff9391da4174a9e8a27858f9a7dacd37dd66dd9dafd
2025-12-17T19:09:20.9283865Z ##[command]/usr/bin/docker ps --all --filter id=51d4fef77b1df7a24ea95ff9391da4174a9e8a27858f9a7dacd37dd66dd9dafd --filter status=running --no-trunc --format "{{.ID}} {{.Status}}"
2025-12-17T19:09:20.9404620Z 51d4fef77b1df7a24ea95ff9391da4174a9e8a27858f9a7dacd37dd66dd9dafd Up Less than a second
2025-12-17T19:09:20.9426395Z ##[command]/usr/bin/docker inspect --format "{{range .Config.Env}}{{println .}}{{end}}" 51d4fef77b1df7a24ea95ff9391da4174a9e8a27858f9a7dacd37dd66dd9dafd
2025-12-17T19:09:20.9556513Z GITHUB_ACTIONS=true
2025-12-17T19:09:20.9556972Z CI=true
2025-12-17T19:09:20.9557845Z HOME=/github/home
2025-12-17T19:09:20.9558344Z PATH=/usr/local/sbin:/usr/local/bin:/usr/sbin:/usr/bin:/sbin:/bin
2025-12-17T19:09:20.9558890Z DEBIAN_FRONTEND=noninteractive
2025-12-17T19:09:20.9559252Z ZEPHYR_VERSION=4.1.0
2025-12-17T19:09:20.9580369Z ##[endgroup]
2025-12-17T19:09:20.9589447Z ##[group]Waiting for all services to be ready
2025-12-17T19:09:20.9591322Z ##[endgroup]
2025-12-17T19:09:20.9857013Z ##[group]Run actions/checkout@v4
2025-12-17T19:09:20.9857629Z with:
2025-12-17T19:09:20.9857866Z   repository: duducm2/zmk-sofle
2025-12-17T19:09:20.9858365Z   token: ***
2025-12-17T19:09:20.9858553Z   ssh-strict: true
2025-12-17T19:09:20.9858728Z   ssh-user: git
2025-12-17T19:09:20.9858917Z   persist-credentials: true
2025-12-17T19:09:20.9859135Z   clean: true
2025-12-17T19:09:20.9859330Z   sparse-checkout-cone-mode: true
2025-12-17T19:09:20.9859554Z   fetch-depth: 1
2025-12-17T19:09:20.9859729Z   fetch-tags: false
2025-12-17T19:09:20.9859913Z   show-progress: true
2025-12-17T19:09:20.9860353Z   lfs: false
2025-12-17T19:09:20.9860518Z   submodules: false
2025-12-17T19:09:20.9860705Z   set-safe-directory: true
2025-12-17T19:09:20.9861173Z ##[endgroup]
2025-12-17T19:09:20.9920954Z ##[command]/usr/bin/docker exec  51d4fef77b1df7a24ea95ff9391da4174a9e8a27858f9a7dacd37dd66dd9dafd sh -c "cat /etc/*release | grep ^ID"
2025-12-17T19:09:21.2127533Z Syncing repository: duducm2/zmk-sofle
2025-12-17T19:09:21.2128944Z ##[group]Getting Git version info
2025-12-17T19:09:21.2129303Z Working directory is '/__w/zmk-sofle/zmk-sofle'
2025-12-17T19:09:21.2129789Z [command]/usr/bin/git version
2025-12-17T19:09:21.2130054Z git version 2.43.0
2025-12-17T19:09:21.2153652Z ##[endgroup]
2025-12-17T19:09:21.2170754Z Temporarily overriding HOME='/__w/_temp/8d41646f-8721-400a-8c27-9ce1eecd7a40' before making global git config changes
2025-12-17T19:09:21.2177770Z Adding repository directory to the temporary git global config as a safe directory
2025-12-17T19:09:21.2178381Z [command]/usr/bin/git config --global --add safe.directory /__w/zmk-sofle/zmk-sofle
2025-12-17T19:09:21.2211548Z Deleting the contents of '/__w/zmk-sofle/zmk-sofle'
2025-12-17T19:09:21.2224404Z ##[group]Initializing the repository
2025-12-17T19:09:21.2228698Z [command]/usr/bin/git init /__w/zmk-sofle/zmk-sofle
2025-12-17T19:09:21.2260671Z hint: Using 'master' as the name for the initial branch. This default branch name
2025-12-17T19:09:21.2261638Z hint: is subject to change. To configure the initial branch name to use in all
2025-12-17T19:09:21.2262530Z hint: of your new repositories, which will suppress this warning, call:
2025-12-17T19:09:21.2263356Z hint: 
2025-12-17T19:09:21.2263842Z hint: 	git config --global init.defaultBranch <name>
2025-12-17T19:09:21.2264365Z hint: 
2025-12-17T19:09:21.2264862Z hint: Names commonly chosen instead of 'master' are 'main', 'trunk' and
2025-12-17T19:09:21.2265699Z hint: 'development'. The just-created branch can be renamed via this command:
2025-12-17T19:09:21.2266357Z hint: 
2025-12-17T19:09:21.2266698Z hint: 	git branch -m <name>
2025-12-17T19:09:21.2269672Z Initialized empty Git repository in /__w/zmk-sofle/zmk-sofle/.git/
2025-12-17T19:09:21.2282103Z [command]/usr/bin/git remote add origin https://github.com/duducm2/zmk-sofle
2025-12-17T19:09:21.2312282Z ##[endgroup]
2025-12-17T19:09:21.2312712Z ##[group]Disabling automatic garbage collection
2025-12-17T19:09:21.2316513Z [command]/usr/bin/git config --local gc.auto 0
2025-12-17T19:09:21.2346607Z ##[endgroup]
2025-12-17T19:09:21.2346956Z ##[group]Setting up auth
2025-12-17T19:09:21.2353703Z [command]/usr/bin/git config --local --name-only --get-regexp core\.sshCommand
2025-12-17T19:09:21.2382854Z [command]/usr/bin/git submodule foreach --recursive sh -c "git config --local --name-only --get-regexp 'core\.sshCommand' && git config --local --unset-all 'core.sshCommand' || :"
2025-12-17T19:09:21.2617826Z [command]/usr/bin/git config --local --name-only --get-regexp http\.https\:\/\/github\.com\/\.extraheader
2025-12-17T19:09:21.2723456Z [command]/usr/bin/git submodule foreach --recursive sh -c "git config --local --name-only --get-regexp 'http\.https\:\/\/github\.com\/\.extraheader' && git config --local --unset-all 'http.https://github.com/.extraheader' || :"
2025-12-17T19:09:21.2895597Z [command]/usr/bin/git config --local --name-only --get-regexp ^includeIf\.gitdir:
2025-12-17T19:09:21.2928112Z [command]/usr/bin/git submodule foreach --recursive git config --local --show-origin --name-only --get-regexp remote.origin.url
2025-12-17T19:09:21.3162508Z [command]/usr/bin/git config --local http.https://github.com/.extraheader AUTHORIZATION: basic ***
2025-12-17T19:09:21.3200566Z ##[endgroup]
2025-12-17T19:09:21.3201223Z ##[group]Fetching the repository
2025-12-17T19:09:21.3209052Z [command]/usr/bin/git -c protocol.version=2 fetch --no-tags --prune --no-recurse-submodules --depth=1 origin +6979ffefad4a19194cffbf481ecbc687760bb71e:refs/remotes/origin/main
2025-12-17T19:09:21.5798861Z From https://github.com/duducm2/zmk-sofle
2025-12-17T19:09:21.5799597Z  * [new ref]         6979ffefad4a19194cffbf481ecbc687760bb71e -> origin/main
2025-12-17T19:09:21.5828183Z ##[endgroup]
2025-12-17T19:09:21.5828921Z ##[group]Determining the checkout info
2025-12-17T19:09:21.5830483Z ##[endgroup]
2025-12-17T19:09:21.5836088Z [command]/usr/bin/git sparse-checkout disable
2025-12-17T19:09:21.5881455Z [command]/usr/bin/git config --local --unset-all extensions.worktreeConfig
2025-12-17T19:09:21.5912317Z ##[group]Checking out the ref
2025-12-17T19:09:21.5917223Z [command]/usr/bin/git checkout --progress --force -B main refs/remotes/origin/main
2025-12-17T19:09:21.6024589Z Switched to a new branch 'main'
2025-12-17T19:09:21.6026158Z branch 'main' set up to track 'origin/main'.
2025-12-17T19:09:21.6031475Z ##[endgroup]
2025-12-17T19:09:21.6074800Z [command]/usr/bin/git log -1 --format=%H
2025-12-17T19:09:21.6101642Z 6979ffefad4a19194cffbf481ecbc687760bb71e
2025-12-17T19:09:21.6308599Z ##[group]Run echo "build_dir=$(mktemp -d)" >> $GITHUB_ENV
2025-12-17T19:09:21.6309096Z [36;1mecho "build_dir=$(mktemp -d)" >> $GITHUB_ENV[0m
2025-12-17T19:09:21.6312411Z shell: sh -e {0}
2025-12-17T19:09:21.6312624Z ##[endgroup]
2025-12-17T19:09:21.6957116Z ##[group]Run if [ -e zephyr/module.yml ]; then
2025-12-17T19:09:21.6957503Z [36;1mif [ -e zephyr/module.yml ]; then[0m
2025-12-17T19:09:21.6957872Z [36;1m  export zmk_load_arg=" -DZMK_EXTRA_MODULES='${GITHUB_WORKSPACE}'"[0m
2025-12-17T19:09:21.6958258Z [36;1m  new_tmp_dir="${TMPDIR:-/tmp}/zmk-config"[0m
2025-12-17T19:09:21.6958541Z [36;1m  mkdir -p "${new_tmp_dir}"[0m
2025-12-17T19:09:21.6958816Z [36;1m  echo "base_dir=${new_tmp_dir}" >> $GITHUB_ENV[0m
2025-12-17T19:09:21.6959077Z [36;1melse[0m
2025-12-17T19:09:21.6959298Z [36;1m  echo "base_dir=${GITHUB_WORKSPACE}" >> $GITHUB_ENV[0m
2025-12-17T19:09:21.6959569Z [36;1mfi[0m
2025-12-17T19:09:21.6959722Z [36;1m[0m
2025-12-17T19:09:21.6959893Z [36;1mif [ -n "${snippet}" ]; then[0m
2025-12-17T19:09:21.6960141Z [36;1m  extra_west_args="-S \"${snippet}\""[0m
2025-12-17T19:09:21.6960393Z [36;1mfi[0m
2025-12-17T19:09:21.6960547Z [36;1m[0m
2025-12-17T19:09:21.6960796Z [36;1mecho "zephyr_version=${ZEPHYR_VERSION}" >> $GITHUB_ENV[0m
2025-12-17T19:09:21.6961160Z [36;1mecho "extra_west_args=${extra_west_args}" >> $GITHUB_ENV[0m
2025-12-17T19:09:21.6961601Z [36;1mecho "extra_cmake_args=${shield:+-DSHIELD=\"$shield\"}${zmk_load_arg}" >> $GITHUB_ENV[0m
2025-12-17T19:09:21.6962068Z [36;1mecho "display_name=${shield:+$shield - }${board}" >> $GITHUB_ENV[0m
2025-12-17T19:09:21.6962532Z [36;1mecho "artifact_name=${artifact_name:-${shield:+$shield-}${board}-zmk}" >> $GITHUB_ENV[0m
2025-12-17T19:09:21.6965013Z shell: sh -x {0}
2025-12-17T19:09:21.6965229Z env:
2025-12-17T19:09:21.6965416Z   build_dir: /tmp/tmp.8JlMZEtSz4
2025-12-17T19:09:21.6965652Z   board: eyelash_sofle_right
2025-12-17T19:09:21.6965871Z   shield: nice_view_custom
2025-12-17T19:09:21.6966061Z   artifact_name: 
2025-12-17T19:09:21.6966230Z   snippet: 
2025-12-17T19:09:21.6966392Z ##[endgroup]
2025-12-17T19:09:21.7669971Z + [ -e zephyr/module.yml ]
2025-12-17T19:09:21.7671575Z + export zmk_load_arg= -DZMK_EXTRA_MODULES='/__w/zmk-sofle/zmk-sofle'
2025-12-17T19:09:21.7672603Z + new_tmp_dir=/tmp/zmk-config
2025-12-17T19:09:21.7673731Z + mkdir -p /tmp/zmk-config
2025-12-17T19:09:21.7679723Z + echo base_dir=/tmp/zmk-config
2025-12-17T19:09:21.7681765Z + [ -n  ]
2025-12-17T19:09:21.7682537Z + echo zephyr_version=4.1.0
2025-12-17T19:09:21.7682983Z + echo extra_west_args=
2025-12-17T19:09:21.7684352Z + echo extra_cmake_args=-DSHIELD="nice_view_custom" -DZMK_EXTRA_MODULES='/__w/zmk-sofle/zmk-sofle'
2025-12-17T19:09:21.7685288Z + echo display_name=nice_view_custom - eyelash_sofle_right
2025-12-17T19:09:21.7685943Z + echo artifact_name=nice_view_custom-eyelash_sofle_right-zmk
2025-12-17T19:09:21.7762651Z ##[group]Run if [ "/tmp/zmk-config" != "${GITHUB_WORKSPACE}" ]; then
2025-12-17T19:09:21.7763348Z [36;1mif [ "/tmp/zmk-config" != "${GITHUB_WORKSPACE}" ]; then[0m
2025-12-17T19:09:21.7763680Z [36;1m  mkdir "/tmp/zmk-config/config"[0m
2025-12-17T19:09:21.7764169Z [36;1m  cp -R config/* "/tmp/zmk-config/config/"[0m
2025-12-17T19:09:21.7764417Z [36;1mfi[0m
2025-12-17T19:09:21.7764681Z shell: sh -e {0}
2025-12-17T19:09:21.7764848Z env:
2025-12-17T19:09:21.7765019Z   build_dir: /tmp/tmp.8JlMZEtSz4
2025-12-17T19:09:21.7765236Z   base_dir: /tmp/zmk-config
2025-12-17T19:09:21.7765443Z   zephyr_version: 4.1.0
2025-12-17T19:09:21.7765631Z   extra_west_args: 
2025-12-17T19:09:21.7765959Z   extra_cmake_args: -DSHIELD="nice_view_custom" -DZMK_EXTRA_MODULES='/__w/zmk-sofle/zmk-sofle'
2025-12-17T19:09:21.7766406Z   display_name: nice_view_custom - eyelash_sofle_right
2025-12-17T19:09:21.7766736Z   artifact_name: nice_view_custom-eyelash_sofle_right-zmk
2025-12-17T19:09:21.7767045Z ##[endgroup]
2025-12-17T19:09:21.9186203Z ##[group]Run actions/cache@v4
2025-12-17T19:09:21.9186482Z with:
2025-12-17T19:09:21.9186966Z   path: /tmp/zmk-config/modules/
/tmp/zmk-config/tools/
/tmp/zmk-config/zephyr/
/tmp/zmk-config/bootloader/
/tmp/zmk-config/zmk/

2025-12-17T19:09:21.9187800Z   key: Linux-build-cache-zephyr-4.1.0-modules-894fb66ef5982f4923c995ad3e56df2fd96e8b44d3656d1d201d07d8d75ce5c6
2025-12-17T19:09:21.9188438Z   restore-keys: Linux-build-cache-zephyr-4.1.0-modules-
Linux-build-
Linux-

2025-12-17T19:09:21.9188807Z   enableCrossOsArchive: false
2025-12-17T19:09:21.9189030Z   fail-on-cache-miss: false
2025-12-17T19:09:21.9189233Z   lookup-only: false
2025-12-17T19:09:21.9189419Z   save-always: false
2025-12-17T19:09:21.9189591Z env:
2025-12-17T19:09:21.9189755Z   build_dir: /tmp/tmp.8JlMZEtSz4
2025-12-17T19:09:21.9189983Z   base_dir: /tmp/zmk-config
2025-12-17T19:09:21.9190181Z   zephyr_version: 4.1.0
2025-12-17T19:09:21.9190370Z   extra_west_args: 
2025-12-17T19:09:21.9190744Z   extra_cmake_args: -DSHIELD="nice_view_custom" -DZMK_EXTRA_MODULES='/__w/zmk-sofle/zmk-sofle'
2025-12-17T19:09:21.9191195Z   display_name: nice_view_custom - eyelash_sofle_right
2025-12-17T19:09:21.9191536Z   artifact_name: nice_view_custom-eyelash_sofle_right-zmk
2025-12-17T19:09:21.9191846Z   cache_name: cache-zephyr-4.1.0-modules
2025-12-17T19:09:21.9192079Z ##[endgroup]
2025-12-17T19:09:21.9196547Z ##[command]/usr/bin/docker exec  51d4fef77b1df7a24ea95ff9391da4174a9e8a27858f9a7dacd37dd66dd9dafd sh -c "cat /etc/*release | grep ^ID"
2025-12-17T19:09:22.3579107Z Cache hit for: Linux-build-cache-zephyr-4.1.0-modules-894fb66ef5982f4923c995ad3e56df2fd96e8b44d3656d1d201d07d8d75ce5c6
2025-12-17T19:09:23.5110489Z Received 134217728 of 2009302056 (6.7%), 124.8 MBs/sec
2025-12-17T19:09:24.5194278Z Received 322961408 of 2009302056 (16.1%), 151.6 MBs/sec
2025-12-17T19:09:25.5475857Z Received 536870912 of 2009302056 (26.7%), 167.2 MBs/sec
2025-12-17T19:09:26.5598793Z Received 738197504 of 2009302056 (36.7%), 173.0 MBs/sec
2025-12-17T19:09:27.5556645Z Received 939524096 of 2009302056 (46.8%), 176.7 MBs/sec
2025-12-17T19:09:28.5553890Z Received 1166016512 of 2009302056 (58.0%), 183.2 MBs/sec
2025-12-17T19:09:29.5712751Z Received 1346371584 of 2009302056 (67.0%), 181.2 MBs/sec
2025-12-17T19:09:30.5704921Z Received 1593835520 of 2009302056 (79.3%), 188.0 MBs/sec
2025-12-17T19:09:31.5725873Z Received 1778384896 of 2009302056 (88.5%), 186.6 MBs/sec
2025-12-17T19:09:32.5748806Z Received 1996488704 of 2009302056 (99.4%), 188.7 MBs/sec
2025-12-17T19:09:32.7066917Z Received 2009302056 of 2009302056 (100.0%), 187.5 MBs/sec
2025-12-17T19:09:32.7070911Z Cache Size: ~1916 MB (2009302056 B)
2025-12-17T19:09:32.7111112Z [command]/usr/bin/tar -xf /__w/_temp/180a8224-ce23-48c3-90c1-15e3a585b13b/cache.tgz -P -C /__w/zmk-sofle/zmk-sofle -z
2025-12-17T19:09:53.4564841Z Cache restored successfully
2025-12-17T19:09:53.8132939Z Cache restored from key: Linux-build-cache-zephyr-4.1.0-modules-894fb66ef5982f4923c995ad3e56df2fd96e8b44d3656d1d201d07d8d75ce5c6
2025-12-17T19:09:53.8279457Z ##[group]Run west init -l "/tmp/zmk-config/config"
2025-12-17T19:09:53.8279835Z [36;1mwest init -l "/tmp/zmk-config/config"[0m
2025-12-17T19:09:53.8280221Z shell: sh -e {0}
2025-12-17T19:09:53.8280399Z env:
2025-12-17T19:09:53.8280580Z   build_dir: /tmp/tmp.8JlMZEtSz4
2025-12-17T19:09:53.8280994Z   base_dir: /tmp/zmk-config
2025-12-17T19:09:53.8281209Z   zephyr_version: 4.1.0
2025-12-17T19:09:53.8281399Z   extra_west_args: 
2025-12-17T19:09:53.8281747Z   extra_cmake_args: -DSHIELD="nice_view_custom" -DZMK_EXTRA_MODULES='/__w/zmk-sofle/zmk-sofle'
2025-12-17T19:09:53.8282208Z   display_name: nice_view_custom - eyelash_sofle_right
2025-12-17T19:09:53.8282541Z   artifact_name: nice_view_custom-eyelash_sofle_right-zmk
2025-12-17T19:09:53.8282828Z ##[endgroup]
2025-12-17T19:09:54.0138788Z === Initializing from existing manifest repository config
2025-12-17T19:09:54.0139602Z --- Creating /tmp/zmk-config/.west and local configuration file
2025-12-17T19:09:54.0149320Z === Initialized. Now run "west update" inside /tmp/zmk-config.
2025-12-17T19:09:54.0491827Z ##[group]Run west update --fetch-opt=--filter=tree:0
2025-12-17T19:09:54.0492230Z [36;1mwest update --fetch-opt=--filter=tree:0[0m
2025-12-17T19:09:54.0492825Z shell: sh -e {0}
2025-12-17T19:09:54.0493028Z env:
2025-12-17T19:09:54.0493502Z   build_dir: /tmp/tmp.8JlMZEtSz4
2025-12-17T19:09:54.0493747Z   base_dir: /tmp/zmk-config
2025-12-17T19:09:54.0493968Z   zephyr_version: 4.1.0
2025-12-17T19:09:54.0494168Z   extra_west_args: 
2025-12-17T19:09:54.0494516Z   extra_cmake_args: -DSHIELD="nice_view_custom" -DZMK_EXTRA_MODULES='/__w/zmk-sofle/zmk-sofle'
2025-12-17T19:09:54.0494982Z   display_name: nice_view_custom - eyelash_sofle_right
2025-12-17T19:09:54.0495330Z   artifact_name: nice_view_custom-eyelash_sofle_right-zmk
2025-12-17T19:09:54.0495616Z ##[endgroup]
2025-12-17T19:09:54.3307755Z === updating zmk (zmk):
2025-12-17T19:09:54.4878616Z HEAD is now at 0b5a103c fix(core): Generate correct keymap layer names for all builds (#3047)
2025-12-17T19:09:54.5041313Z === updating zephyr (zephyr):
2025-12-17T19:09:54.5074192Z --- zephyr: fetching, need revision v3.5.0+zmk-fixes
2025-12-17T19:09:54.9513001Z From https://github.com/zmkfirmware/zephyr
2025-12-17T19:09:54.9513975Z  * branch                v3.5.0+zmk-fixes -> FETCH_HEAD
2025-12-17T19:09:56.1121074Z HEAD is now at dacab4875 scripts: check_init_priorities: drop recursive child parsing
2025-12-17T19:09:56.1546271Z === updating eyelash_sofle (eyelash_sofle):
2025-12-17T19:09:56.1546914Z --- eyelash_sofle: initializing
2025-12-17T19:09:56.1598420Z Initialized empty Git repository in /tmp/zmk-config/eyelash_sofle/.git/
2025-12-17T19:09:56.1634010Z --- eyelash_sofle: fetching, need revision refactor
2025-12-17T19:09:56.3802717Z From https://github.com/a741725193/zmk-sofle
2025-12-17T19:09:56.3803477Z  * branch            refactor   -> FETCH_HEAD
2025-12-17T19:09:56.7044058Z HEAD is now at 504d2a5 [Draw] update configuration
2025-12-17T19:09:56.7112505Z HEAD is now at 504d2a5 [Draw] update configuration
2025-12-17T19:09:56.7116074Z === updating mario-peripheral-animation (mario-peripheral-animation):
2025-12-17T19:09:56.7116746Z --- mario-peripheral-animation: initializing
2025-12-17T19:09:56.7149963Z Initialized empty Git repository in /tmp/zmk-config/mario-peripheral-animation/.git/
2025-12-17T19:09:56.7187474Z --- mario-peripheral-animation: fetching, need revision main
2025-12-17T19:09:56.9110724Z From https://github.com/GPeye/mario-peripheral-animation
2025-12-17T19:09:56.9111166Z  * branch            main       -> FETCH_HEAD
2025-12-17T19:09:57.5316082Z HEAD is now at 1aa3950 vid
2025-12-17T19:09:57.5698825Z HEAD is now at 1aa3950 vid
2025-12-17T19:09:57.5703689Z === updating nanopb (modules/lib/nanopb):
2025-12-17T19:09:57.6047961Z HEAD is now at 8c60555 Merge pull request #4 from petejohanson/build/find-protoc-fixes
2025-12-17T19:09:57.6053649Z === updating zmk-studio-messages (modules/msgs/zmk-studio-messages):
2025-12-17T19:09:57.6196503Z HEAD is now at 6cb4c28 refactor: Return detailed save changes response.
2025-12-17T19:09:57.6200472Z === updating acpica (modules/lib/acpica):
2025-12-17T19:09:57.8090926Z HEAD is now at 0333c2af1 os_specific: zephyr: add generic platform support
2025-12-17T19:09:57.8097630Z === updating canopennode (modules/lib/canopennode):
2025-12-17T19:09:57.8286119Z HEAD is now at dec12fa stack: map CANopenNode crc16_ccitt() to Zephyr crc16_itu_t()
2025-12-17T19:09:57.8290362Z === updating cmsis (modules/hal/cmsis):
2025-12-17T19:09:57.8512132Z HEAD is now at 5a00331 remove cmsis-dsp and cmsis-nn
2025-12-17T19:09:57.8517350Z === updating cmsis-dsp (modules/lib/cmsis-dsp):
2025-12-17T19:09:58.1731934Z HEAD is now at ff7b5fd1 compute Library: fix inline function that is not static
2025-12-17T19:09:58.1738064Z === updating cmsis-nn (modules/lib/cmsis-nn):
2025-12-17T19:09:58.2315692Z HEAD is now at 0c8669d Merge pull request #1 from XenuIsWatching/zephyr
2025-12-17T19:09:58.2321484Z === updating fatfs (modules/fs/fatfs):
2025-12-17T19:09:58.2526026Z HEAD is now at 427159b zephyr: fix ffconf.h override use of STRINGIZE
2025-12-17T19:09:58.2531063Z === updating hal_ambiq (modules/hal/ambiq):
2025-12-17T19:09:58.3198969Z HEAD is now at 0a7c993 modules: hal_ambiq: Add Ambiq Apollo4 Blue Plus SoC
2025-12-17T19:09:58.3203758Z === updating hal_atmel (modules/hal/atmel):
2025-12-17T19:09:58.6001588Z HEAD is now at 5ab4300 Remove LITTLE_ENDIAN and __LITTLE_ENDIAN defines
2025-12-17T19:09:58.6006431Z === updating hal_espressif (modules/hal/espressif):
2025-12-17T19:09:59.3596563Z HEAD is now at 31fc5758f3 random: rename header file as in Zephyr.
2025-12-17T19:09:59.3607125Z === updating hal_ethos_u (modules/hal/ethos_u):
2025-12-17T19:09:59.3795090Z HEAD is now at 90ada2e Clarify README regarding CPU choice
2025-12-17T19:09:59.3799652Z === updating hal_gigadevice (modules/hal/gigadevice):
2025-12-17T19:09:59.4407950Z HEAD is now at 2994b7d README.md: add pllmf and pack exception for gd32a50x
2025-12-17T19:09:59.4412173Z === updating hal_intel (modules/hal/intel):
2025-12-17T19:09:59.4592563Z HEAD is now at b3b43d4 pm: fix handling reset prep in incorrect place
2025-12-17T19:09:59.4597619Z === updating hal_nordic (modules/hal/nordic):
2025-12-17T19:10:00.1121534Z HEAD is now at 884c4d6 nrfx: Update to version 3.6.0
2025-12-17T19:10:00.1127515Z === updating hal_nuvoton (modules/hal/nuvoton):
2025-12-17T19:10:00.1712157Z HEAD is now at 3e0a4c4 hal: NuMaker M46x: revise API name of M460 FMC erase bank
2025-12-17T19:10:00.1717904Z === updating hal_quicklogic (modules/hal/quicklogic):
2025-12-17T19:10:00.1877995Z HEAD is now at b3a66fe Remove references to FPGA IP core drivers
2025-12-17T19:10:00.1881999Z === updating hal_renesas (modules/hal/renesas):
2025-12-17T19:10:00.2062626Z HEAD is now at a6cf2af Remove dynamic memory allocation from PD code
2025-12-17T19:10:00.2067415Z === updating hal_rpi_pico (modules/hal/rpi_pico):
2025-12-17T19:10:00.2561695Z HEAD is now at fba7162 Merge pull request #5 from soburi/zephyr_timer_modification
2025-12-17T19:10:00.2566939Z === updating hal_stm32 (modules/hal/stm32):
2025-12-17T19:10:01.9566016Z HEAD is now at 89ef0a33 stm32cube: stm32h5:  ethernet: PTP clock doesnâ€™t works
2025-12-17T19:10:01.9571542Z === updating hal_telink (modules/hal/telink):
2025-12-17T19:10:01.9801575Z HEAD is now at 38573af B91 ADC driver support
2025-12-17T19:10:01.9802558Z === updating hal_wurthelektronik (modules/hal/wurthelektronik):
2025-12-17T19:10:01.9938420Z HEAD is now at 24ca987 Initialized WE HAL module repository.
2025-12-17T19:10:01.9942306Z === updating libmetal (modules/hal/libmetal):
2025-12-17T19:10:02.0138167Z HEAD is now at b91611a lib: update libmetal to release v2023.04.0
2025-12-17T19:10:02.0143297Z === updating liblc3 (modules/lib/liblc3):
2025-12-17T19:10:02.0332444Z HEAD is now at 448f3de Merge pull request #8 from carlescufi/rename
2025-12-17T19:10:02.0337407Z === updating littlefs (modules/fs/littlefs):
2025-12-17T19:10:02.0508797Z HEAD is now at ca583fd Merge tag 'v2.5.0' of https://github.com/littlefs-project/littlefs into zephyr
2025-12-17T19:10:02.0512340Z === updating lvgl (modules/lib/gui/lvgl):
2025-12-17T19:10:02.3466047Z HEAD is now at 8a6a2d1d2 zephyr: Move gluecode back to zephyr main repository
2025-12-17T19:10:02.3471733Z === updating mbedtls (modules/crypto/mbedtls):
2025-12-17T19:10:02.4918532Z HEAD is now at c38dc78d9 Merge pull request #44 from d3zd3z/zephyr-3.4.0
2025-12-17T19:10:02.4925351Z === updating mipi-sys-t (modules/debug/mipi-sys-t):
2025-12-17T19:10:02.5129827Z HEAD is now at a819419 library: allow building without wchar support
2025-12-17T19:10:02.5134591Z === updating nrf_hw_models (modules/bsim_hw_models/nrf_hw_models):
2025-12-17T19:10:02.5336861Z HEAD is now at f459580 TEMP & ECB: Fix INTEN sideeffect prototypes
2025-12-17T19:10:02.5341859Z === updating open-amp (modules/lib/open-amp):
2025-12-17T19:10:02.5528136Z HEAD is now at 42b7c57 cmake: Compile with WITH_DCACHE_RSC_TABLE
2025-12-17T19:10:02.5533014Z === updating percepio (modules/debug/percepio):
2025-12-17T19:10:02.5811956Z HEAD is now at a3728ef Merge pull request #4 from peter-mitsis/pmitsis-k_mem_block
2025-12-17T19:10:02.5818545Z === updating picolibc (modules/lib/picolibc):
2025-12-17T19:10:02.7438060Z HEAD is now at d07c38ff0 Version 1.8.2
2025-12-17T19:10:02.7446116Z === updating segger (modules/debug/segger):
2025-12-17T19:10:02.7607631Z HEAD is now at 9d01912 segger: config: RTT spinlock implementation
2025-12-17T19:10:02.7611998Z === updating tinycrypt (modules/crypto/tinycrypt):
2025-12-17T19:10:02.7767598Z HEAD is now at 3e9a49d cmake: Fix conditional in root CMakeLists.txt
2025-12-17T19:10:02.7771931Z === updating trusted-firmware-a (modules/tee/tf-a/trusted-firmware-a):
2025-12-17T19:10:02.9679026Z HEAD is now at 421dc0502 Merge pull request #3 from SgrrZhf/topics/huizha01/2.9.0-updates
2025-12-17T19:10:02.9686082Z === updating uoscore-uedhoc (modules/lib/uoscore-uedhoc):
2025-12-17T19:10:02.9940114Z HEAD is now at 5fe2cb6 2.2.1
2025-12-17T19:10:02.9944915Z === updating zcbor (modules/lib/zcbor):
2025-12-17T19:10:03.0149688Z HEAD is now at 67fd8bb Update version from 0.6.99 to 0.7.0
2025-12-17T19:10:03.0486966Z ##[group]Run west zephyr-export
2025-12-17T19:10:03.0487282Z [36;1mwest zephyr-export[0m
2025-12-17T19:10:03.0487635Z shell: sh -e {0}
2025-12-17T19:10:03.0487815Z env:
2025-12-17T19:10:03.0488023Z   build_dir: /tmp/tmp.8JlMZEtSz4
2025-12-17T19:10:03.0488305Z   base_dir: /tmp/zmk-config
2025-12-17T19:10:03.0488511Z   zephyr_version: 4.1.0
2025-12-17T19:10:03.0488715Z   extra_west_args: 
2025-12-17T19:10:03.0489066Z   extra_cmake_args: -DSHIELD="nice_view_custom" -DZMK_EXTRA_MODULES='/__w/zmk-sofle/zmk-sofle'
2025-12-17T19:10:03.0489516Z   display_name: nice_view_custom - eyelash_sofle_right
2025-12-17T19:10:03.0489852Z   artifact_name: nice_view_custom-eyelash_sofle_right-zmk
2025-12-17T19:10:03.0490140Z ##[endgroup]
2025-12-17T19:10:03.6345884Z Zephyr (/tmp/zmk-config/zephyr/share/zephyr-package/cmake)
2025-12-17T19:10:03.6346559Z has been added to the user package registry in:
2025-12-17T19:10:03.6347073Z ~/.cmake/packages/Zephyr
2025-12-17T19:10:03.6347312Z 
2025-12-17T19:10:03.9166426Z ZephyrUnittest (/tmp/zmk-config/zephyr/share/zephyrunittest-package/cmake)
2025-12-17T19:10:03.9167133Z has been added to the user package registry in:
2025-12-17T19:10:03.9167560Z ~/.cmake/packages/ZephyrUnittest
2025-12-17T19:10:03.9167801Z 
2025-12-17T19:10:03.9495080Z ##[group]Run west build -s zmk/app -d "/tmp/tmp.8JlMZEtSz4" -b "eyelash_sofle_right"  -- -DZMK_CONFIG=/tmp/zmk-config/config -DSHIELD="nice_view_custom" -DZMK_EXTRA_MODULES='/__w/zmk-sofle/zmk-sofle' 
2025-12-17T19:10:03.9496298Z [36;1mwest build -s zmk/app -d "/tmp/tmp.8JlMZEtSz4" -b "eyelash_sofle_right"  -- -DZMK_CONFIG=/tmp/zmk-config/config -DSHIELD="nice_view_custom" -DZMK_EXTRA_MODULES='/__w/zmk-sofle/zmk-sofle' [0m
2025-12-17T19:10:03.9497099Z shell: sh -x {0}
2025-12-17T19:10:03.9497277Z env:
2025-12-17T19:10:03.9497453Z   build_dir: /tmp/tmp.8JlMZEtSz4
2025-12-17T19:10:03.9497688Z   base_dir: /tmp/zmk-config
2025-12-17T19:10:03.9497891Z   zephyr_version: 4.1.0
2025-12-17T19:10:03.9498082Z   extra_west_args: 
2025-12-17T19:10:03.9498425Z   extra_cmake_args: -DSHIELD="nice_view_custom" -DZMK_EXTRA_MODULES='/__w/zmk-sofle/zmk-sofle'
2025-12-17T19:10:03.9498858Z   display_name: nice_view_custom - eyelash_sofle_right
2025-12-17T19:10:03.9499240Z   artifact_name: nice_view_custom-eyelash_sofle_right-zmk
2025-12-17T19:10:03.9499707Z ##[endgroup]
2025-12-17T19:10:04.0116963Z + west build -s zmk/app -d /tmp/tmp.8JlMZEtSz4 -b eyelash_sofle_right -- -DZMK_CONFIG=/tmp/zmk-config/config -DSHIELD=nice_view_custom -DZMK_EXTRA_MODULES=/__w/zmk-sofle/zmk-sofle
2025-12-17T19:10:04.2271059Z -- west build: generating a build system
2025-12-17T19:10:04.5209455Z Loading Zephyr default modules (Zephyr base).
2025-12-17T19:10:04.5210612Z -- Application: /tmp/zmk-config/zmk/app
2025-12-17T19:10:04.5211290Z -- CMake version: 3.31.6
2025-12-17T19:10:04.6434716Z -- Found Python3: /usr/bin/python3 (found suitable version "3.12.3", minimum required is "3.8") found components: Interpreter
2025-12-17T19:10:04.6567388Z -- Cache files will be written to: /tmp/zmk-config/zephyr/.cache
2025-12-17T19:10:04.6631478Z -- Zephyr version: 3.5.0 (/tmp/zmk-config/zephyr)
2025-12-17T19:10:04.7327301Z -- Found west (found suitable version "1.5.0", minimum required is "0.14.0")
2025-12-17T19:10:05.2674768Z -- Adding /tmp/zmk-config/mario-peripheral-animation/boards/shields/nice_view_custom
2025-12-17T19:10:05.2801948Z -- ZMK Config directory: /tmp/zmk-config/config
2025-12-17T19:10:05.2804632Z -- ZMK Config Kconfig: /tmp/zmk-config/config/eyelash_sofle.conf
2025-12-17T19:10:05.2806023Z -- Using keymap file: /tmp/zmk-config/config/eyelash_sofle_right.keymap
2025-12-17T19:10:05.2809378Z -- Using keymap file: /tmp/zmk-config/config/eyelash_sofle_right.keymap
2025-12-17T19:10:05.2880749Z -- Board: eyelash_sofle_right
2025-12-17T19:10:05.2921428Z -- Shield(s): nice_view_custom
2025-12-17T19:10:05.4551136Z -- ZEPHYR_TOOLCHAIN_VARIANT not set, trying to locate Zephyr SDK
2025-12-17T19:10:05.4576415Z -- Found host-tools: zephyr 0.16.9 (/opt/zephyr-sdk-0.16.9)
2025-12-17T19:10:05.4584750Z -- Found toolchain: zephyr 0.16.9 (/opt/zephyr-sdk-0.16.9)
2025-12-17T19:10:05.4627291Z -- Found Dtc: /opt/zephyr-sdk-0.16.9/sysroots/x86_64-pokysdk-linux/usr/bin/dtc (found suitable version "1.6.0", minimum required is "1.4.6")
2025-12-17T19:10:05.4631977Z -- Found BOARD.dts: /tmp/zmk-config/eyelash_sofle/boards/arm/eyelash_sofle/eyelash_sofle_right.dts
2025-12-17T19:10:05.4634131Z -- Found devicetree overlay: /tmp/zmk-config/mario-peripheral-animation/boards/shields/nice_view_custom/nice_view_custom.overlay
2025-12-17T19:10:05.4635372Z -- Found devicetree overlay: /tmp/zmk-config/config/eyelash_sofle_right.keymap
2025-12-17T19:10:05.6365647Z devicetree error: /tmp/zmk-config/config/eyelash_sofle.keymap:736 (column 5): parse error: expected '{', '=', or ';'
2025-12-17T19:10:05.6493932Z CMake Error at /tmp/zmk-config/zephyr/cmake/modules/dts.cmake:279 (message):
2025-12-17T19:10:05.6494692Z   gen_defines.py failed with return code: 1
2025-12-17T19:10:05.6495178Z Call Stack (most recent call first):
2025-12-17T19:10:05.6495830Z   /tmp/zmk-config/zephyr/cmake/modules/zephyr_default.cmake:129 (include)
2025-12-17T19:10:05.6496777Z   /tmp/zmk-config/zephyr/share/zephyr-package/cmake/ZephyrConfig.cmake:66 (include)
2025-12-17T19:10:05.6498381Z   /tmp/zmk-config/zephyr/share/zephyr-package/cmake/ZephyrConfig.cmake:92 (include_boilerplate)
2025-12-17T19:10:05.6499126Z   CMakeLists.txt:9 (find_package)
2025-12-17T19:10:05.6499327Z 
2025-12-17T19:10:05.6499331Z 
2025-12-17T19:10:05.6502034Z -- In: /tmp/tmp.8JlMZEtSz4/zephyr, command: /usr/bin/python3;/tmp/zmk-config/zephyr/scripts/dts/gen_defines.py;--dts;/tmp/tmp.8JlMZEtSz4/zephyr/zephyr.dts.pre;--dtc-flags;'';--bindings-dirs;/tmp/zmk-config/zmk/app/module/dts/bindings;/tmp/zmk-config/zmk/app/dts/bindings;/tmp/zmk-config/zephyr/dts/bindings;--header-out;/tmp/tmp.8JlMZEtSz4/zephyr/include/generated/devicetree_generated.h.new;--dts-out;/tmp/tmp.8JlMZEtSz4/zephyr/zephyr.dts.new;--edt-pickle-out;/tmp/tmp.8JlMZEtSz4/zephyr/edt.pickle;--vendor-prefixes;/tmp/zmk-config/zmk/app/dts/bindings/vendor-prefixes.txt;--vendor-prefixes;/tmp/zmk-config/zephyr/dts/bindings/vendor-prefixes.txt
2025-12-17T19:10:05.6504909Z -- Configuring incomplete, errors occurred!
2025-12-17T19:10:05.6531268Z FATAL ERROR: command exited with status 1: /usr/local/bin/cmake -DWEST_PYTHON=/usr/bin/python3 -B/tmp/tmp.8JlMZEtSz4 -GNinja -DBOARD=eyelash_sofle_right -DZMK_CONFIG=/tmp/zmk-config/config -DSHIELD=nice_view_custom -DZMK_EXTRA_MODULES=/__w/zmk-sofle/zmk-sofle -S/tmp/zmk-config/zmk/app
2025-12-17T19:10:05.6819660Z ##[error]Process completed with exit code 1.
2025-12-17T19:10:05.6872588Z ##[group]Run if [ -f "/tmp/tmp.8JlMZEtSz4/zephyr/.config" ]
2025-12-17T19:10:05.6873010Z [36;1mif [ -f "/tmp/tmp.8JlMZEtSz4/zephyr/.config" ][0m
2025-12-17T19:10:05.6873603Z [36;1mthen[0m
2025-12-17T19:10:05.6873867Z [36;1m  grep -v -e "^#" -e "^$" "/tmp/tmp.8JlMZEtSz4/zephyr/.config" | sort[0m
2025-12-17T19:10:05.6874165Z [36;1melse[0m
2025-12-17T19:10:05.6874351Z [36;1m  echo "No Kconfig output"[0m
2025-12-17T19:10:05.6874570Z [36;1mfi[0m
2025-12-17T19:10:05.6874813Z shell: sh -e {0}
2025-12-17T19:10:05.6874985Z env:
2025-12-17T19:10:05.6875158Z   build_dir: /tmp/tmp.8JlMZEtSz4
2025-12-17T19:10:05.6875384Z   base_dir: /tmp/zmk-config
2025-12-17T19:10:05.6875608Z   zephyr_version: 4.1.0
2025-12-17T19:10:05.6875793Z   extra_west_args: 
2025-12-17T19:10:05.6876135Z   extra_cmake_args: -DSHIELD="nice_view_custom" -DZMK_EXTRA_MODULES='/__w/zmk-sofle/zmk-sofle'
2025-12-17T19:10:05.6876575Z   display_name: nice_view_custom - eyelash_sofle_right
2025-12-17T19:10:05.6876950Z   artifact_name: nice_view_custom-eyelash_sofle_right-zmk
2025-12-17T19:10:05.6877231Z ##[endgroup]
2025-12-17T19:10:05.7395905Z No Kconfig output
2025-12-17T19:10:05.7452402Z ##[group]Run if [ -f "/tmp/tmp.8JlMZEtSz4/zephyr/zephyr.dts" ]
2025-12-17T19:10:05.7452854Z [36;1mif [ -f "/tmp/tmp.8JlMZEtSz4/zephyr/zephyr.dts" ][0m
2025-12-17T19:10:05.7453860Z [36;1mthen[0m
2025-12-17T19:10:05.7454183Z [36;1m  cat "/tmp/tmp.8JlMZEtSz4/zephyr/zephyr.dts"[0m
2025-12-17T19:10:05.7454544Z [36;1melif [ -f "/tmp/tmp.8JlMZEtSz4/zephyr/zephyr.dts.pre" ][0m
2025-12-17T19:10:05.7454848Z [36;1mthen[0m
2025-12-17T19:10:05.7455092Z [36;1m  cat -s "/tmp/tmp.8JlMZEtSz4/zephyr/zephyr.dts.pre"[0m
2025-12-17T19:10:05.7455386Z [36;1melse[0m
2025-12-17T19:10:05.7455578Z [36;1m  echo "No Devicetree output"[0m
2025-12-17T19:10:05.7455814Z [36;1mfi[0m
2025-12-17T19:10:05.7456098Z shell: sh -e {0}
2025-12-17T19:10:05.7456279Z env:
2025-12-17T19:10:05.7456456Z   build_dir: /tmp/tmp.8JlMZEtSz4
2025-12-17T19:10:05.7456689Z   base_dir: /tmp/zmk-config
2025-12-17T19:10:05.7456898Z   zephyr_version: 4.1.0
2025-12-17T19:10:05.7457095Z   extra_west_args: 
2025-12-17T19:10:05.7457467Z   extra_cmake_args: -DSHIELD="nice_view_custom" -DZMK_EXTRA_MODULES='/__w/zmk-sofle/zmk-sofle'
2025-12-17T19:10:05.7457916Z   display_name: nice_view_custom - eyelash_sofle_right
2025-12-17T19:10:05.7458255Z   artifact_name: nice_view_custom-eyelash_sofle_right-zmk
2025-12-17T19:10:05.7458543Z ##[endgroup]
2025-12-17T19:10:05.7997975Z # 0 "/tmp/zmk-config/zephyr/misc/empty_file.c"
2025-12-17T19:10:05.7998827Z # 0 "<built-in>"
2025-12-17T19:10:05.7999166Z # 0 "<command-line>"
2025-12-17T19:10:05.7999829Z # 1 "/tmp/zmk-config/eyelash_sofle/boards/arm/eyelash_sofle/eyelash_sofle_right.dts" 1
2025-12-17T19:10:05.8000457Z 
2025-12-17T19:10:05.8000838Z # 1 "/tmp/zmk-config/eyelash_sofle/boards/arm/eyelash_sofle/eyelash_sofle.dtsi" 1
2025-12-17T19:10:05.8001365Z 
2025-12-17T19:10:05.8001444Z /dts-v1/;
2025-12-17T19:10:05.8001846Z # 1 "/tmp/zmk-config/zephyr/dts/arm/nordic/nrf52840_qiaa.dtsi" 1 3 4
2025-12-17T19:10:05.8002301Z 
2025-12-17T19:10:05.8002528Z # 1 "/tmp/zmk-config/zephyr/dts/common/mem.h" 1 3 4
2025-12-17T19:10:05.8003319Z # 8 "/tmp/zmk-config/zephyr/dts/arm/nordic/nrf52840_qiaa.dtsi" 2 3 4
2025-12-17T19:10:05.8004368Z # 1 "/tmp/zmk-config/zephyr/dts/arm/nordic/nrf52840.dtsi" 1 3 4
2025-12-17T19:10:05.8006481Z 
2025-12-17T19:10:05.8006731Z # 1 "/tmp/zmk-config/zephyr/dts/arm/armv7-m.dtsi" 1 3 4
2025-12-17T19:10:05.8007268Z 
2025-12-17T19:10:05.8007618Z # 1 "/tmp/zmk-config/zephyr/dts/common/skeleton.dtsi" 1 3 4
2025-12-17T19:10:05.8011700Z # 9 "/tmp/zmk-config/zephyr/dts/common/skeleton.dtsi" 3 4
2025-12-17T19:10:05.8012185Z / {
2025-12-17T19:10:05.8012832Z  #address-cells = <1>;
2025-12-17T19:10:05.8013583Z  #size-cells = <1>;
2025-12-17T19:10:05.8013996Z  chosen { };
2025-12-17T19:10:05.8014265Z  aliases { };
2025-12-17T19:10:05.8014545Z };
2025-12-17T19:10:05.8015644Z # 4 "/tmp/zmk-config/zephyr/dts/arm/armv7-m.dtsi" 2 3 4
2025-12-17T19:10:05.8016389Z 
2025-12-17T19:10:05.8016519Z / {
2025-12-17T19:10:05.8016798Z  soc {
2025-12-17T19:10:05.8019074Z   #address-cells = <1>;
2025-12-17T19:10:05.8019746Z   #size-cells = <1>;
2025-12-17T19:10:05.8020119Z   compatible = "simple-bus";
2025-12-17T19:10:05.8020521Z   interrupt-parent = <&nvic>;
2025-12-17T19:10:05.8020890Z   ranges;
2025-12-17T19:10:05.8021041Z 
2025-12-17T19:10:05.8021195Z   nvic: interrupt-controller@e000e100 {
2025-12-17T19:10:05.8021602Z    #address-cells = <1>;
2025-12-17T19:10:05.8021946Z    compatible = "arm,v7m-nvic";
2025-12-17T19:10:05.8022342Z    reg = <0xe000e100 0xc00>;
2025-12-17T19:10:05.8022694Z    interrupt-controller;
2025-12-17T19:10:05.8023048Z    #interrupt-cells = <2>;
2025-12-17T19:10:05.8023555Z   };
2025-12-17T19:10:05.8023698Z 
2025-12-17T19:10:05.8023830Z   systick: timer@e000e010 {
2025-12-17T19:10:05.8024199Z    compatible = "arm,armv7m-systick";
2025-12-17T19:10:05.8024597Z    reg = <0xe000e010 0x10>;
2025-12-17T19:10:05.8024923Z   };
2025-12-17T19:10:05.8025154Z  };
2025-12-17T19:10:05.8025394Z };
2025-12-17T19:10:05.8025776Z # 4 "/tmp/zmk-config/zephyr/dts/arm/nordic/nrf52840.dtsi" 2 3 4
2025-12-17T19:10:05.8026734Z # 1 "/tmp/zmk-config/zephyr/dts/arm/nordic/nrf_common.dtsi" 1 3 4
2025-12-17T19:10:05.8027135Z 
2025-12-17T19:10:05.8027409Z # 1 "/tmp/zmk-config/zephyr/include/zephyr/dt-bindings/adc/adc.h" 1 3 4
2025-12-17T19:10:05.8028044Z # 8 "/tmp/zmk-config/zephyr/dts/arm/nordic/nrf_common.dtsi" 2 3 4
2025-12-17T19:10:05.8028729Z # 1 "/tmp/zmk-config/zephyr/include/zephyr/dt-bindings/adc/nrf-adc.h" 1 3 4
2025-12-17T19:10:05.8029475Z # 10 "/tmp/zmk-config/zephyr/include/zephyr/dt-bindings/adc/nrf-adc.h" 3 4
2025-12-17T19:10:05.8030179Z # 1 "/tmp/zmk-config/zephyr/include/zephyr/dt-bindings/dt-util.h" 1 3 4
2025-12-17T19:10:05.8030857Z # 19 "/tmp/zmk-config/zephyr/include/zephyr/dt-bindings/dt-util.h" 3 4
2025-12-17T19:10:05.8031509Z # 1 "/tmp/zmk-config/zephyr/include/zephyr/sys/util_macro.h" 1 3 4
2025-12-17T19:10:05.8032142Z # 34 "/tmp/zmk-config/zephyr/include/zephyr/sys/util_macro.h" 3 4
2025-12-17T19:10:05.8032799Z # 1 "/tmp/zmk-config/zephyr/include/zephyr/sys/util_internal.h" 1 3 4
2025-12-17T19:10:05.8033778Z # 18 "/tmp/zmk-config/zephyr/include/zephyr/sys/util_internal.h" 3 4
2025-12-17T19:10:05.8034484Z # 1 "/tmp/zmk-config/zephyr/include/zephyr/sys/util_loops.h" 1 3 4
2025-12-17T19:10:05.8035152Z # 1083 "/tmp/zmk-config/zephyr/include/zephyr/sys/util_loops.h" 3 4
2025-12-17T19:10:05.8035837Z # 1 "/tmp/zmk-config/zephyr/include/zephyr/sys/util_listify.h" 1 3 4
2025-12-17T19:10:05.8036498Z # 1084 "/tmp/zmk-config/zephyr/include/zephyr/sys/util_loops.h" 2 3 4
2025-12-17T19:10:05.8037385Z # 19 "/tmp/zmk-config/zephyr/include/zephyr/sys/util_internal.h" 2 3 4
2025-12-17T19:10:05.8038131Z # 153 "/tmp/zmk-config/zephyr/include/zephyr/sys/util_internal.h" 3 4
2025-12-17T19:10:05.8038934Z # 1 "/tmp/zmk-config/zephyr/include/zephyr/sys/util_internal_is_eq.h" 1 3 4
2025-12-17T19:10:05.8039700Z # 154 "/tmp/zmk-config/zephyr/include/zephyr/sys/util_internal.h" 2 3 4
2025-12-17T19:10:05.8040217Z # 184 "/tmp/zmk-config/zephyr/include/zephyr/sys/util_internal.h" 3 4
2025-12-17T19:10:05.8040678Z # 1 "/tmp/zmk-config/zephyr/include/zephyr/sys/util_internal_util_inc.h" 1 3 4
2025-12-17T19:10:05.8041142Z # 185 "/tmp/zmk-config/zephyr/include/zephyr/sys/util_internal.h" 2 3 4
2025-12-17T19:10:05.8041401Z 
2025-12-17T19:10:05.8041593Z # 1 "/tmp/zmk-config/zephyr/include/zephyr/sys/util_internal_util_dec.h" 1 3 4
2025-12-17T19:10:05.8042029Z # 188 "/tmp/zmk-config/zephyr/include/zephyr/sys/util_internal.h" 2 3 4
2025-12-17T19:10:05.8042296Z 
2025-12-17T19:10:05.8042492Z # 1 "/tmp/zmk-config/zephyr/include/zephyr/sys/util_internal_util_x2.h" 1 3 4
2025-12-17T19:10:05.8043308Z # 191 "/tmp/zmk-config/zephyr/include/zephyr/sys/util_internal.h" 2 3 4
2025-12-17T19:10:05.8043878Z # 35 "/tmp/zmk-config/zephyr/include/zephyr/sys/util_macro.h" 2 3 4
2025-12-17T19:10:05.8044288Z # 20 "/tmp/zmk-config/zephyr/include/zephyr/dt-bindings/dt-util.h" 2 3 4
2025-12-17T19:10:05.8044714Z # 11 "/tmp/zmk-config/zephyr/include/zephyr/dt-bindings/adc/nrf-adc.h" 2 3 4
2025-12-17T19:10:05.8045158Z # 9 "/tmp/zmk-config/zephyr/dts/arm/nordic/nrf_common.dtsi" 2 3 4
2025-12-17T19:10:05.8045579Z # 1 "/tmp/zmk-config/zephyr/include/zephyr/dt-bindings/gpio/gpio.h" 1 3 4
2025-12-17T19:10:05.8045997Z # 10 "/tmp/zmk-config/zephyr/dts/arm/nordic/nrf_common.dtsi" 2 3 4
2025-12-17T19:10:05.8046384Z # 1 "/tmp/zmk-config/zephyr/include/zephyr/dt-bindings/i2c/i2c.h" 1 3 4
2025-12-17T19:10:05.8046771Z # 11 "/tmp/zmk-config/zephyr/dts/arm/nordic/nrf_common.dtsi" 2 3 4
2025-12-17T19:10:05.8047223Z # 1 "/tmp/zmk-config/zephyr/include/zephyr/dt-bindings/pinctrl/nrf-pinctrl.h" 1 3 4
2025-12-17T19:10:05.8047681Z # 12 "/tmp/zmk-config/zephyr/dts/arm/nordic/nrf_common.dtsi" 2 3 4
2025-12-17T19:10:05.8048103Z # 1 "/tmp/zmk-config/zephyr/include/zephyr/dt-bindings/pwm/pwm.h" 1 3 4
2025-12-17T19:10:05.8048504Z # 13 "/tmp/zmk-config/zephyr/dts/arm/nordic/nrf_common.dtsi" 2 3 4
2025-12-17T19:10:05.8048731Z 
2025-12-17T19:10:05.8048851Z # 1 "/tmp/zmk-config/zephyr/dts/common/freq.h" 1 3 4
2025-12-17T19:10:05.8049181Z # 15 "/tmp/zmk-config/zephyr/dts/arm/nordic/nrf_common.dtsi" 2 3 4
2025-12-17T19:10:05.8049706Z # 1 "/tmp/zmk-config/zephyr/dts/arm/nordic/override.dtsi" 1 3 4
2025-12-17T19:10:05.8050078Z # 16 "/tmp/zmk-config/zephyr/dts/arm/nordic/nrf_common.dtsi" 2 3 4
2025-12-17T19:10:05.8050441Z # 24 "/tmp/zmk-config/zephyr/dts/arm/nordic/nrf_common.dtsi" 3 4
2025-12-17T19:10:05.8050727Z / {
2025-12-17T19:10:05.8050906Z  pinctrl: pin-controller {
2025-12-17T19:10:05.8051057Z 
2025-12-17T19:10:05.8051159Z   compatible = "nordic,nrf-pinctrl";
2025-12-17T19:10:05.8051386Z  };
2025-12-17T19:10:05.8051476Z 
2025-12-17T19:10:05.8051552Z  rng_hci: entropy_bt_hci {
2025-12-17T19:10:05.8051786Z   compatible = "zephyr,bt-hci-entropy";
2025-12-17T19:10:05.8052287Z   status = "okay";
2025-12-17T19:10:05.8052456Z  };
2025-12-17T19:10:05.8052538Z 
2025-12-17T19:10:05.8052616Z  sw_pwm: sw-pwm {
2025-12-17T19:10:05.8052809Z   compatible = "nordic,nrf-sw-pwm";
2025-12-17T19:10:05.8053039Z   status = "disabled";
2025-12-17T19:10:05.8053454Z   generator = <&timer1>;
2025-12-17T19:10:05.8053670Z   clock-prescaler = <0>;
2025-12-17T19:10:05.8053869Z   #pwm-cells = <3>;
2025-12-17T19:10:05.8054038Z  };
2025-12-17T19:10:05.8054183Z };
2025-12-17T19:10:05.8054265Z 
2025-12-17T19:10:05.8054331Z &systick {
2025-12-17T19:10:05.8054428Z 
2025-12-17T19:10:05.8054500Z  status = "disabled";
2025-12-17T19:10:05.8054680Z };
2025-12-17T19:10:05.8054915Z # 5 "/tmp/zmk-config/zephyr/dts/arm/nordic/nrf52840.dtsi" 2 3 4
2025-12-17T19:10:05.8055150Z 
2025-12-17T19:10:05.8055236Z / {
2025-12-17T19:10:05.8055386Z  chosen {
2025-12-17T19:10:05.8055553Z   zephyr,entropy = &rng;
2025-12-17T19:10:05.8055803Z   zephyr,flash-controller = &flash_controller;
2025-12-17T19:10:05.8056055Z  };
2025-12-17T19:10:05.8056136Z 
2025-12-17T19:10:05.8056199Z  cpus {
2025-12-17T19:10:05.8056365Z   #address-cells = <1>;
2025-12-17T19:10:05.8056561Z   #size-cells = <0>;
2025-12-17T19:10:05.8056674Z 
2025-12-17T19:10:05.8056739Z   cpu@0 {
2025-12-17T19:10:05.8056904Z    device_type = "cpu";
2025-12-17T19:10:05.8057111Z    compatible = "arm,cortex-m4f";
2025-12-17T19:10:05.8057329Z    reg = <0>;
2025-12-17T19:10:05.8057501Z    #address-cells = <1>;
2025-12-17T19:10:05.8057695Z    #size-cells = <1>;
2025-12-17T19:10:05.8057811Z 
2025-12-17T19:10:05.8057880Z    itm: itm@e0000000 {
2025-12-17T19:10:05.8058078Z     compatible = "arm,armv7m-itm";
2025-12-17T19:10:05.8058304Z     reg = <0xe0000000 0x1000>;
2025-12-17T19:10:05.8058518Z     swo-ref-frequency = <32000000>;
2025-12-17T19:10:05.8058730Z    };
2025-12-17T19:10:05.8058877Z   };
2025-12-17T19:10:05.8059020Z  };
2025-12-17T19:10:05.8059101Z 
2025-12-17T19:10:05.8059340Z  soc {
2025-12-17T19:10:05.8059496Z   ficr: ficr@10000000 {
2025-12-17T19:10:05.8059698Z    compatible = "nordic,nrf-ficr";
2025-12-17T19:10:05.8059919Z    reg = <0x10000000 0x1000>;
2025-12-17T19:10:05.8060120Z    status = "okay";
2025-12-17T19:10:05.8060286Z   };
2025-12-17T19:10:05.8060368Z 
2025-12-17T19:10:05.8060437Z   uicr: uicr@10001000 {
2025-12-17T19:10:05.8060635Z    compatible = "nordic,nrf-uicr";
2025-12-17T19:10:05.8060860Z    reg = <0x10001000 0x1000>;
2025-12-17T19:10:05.8061055Z    status = "okay";
2025-12-17T19:10:05.8061220Z   };
2025-12-17T19:10:05.8061300Z 
2025-12-17T19:10:05.8061384Z   sram0: memory@20000000 {
2025-12-17T19:10:05.8061589Z    compatible = "mmio-sram";
2025-12-17T19:10:05.8061787Z   };
2025-12-17T19:10:05.8061873Z 
2025-12-17T19:10:05.8061947Z   clock: clock@40000000 {
2025-12-17T19:10:05.8062158Z    compatible = "nordic,nrf-clock";
2025-12-17T19:10:05.8062381Z    reg = <0x40000000 0x1000>;
2025-12-17T19:10:05.8062582Z    interrupts = <0 1>;
2025-12-17T19:10:05.8062794Z    status = "okay";
2025-12-17T19:10:05.8062964Z   };
2025-12-17T19:10:05.8063046Z 
2025-12-17T19:10:05.8063316Z   power: power@40000000 {
2025-12-17T19:10:05.8063541Z    compatible = "nordic,nrf-power";
2025-12-17T19:10:05.8063768Z    reg = <0x40000000 0x1000>;
2025-12-17T19:10:05.8063967Z    interrupts = <0 1>;
2025-12-17T19:10:05.8064144Z    status = "okay";
2025-12-17T19:10:05.8064318Z    #address-cells = <1>;
2025-12-17T19:10:05.8064636Z    #size-cells = <1>;
2025-12-17T19:10:05.8064764Z 
2025-12-17T19:10:05.8064847Z    gpregret1: gpregret1@4000051c {
2025-12-17T19:10:05.8065074Z     #address-cells = <1>;
2025-12-17T19:10:05.8065280Z     #size-cells = <1>;
2025-12-17T19:10:05.8065482Z     compatible = "nordic,nrf-gpregret";
2025-12-17T19:10:05.8065724Z     reg = <0x4000051c 0x1>;
2025-12-17T19:10:05.8065920Z     status = "okay";
2025-12-17T19:10:05.8066091Z    };
2025-12-17T19:10:05.8066187Z 
2025-12-17T19:10:05.8066265Z    gpregret2: gpregret2@40000520 {
2025-12-17T19:10:05.8066491Z     #address-cells = <1>;
2025-12-17T19:10:05.8066691Z     #size-cells = <1>;
2025-12-17T19:10:05.8066888Z     compatible = "nordic,nrf-gpregret";
2025-12-17T19:10:05.8067124Z     reg = <0x40000520 0x1>;
2025-12-17T19:10:05.8067316Z     status = "okay";
2025-12-17T19:10:05.8067479Z    };
2025-12-17T19:10:05.8067623Z   };
2025-12-17T19:10:05.8067704Z 
2025-12-17T19:10:05.8067779Z   radio: radio@40001000 {
2025-12-17T19:10:05.8067987Z    compatible = "nordic,nrf-radio";
2025-12-17T19:10:05.8068216Z    reg = <0x40001000 0x1000>;
2025-12-17T19:10:05.8068415Z    interrupts = <1 1>;
2025-12-17T19:10:05.8068593Z    status = "okay";
2025-12-17T19:10:05.8068773Z    ieee802154-supported;
2025-12-17T19:10:05.8068975Z    ble-2mbps-supported;
2025-12-17T19:10:05.8069173Z    ble-coded-phy-supported;
2025-12-17T19:10:05.8069393Z    tx-high-power-supported;
2025-12-17T19:10:05.8069527Z 
2025-12-17T19:10:05.8069604Z    ieee802154: ieee802154 {
2025-12-17T19:10:05.8069812Z     compatible = "nordic,nrf-ieee802154";
2025-12-17T19:10:05.8070061Z     status = "disabled";
2025-12-17T19:10:05.8070242Z    };
2025-12-17T19:10:05.8070387Z   };
2025-12-17T19:10:05.8070468Z 
2025-12-17T19:10:05.8070540Z   uart0: uart@40002000 {
2025-12-17T19:10:05.8070660Z 
2025-12-17T19:10:05.8070743Z    compatible = "nordic,nrf-uarte";
2025-12-17T19:10:05.8070970Z    reg = <0x40002000 0x1000>;
2025-12-17T19:10:05.8071164Z    interrupts = <2 1>;
2025-12-17T19:10:05.8071348Z    status = "disabled";
2025-12-17T19:10:05.8071530Z   };
2025-12-17T19:10:05.8071611Z 
2025-12-17T19:10:05.8071678Z   i2c0: i2c@40003000 {
2025-12-17T19:10:05.8071796Z 
2025-12-17T19:10:05.8071880Z    compatible = "nordic,nrf-twim";
2025-12-17T19:10:05.8072108Z    #address-cells = <1>;
2025-12-17T19:10:05.8072296Z    #size-cells = <0>;
2025-12-17T19:10:05.8072480Z    reg = <0x40003000 0x1000>;
2025-12-17T19:10:05.8072691Z    clock-frequency = <100000>;
2025-12-17T19:10:05.8072904Z    interrupts = <3 1>;
2025-12-17T19:10:05.8073096Z    easydma-maxcnt-bits = <16>;
2025-12-17T19:10:05.8073660Z    status = "disabled";
2025-12-17T19:10:05.8073843Z   };
2025-12-17T19:10:05.8073925Z 
2025-12-17T19:10:05.8073994Z   spi0: spi@40003000 {
2025-12-17T19:10:05.8074111Z 
2025-12-17T19:10:05.8074198Z    compatible = "nordic,nrf-spim";
2025-12-17T19:10:05.8074427Z    #address-cells = <1>;
2025-12-17T19:10:05.8074617Z    #size-cells = <0>;
2025-12-17T19:10:05.8074800Z    reg = <0x40003000 0x1000>;
2025-12-17T19:10:05.8075004Z    interrupts = <3 1>;
2025-12-17T19:10:05.8075204Z    max-frequency = <((8) * 1000 * 1000)>;
2025-12-17T19:10:05.8075452Z    easydma-maxcnt-bits = <16>;
2025-12-17T19:10:05.8075669Z    status = "disabled";
2025-12-17T19:10:05.8075845Z   };
2025-12-17T19:10:05.8075934Z 
2025-12-17T19:10:05.8076000Z   i2c1: i2c@40004000 {
2025-12-17T19:10:05.8076117Z 
2025-12-17T19:10:05.8076198Z    compatible = "nordic,nrf-twim";
2025-12-17T19:10:05.8076428Z    #address-cells = <1>;
2025-12-17T19:10:05.8076616Z    #size-cells = <0>;
2025-12-17T19:10:05.8076797Z    reg = <0x40004000 0x1000>;
2025-12-17T19:10:05.8077007Z    clock-frequency = <100000>;
2025-12-17T19:10:05.8077207Z    interrupts = <4 1>;
2025-12-17T19:10:05.8077398Z    easydma-maxcnt-bits = <16>;
2025-12-17T19:10:05.8077606Z    status = "disabled";
2025-12-17T19:10:05.8077774Z   };
2025-12-17T19:10:05.8077859Z 
2025-12-17T19:10:05.8077927Z   spi1: spi@40004000 {
2025-12-17T19:10:05.8078036Z 
2025-12-17T19:10:05.8078126Z    compatible = "nordic,nrf-spim";
2025-12-17T19:10:05.8078468Z    #address-cells = <1>;
2025-12-17T19:10:05.8078668Z    #size-cells = <0>;
2025-12-17T19:10:05.8078849Z    reg = <0x40004000 0x1000>;
2025-12-17T19:10:05.8079047Z    interrupts = <4 1>;
2025-12-17T19:10:05.8079234Z    max-frequency = <((8) * 1000 * 1000)>;
2025-12-17T19:10:05.8079476Z    easydma-maxcnt-bits = <16>;
2025-12-17T19:10:05.8079686Z    status = "disabled";
2025-12-17T19:10:05.8079855Z   };
2025-12-17T19:10:05.8079943Z 
2025-12-17T19:10:05.8080013Z   nfct: nfct@40005000 {
2025-12-17T19:10:05.8080210Z    compatible = "nordic,nrf-nfct";
2025-12-17T19:10:05.8080427Z    reg = <0x40005000 0x1000>;
2025-12-17T19:10:05.8080626Z    interrupts = <5 1>;
2025-12-17T19:10:05.8080807Z    status = "okay";
2025-12-17T19:10:05.8080969Z   };
2025-12-17T19:10:05.8081055Z 
2025-12-17T19:10:05.8081131Z   gpiote: gpiote@40006000 {
2025-12-17T19:10:05.8081351Z    compatible = "nordic,nrf-gpiote";
2025-12-17T19:10:05.8081578Z    reg = <0x40006000 0x1000>;
2025-12-17T19:10:05.8081777Z    interrupts = <6 5>;
2025-12-17T19:10:05.8081974Z    status = "disabled";
2025-12-17T19:10:05.8082150Z   };
2025-12-17T19:10:05.8082231Z 
2025-12-17T19:10:05.8082297Z   adc: adc@40007000 {
2025-12-17T19:10:05.8082494Z    compatible = "nordic,nrf-saadc";
2025-12-17T19:10:05.8082717Z    reg = <0x40007000 0x1000>;
2025-12-17T19:10:05.8082912Z    interrupts = <7 1>;
2025-12-17T19:10:05.8083095Z    status = "disabled";
2025-12-17T19:10:05.8083586Z    #io-channel-cells = <1>;
2025-12-17T19:10:05.8083777Z   };
2025-12-17T19:10:05.8083866Z 
2025-12-17T19:10:05.8083940Z   timer0: timer@40008000 {
2025-12-17T19:10:05.8084166Z    compatible = "nordic,nrf-timer";
2025-12-17T19:10:05.8084387Z    status = "disabled";
2025-12-17T19:10:05.8084573Z    reg = <0x40008000 0x1000>;
2025-12-17T19:10:05.8084770Z    cc-num = <4>;
2025-12-17T19:10:05.8084950Z    max-bit-width = <32>;
2025-12-17T19:10:05.8085148Z    interrupts = <8 1>;
2025-12-17T19:10:05.8085335Z    prescaler = <0>;
2025-12-17T19:10:05.8085502Z   };
2025-12-17T19:10:05.8085591Z 
2025-12-17T19:10:05.8085672Z   timer1: timer@40009000 {
2025-12-17T19:10:05.8085894Z    compatible = "nordic,nrf-timer";
2025-12-17T19:10:05.8086125Z    status = "disabled";
2025-12-17T19:10:05.8086307Z    reg = <0x40009000 0x1000>;
2025-12-17T19:10:05.8086503Z    cc-num = <4>;
2025-12-17T19:10:05.8086684Z    max-bit-width = <32>;
2025-12-17T19:10:05.8086877Z    interrupts = <9 1>;
2025-12-17T19:10:05.8087064Z    prescaler = <0>;
2025-12-17T19:10:05.8087230Z   };
2025-12-17T19:10:05.8087312Z 
2025-12-17T19:10:05.8087385Z   timer2: timer@4000a000 {
2025-12-17T19:10:05.8087592Z    compatible = "nordic,nrf-timer";
2025-12-17T19:10:05.8087965Z    status = "disabled";
2025-12-17T19:10:05.8088146Z    reg = <0x4000a000 0x1000>;
2025-12-17T19:10:05.8088341Z    cc-num = <4>;
2025-12-17T19:10:05.8088519Z    max-bit-width = <32>;
2025-12-17T19:10:05.8088706Z    interrupts = <10 1>;
2025-12-17T19:10:05.8088889Z    prescaler = <0>;
2025-12-17T19:10:05.8089055Z   };
2025-12-17T19:10:05.8089136Z 
2025-12-17T19:10:05.8089203Z   rtc0: rtc@4000b000 {
2025-12-17T19:10:05.8089408Z    compatible = "nordic,nrf-rtc";
2025-12-17T19:10:05.8089628Z    reg = <0x4000b000 0x1000>;
2025-12-17T19:10:05.8089823Z    cc-num = <3>;
2025-12-17T19:10:05.8089994Z    interrupts = <11 1>;
2025-12-17T19:10:05.8090183Z    status = "disabled";
2025-12-17T19:10:05.8090375Z    clock-frequency = <32768>;
2025-12-17T19:10:05.8090577Z    prescaler = <1>;
2025-12-17T19:10:05.8090746Z   };
2025-12-17T19:10:05.8090828Z 
2025-12-17T19:10:05.8090906Z   temp: temp@4000c000 {
2025-12-17T19:10:05.8091103Z    compatible = "nordic,nrf-temp";
2025-12-17T19:10:05.8091337Z    reg = <0x4000c000 0x1000>;
2025-12-17T19:10:05.8091541Z    interrupts = <12 1>;
2025-12-17T19:10:05.8091721Z    status = "okay";
2025-12-17T19:10:05.8091891Z   };
2025-12-17T19:10:05.8091972Z 
2025-12-17T19:10:05.8092051Z   rng: random@4000d000 {
2025-12-17T19:10:05.8092250Z    compatible = "nordic,nrf-rng";
2025-12-17T19:10:05.8092471Z    reg = <0x4000d000 0x1000>;
2025-12-17T19:10:05.8092672Z    interrupts = <13 1>;
2025-12-17T19:10:05.8092982Z    status = "okay";
2025-12-17T19:10:05.8093372Z   };
2025-12-17T19:10:05.8093531Z 
2025-12-17T19:10:05.8093760Z   ecb: ecb@4000e000 {
2025-12-17T19:10:05.8094263Z    compatible = "nordic,nrf-ecb";
2025-12-17T19:10:05.8094562Z    reg = <0x4000e000 0x1000>;
2025-12-17T19:10:05.8095022Z    interrupts = <14 1>;
2025-12-17T19:10:05.8095328Z    status = "okay";
2025-12-17T19:10:05.8095591Z   };
2025-12-17T19:10:05.8095690Z 
2025-12-17T19:10:05.8095898Z   ccm: ccm@4000f000 {
2025-12-17T19:10:05.8096199Z    compatible = "nordic,nrf-ccm";
2025-12-17T19:10:05.8096526Z    reg = <0x4000f000 0x1000>;
2025-12-17T19:10:05.8096864Z    interrupts = <15 1>;
2025-12-17T19:10:05.8097131Z    length-field-length-8-bits;
2025-12-17T19:10:05.8097441Z    status = "okay";
2025-12-17T19:10:05.8097751Z   };
2025-12-17T19:10:05.8154718Z 
2025-12-17T19:10:05.8154919Z   wdt: wdt0: watchdog@40010000 {
2025-12-17T19:10:05.8155238Z    compatible = "nordic,nrf-wdt";
2025-12-17T19:10:05.8155479Z    reg = <0x40010000 0x1000>;
2025-12-17T19:10:05.8155725Z    interrupts = <16 1>;
2025-12-17T19:10:05.8155929Z    status = "okay";
2025-12-17T19:10:05.8156101Z   };
2025-12-17T19:10:05.8156190Z 
2025-12-17T19:10:05.8156259Z   rtc1: rtc@40011000 {
2025-12-17T19:10:05.8156462Z    compatible = "nordic,nrf-rtc";
2025-12-17T19:10:05.8156682Z    reg = <0x40011000 0x1000>;
2025-12-17T19:10:05.8156892Z    cc-num = <4>;
2025-12-17T19:10:05.8157071Z    interrupts = <17 1>;
2025-12-17T19:10:05.8157263Z    status = "disabled";
2025-12-17T19:10:05.8157463Z    clock-frequency = <32768>;
2025-12-17T19:10:05.8157687Z    prescaler = <1>;
2025-12-17T19:10:05.8157856Z   };
2025-12-17T19:10:05.8157949Z 
2025-12-17T19:10:05.8158024Z   qdec: qdec0: qdec@40012000 {
2025-12-17T19:10:05.8158253Z    compatible = "nordic,nrf-qdec";
2025-12-17T19:10:05.8158485Z    reg = <0x40012000 0x1000>;
2025-12-17T19:10:05.8158682Z    interrupts = <18 1>;
2025-12-17T19:10:05.8158871Z    status = "disabled";
2025-12-17T19:10:05.8159049Z   };
2025-12-17T19:10:05.8159132Z 
2025-12-17T19:10:05.8159211Z   comp: comparator@40013000 {
2025-12-17T19:10:05.8159355Z 
2025-12-17T19:10:05.8159437Z    compatible = "nordic,nrf-comp";
2025-12-17T19:10:05.8159661Z    reg = <0x40013000 0x1000>;
2025-12-17T19:10:05.8159858Z    interrupts = <19 1>;
2025-12-17T19:10:05.8160045Z    status = "disabled";
2025-12-17T19:10:05.8160238Z    #io-channel-cells = <1>;
2025-12-17T19:10:05.8160430Z   };
2025-12-17T19:10:05.8160519Z 
2025-12-17T19:10:05.8160591Z   egu0: swi0: egu@40014000 {
2025-12-17T19:10:05.8160847Z    compatible = "nordic,nrf-egu", "nordic,nrf-swi";
2025-12-17T19:10:05.8161477Z    reg = <0x40014000 0x1000>;
2025-12-17T19:10:05.8161676Z    interrupts = <20 1>;
2025-12-17T19:10:05.8161865Z    status = "okay";
2025-12-17T19:10:05.8162035Z   };
2025-12-17T19:10:05.8162118Z 
2025-12-17T19:10:05.8162189Z   egu1: swi1: egu@40015000 {
2025-12-17T19:10:05.8162430Z    compatible = "nordic,nrf-egu", "nordic,nrf-swi";
2025-12-17T19:10:05.8162694Z    reg = <0x40015000 0x1000>;
2025-12-17T19:10:05.8162893Z    interrupts = <21 1>;
2025-12-17T19:10:05.8163077Z    status = "okay";
2025-12-17T19:10:05.8163475Z   };
2025-12-17T19:10:05.8163556Z 
2025-12-17T19:10:05.8163628Z   egu2: swi2: egu@40016000 {
2025-12-17T19:10:05.8163868Z    compatible = "nordic,nrf-egu", "nordic,nrf-swi";
2025-12-17T19:10:05.8164130Z    reg = <0x40016000 0x1000>;
2025-12-17T19:10:05.8164324Z    interrupts = <22 1>;
2025-12-17T19:10:05.8164508Z    status = "okay";
2025-12-17T19:10:05.8164672Z   };
2025-12-17T19:10:05.8164751Z 
2025-12-17T19:10:05.8164827Z   egu3: swi3: egu@40017000 {
2025-12-17T19:10:05.8165061Z    compatible = "nordic,nrf-egu", "nordic,nrf-swi";
2025-12-17T19:10:05.8165333Z    reg = <0x40017000 0x1000>;
2025-12-17T19:10:05.8165541Z    interrupts = <23 1>;
2025-12-17T19:10:05.8165722Z    status = "okay";
2025-12-17T19:10:05.8165888Z   };
2025-12-17T19:10:05.8165970Z 
2025-12-17T19:10:05.8166048Z   egu4: swi4: egu@40018000 {
2025-12-17T19:10:05.8166281Z    compatible = "nordic,nrf-egu", "nordic,nrf-swi";
2025-12-17T19:10:05.8166682Z    reg = <0x40018000 0x1000>;
2025-12-17T19:10:05.8166889Z    interrupts = <24 1>;
2025-12-17T19:10:05.8167063Z    status = "okay";
2025-12-17T19:10:05.8167225Z   };
2025-12-17T19:10:05.8167304Z 
2025-12-17T19:10:05.8167381Z   egu5: swi5: egu@40019000 {
2025-12-17T19:10:05.8167610Z    compatible = "nordic,nrf-egu", "nordic,nrf-swi";
2025-12-17T19:10:05.8167865Z    reg = <0x40019000 0x1000>;
2025-12-17T19:10:05.8168061Z    interrupts = <25 1>;
2025-12-17T19:10:05.8168249Z    status = "okay";
2025-12-17T19:10:05.8168417Z   };
2025-12-17T19:10:05.8168507Z 
2025-12-17T19:10:05.8168590Z   timer3: timer@4001a000 {
2025-12-17T19:10:05.8168813Z    compatible = "nordic,nrf-timer";
2025-12-17T19:10:05.8169043Z    status = "disabled";
2025-12-17T19:10:05.8169240Z    reg = <0x4001a000 0x1000>;
2025-12-17T19:10:05.8169447Z    cc-num = <6>;
2025-12-17T19:10:05.8169630Z    max-bit-width = <32>;
2025-12-17T19:10:05.8169834Z    interrupts = <26 1>;
2025-12-17T19:10:05.8170029Z    prescaler = <0>;
2025-12-17T19:10:05.8170202Z   };
2025-12-17T19:10:05.8170295Z 
2025-12-17T19:10:05.8170369Z   timer4: timer@4001b000 {
2025-12-17T19:10:05.8170589Z    compatible = "nordic,nrf-timer";
2025-12-17T19:10:05.8170818Z    status = "disabled";
2025-12-17T19:10:05.8171007Z    reg = <0x4001b000 0x1000>;
2025-12-17T19:10:05.8171211Z    cc-num = <6>;
2025-12-17T19:10:05.8171387Z    max-bit-width = <32>;
2025-12-17T19:10:05.8171589Z    interrupts = <27 1>;
2025-12-17T19:10:05.8171774Z    prescaler = <0>;
2025-12-17T19:10:05.8171947Z   };
2025-12-17T19:10:05.8172030Z 
2025-12-17T19:10:05.8172109Z   pwm0: pwm@4001c000 {
2025-12-17T19:10:05.8172316Z    compatible = "nordic,nrf-pwm";
2025-12-17T19:10:05.8172544Z    reg = <0x4001c000 0x1000>;
2025-12-17T19:10:05.8172745Z    interrupts = <28 1>;
2025-12-17T19:10:05.8172940Z    status = "disabled";
2025-12-17T19:10:05.8173314Z    #pwm-cells = <3>;
2025-12-17T19:10:05.8173573Z   };
2025-12-17T19:10:05.8173665Z 
2025-12-17T19:10:05.8173741Z   pdm0: pdm@4001d000 {
2025-12-17T19:10:05.8173957Z    compatible = "nordic,nrf-pdm";
2025-12-17T19:10:05.8174181Z    reg = <0x4001d000 0x1000>;
2025-12-17T19:10:05.8174432Z    interrupts = <29 1>;
2025-12-17T19:10:05.8174630Z    status = "disabled";
2025-12-17T19:10:05.8174804Z   };
2025-12-17T19:10:05.8174893Z 
2025-12-17T19:10:05.8174963Z   acl: acl@4001e000 {
2025-12-17T19:10:05.8175165Z    compatible = "nordic,nrf-acl";
2025-12-17T19:10:05.8175386Z    reg = <0x4001e000 0x1000>;
2025-12-17T19:10:05.8175583Z    status = "okay";
2025-12-17T19:10:05.8175751Z   };
2025-12-17T19:10:05.8175833Z 
2025-12-17T19:10:05.8176102Z   flash_controller: flash-controller@4001e000 {
2025-12-17T19:10:05.8176405Z    compatible = "nordic,nrf52-flash-controller";
2025-12-17T19:10:05.8176670Z    reg = <0x4001e000 0x1000>;
2025-12-17T19:10:05.8176872Z    partial-erase;
2025-12-17T19:10:05.8176985Z 
2025-12-17T19:10:05.8177062Z    #address-cells = <1>;
2025-12-17T19:10:05.8177262Z    #size-cells = <1>;
2025-12-17T19:10:05.8177378Z 
2025-12-17T19:10:05.8177456Z    flash0: flash@0 {
2025-12-17T19:10:05.8177652Z     compatible = "soc-nv-flash";
2025-12-17T19:10:05.8177883Z     erase-block-size = <4096>;
2025-12-17T19:10:05.8178106Z     write-block-size = <4>;
2025-12-17T19:10:05.8178303Z    };
2025-12-17T19:10:05.8178447Z   };
2025-12-17T19:10:05.8178535Z 
2025-12-17T19:10:05.8178610Z   ppi: ppi@4001f000 {
2025-12-17T19:10:05.8178815Z    compatible = "nordic,nrf-ppi";
2025-12-17T19:10:05.8179039Z    reg = <0x4001f000 0x1000>;
2025-12-17T19:10:05.8179242Z    status = "okay";
2025-12-17T19:10:05.8179414Z   };
2025-12-17T19:10:05.8179499Z 
2025-12-17T19:10:05.8179572Z   mwu: mwu@40020000 {
2025-12-17T19:10:05.8179766Z    compatible = "nordic,nrf-mwu";
2025-12-17T19:10:05.8179987Z    reg = <0x40020000 0x1000>;
2025-12-17T19:10:05.8180179Z    status = "okay";
2025-12-17T19:10:05.8180346Z   };
2025-12-17T19:10:05.8180428Z 
2025-12-17T19:10:05.8180507Z   pwm1: pwm@40021000 {
2025-12-17T19:10:05.8180703Z    compatible = "nordic,nrf-pwm";
2025-12-17T19:10:05.8180922Z    reg = <0x40021000 0x1000>;
2025-12-17T19:10:05.8181251Z    interrupts = <33 1>;
2025-12-17T19:10:05.8181450Z    status = "disabled";
2025-12-17T19:10:05.8181633Z    #pwm-cells = <3>;
2025-12-17T19:10:05.8181810Z   };
2025-12-17T19:10:05.8181890Z 
2025-12-17T19:10:05.8181965Z   pwm2: pwm@40022000 {
2025-12-17T19:10:05.8182157Z    compatible = "nordic,nrf-pwm";
2025-12-17T19:10:05.8182378Z    reg = <0x40022000 0x1000>;
2025-12-17T19:10:05.8182580Z    interrupts = <34 1>;
2025-12-17T19:10:05.8182763Z    status = "disabled";
2025-12-17T19:10:05.8182951Z    #pwm-cells = <3>;
2025-12-17T19:10:05.8183253Z   };
2025-12-17T19:10:05.8183339Z 
2025-12-17T19:10:05.8183409Z   spi2: spi@40023000 {
2025-12-17T19:10:05.8183531Z 
2025-12-17T19:10:05.8183619Z    compatible = "nordic,nrf-spim";
2025-12-17T19:10:05.8183858Z    #address-cells = <1>;
2025-12-17T19:10:05.8184054Z    #size-cells = <0>;
2025-12-17T19:10:05.8184241Z    reg = <0x40023000 0x1000>;
2025-12-17T19:10:05.8184445Z    interrupts = <35 1>;
2025-12-17T19:10:05.8184653Z    max-frequency = <((8) * 1000 * 1000)>;
2025-12-17T19:10:05.8184901Z    easydma-maxcnt-bits = <16>;
2025-12-17T19:10:05.8185130Z    status = "disabled";
2025-12-17T19:10:05.8185306Z   };
2025-12-17T19:10:05.8185387Z 
2025-12-17T19:10:05.8185453Z   rtc2: rtc@40024000 {
2025-12-17T19:10:05.8185644Z    compatible = "nordic,nrf-rtc";
2025-12-17T19:10:05.8185859Z    reg = <0x40024000 0x1000>;
2025-12-17T19:10:05.8186051Z    cc-num = <4>;
2025-12-17T19:10:05.8186229Z    interrupts = <36 1>;
2025-12-17T19:10:05.8186417Z    status = "disabled";
2025-12-17T19:10:05.8186603Z    clock-frequency = <32768>;
2025-12-17T19:10:05.8186821Z    prescaler = <1>;
2025-12-17T19:10:05.8186991Z   };
2025-12-17T19:10:05.8187070Z 
2025-12-17T19:10:05.8187135Z   i2s0: i2s@40025000 {
2025-12-17T19:10:05.8187327Z    compatible = "nordic,nrf-i2s";
2025-12-17T19:10:05.8187550Z    #address-cells = <1>;
2025-12-17T19:10:05.8187739Z    #size-cells = <0>;
2025-12-17T19:10:05.8187928Z    reg = <0x40025000 0x1000>;
2025-12-17T19:10:05.8188129Z    interrupts = <37 1>;
2025-12-17T19:10:05.8188324Z    status = "disabled";
2025-12-17T19:10:05.8188496Z   };
2025-12-17T19:10:05.8188585Z 
2025-12-17T19:10:05.8188655Z   usbd: usbd@40027000 {
2025-12-17T19:10:05.8188860Z    compatible = "nordic,nrf-usbd";
2025-12-17T19:10:05.8189081Z    reg = <0x40027000 0x1000>;
2025-12-17T19:10:05.8189282Z    interrupts = <39 1>;
2025-12-17T19:10:05.8189480Z    num-bidir-endpoints = <1>;
2025-12-17T19:10:05.8189694Z    num-in-endpoints = <7>;
2025-12-17T19:10:05.8189909Z    num-out-endpoints = <7>;
2025-12-17T19:10:05.8190129Z    num-isoin-endpoints = <1>;
2025-12-17T19:10:05.8190474Z    num-isoout-endpoints = <1>;
2025-12-17T19:10:05.8190686Z    status = "disabled";
2025-12-17T19:10:05.8190866Z   };
2025-12-17T19:10:05.8190947Z 
2025-12-17T19:10:05.8191018Z   uart1: uart@40028000 {
2025-12-17T19:10:05.8191229Z    compatible = "nordic,nrf-uarte";
2025-12-17T19:10:05.8191459Z    reg = <0x40028000 0x1000>;
2025-12-17T19:10:05.8191659Z    interrupts = <40 1>;
2025-12-17T19:10:05.8191848Z    status = "disabled";
2025-12-17T19:10:05.8192026Z   };
2025-12-17T19:10:05.8192108Z 
2025-12-17T19:10:05.8192190Z   qspi: qspi@40029000 {
2025-12-17T19:10:05.8192384Z    compatible = "nordic,nrf-qspi";
2025-12-17T19:10:05.8192615Z    #address-cells = <1>;
2025-12-17T19:10:05.8192814Z    #size-cells = <0>;
2025-12-17T19:10:05.8193029Z    reg = <0x40029000 0x1000>, <0x12000000 0x8000000>;
2025-12-17T19:10:05.8193504Z    reg-names = "qspi", "qspi_mm";
2025-12-17T19:10:05.8193813Z    interrupts = <41 1>;
2025-12-17T19:10:05.8194011Z    status = "disabled";
2025-12-17T19:10:05.8194206Z   };
2025-12-17T19:10:05.8194288Z 
2025-12-17T19:10:05.8194385Z   pwm3: pwm@4002d000 {
2025-12-17T19:10:05.8194592Z    compatible = "nordic,nrf-pwm";
2025-12-17T19:10:05.8194813Z    reg = <0x4002d000 0x1000>;
2025-12-17T19:10:05.8195020Z    interrupts = <45 1>;
2025-12-17T19:10:05.8195214Z    status = "disabled";
2025-12-17T19:10:05.8195394Z    #pwm-cells = <3>;
2025-12-17T19:10:05.8195572Z   };
2025-12-17T19:10:05.8195654Z 
2025-12-17T19:10:05.8195875Z   spi3: spi@4002f000 {
2025-12-17T19:10:05.8196079Z    compatible = "nordic,nrf-spim";
2025-12-17T19:10:05.8196314Z    #address-cells = <1>;
2025-12-17T19:10:05.8196511Z    #size-cells = <0>;
2025-12-17T19:10:05.8196688Z    reg = <0x4002f000 0x1000>;
2025-12-17T19:10:05.8196891Z    interrupts = <47 1>;
2025-12-17T19:10:05.8197092Z    max-frequency = <((32) * 1000 * 1000)>;
2025-12-17T19:10:05.8197332Z    easydma-maxcnt-bits = <16>;
2025-12-17T19:10:05.8197550Z    rx-delay-supported;
2025-12-17T19:10:05.8197739Z    rx-delay = <2>;
2025-12-17T19:10:05.8197919Z    status = "disabled";
2025-12-17T19:10:05.8198097Z   };
2025-12-17T19:10:05.8198187Z 
2025-12-17T19:10:05.8198258Z   gpio0: gpio@50000000 {
2025-12-17T19:10:05.8198463Z    compatible = "nordic,nrf-gpio";
2025-12-17T19:10:05.8198683Z    gpio-controller;
2025-12-17T19:10:05.8198866Z    reg = <0x50000000 0x200
2025-12-17T19:10:05.8199061Z           0x50000500 0x300>;
2025-12-17T19:10:05.8199258Z    #gpio-cells = <2>;
2025-12-17T19:10:05.8199450Z    status = "disabled";
2025-12-17T19:10:05.8199636Z    port = <0>;
2025-12-17T19:10:05.8199795Z   };
2025-12-17T19:10:05.8199884Z 
2025-12-17T19:10:05.8199957Z   gpio1: gpio@50000300 {
2025-12-17T19:10:05.8200165Z    compatible = "nordic,nrf-gpio";
2025-12-17T19:10:05.8200384Z    gpio-controller;
2025-12-17T19:10:05.8200564Z    reg = <0x50000300 0x200
2025-12-17T19:10:05.8200763Z           0x50000800 0x300>;
2025-12-17T19:10:05.8200957Z    #gpio-cells = <2>;
2025-12-17T19:10:05.8201139Z    ngpios = <16>;
2025-12-17T19:10:05.8201320Z    status = "disabled";
2025-12-17T19:10:05.8201502Z    port = <1>;
2025-12-17T19:10:05.8201666Z   };
2025-12-17T19:10:05.8201748Z 
2025-12-17T19:10:05.8201834Z   cryptocell: crypto@5002a000 {
2025-12-17T19:10:05.8202124Z    compatible = "nordic,cryptocell", "arm,cryptocell-310";
2025-12-17T19:10:05.8202439Z    reg = <0x5002a000 0x1000>, <0x5002b000 0x1000>;
2025-12-17T19:10:05.8202700Z    reg-names = "wrapper", "core";
2025-12-17T19:10:05.8202923Z    interrupts = <42 1>;
2025-12-17T19:10:05.8203296Z    status = "disabled";
2025-12-17T19:10:05.8203538Z   };
2025-12-17T19:10:05.8203683Z  };
2025-12-17T19:10:05.8203828Z };
2025-12-17T19:10:05.8203914Z 
2025-12-17T19:10:05.8203977Z &nvic {
2025-12-17T19:10:05.8204182Z  arm,num-irq-priority-bits = <3>;
2025-12-17T19:10:05.8204393Z };
2025-12-17T19:10:05.8204650Z # 9 "/tmp/zmk-config/zephyr/dts/arm/nordic/nrf52840_qiaa.dtsi" 2 3 4
2025-12-17T19:10:05.8204905Z 
2025-12-17T19:10:05.8204976Z &flash0 {
2025-12-17T19:10:05.8205136Z  reg = <0x00000000 ((1024) * 1024)>;
2025-12-17T19:10:05.8205479Z };
2025-12-17T19:10:05.8205567Z 
2025-12-17T19:10:05.8205630Z &sram0 {
2025-12-17T19:10:05.8205794Z  reg = <0x20000000 ((256) * 1024)>;
2025-12-17T19:10:05.8205997Z };
2025-12-17T19:10:05.8206085Z 
2025-12-17T19:10:05.8206145Z / {
2025-12-17T19:10:05.8206290Z  soc {
2025-12-17T19:10:05.8206517Z   compatible = "nordic,nrf52840-qiaa", "nordic,nrf52840",
2025-12-17T19:10:05.8206831Z         "nordic,nrf52", "simple-bus";
2025-12-17T19:10:05.8207053Z  };
2025-12-17T19:10:05.8207193Z };
2025-12-17T19:10:05.8207481Z # 10 "/tmp/zmk-config/eyelash_sofle/boards/arm/eyelash_sofle/eyelash_sofle.dtsi" 2
2025-12-17T19:10:05.8207950Z # 1 "/tmp/zmk-config/zephyr/include/zephyr/dt-bindings/led/led.h" 1 3 4
2025-12-17T19:10:05.8208397Z # 11 "/tmp/zmk-config/eyelash_sofle/boards/arm/eyelash_sofle/eyelash_sofle.dtsi" 2
2025-12-17T19:10:05.8208872Z # 1 "/tmp/zmk-config/zmk/app/include/dt-bindings/zmk/matrix_transform.h" 1 3 4
2025-12-17T19:10:05.8209341Z # 12 "/tmp/zmk-config/eyelash_sofle/boards/arm/eyelash_sofle/eyelash_sofle.dtsi" 2
2025-12-17T19:10:05.8209628Z 
2025-12-17T19:10:05.8209855Z # 1 "/tmp/zmk-config/eyelash_sofle/boards/arm/eyelash_sofle/eyelash_sofle-layouts.dtsi" 1
2025-12-17T19:10:05.8210299Z # 1 "/tmp/zmk-config/zmk/app/dts/physical_layouts.dtsi" 1 3 4
2025-12-17T19:10:05.8210526Z 
2025-12-17T19:10:05.8210586Z / {
2025-12-17T19:10:05.8210770Z     key_physical_attrs: key_physical_attrs {
2025-12-17T19:10:05.8211042Z         compatible = "zmk,key-physical-attrs";
2025-12-17T19:10:05.8211348Z 
2025-12-17T19:10:05.8211424Z         #key-cells = <7>;
2025-12-17T19:10:05.8211615Z     };
2025-12-17T19:10:05.8211760Z };
2025-12-17T19:10:05.8212063Z # 2 "/tmp/zmk-config/eyelash_sofle/boards/arm/eyelash_sofle/eyelash_sofle-layouts.dtsi" 2
2025-12-17T19:10:05.8212377Z 
2025-12-17T19:10:05.8212436Z / {
2025-12-17T19:10:05.8212621Z     eyelash_sofle_layout: eyelash_sofle_layout {
2025-12-17T19:10:05.8212899Z         compatible = "zmk,physical-layout";
2025-12-17T19:10:05.8213400Z         display-name = "Layout";
2025-12-17T19:10:05.8213672Z         transform = <&default_transform>;
2025-12-17T19:10:05.8213923Z         keys
2025-12-17T19:10:05.8214111Z             = <&key_physical_attrs 100 100 0 50 0 0 0>
2025-12-17T19:10:05.8214388Z             , <&key_physical_attrs 100 100 100 50 0 0 0>
2025-12-17T19:10:05.8214651Z             , <&key_physical_attrs 100 100 200 12 0 0 0>
2025-12-17T19:10:05.8214906Z             , <&key_physical_attrs 100 100 300 0 0 0 0>
2025-12-17T19:10:05.8215175Z             , <&key_physical_attrs 100 100 400 12 0 0 0>
2025-12-17T19:10:05.8215433Z             , <&key_physical_attrs 100 100 500 12 0 0 0>
2025-12-17T19:10:05.8215685Z             , <&key_physical_attrs 100 100 775 12 0 0 0>
2025-12-17T19:10:05.8215947Z             , <&key_physical_attrs 100 100 1050 12 0 0 0>
2025-12-17T19:10:05.8216219Z             , <&key_physical_attrs 100 100 1150 12 0 0 0>
2025-12-17T19:10:05.8216474Z             , <&key_physical_attrs 100 100 1250 0 0 0 0>
2025-12-17T19:10:05.8216733Z             , <&key_physical_attrs 100 100 1350 12 0 0 0>
2025-12-17T19:10:05.8216997Z             , <&key_physical_attrs 100 100 1450 50 0 0 0>
2025-12-17T19:10:05.8217257Z             , <&key_physical_attrs 100 100 1550 50 0 0 0>
2025-12-17T19:10:05.8217511Z             , <&key_physical_attrs 100 100 0 150 0 0 0>
2025-12-17T19:10:05.8217771Z             , <&key_physical_attrs 100 100 100 150 0 0 0>
2025-12-17T19:10:05.8218032Z             , <&key_physical_attrs 100 100 200 112 0 0 0>
2025-12-17T19:10:05.8218290Z             , <&key_physical_attrs 100 100 300 100 0 0 0>
2025-12-17T19:10:05.8218551Z             , <&key_physical_attrs 100 100 400 112 0 0 0>
2025-12-17T19:10:05.8218812Z             , <&key_physical_attrs 100 100 500 112 0 0 0>
2025-12-17T19:10:05.8219073Z             , <&key_physical_attrs 100 100 775 212 0 0 0>
2025-12-17T19:10:05.8219332Z             , <&key_physical_attrs 100 100 1050 112 0 0 0>
2025-12-17T19:10:05.8219604Z             , <&key_physical_attrs 100 100 1150 112 0 0 0>
2025-12-17T19:10:05.8219871Z             , <&key_physical_attrs 100 100 1250 100 0 0 0>
2025-12-17T19:10:05.8220262Z             , <&key_physical_attrs 100 100 1350 112 0 0 0>
2025-12-17T19:10:05.8220527Z             , <&key_physical_attrs 100 100 1450 150 0 0 0>
2025-12-17T19:10:05.8220789Z             , <&key_physical_attrs 100 100 1550 150 0 0 0>
2025-12-17T19:10:05.8221040Z             , <&key_physical_attrs 100 100 0 250 0 0 0>
2025-12-17T19:10:05.8221304Z             , <&key_physical_attrs 100 100 100 250 0 0 0>
2025-12-17T19:10:05.8221561Z             , <&key_physical_attrs 100 100 200 212 0 0 0>
2025-12-17T19:10:05.8221819Z             , <&key_physical_attrs 100 100 300 200 0 0 0>
2025-12-17T19:10:05.8222069Z             , <&key_physical_attrs 100 100 400 212 0 0 0>
2025-12-17T19:10:05.8222324Z             , <&key_physical_attrs 100 100 500 212 0 0 0>
2025-12-17T19:10:05.8222583Z             , <&key_physical_attrs 100 100 675 112 0 0 0>
2025-12-17T19:10:05.8222834Z             , <&key_physical_attrs 100 100 1050 212 0 0 0>
2025-12-17T19:10:05.8223102Z             , <&key_physical_attrs 100 100 1150 212 0 0 0>
2025-12-17T19:10:05.8223460Z             , <&key_physical_attrs 100 100 1250 200 0 0 0>
2025-12-17T19:10:05.8223717Z             , <&key_physical_attrs 100 100 1350 212 0 0 0>
2025-12-17T19:10:05.8223972Z             , <&key_physical_attrs 100 100 1450 250 0 0 0>
2025-12-17T19:10:05.8224228Z             , <&key_physical_attrs 100 100 1550 250 0 0 0>
2025-12-17T19:10:05.8224597Z             , <&key_physical_attrs 100 100 0 350 0 0 0>
2025-12-17T19:10:05.8224855Z             , <&key_physical_attrs 100 100 100 350 0 0 0>
2025-12-17T19:10:05.8225114Z             , <&key_physical_attrs 100 100 200 312 0 0 0>
2025-12-17T19:10:05.8225372Z             , <&key_physical_attrs 100 100 300 300 0 0 0>
2025-12-17T19:10:05.8225626Z             , <&key_physical_attrs 100 100 400 312 0 0 0>
2025-12-17T19:10:05.8225884Z             , <&key_physical_attrs 100 100 500 312 0 0 0>
2025-12-17T19:10:05.8226144Z             , <&key_physical_attrs 100 100 875 112 0 0 0>
2025-12-17T19:10:05.8226407Z             , <&key_physical_attrs 100 100 1050 312 0 0 0>
2025-12-17T19:10:05.8226664Z             , <&key_physical_attrs 100 100 1150 312 0 0 0>
2025-12-17T19:10:05.8226925Z             , <&key_physical_attrs 100 100 1250 300 0 0 0>
2025-12-17T19:10:05.8227186Z             , <&key_physical_attrs 100 100 1350 312 0 0 0>
2025-12-17T19:10:05.8227439Z             , <&key_physical_attrs 100 100 1450 350 0 0 0>
2025-12-17T19:10:05.8227704Z             , <&key_physical_attrs 100 100 1550 350 0 0 0>
2025-12-17T19:10:05.8227966Z             , <&key_physical_attrs 100 100 650 338 0 0 0>
2025-12-17T19:10:05.8228219Z             , <&key_physical_attrs 100 100 200 412 0 0 0>
2025-12-17T19:10:05.8228480Z             , <&key_physical_attrs 100 100 300 400 0 0 0>
2025-12-17T19:10:05.8228737Z             , <&key_physical_attrs 100 100 400 412 0 0 0>
2025-12-17T19:10:05.8229014Z             , <&key_physical_attrs 100 100 550 412 3000 500 412>
2025-12-17T19:10:05.8229300Z             , <&key_physical_attrs 100 100 675 362 3000 500 412>
2025-12-17T19:10:05.8229576Z             , <&key_physical_attrs 100 100 775 112 0 0 0>
2025-12-17T19:10:05.8229871Z             , <&key_physical_attrs 100 100 875 362 (-3000) 1150 412>
2025-12-17T19:10:05.8230179Z             , <&key_physical_attrs 100 100 1000 412 (-3000) 1150 412>
2025-12-17T19:10:05.8230467Z             , <&key_physical_attrs 100 100 1150 412 0 0 0>
2025-12-17T19:10:05.8230737Z             , <&key_physical_attrs 100 100 1250 400 0 0 0>
2025-12-17T19:10:05.8231001Z             , <&key_physical_attrs 100 100 1350 412 0 0 0>
2025-12-17T19:10:05.8231234Z             ;
2025-12-17T19:10:05.8231395Z     };
2025-12-17T19:10:05.8231546Z };
2025-12-17T19:10:05.8231828Z # 14 "/tmp/zmk-config/eyelash_sofle/boards/arm/eyelash_sofle/eyelash_sofle.dtsi" 2
2025-12-17T19:10:05.8232122Z 
2025-12-17T19:10:05.8232184Z / {
2025-12-17T19:10:05.8232348Z     model = "eyelash_sofle";
2025-12-17T19:10:05.8232605Z     compatible = "eyelashperipherals,eyelash_sofle";
2025-12-17T19:10:05.8232937Z 
2025-12-17T19:10:05.8233001Z     chosen {
2025-12-17T19:10:05.8233427Z         zephyr,code-partition = &code_partition;
2025-12-17T19:10:05.8233746Z         zephyr,sram = &sram0;
2025-12-17T19:10:05.8233956Z         zephyr,flash = &flash0;
2025-12-17T19:10:05.8234166Z         zmk,kscan = &kscan0;
2025-12-17T19:10:05.8234366Z         zmk,battery = &vbatt;
2025-12-17T19:10:05.8234574Z         zmk,underglow = &led_strip;
2025-12-17T19:10:05.8234842Z         zmk,physical-layout = &eyelash_sofle_layout;
2025-12-17T19:10:05.8235111Z         zmk,backlight = &backlight;
2025-12-17T19:10:05.8235319Z     };
2025-12-17T19:10:05.8235410Z 
2025-12-17T19:10:05.8235492Z  left_encoder: encoder_left {
2025-12-17T19:10:05.8235711Z   compatible = "alps,ec11";
2025-12-17T19:10:05.8235919Z   label = "LEFT_ENCODER";
2025-12-17T19:10:05.8236116Z   resolution = <4>;
2025-12-17T19:10:05.8236293Z         steps = <40>;
2025-12-17T19:10:05.8236493Z         a-gpios = <&gpio1 10 ((0 << 0) | (1 << 4))>;
2025-12-17T19:10:05.8236768Z      b-gpios = <&gpio1 14 ((0 << 0) | (1 << 4))>;
2025-12-17T19:10:05.8237017Z   status = "disabled";
2025-12-17T19:10:05.8237199Z  };
2025-12-17T19:10:05.8237280Z 
2025-12-17T19:10:05.8237345Z     sensors {
2025-12-17T19:10:05.8237534Z   compatible = "zmk,keymap-sensors";
2025-12-17T19:10:05.8237775Z   sensors = <&left_encoder>;
2025-12-17T19:10:05.8237964Z  };
2025-12-17T19:10:05.8238050Z 
2025-12-17T19:10:05.8238118Z     kscan0: kscan {
2025-12-17T19:10:05.8238486Z         compatible = "zmk,kscan-gpio-matrix";
2025-12-17T19:10:05.8238749Z         wakeup-source;
2025-12-17T19:10:05.8238955Z         diode-direction = "col2row";
2025-12-17T19:10:05.8239179Z         row-gpios
2025-12-17T19:10:05.8239369Z             = <&gpio0 19 ((0 << 0) | (1 << 5))>
2025-12-17T19:10:05.8239616Z             , <&gpio0 8 ((0 << 0) | (1 << 5))>
2025-12-17T19:10:05.8239910Z             , <&gpio0 12 ((0 << 0) | (1 << 5))>
2025-12-17T19:10:05.8240299Z             , <&gpio0 11 ((0 << 0) | (1 << 5))>
2025-12-17T19:10:05.8240688Z             , <&gpio1 9 ((0 << 0) | (1 << 5))>
2025-12-17T19:10:05.8241040Z             ;
2025-12-17T19:10:05.8241290Z     };
2025-12-17T19:10:05.8241439Z 
2025-12-17T19:10:05.8241584Z     default_transform: keymap_transform_0 {
2025-12-17T19:10:05.8242011Z         compatible = "zmk,matrix-transform";
2025-12-17T19:10:05.8242390Z         columns = <14>;
2025-12-17T19:10:05.8242682Z         rows = <5>;
2025-12-17T19:10:05.8242941Z         map = <
2025-12-17T19:10:05.8243646Z             (((0) << 8) + (0)) (((0) << 8) + (1)) (((0) << 8) + (2)) (((0) << 8) + (3)) (((0) << 8) + (4)) (((0) << 8) + (5)) (((0) << 8) + (7)) (((0) << 8) + (8)) (((0) << 8) + (9)) (((0) << 8) + (10)) (((0) << 8) + (11)) (((0) << 8) + (12)) (((0) << 8) + (13))
2025-12-17T19:10:05.8244437Z             (((1) << 8) + (0)) (((1) << 8) + (1)) (((1) << 8) + (2)) (((1) << 8) + (3)) (((1) << 8) + (4)) (((1) << 8) + (5)) (((1) << 8) + (7)) (((1) << 8) + (8)) (((1) << 8) + (9)) (((1) << 8) + (10)) (((1) << 8) + (11)) (((1) << 8) + (12)) (((1) << 8) + (13))
2025-12-17T19:10:05.8245185Z             (((2) << 8) + (0)) (((2) << 8) + (1)) (((2) << 8) + (2)) (((2) << 8) + (3)) (((2) << 8) + (4)) (((2) << 8) + (5)) (((2) << 8) + (7)) (((2) << 8) + (8)) (((2) << 8) + (9)) (((2) << 8) + (10)) (((2) << 8) + (11)) (((2) << 8) + (12)) (((2) << 8) + (13))
2025-12-17T19:10:05.8245972Z             (((3) << 8) + (0)) (((3) << 8) + (1)) (((3) << 8) + (2)) (((3) << 8) + (3)) (((3) << 8) + (4)) (((3) << 8) + (5)) (((3) << 8) + (7)) (((3) << 8) + (8)) (((3) << 8) + (9)) (((3) << 8) + (10)) (((3) << 8) + (11)) (((3) << 8) + (12)) (((3) << 8) + (13))
2025-12-17T19:10:05.8246751Z             (((4) << 8) + (0)) (((4) << 8) + (1)) (((4) << 8) + (2)) (((4) << 8) + (3)) (((4) << 8) + (4)) (((4) << 8) + (5)) (((4) << 8) + (7)) (((4) << 8) + (8)) (((4) << 8) + (9)) (((4) << 8) + (10)) (((4) << 8) + (11)) (((4) << 8) + (12))
2025-12-17T19:10:05.8247339Z         >;
2025-12-17T19:10:05.8247602Z     };
2025-12-17T19:10:05.8247755Z 
2025-12-17T19:10:05.8247874Z     ext-power {
2025-12-17T19:10:05.8248510Z         compatible = "zmk,ext-power-generic";
2025-12-17T19:10:05.8248979Z         label = "EXT_POWER";
2025-12-17T19:10:05.8249364Z         control-gpios = <&gpio0 13 (0 << 0)>;
2025-12-17T19:10:05.8249816Z          init-delay-ms = <50>;
2025-12-17T19:10:05.8250173Z     };
2025-12-17T19:10:05.8250328Z 
2025-12-17T19:10:05.8250441Z     vbatt: vbatt {
2025-12-17T19:10:05.8250800Z         compatible = "zmk,battery-nrf-vddh";
2025-12-17T19:10:05.8251251Z        init-delay-ms = <50>;
2025-12-17T19:10:05.8251572Z     };
2025-12-17T19:10:05.8251721Z 
2025-12-17T19:10:05.8251854Z     backlight: pwmleds {
2025-12-17T19:10:05.8252200Z         compatible = "pwm-leds";
2025-12-17T19:10:05.8252620Z         pwm_led_0 {
2025-12-17T19:10:05.8253016Z             pwms = <&pwm0 0 (((1) * 1000UL) * 1000UL) (0 << 0)>;
2025-12-17T19:10:05.8253794Z         };
2025-12-17T19:10:05.8254084Z     };
2025-12-17T19:10:05.8254337Z };
2025-12-17T19:10:05.8254506Z 
2025-12-17T19:10:05.8254607Z &adc {
2025-12-17T19:10:05.8254855Z     status = "okay";
2025-12-17T19:10:05.8255118Z };
2025-12-17T19:10:05.8255248Z 
2025-12-17T19:10:05.8255346Z &gpiote {
2025-12-17T19:10:05.8255600Z     status = "okay";
2025-12-17T19:10:05.8255875Z };
2025-12-17T19:10:05.8256030Z 
2025-12-17T19:10:05.8256139Z &gpio0 {
2025-12-17T19:10:05.8256413Z     status = "okay";
2025-12-17T19:10:05.8256715Z };
2025-12-17T19:10:05.8256859Z 
2025-12-17T19:10:05.8256961Z &gpio1 {
2025-12-17T19:10:05.8257426Z     status = "okay";
2025-12-17T19:10:05.8257717Z };
2025-12-17T19:10:05.8257857Z 
2025-12-17T19:10:05.8257954Z &usbd {
2025-12-17T19:10:05.8258194Z     status = "okay";
2025-12-17T19:10:05.8258502Z     cdc_acm_uart: cdc_acm_uart {
2025-12-17T19:10:05.8258880Z         compatible = "zephyr,cdc-acm-uart";
2025-12-17T19:10:05.8259252Z     };
2025-12-17T19:10:05.8259490Z };
2025-12-17T19:10:05.8259630Z 
2025-12-17T19:10:05.8259734Z &flash0 {
2025-12-17T19:10:05.8259879Z 
2025-12-17T19:10:05.8260004Z     partitions {
2025-12-17T19:10:05.8260330Z         compatible = "fixed-partitions";
2025-12-17T19:10:05.8260773Z         #address-cells = <1>;
2025-12-17T19:10:05.8261003Z         #size-cells = <1>;
2025-12-17T19:10:05.8261137Z 
2025-12-17T19:10:05.8261232Z         sd_partition: partition@0 {
2025-12-17T19:10:05.8261468Z             reg = <0x00000000 0x00026000>;
2025-12-17T19:10:05.8261692Z         };
2025-12-17T19:10:05.8261870Z         code_partition: partition@26000 {
2025-12-17T19:10:05.8262123Z             reg = <0x00026000 0x000c6000>;
2025-12-17T19:10:05.8262343Z         };
2025-12-17T19:10:05.8262639Z # 140 "/tmp/zmk-config/eyelash_sofle/boards/arm/eyelash_sofle/eyelash_sofle.dtsi"
2025-12-17T19:10:05.8263019Z         storage_partition: partition@ec000 {
2025-12-17T19:10:05.8263580Z             reg = <0x000ec000 0x00008000>;
2025-12-17T19:10:05.8263813Z         };
2025-12-17T19:10:05.8263906Z 
2025-12-17T19:10:05.8263997Z         boot_partition: partition@f4000 {
2025-12-17T19:10:05.8264243Z             reg = <0x000f4000 0x0000c000>;
2025-12-17T19:10:05.8264472Z         };
2025-12-17T19:10:05.8264627Z     };
2025-12-17T19:10:05.8264771Z };
2025-12-17T19:10:05.8264861Z 
2025-12-17T19:10:05.8264927Z &pinctrl {
2025-12-17T19:10:05.8265107Z     spi3_default: spi3_default {
2025-12-17T19:10:05.8265320Z         group1 {
2025-12-17T19:10:05.8265572Z             psels = <((((((1) * 32U) + (12)) & 0x7FU) << 0U) | ((5U & 0xFFFFU) << 16U))>;
2025-12-17T19:10:05.8265873Z         };
2025-12-17T19:10:05.8266035Z     };
2025-12-17T19:10:05.8266128Z 
2025-12-17T19:10:05.8266211Z     spi3_sleep: spi3_sleep {
2025-12-17T19:10:05.8266421Z         group1 {
2025-12-17T19:10:05.8266665Z             psels = <((((((1) * 32U) + (12)) & 0x7FU) << 0U) | ((5U & 0xFFFFU) << 16U))>;
2025-12-17T19:10:05.8266973Z             low-power-enable;
2025-12-17T19:10:05.8267180Z         };
2025-12-17T19:10:05.8267328Z     };
2025-12-17T19:10:05.8267419Z 
2025-12-17T19:10:05.8267505Z     spi0_default: spi0_default {
2025-12-17T19:10:05.8267723Z         group1 {
2025-12-17T19:10:05.8268169Z             psels = <((((((0) * 32U) + (20)) & 0x7FU) << 0U) | ((4U & 0xFFFFU) << 16U))>,
2025-12-17T19:10:05.8268513Z                 <((((((0) * 32U) + (17)) & 0x7FU) << 0U) | ((5U & 0xFFFFU) << 16U))>,
2025-12-17T19:10:05.8268838Z                 <((((((0) * 32U) + (25)) & 0x7FU) << 0U) | ((6U & 0xFFFFU) << 16U))>;
2025-12-17T19:10:05.8269105Z         };
2025-12-17T19:10:05.8269254Z     };
2025-12-17T19:10:05.8269348Z 
2025-12-17T19:10:05.8269436Z     spi0_sleep: spi0_sleep {
2025-12-17T19:10:05.8269645Z         group1 {
2025-12-17T19:10:05.8269878Z             psels = <((((((0) * 32U) + (20)) & 0x7FU) << 0U) | ((4U & 0xFFFFU) << 16U))>,
2025-12-17T19:10:05.8270213Z                 <((((((0) * 32U) + (17)) & 0x7FU) << 0U) | ((5U & 0xFFFFU) << 16U))>,
2025-12-17T19:10:05.8270518Z                 <((((((0) * 32U) + (25)) & 0x7FU) << 0U) | ((6U & 0xFFFFU) << 16U))>;
2025-12-17T19:10:05.8270797Z             low-power-enable;
2025-12-17T19:10:05.8271005Z         };
2025-12-17T19:10:05.8271167Z     };
2025-12-17T19:10:05.8271264Z 
2025-12-17T19:10:05.8271355Z     pwm0_default: pwm0_default {
2025-12-17T19:10:05.8271571Z         group1 {
2025-12-17T19:10:05.8271811Z             psels = <((((((1) * 32U) + (13)) & 0x7FU) << 0U) | ((22U & 0xFFFFU) << 16U))>;
2025-12-17T19:10:05.8272101Z         };
2025-12-17T19:10:05.8272250Z     };
2025-12-17T19:10:05.8272419Z     pwm0_sleep: pwm0_sleep {
2025-12-17T19:10:05.8272623Z         group1 {
2025-12-17T19:10:05.8273029Z             psels = <((((((1) * 32U) + (13)) & 0x7FU) << 0U) | ((22U & 0xFFFFU) << 16U))>;
2025-12-17T19:10:05.8273628Z             low-power-enable;
2025-12-17T19:10:05.8273845Z         };
2025-12-17T19:10:05.8274004Z     };
2025-12-17T19:10:05.8274148Z };
2025-12-17T19:10:05.8274239Z 
2025-12-17T19:10:05.8274303Z &spi3 {
2025-12-17T19:10:05.8274481Z     compatible = "nordic,nrf-spim";
2025-12-17T19:10:05.8274709Z     status = "okay";
2025-12-17T19:10:05.8274831Z 
2025-12-17T19:10:05.8274914Z     pinctrl-0 = <&spi3_default>;
2025-12-17T19:10:05.8275143Z     pinctrl-1 = <&spi3_sleep>;
2025-12-17T19:10:05.8275375Z     pinctrl-names = "default", "sleep";
2025-12-17T19:10:05.8275549Z 
2025-12-17T19:10:05.8275624Z     led_strip: ws2812@0 {
2025-12-17T19:10:05.8275857Z         compatible = "worldsemi,ws2812-spi";
2025-12-17T19:10:05.8276031Z 
2025-12-17T19:10:05.8276104Z         reg = <0>;
2025-12-17T19:10:05.8276296Z         spi-max-frequency = <4000000>;
2025-12-17T19:10:05.8276464Z 
2025-12-17T19:10:05.8276549Z         chain-length = <7>;
2025-12-17T19:10:05.8276763Z         spi-one-frame = <0x70>;
2025-12-17T19:10:05.8276981Z         spi-zero-frame = <0x40>;
2025-12-17T19:10:05.8277133Z 
2025-12-17T19:10:05.8277211Z         color-mapping = <2 1 3>;
2025-12-17T19:10:05.8277415Z     };
2025-12-17T19:10:05.8277556Z };
2025-12-17T19:10:05.8277643Z 
2025-12-17T19:10:05.8277708Z &pwm0 {
2025-12-17T19:10:05.8277868Z     status = "okay";
2025-12-17T19:10:05.8278058Z     pinctrl-0 = <&pwm0_default>;
2025-12-17T19:10:05.8278282Z     pinctrl-1 = <&pwm0_sleep>;
2025-12-17T19:10:05.8278521Z     pinctrl-names = "default", "sleep";
2025-12-17T19:10:05.8278753Z };
2025-12-17T19:10:05.8278836Z 
2025-12-17T19:10:05.8278907Z zephyr_udc0: &usbd {
2025-12-17T19:10:05.8279114Z     compatible = "nordic,nrf-usbd";
2025-12-17T19:10:05.8279339Z     status = "okay";
2025-12-17T19:10:05.8279506Z };
2025-12-17T19:10:05.8279592Z 
2025-12-17T19:10:05.8279668Z nice_view_spi: &spi0 {
2025-12-17T19:10:05.8279872Z     compatible = "nordic,nrf-spim";
2025-12-17T19:10:05.8280107Z     pinctrl-0 = <&spi0_default>;
2025-12-17T19:10:05.8280332Z     pinctrl-1 = <&spi0_sleep>;
2025-12-17T19:10:05.8280561Z     pinctrl-names = "default", "sleep";
2025-12-17T19:10:05.8280794Z     cs-gpios = <&gpio0 6 (0 << 0)>;
2025-12-17T19:10:05.8281005Z };
2025-12-17T19:10:05.8281320Z # 8 "/tmp/zmk-config/eyelash_sofle/boards/arm/eyelash_sofle/eyelash_sofle_right.dts" 2
2025-12-17T19:10:05.8281631Z 
2025-12-17T19:10:05.8281705Z &kscan0 {
2025-12-17T19:10:05.8281868Z      col-gpios
2025-12-17T19:10:05.8282045Z         = <&gpio0 22 (0 << 0)>
2025-12-17T19:10:05.8282428Z          , <&gpio0 29 (0 << 0)>
2025-12-17T19:10:05.8282632Z          , <&gpio0 3 (0 << 0)>
2025-12-17T19:10:05.8282834Z          , <&gpio0 28 (0 << 0)>
2025-12-17T19:10:05.8283039Z          , <&gpio0 30 (0 << 0)>
2025-12-17T19:10:05.8283483Z          , <&gpio0 21 (0 << 0)>
2025-12-17T19:10:05.8283704Z          , <&gpio0 23 (0 << 0)>
2025-12-17T19:10:05.8283900Z          ;
2025-12-17T19:10:05.8284048Z };
2025-12-17T19:10:05.8284149Z 
2025-12-17T19:10:05.8284223Z &default_transform {
2025-12-17T19:10:05.8284416Z     col-offset = <7>;
2025-12-17T19:10:05.8284591Z };
2025-12-17T19:10:05.8284752Z # 0 "<command-line>" 2
2025-12-17T19:10:05.8285196Z # 1 "/tmp/zmk-config/mario-peripheral-animation/boards/shields/nice_view_custom/nice_view_custom.overlay" 1
2025-12-17T19:10:05.8285590Z 
2025-12-17T19:10:05.8285668Z &nice_view_spi {
2025-12-17T19:10:05.8285842Z     status = "okay";
2025-12-17T19:10:05.8286030Z     nice_view: ls0xx@0 {
2025-12-17T19:10:05.8286240Z         compatible = "sharp,ls0xx";
2025-12-17T19:10:05.8286484Z         spi-max-frequency = <1000000>;
2025-12-17T19:10:05.8286714Z         reg = <0>;
2025-12-17T19:10:05.8286888Z         width = <160>;
2025-12-17T19:10:05.8287062Z         height = <68>;
2025-12-17T19:10:05.8287238Z     };
2025-12-17T19:10:05.8287395Z };
2025-12-17T19:10:05.8287480Z 
2025-12-17T19:10:05.8287540Z / {
2025-12-17T19:10:05.8287698Z     chosen {
2025-12-17T19:10:05.8288013Z         zephyr,display = &nice_view;
2025-12-17T19:10:05.8288239Z     };
2025-12-17T19:10:05.8288389Z };
2025-12-17T19:10:05.8288544Z # 0 "<command-line>" 2
2025-12-17T19:10:05.8288784Z # 1 "/tmp/zmk-config/config/eyelash_sofle_right.keymap" 1
2025-12-17T19:10:05.8289104Z # 1 "/tmp/zmk-config/config/eyelash_sofle.keymap" 1
2025-12-17T19:10:05.8289300Z 
2025-12-17T19:10:05.8289535Z # 1 "/tmp/zmk-config/zephyr/include/zephyr/dt-bindings/input/input-event-codes.h" 1 3 4
2025-12-17T19:10:05.8289961Z # 7 "/tmp/zmk-config/config/eyelash_sofle.keymap" 2
2025-12-17T19:10:05.8290267Z # 1 "/tmp/zmk-config/zmk/app/dts/behaviors.dtsi" 1 3 4
2025-12-17T19:10:05.8290471Z 
2025-12-17T19:10:05.8290617Z # 1 "/tmp/zmk-config/zmk/app/dts/behaviors/key_press.dtsi" 1 3 4
2025-12-17T19:10:05.8290847Z 
2025-12-17T19:10:05.8291022Z # 1 "/tmp/zmk-config/zmk/app/include/dt-bindings/zmk/behaviors.h" 1 3 4
2025-12-17T19:10:05.8291418Z # 8 "/tmp/zmk-config/zmk/app/dts/behaviors/key_press.dtsi" 2 3 4
2025-12-17T19:10:05.8291641Z 
2025-12-17T19:10:05.8291711Z / {
2025-12-17T19:10:05.8291868Z     behaviors {
2025-12-17T19:10:05.8291972Z 
2025-12-17T19:10:05.8292050Z     /omit-if-no-ref/
2025-12-17T19:10:05.8292167Z 
2025-12-17T19:10:05.8292239Z         kp: key_press {
2025-12-17T19:10:05.8292486Z             compatible = "zmk,behavior-key-press";
2025-12-17T19:10:05.8292764Z             #binding-cells = <1>;
2025-12-17T19:10:05.8293005Z             display-name = "Key Press";
2025-12-17T19:10:05.8293446Z         };
2025-12-17T19:10:05.8293601Z     };
2025-12-17T19:10:05.8293754Z };
2025-12-17T19:10:05.8293977Z # 8 "/tmp/zmk-config/zmk/app/dts/behaviors.dtsi" 2 3 4
2025-12-17T19:10:05.8294324Z # 1 "/tmp/zmk-config/zmk/app/dts/behaviors/key_toggle.dtsi" 1 3 4
2025-12-17T19:10:05.8294562Z 
2025-12-17T19:10:05.8294731Z # 1 "/tmp/zmk-config/zmk/app/include/dt-bindings/zmk/behaviors.h" 1 3 4
2025-12-17T19:10:05.8295129Z # 8 "/tmp/zmk-config/zmk/app/dts/behaviors/key_toggle.dtsi" 2 3 4
2025-12-17T19:10:05.8295356Z 
2025-12-17T19:10:05.8295424Z / {
2025-12-17T19:10:05.8295579Z     behaviors {
2025-12-17T19:10:05.8295688Z 
2025-12-17T19:10:05.8295762Z     /omit-if-no-ref/
2025-12-17T19:10:05.8295877Z 
2025-12-17T19:10:05.8295955Z         kt: key_toggle {
2025-12-17T19:10:05.8296178Z             compatible = "zmk,behavior-key-toggle";
2025-12-17T19:10:05.8296446Z             #binding-cells = <1>;
2025-12-17T19:10:05.8296674Z             display-name = "Key Toggle";
2025-12-17T19:10:05.8296897Z         };
2025-12-17T19:10:05.8297048Z     };
2025-12-17T19:10:05.8297194Z };
2025-12-17T19:10:05.8297389Z # 9 "/tmp/zmk-config/zmk/app/dts/behaviors.dtsi" 2 3 4
2025-12-17T19:10:05.8297899Z # 1 "/tmp/zmk-config/zmk/app/dts/behaviors/transparent.dtsi" 1 3 4
2025-12-17T19:10:05.8298140Z 
2025-12-17T19:10:05.8298305Z # 1 "/tmp/zmk-config/zmk/app/include/dt-bindings/zmk/behaviors.h" 1 3 4
2025-12-17T19:10:05.8298702Z # 8 "/tmp/zmk-config/zmk/app/dts/behaviors/transparent.dtsi" 2 3 4
2025-12-17T19:10:05.8298934Z 
2025-12-17T19:10:05.8298995Z / {
2025-12-17T19:10:05.8299149Z     behaviors {
2025-12-17T19:10:05.8299259Z 
2025-12-17T19:10:05.8299340Z         /omit-if-no-ref/
2025-12-17T19:10:05.8299468Z 
2025-12-17T19:10:05.8299549Z         trans: transparent {
2025-12-17T19:10:05.8299796Z             compatible = "zmk,behavior-transparent";
2025-12-17T19:10:05.8300069Z             #binding-cells = <0>;
2025-12-17T19:10:05.8300304Z             display-name = "Transparent";
2025-12-17T19:10:05.8300531Z         };
2025-12-17T19:10:05.8300688Z     };
2025-12-17T19:10:05.8300834Z };
2025-12-17T19:10:05.8301034Z # 10 "/tmp/zmk-config/zmk/app/dts/behaviors.dtsi" 2 3 4
2025-12-17T19:10:05.8301367Z # 1 "/tmp/zmk-config/zmk/app/dts/behaviors/none.dtsi" 1 3 4
2025-12-17T19:10:05.8301579Z 
2025-12-17T19:10:05.8301749Z # 1 "/tmp/zmk-config/zmk/app/include/dt-bindings/zmk/behaviors.h" 1 3 4
2025-12-17T19:10:05.8302120Z # 8 "/tmp/zmk-config/zmk/app/dts/behaviors/none.dtsi" 2 3 4
2025-12-17T19:10:05.8302334Z 
2025-12-17T19:10:05.8302395Z / {
2025-12-17T19:10:05.8302552Z     behaviors {
2025-12-17T19:10:05.8302781Z 
2025-12-17T19:10:05.8302867Z         /omit-if-no-ref/
2025-12-17T19:10:05.8302993Z 
2025-12-17T19:10:05.8303062Z         none: none {
2025-12-17T19:10:05.8303587Z             compatible = "zmk,behavior-none";
2025-12-17T19:10:05.8303848Z             #binding-cells = <0>;
2025-12-17T19:10:05.8304072Z             display-name = "None";
2025-12-17T19:10:05.8304286Z         };
2025-12-17T19:10:05.8304447Z     };
2025-12-17T19:10:05.8304591Z };
2025-12-17T19:10:05.8304804Z # 11 "/tmp/zmk-config/zmk/app/dts/behaviors.dtsi" 2 3 4
2025-12-17T19:10:05.8305160Z # 1 "/tmp/zmk-config/zmk/app/dts/behaviors/mod_tap.dtsi" 1 3 4
2025-12-17T19:10:05.8305384Z 
2025-12-17T19:10:05.8305561Z # 1 "/tmp/zmk-config/zmk/app/include/dt-bindings/zmk/behaviors.h" 1 3 4
2025-12-17T19:10:05.8305944Z # 8 "/tmp/zmk-config/zmk/app/dts/behaviors/mod_tap.dtsi" 2 3 4
2025-12-17T19:10:05.8306173Z 
2025-12-17T19:10:05.8306233Z / {
2025-12-17T19:10:05.8306391Z     behaviors {
2025-12-17T19:10:05.8306501Z 
2025-12-17T19:10:05.8306582Z         /omit-if-no-ref/
2025-12-17T19:10:05.8306719Z 
2025-12-17T19:10:05.8306788Z         mt: mod_tap {
2025-12-17T19:10:05.8307010Z             compatible = "zmk,behavior-hold-tap";
2025-12-17T19:10:05.8307267Z             #binding-cells = <2>;
2025-12-17T19:10:05.8307501Z             flavor = "hold-preferred";
2025-12-17T19:10:05.8307744Z             tapping-term-ms = <200>;
2025-12-17T19:10:05.8307978Z             bindings = <&kp>, <&kp>;
2025-12-17T19:10:05.8308204Z             display-name = "Mod-Tap";
2025-12-17T19:10:05.8308423Z         };
2025-12-17T19:10:05.8308585Z     };
2025-12-17T19:10:05.8308726Z };
2025-12-17T19:10:05.8308927Z # 12 "/tmp/zmk-config/zmk/app/dts/behaviors.dtsi" 2 3 4
2025-12-17T19:10:05.8309269Z # 1 "/tmp/zmk-config/zmk/app/dts/behaviors/layer_tap.dtsi" 1 3 4
2025-12-17T19:10:05.8309496Z 
2025-12-17T19:10:05.8309661Z # 1 "/tmp/zmk-config/zmk/app/include/dt-bindings/zmk/behaviors.h" 1 3 4
2025-12-17T19:10:05.8310056Z # 8 "/tmp/zmk-config/zmk/app/dts/behaviors/layer_tap.dtsi" 2 3 4
2025-12-17T19:10:05.8310284Z 
2025-12-17T19:10:05.8310351Z / {
2025-12-17T19:10:05.8310500Z     behaviors {
2025-12-17T19:10:05.8310609Z 
2025-12-17T19:10:05.8310681Z         /omit-if-no-ref/
2025-12-17T19:10:05.8310811Z 
2025-12-17T19:10:05.8310881Z         lt: layer_tap {
2025-12-17T19:10:05.8311097Z             compatible = "zmk,behavior-hold-tap";
2025-12-17T19:10:05.8311352Z             #binding-cells = <2>;
2025-12-17T19:10:05.8311580Z             flavor = "tap-preferred";
2025-12-17T19:10:05.8311818Z             tapping-term-ms = <200>;
2025-12-17T19:10:05.8312178Z             bindings = <&mo>, <&kp>;
2025-12-17T19:10:05.8312408Z             display-name = "Layer-Tap";
2025-12-17T19:10:05.8312632Z         };
2025-12-17T19:10:05.8312780Z     };
2025-12-17T19:10:05.8312925Z };
2025-12-17T19:10:05.8313333Z # 13 "/tmp/zmk-config/zmk/app/dts/behaviors.dtsi" 2 3 4
2025-12-17T19:10:05.8313733Z # 1 "/tmp/zmk-config/zmk/app/dts/behaviors/gresc.dtsi" 1 3 4
2025-12-17T19:10:05.8313992Z 
2025-12-17T19:10:05.8314170Z # 1 "/tmp/zmk-config/zmk/app/include/dt-bindings/zmk/behaviors.h" 1 3 4
2025-12-17T19:10:05.8314557Z # 9 "/tmp/zmk-config/zmk/app/dts/behaviors/gresc.dtsi" 2 3 4
2025-12-17T19:10:05.8314918Z # 1 "/tmp/zmk-config/zmk/app/include/dt-bindings/zmk/keys.h" 1 3 4
2025-12-17T19:10:05.8315151Z 
2025-12-17T19:10:05.8315215Z        
2025-12-17T19:10:05.8315310Z 
2025-12-17T19:10:05.8315474Z # 1 "/tmp/zmk-config/zmk/app/include/dt-bindings/zmk/hid_usage.h" 1 3 4
2025-12-17T19:10:05.8315886Z # 11 "/tmp/zmk-config/zmk/app/include/dt-bindings/zmk/hid_usage.h" 3 4
2025-12-17T19:10:05.8316204Z        
2025-12-17T19:10:05.8316431Z # 9 "/tmp/zmk-config/zmk/app/include/dt-bindings/zmk/keys.h" 2 3 4
2025-12-17T19:10:05.8316850Z # 1 "/tmp/zmk-config/zmk/app/include/dt-bindings/zmk/hid_usage_pages.h" 1 3 4
2025-12-17T19:10:05.8317307Z # 11 "/tmp/zmk-config/zmk/app/include/dt-bindings/zmk/hid_usage_pages.h" 3 4
2025-12-17T19:10:05.8317631Z        
2025-12-17T19:10:05.8317999Z # 10 "/tmp/zmk-config/zmk/app/include/dt-bindings/zmk/keys.h" 2 3 4
2025-12-17T19:10:05.8318430Z # 1 "/tmp/zmk-config/zmk/app/include/dt-bindings/zmk/modifiers.h" 1 3 4
2025-12-17T19:10:05.8318681Z 
2025-12-17T19:10:05.8318743Z        
2025-12-17T19:10:05.8318985Z # 11 "/tmp/zmk-config/zmk/app/include/dt-bindings/zmk/keys.h" 2 3 4
2025-12-17T19:10:05.8319352Z # 10 "/tmp/zmk-config/zmk/app/dts/behaviors/gresc.dtsi" 2 3 4
2025-12-17T19:10:05.8319569Z 
2025-12-17T19:10:05.8319638Z / {
2025-12-17T19:10:05.8319791Z     behaviors {
2025-12-17T19:10:05.8319906Z 
2025-12-17T19:10:05.8319984Z         /omit-if-no-ref/
2025-12-17T19:10:05.8320123Z 
2025-12-17T19:10:05.8320211Z         gresc: grave_escape {
2025-12-17T19:10:05.8320449Z             compatible = "zmk,behavior-mod-morph";
2025-12-17T19:10:05.8320720Z             #binding-cells = <0>;
2025-12-17T19:10:05.8320872Z             bindings = <&kp (((((0x07) << 16) | (0x29))))>, <&kp ((((0x07) << 16) | (0x35)))>;
2025-12-17T19:10:05.8320958Z             mods = <(0x08|0x02|0x80|0x20)>;
2025-12-17T19:10:05.8321053Z             display-name = "Grave/Escape";
2025-12-17T19:10:05.8321122Z         };
2025-12-17T19:10:05.8321183Z     };
2025-12-17T19:10:05.8321244Z };
2025-12-17T19:10:05.8321372Z # 14 "/tmp/zmk-config/zmk/app/dts/behaviors.dtsi" 2 3 4
2025-12-17T19:10:05.8321519Z # 1 "/tmp/zmk-config/zmk/app/dts/behaviors/sticky_key.dtsi" 1 3 4
2025-12-17T19:10:05.8321523Z 
2025-12-17T19:10:05.8321688Z # 1 "/tmp/zmk-config/zmk/app/include/dt-bindings/zmk/behaviors.h" 1 3 4
2025-12-17T19:10:05.8321837Z # 8 "/tmp/zmk-config/zmk/app/dts/behaviors/sticky_key.dtsi" 2 3 4
2025-12-17T19:10:05.8321844Z 
2025-12-17T19:10:05.8321904Z / {
2025-12-17T19:10:05.8321977Z     behaviors {
2025-12-17T19:10:05.8321980Z 
2025-12-17T19:10:05.8322050Z         /omit-if-no-ref/
2025-12-17T19:10:05.8322054Z 
2025-12-17T19:10:05.8322126Z         sk: sticky_key {
2025-12-17T19:10:05.8322237Z             compatible = "zmk,behavior-sticky-key";
2025-12-17T19:10:05.8322315Z             #binding-cells = <1>;
2025-12-17T19:10:05.8322404Z             release-after-ms = <1000>;
2025-12-17T19:10:05.8322483Z             bindings = <&kp>;
2025-12-17T19:10:05.8322559Z             ignore-modifiers;
2025-12-17T19:10:05.8322644Z             display-name = "Sticky Key";
2025-12-17T19:10:05.8322714Z         };
2025-12-17T19:10:05.8322718Z 
2025-12-17T19:10:05.8322788Z         /omit-if-no-ref/
2025-12-17T19:10:05.8322792Z 
2025-12-17T19:10:05.8322875Z         sl: sticky_layer {
2025-12-17T19:10:05.8322975Z             compatible = "zmk,behavior-sticky-key";
2025-12-17T19:10:05.8323049Z             #binding-cells = <1>;
2025-12-17T19:10:05.8323464Z             release-after-ms = <1000>;
2025-12-17T19:10:05.8323542Z             bindings = <&mo>;
2025-12-17T19:10:05.8323616Z             quick-release;
2025-12-17T19:10:05.8323711Z             display-name = "Sticky Layer";
2025-12-17T19:10:05.8323772Z         };
2025-12-17T19:10:05.8323837Z     };
2025-12-17T19:10:05.8323847Z 
2025-12-17T19:10:05.8323908Z };
2025-12-17T19:10:05.8324036Z # 15 "/tmp/zmk-config/zmk/app/dts/behaviors.dtsi" 2 3 4
2025-12-17T19:10:05.8324216Z # 1 "/tmp/zmk-config/zmk/app/dts/behaviors/momentary_layer.dtsi" 1 3 4
2025-12-17T19:10:05.8324220Z 
2025-12-17T19:10:05.8324388Z # 1 "/tmp/zmk-config/zmk/app/include/dt-bindings/zmk/behaviors.h" 1 3 4
2025-12-17T19:10:05.8324548Z # 8 "/tmp/zmk-config/zmk/app/dts/behaviors/momentary_layer.dtsi" 2 3 4
2025-12-17T19:10:05.8324552Z 
2025-12-17T19:10:05.8324619Z / {
2025-12-17T19:10:05.8324688Z     behaviors {
2025-12-17T19:10:05.8324692Z 
2025-12-17T19:10:05.8324770Z         /omit-if-no-ref/
2025-12-17T19:10:05.8324780Z 
2025-12-17T19:10:05.8324857Z         mo: momentary_layer {
2025-12-17T19:10:05.8324973Z             compatible = "zmk,behavior-momentary-layer";
2025-12-17T19:10:05.8325057Z             #binding-cells = <1>;
2025-12-17T19:10:05.8325149Z             display-name = "Momentary Layer";
2025-12-17T19:10:05.8325211Z         };
2025-12-17T19:10:05.8325280Z     };
2025-12-17T19:10:05.8325341Z };
2025-12-17T19:10:05.8325565Z # 16 "/tmp/zmk-config/zmk/app/dts/behaviors.dtsi" 2 3 4
2025-12-17T19:10:05.8325726Z # 1 "/tmp/zmk-config/zmk/app/dts/behaviors/toggle_layer.dtsi" 1 3 4
2025-12-17T19:10:05.8325730Z 
2025-12-17T19:10:05.8325891Z # 1 "/tmp/zmk-config/zmk/app/include/dt-bindings/zmk/behaviors.h" 1 3 4
2025-12-17T19:10:05.8326044Z # 8 "/tmp/zmk-config/zmk/app/dts/behaviors/toggle_layer.dtsi" 2 3 4
2025-12-17T19:10:05.8326048Z 
2025-12-17T19:10:05.8326109Z / {
2025-12-17T19:10:05.8326177Z     behaviors {
2025-12-17T19:10:05.8326181Z 
2025-12-17T19:10:05.8326259Z         /omit-if-no-ref/
2025-12-17T19:10:05.8326268Z 
2025-12-17T19:10:05.8326341Z         tog: toggle_layer {
2025-12-17T19:10:05.8326448Z             compatible = "zmk,behavior-toggle-layer";
2025-12-17T19:10:05.8326532Z             #binding-cells = <1>;
2025-12-17T19:10:05.8326617Z             display-name = "Toggle Layer";
2025-12-17T19:10:05.8326693Z         };
2025-12-17T19:10:05.8326757Z     };
2025-12-17T19:10:05.8326819Z };
2025-12-17T19:10:05.8326947Z # 17 "/tmp/zmk-config/zmk/app/dts/behaviors.dtsi" 2 3 4
2025-12-17T19:10:05.8327085Z # 1 "/tmp/zmk-config/zmk/app/dts/behaviors/to_layer.dtsi" 1 3 4
2025-12-17T19:10:05.8327089Z 
2025-12-17T19:10:05.8327246Z # 1 "/tmp/zmk-config/zmk/app/include/dt-bindings/zmk/behaviors.h" 1 3 4
2025-12-17T19:10:05.8327385Z # 8 "/tmp/zmk-config/zmk/app/dts/behaviors/to_layer.dtsi" 2 3 4
2025-12-17T19:10:05.8327389Z 
2025-12-17T19:10:05.8327449Z / {
2025-12-17T19:10:05.8327522Z     behaviors {
2025-12-17T19:10:05.8327527Z 
2025-12-17T19:10:05.8327599Z         /omit-if-no-ref/
2025-12-17T19:10:05.8327603Z 
2025-12-17T19:10:05.8327676Z         to: to_layer {
2025-12-17T19:10:05.8327782Z             compatible = "zmk,behavior-to-layer";
2025-12-17T19:10:05.8327858Z             #binding-cells = <1>;
2025-12-17T19:10:05.8327939Z             display-name = "To Layer";
2025-12-17T19:10:05.8328009Z         };
2025-12-17T19:10:05.8328072Z     };
2025-12-17T19:10:05.8328133Z };
2025-12-17T19:10:05.8328255Z # 18 "/tmp/zmk-config/zmk/app/dts/behaviors.dtsi" 2 3 4
2025-12-17T19:10:05.8328392Z # 1 "/tmp/zmk-config/zmk/app/dts/behaviors/reset.dtsi" 1 3 4
2025-12-17T19:10:05.8328397Z 
2025-12-17T19:10:05.8328551Z # 1 "/tmp/zmk-config/zmk/app/include/dt-bindings/zmk/reset.h" 1 3 4
2025-12-17T19:10:05.8328678Z # 8 "/tmp/zmk-config/zmk/app/dts/behaviors/reset.dtsi" 2 3 4
2025-12-17T19:10:05.8328682Z 
2025-12-17T19:10:05.8328742Z / {
2025-12-17T19:10:05.8328816Z     behaviors {
2025-12-17T19:10:05.8328820Z 
2025-12-17T19:10:05.8328895Z         sys_reset: sysreset {
2025-12-17T19:10:05.8328989Z             compatible = "zmk,behavior-reset";
2025-12-17T19:10:05.8329180Z             #binding-cells = <0>;
2025-12-17T19:10:05.8329261Z             display-name = "Reset";
2025-12-17T19:10:05.8329331Z         };
2025-12-17T19:10:05.8329335Z 
2025-12-17T19:10:05.8329413Z         bootloader: bootload {
2025-12-17T19:10:05.8329505Z             compatible = "zmk,behavior-reset";
2025-12-17T19:10:05.8329583Z             type = <0x57>;
2025-12-17T19:10:05.8329663Z             #binding-cells = <0>;
2025-12-17T19:10:05.8329751Z             display-name = "Bootloader";
2025-12-17T19:10:05.8329824Z         };
2025-12-17T19:10:05.8329886Z     };
2025-12-17T19:10:05.8329949Z };
2025-12-17T19:10:05.8330069Z # 19 "/tmp/zmk-config/zmk/app/dts/behaviors.dtsi" 2 3 4
2025-12-17T19:10:05.8330269Z # 1 "/tmp/zmk-config/zmk/app/dts/behaviors/sensor_rotate_key_press.dtsi" 1 3 4
2025-12-17T19:10:05.8330273Z 
2025-12-17T19:10:05.8330339Z / {
2025-12-17T19:10:05.8330405Z     behaviors {
2025-12-17T19:10:05.8330409Z 
2025-12-17T19:10:05.8330540Z         /omit-if-no-ref/ inc_dec_cp: inc_dec_kp: enc_key_press {
2025-12-17T19:10:05.8330673Z             compatible = "zmk,behavior-sensor-rotate-var";
2025-12-17T19:10:05.8330761Z             #sensor-binding-cells = <2>;
2025-12-17T19:10:05.8330840Z             bindings = <&kp>, <&kp>;
2025-12-17T19:10:05.8330909Z         };
2025-12-17T19:10:05.8330970Z     };
2025-12-17T19:10:05.8331030Z };
2025-12-17T19:10:05.8331149Z # 20 "/tmp/zmk-config/zmk/app/dts/behaviors.dtsi" 2 3 4
2025-12-17T19:10:05.8331392Z # 1 "/tmp/zmk-config/zmk/app/dts/behaviors/rgb_underglow.dtsi" 1 3 4
2025-12-17T19:10:05.8331398Z 
2025-12-17T19:10:05.8331466Z / {
2025-12-17T19:10:05.8331534Z     behaviors {
2025-12-17T19:10:05.8331538Z 
2025-12-17T19:10:05.8331607Z         rgb_ug: rgb_ug {
2025-12-17T19:10:05.8331719Z             compatible = "zmk,behavior-rgb-underglow";
2025-12-17T19:10:05.8331796Z             #binding-cells = <2>;
2025-12-17T19:10:05.8331878Z             display-name = "Underglow";
2025-12-17T19:10:05.8331945Z         };
2025-12-17T19:10:05.8332005Z     };
2025-12-17T19:10:05.8332070Z };
2025-12-17T19:10:05.8332189Z # 21 "/tmp/zmk-config/zmk/app/dts/behaviors.dtsi" 2 3 4
2025-12-17T19:10:05.8332331Z # 1 "/tmp/zmk-config/zmk/app/dts/behaviors/bluetooth.dtsi" 1 3 4
2025-12-17T19:10:05.8332335Z 
2025-12-17T19:10:05.8332504Z # 1 "/tmp/zmk-config/zmk/app/include/dt-bindings/zmk/behaviors.h" 1 3 4
2025-12-17T19:10:05.8332643Z # 8 "/tmp/zmk-config/zmk/app/dts/behaviors/bluetooth.dtsi" 2 3 4
2025-12-17T19:10:05.8332654Z 
2025-12-17T19:10:05.8332713Z / {
2025-12-17T19:10:05.8332785Z     behaviors {
2025-12-17T19:10:05.8332789Z 
2025-12-17T19:10:05.8332859Z         /omit-if-no-ref/
2025-12-17T19:10:05.8332863Z 
2025-12-17T19:10:05.8332931Z         bt: bluetooth {
2025-12-17T19:10:05.8333041Z             compatible = "zmk,behavior-bluetooth";
2025-12-17T19:10:05.8333295Z             #binding-cells = <2>;
2025-12-17T19:10:05.8333401Z             display-name = "Bluetooth";
2025-12-17T19:10:05.8333463Z         };
2025-12-17T19:10:05.8333525Z     };
2025-12-17T19:10:05.8333597Z };
2025-12-17T19:10:05.8333715Z # 22 "/tmp/zmk-config/zmk/app/dts/behaviors.dtsi" 2 3 4
2025-12-17T19:10:05.8333854Z # 1 "/tmp/zmk-config/zmk/app/dts/behaviors/ext_power.dtsi" 1 3 4
2025-12-17T19:10:05.8333858Z 
2025-12-17T19:10:05.8333924Z / {
2025-12-17T19:10:05.8333990Z     behaviors {
2025-12-17T19:10:05.8333995Z 
2025-12-17T19:10:05.8334072Z         ext_power: extpower {
2025-12-17T19:10:05.8334174Z             compatible = "zmk,behavior-ext-power";
2025-12-17T19:10:05.8334256Z             #binding-cells = <1>;
2025-12-17T19:10:05.8334356Z             display-name = "External Power";
2025-12-17T19:10:05.8334418Z         };
2025-12-17T19:10:05.8334480Z     };
2025-12-17T19:10:05.8334547Z };
2025-12-17T19:10:05.8334660Z # 23 "/tmp/zmk-config/zmk/app/dts/behaviors.dtsi" 2 3 4
2025-12-17T19:10:05.8334798Z # 1 "/tmp/zmk-config/zmk/app/dts/behaviors/outputs.dtsi" 1 3 4
2025-12-17T19:10:05.8334802Z 
2025-12-17T19:10:05.8334971Z # 1 "/tmp/zmk-config/zmk/app/include/dt-bindings/zmk/behaviors.h" 1 3 4
2025-12-17T19:10:05.8335229Z # 8 "/tmp/zmk-config/zmk/app/dts/behaviors/outputs.dtsi" 2 3 4
2025-12-17T19:10:05.8335233Z 
2025-12-17T19:10:05.8335300Z / {
2025-12-17T19:10:05.8335366Z     behaviors {
2025-12-17T19:10:05.8335369Z 
2025-12-17T19:10:05.8335442Z         /omit-if-no-ref/
2025-12-17T19:10:05.8335446Z 
2025-12-17T19:10:05.8335523Z         out: outputs {
2025-12-17T19:10:05.8335621Z             compatible = "zmk,behavior-outputs";
2025-12-17T19:10:05.8335701Z             #binding-cells = <1>;
2025-12-17T19:10:05.8335798Z             display-name = "Output Selection";
2025-12-17T19:10:05.8335863Z         };
2025-12-17T19:10:05.8335925Z     };
2025-12-17T19:10:05.8335992Z };
2025-12-17T19:10:05.8336105Z # 24 "/tmp/zmk-config/zmk/app/dts/behaviors.dtsi" 2 3 4
2025-12-17T19:10:05.8336249Z # 1 "/tmp/zmk-config/zmk/app/dts/behaviors/caps_word.dtsi" 1 3 4
2025-12-17T19:10:05.8336254Z 
2025-12-17T19:10:05.8336416Z # 1 "/tmp/zmk-config/zmk/app/include/dt-bindings/zmk/behaviors.h" 1 3 4
2025-12-17T19:10:05.8336560Z # 8 "/tmp/zmk-config/zmk/app/dts/behaviors/caps_word.dtsi" 2 3 4
2025-12-17T19:10:05.8336564Z 
2025-12-17T19:10:05.8336632Z / {
2025-12-17T19:10:05.8336697Z     behaviors {
2025-12-17T19:10:05.8336702Z 
2025-12-17T19:10:05.8336772Z         /omit-if-no-ref/
2025-12-17T19:10:05.8336775Z 
2025-12-17T19:10:05.8336862Z         caps_word: caps_word {
2025-12-17T19:10:05.8348720Z             compatible = "zmk,behavior-caps-word";
2025-12-17T19:10:05.8349057Z             #binding-cells = <0>;
2025-12-17T19:10:05.8349304Z             continue-list = <((0x02 << 24 | (((0x07) << 16) | (0x2D)))) ((((0x07) << 16) | (0x2A))) ((((0x07) << 16) | (0x4C)))>;
2025-12-17T19:10:05.8349397Z             display-name = "Caps Word";
2025-12-17T19:10:05.8349468Z         };
2025-12-17T19:10:05.8349531Z     };
2025-12-17T19:10:05.8349593Z };
2025-12-17T19:10:05.8349741Z # 25 "/tmp/zmk-config/zmk/app/dts/behaviors.dtsi" 2 3 4
2025-12-17T19:10:05.8349902Z # 1 "/tmp/zmk-config/zmk/app/dts/behaviors/key_repeat.dtsi" 1 3 4
2025-12-17T19:10:05.8349915Z 
2025-12-17T19:10:05.8350088Z # 1 "/tmp/zmk-config/zmk/app/include/dt-bindings/zmk/behaviors.h" 1 3 4
2025-12-17T19:10:05.8350235Z # 8 "/tmp/zmk-config/zmk/app/dts/behaviors/key_repeat.dtsi" 2 3 4
2025-12-17T19:10:05.8350239Z 
2025-12-17T19:10:05.8350301Z / {
2025-12-17T19:10:05.8350373Z     behaviors {
2025-12-17T19:10:05.8350377Z 
2025-12-17T19:10:05.8350450Z     /omit-if-no-ref/
2025-12-17T19:10:05.8350454Z 
2025-12-17T19:10:05.8350544Z         key_repeat: key_repeat {
2025-12-17T19:10:05.8350657Z             compatible = "zmk,behavior-key-repeat";
2025-12-17T19:10:05.8350735Z             #binding-cells = <0>;
2025-12-17T19:10:05.8350816Z             usage-pages = <(0x07)>;
2025-12-17T19:10:05.8350910Z             display-name = "Key Repeat";
2025-12-17T19:10:05.8350973Z         };
2025-12-17T19:10:05.8351042Z     };
2025-12-17T19:10:05.8351101Z };
2025-12-17T19:10:05.8351227Z # 26 "/tmp/zmk-config/zmk/app/dts/behaviors.dtsi" 2 3 4
2025-12-17T19:10:05.8351394Z # 1 "/tmp/zmk-config/zmk/app/dts/behaviors/backlight.dtsi" 1 3 4
2025-12-17T19:10:05.8351402Z 
2025-12-17T19:10:05.8351593Z # 1 "/tmp/zmk-config/zmk/app/include/dt-bindings/zmk/behaviors.h" 1 3 4
2025-12-17T19:10:05.8351739Z # 8 "/tmp/zmk-config/zmk/app/dts/behaviors/backlight.dtsi" 2 3 4
2025-12-17T19:10:05.8351743Z 
2025-12-17T19:10:05.8351808Z  / {
2025-12-17T19:10:05.8351875Z     behaviors {
2025-12-17T19:10:05.8351879Z 
2025-12-17T19:10:05.8351960Z         /omit-if-no-ref/
2025-12-17T19:10:05.8351969Z 
2025-12-17T19:10:05.8352038Z         bl: bcklight {
2025-12-17T19:10:05.8352147Z             compatible = "zmk,behavior-backlight";
2025-12-17T19:10:05.8352231Z             #binding-cells = <2>;
2025-12-17T19:10:05.8352317Z             display-name = "Backlight";
2025-12-17T19:10:05.8352380Z         };
2025-12-17T19:10:05.8352446Z     };
2025-12-17T19:10:05.8352506Z };
2025-12-17T19:10:05.8352630Z # 27 "/tmp/zmk-config/zmk/app/dts/behaviors.dtsi" 2 3 4
2025-12-17T19:10:05.8352775Z # 1 "/tmp/zmk-config/zmk/app/dts/behaviors/macros.dtsi" 1 3 4
2025-12-17T19:10:05.8353043Z # 29 "/tmp/zmk-config/zmk/app/dts/behaviors/macros.dtsi" 3 4
2025-12-17T19:10:05.8353354Z / {
2025-12-17T19:10:05.8353482Z     behaviors {
2025-12-17T19:10:05.8353576Z         macro_tap: macro_tap {
2025-12-17T19:10:05.8353696Z             compatible = "zmk,macro-control-mode-tap";
2025-12-17T19:10:05.8353775Z             #binding-cells = <0>;
2025-12-17T19:10:05.8353836Z         };
2025-12-17T19:10:05.8353840Z 
2025-12-17T19:10:05.8353934Z         macro_press: macro_press {
2025-12-17T19:10:05.8354052Z             compatible = "zmk,macro-control-mode-press";
2025-12-17T19:10:05.8354126Z             #binding-cells = <0>;
2025-12-17T19:10:05.8354196Z         };
2025-12-17T19:10:05.8354200Z 
2025-12-17T19:10:05.8354283Z         macro_release: macro_release {
2025-12-17T19:10:05.8354404Z             compatible = "zmk,macro-control-mode-release";
2025-12-17T19:10:05.8354476Z             #binding-cells = <0>;
2025-12-17T19:10:05.8354536Z         };
2025-12-17T19:10:05.8354539Z 
2025-12-17T19:10:05.8354638Z         macro_tap_time: macro_tap_time {
2025-12-17T19:10:05.8354740Z             compatible = "zmk,macro-control-tap-time";
2025-12-17T19:10:05.8354813Z             #binding-cells = <1>;
2025-12-17T19:10:05.8354882Z         };
2025-12-17T19:10:05.8354886Z 
2025-12-17T19:10:05.8354971Z         macro_wait_time: macro_wait_time {
2025-12-17T19:10:05.8355071Z             compatible = "zmk,macro-control-wait-time";
2025-12-17T19:10:05.8355286Z             #binding-cells = <1>;
2025-12-17T19:10:05.8355352Z         };
2025-12-17T19:10:05.8355355Z 
2025-12-17T19:10:05.8355481Z         macro_pause_for_release: macro_pause_for_release {
2025-12-17T19:10:05.8355595Z             compatible = "zmk,macro-pause-for-release";
2025-12-17T19:10:05.8355670Z             #binding-cells = <0>;
2025-12-17T19:10:05.8355736Z         };
2025-12-17T19:10:05.8355740Z 
2025-12-17T19:10:05.8355830Z         macro_param_1to1: macro_param_1to1 {
2025-12-17T19:10:05.8355933Z             compatible = "zmk,macro-param-1to1";
2025-12-17T19:10:05.8356022Z             #binding-cells = <0>;
2025-12-17T19:10:05.8356080Z         };
2025-12-17T19:10:05.8356085Z 
2025-12-17T19:10:05.8356176Z         macro_param_1to2: macro_param_1to2 {
2025-12-17T19:10:05.8356270Z             compatible = "zmk,macro-param-1to2";
2025-12-17T19:10:05.8356344Z             #binding-cells = <0>;
2025-12-17T19:10:05.8356408Z         };
2025-12-17T19:10:05.8356412Z 
2025-12-17T19:10:05.8356499Z         macro_param_2to1: macro_param_2to1 {
2025-12-17T19:10:05.8356589Z             compatible = "zmk,macro-param-2to1";
2025-12-17T19:10:05.8356667Z             #binding-cells = <0>;
2025-12-17T19:10:05.8356727Z         };
2025-12-17T19:10:05.8356731Z 
2025-12-17T19:10:05.8356818Z         macro_param_2to2: macro_param_2to2 {
2025-12-17T19:10:05.8356905Z             compatible = "zmk,macro-param-2to2";
2025-12-17T19:10:05.8356977Z             #binding-cells = <0>;
2025-12-17T19:10:05.8357042Z         };
2025-12-17T19:10:05.8357101Z     };
2025-12-17T19:10:05.8357166Z };
2025-12-17T19:10:05.8357293Z # 28 "/tmp/zmk-config/zmk/app/dts/behaviors.dtsi" 2 3 4
2025-12-17T19:10:05.8357440Z # 1 "/tmp/zmk-config/zmk/app/dts/behaviors/soft_off.dtsi" 1 3 4
2025-12-17T19:10:05.8357444Z 
2025-12-17T19:10:05.8357610Z # 1 "/tmp/zmk-config/zmk/app/include/dt-bindings/zmk/behaviors.h" 1 3 4
2025-12-17T19:10:05.8357748Z # 8 "/tmp/zmk-config/zmk/app/dts/behaviors/soft_off.dtsi" 2 3 4
2025-12-17T19:10:05.8357752Z 
2025-12-17T19:10:05.8357817Z / {
2025-12-17T19:10:05.8357890Z     behaviors {
2025-12-17T19:10:05.8357894Z 
2025-12-17T19:10:05.8357967Z         /omit-if-no-ref/
2025-12-17T19:10:05.8357971Z 
2025-12-17T19:10:05.8358044Z         soft_off: z_so_off {
2025-12-17T19:10:05.8358149Z             compatible = "zmk,behavior-soft-off";
2025-12-17T19:10:05.8358222Z             #binding-cells = <0>;
2025-12-17T19:10:05.8358322Z             split-peripheral-off-on-press;
2025-12-17T19:10:05.8358389Z         };
2025-12-17T19:10:05.8358449Z     };
2025-12-17T19:10:05.8358508Z };
2025-12-17T19:10:05.8358804Z # 29 "/tmp/zmk-config/zmk/app/dts/behaviors.dtsi" 2 3 4
2025-12-17T19:10:05.8358966Z # 1 "/tmp/zmk-config/zmk/app/dts/behaviors/studio_unlock.dtsi" 1 3 4
2025-12-17T19:10:05.8358970Z 
2025-12-17T19:10:05.8359035Z / {
2025-12-17T19:10:05.8359100Z     behaviors {
2025-12-17T19:10:05.8359182Z         studio_unlock: studio_unlock {
2025-12-17T19:10:05.8359295Z             compatible = "zmk,behavior-studio-unlock";
2025-12-17T19:10:05.8359373Z             #binding-cells = <0>;
2025-12-17T19:10:05.8359458Z             display-name = "Studio Unlock";
2025-12-17T19:10:05.8359523Z         };
2025-12-17T19:10:05.8359582Z     };
2025-12-17T19:10:05.8359641Z };
2025-12-17T19:10:05.8359756Z # 30 "/tmp/zmk-config/zmk/app/dts/behaviors.dtsi" 2 3 4
2025-12-17T19:10:05.8359900Z # 1 "/tmp/zmk-config/zmk/app/dts/behaviors/mouse_keys.dtsi" 1 3 4
2025-12-17T19:10:05.8359904Z 
2025-12-17T19:10:05.8360070Z # 1 "/tmp/zmk-config/zmk/app/dts/behaviors/mouse_key_press.dtsi" 1 3 4
2025-12-17T19:10:05.8360074Z 
2025-12-17T19:10:05.8360245Z # 1 "/tmp/zmk-config/zmk/app/include/dt-bindings/zmk/behaviors.h" 1 3 4
2025-12-17T19:10:05.8360402Z # 8 "/tmp/zmk-config/zmk/app/dts/behaviors/mouse_key_press.dtsi" 2 3 4
2025-12-17T19:10:05.8360406Z 
2025-12-17T19:10:05.8360473Z / {
2025-12-17T19:10:05.8360536Z     behaviors {
2025-12-17T19:10:05.8360540Z 
2025-12-17T19:10:05.8360617Z         /omit-if-no-ref/
2025-12-17T19:10:05.8360621Z 
2025-12-17T19:10:05.8360773Z         mkp: mouse_key_press {
2025-12-17T19:10:05.8360890Z             compatible = "zmk,behavior-mouse-key-press";
2025-12-17T19:10:05.8360974Z             #binding-cells = <1>;
2025-12-17T19:10:05.8361064Z             display-name = "Mouse Key Press";
2025-12-17T19:10:05.8361123Z         };
2025-12-17T19:10:05.8361191Z     };
2025-12-17T19:10:05.8361195Z 
2025-12-17T19:10:05.8361286Z     mkp_input_listener: mkp_input_listener {
2025-12-17T19:10:05.8361375Z         compatible = "zmk,input-listener";
2025-12-17T19:10:05.8361451Z         device = <&mkp>;
2025-12-17T19:10:05.8361516Z     };
2025-12-17T19:10:05.8361580Z };
2025-12-17T19:10:05.8361725Z # 8 "/tmp/zmk-config/zmk/app/dts/behaviors/mouse_keys.dtsi" 2 3 4
2025-12-17T19:10:05.8361863Z # 1 "/tmp/zmk-config/zmk/app/dts/behaviors/mouse_move.dtsi" 1 3 4
2025-12-17T19:10:05.8362002Z # 9 "/tmp/zmk-config/zmk/app/dts/behaviors/mouse_move.dtsi" 3 4
2025-12-17T19:10:05.8362061Z / {
2025-12-17T19:10:05.8362126Z     behaviors {
2025-12-17T19:10:05.8362223Z         /omit-if-no-ref/ mmv: mouse_move {
2025-12-17T19:10:05.8362328Z             compatible = "zmk,behavior-input-two-axis";
2025-12-17T19:10:05.8362401Z             #binding-cells = <1>;
2025-12-17T19:10:05.8362483Z             x-input-code = <0x00>;
2025-12-17T19:10:05.8362557Z             y-input-code = <0x01>;
2025-12-17T19:10:05.8362643Z             time-to-max-speed-ms = <300>;
2025-12-17T19:10:05.8362739Z             acceleration-exponent = <1>;
2025-12-17T19:10:05.8362798Z         };
2025-12-17T19:10:05.8362863Z     };
2025-12-17T19:10:05.8362866Z 
2025-12-17T19:10:05.8362962Z     mmv_input_listener: mmv_input_listener {
2025-12-17T19:10:05.8363049Z         compatible = "zmk,input-listener";
2025-12-17T19:10:05.8363301Z         device = <&mmv>;
2025-12-17T19:10:05.8363407Z     };
2025-12-17T19:10:05.8363501Z };
2025-12-17T19:10:05.8363653Z # 9 "/tmp/zmk-config/zmk/app/dts/behaviors/mouse_keys.dtsi" 2 3 4
2025-12-17T19:10:05.8363813Z # 1 "/tmp/zmk-config/zmk/app/dts/behaviors/mouse_scroll.dtsi" 1 3 4
2025-12-17T19:10:05.8363975Z # 10 "/tmp/zmk-config/zmk/app/dts/behaviors/mouse_scroll.dtsi" 3 4
2025-12-17T19:10:05.8364041Z / {
2025-12-17T19:10:05.8364105Z     behaviors {
2025-12-17T19:10:05.8364198Z         /omit-if-no-ref/ msc: mouse_scroll {
2025-12-17T19:10:05.8364307Z             compatible = "zmk,behavior-input-two-axis";
2025-12-17T19:10:05.8364384Z             #binding-cells = <1>;
2025-12-17T19:10:05.8364465Z             x-input-code = <0x06>;
2025-12-17T19:10:05.8364539Z             y-input-code = <0x08>;
2025-12-17T19:10:05.8364624Z             time-to-max-speed-ms = <300>;
2025-12-17T19:10:05.8364843Z             acceleration-exponent = <0>;
2025-12-17T19:10:05.8364903Z         };
2025-12-17T19:10:05.8364961Z     };
2025-12-17T19:10:05.8364965Z 
2025-12-17T19:10:05.8365058Z     msc_input_listener: msc_input_listener {
2025-12-17T19:10:05.8365147Z         compatible = "zmk,input-listener";
2025-12-17T19:10:05.8365222Z         device = <&msc>;
2025-12-17T19:10:05.8365281Z     };
2025-12-17T19:10:05.8365339Z };
2025-12-17T19:10:05.8365490Z # 10 "/tmp/zmk-config/zmk/app/dts/behaviors/mouse_keys.dtsi" 2 3 4
2025-12-17T19:10:05.8365601Z # 31 "/tmp/zmk-config/zmk/app/dts/behaviors.dtsi" 2 3 4
2025-12-17T19:10:05.8365709Z # 8 "/tmp/zmk-config/config/eyelash_sofle.keymap" 2
2025-12-17T19:10:05.8365851Z # 1 "/tmp/zmk-config/zmk/app/include/dt-bindings/zmk/bt.h" 1 3 4
2025-12-17T19:10:05.8365954Z # 9 "/tmp/zmk-config/config/eyelash_sofle.keymap" 2
2025-12-17T19:10:05.8366116Z # 1 "/tmp/zmk-config/zmk/app/include/dt-bindings/zmk/ext_power.h" 1 3 4
2025-12-17T19:10:05.8366226Z # 10 "/tmp/zmk-config/config/eyelash_sofle.keymap" 2
2025-12-17T19:10:05.8366236Z 
2025-12-17T19:10:05.8366398Z # 1 "/tmp/zmk-config/zmk/app/include/dt-bindings/zmk/pointing.h" 1 3 4
2025-12-17T19:10:05.8366402Z 
2025-12-17T19:10:05.8366470Z        
2025-12-17T19:10:05.8366574Z # 12 "/tmp/zmk-config/config/eyelash_sofle.keymap" 2
2025-12-17T19:10:05.8366711Z # 1 "/tmp/zmk-config/zmk/app/include/dt-bindings/zmk/rgb.h" 1 3 4
2025-12-17T19:10:05.8366921Z # 13 "/tmp/zmk-config/config/eyelash_sofle.keymap" 2
2025-12-17T19:10:05.8367078Z # 1 "/tmp/zmk-config/zmk/app/include/dt-bindings/zmk/outputs.h" 1 3 4
2025-12-17T19:10:05.8367179Z # 14 "/tmp/zmk-config/config/eyelash_sofle.keymap" 2
2025-12-17T19:10:05.8367285Z # 29 "/tmp/zmk-config/config/eyelash_sofle.keymap"
2025-12-17T19:10:05.8367345Z &mmv {
2025-12-17T19:10:05.8367430Z     time-to-max-speed-ms = <500>;
2025-12-17T19:10:05.8367515Z     acceleration-exponent = <1>;
2025-12-17T19:10:05.8367597Z     trigger-period-ms = <16>;
2025-12-17T19:10:05.8367660Z };
2025-12-17T19:10:05.8367670Z 
2025-12-17T19:10:05.8367729Z / {
2025-12-17T19:10:05.8367791Z     macros {
2025-12-17T19:10:05.8367857Z     };
2025-12-17T19:10:05.8367860Z 
2025-12-17T19:10:05.8367924Z     behaviors {
2025-12-17T19:10:05.8368002Z         five_rights: five_rights {
2025-12-17T19:10:05.8368103Z             compatible = "zmk,behavior-macro";
2025-12-17T19:10:05.8368175Z             #binding-cells = <0>;
2025-12-17T19:10:05.8368256Z             wait-ms = <30>;
2025-12-17T19:10:05.8368326Z             tap-ms = <30>;
2025-12-17T19:10:05.8368582Z             bindings = <&kp ((((0x07) << 16) | (0x4F))) &kp ((((0x07) << 16) | (0x4F))) &kp ((((0x07) << 16) | (0x4F))) &kp ((((0x07) << 16) | (0x4F))) &kp ((((0x07) << 16) | (0x4F)))>;
2025-12-17T19:10:05.8368649Z         };
2025-12-17T19:10:05.8368653Z 
2025-12-17T19:10:05.8368727Z         five_downs: five_downs {
2025-12-17T19:10:05.8368818Z             compatible = "zmk,behavior-macro";
2025-12-17T19:10:05.8368897Z             #binding-cells = <0>;
2025-12-17T19:10:05.8368971Z             wait-ms = <30>;
2025-12-17T19:10:05.8369039Z             tap-ms = <30>;
2025-12-17T19:10:05.8369289Z             bindings = <&kp ((((0x07) << 16) | (0x51))) &kp ((((0x07) << 16) | (0x51))) &kp ((((0x07) << 16) | (0x51))) &kp ((((0x07) << 16) | (0x51))) &kp ((((0x07) << 16) | (0x51)))>;
2025-12-17T19:10:05.8369350Z         };
2025-12-17T19:10:05.8369354Z 
2025-12-17T19:10:05.8369434Z         five_ups: five_ups {
2025-12-17T19:10:05.8369527Z             compatible = "zmk,behavior-macro";
2025-12-17T19:10:05.8369603Z             #binding-cells = <0>;
2025-12-17T19:10:05.8369679Z             wait-ms = <30>;
2025-12-17T19:10:05.8369748Z             tap-ms = <30>;
2025-12-17T19:10:05.8369987Z             bindings = <&kp ((((0x07) << 16) | (0x52))) &kp ((((0x07) << 16) | (0x52))) &kp ((((0x07) << 16) | (0x52))) &kp ((((0x07) << 16) | (0x52))) &kp ((((0x07) << 16) | (0x52)))>;
2025-12-17T19:10:05.8370056Z         };
2025-12-17T19:10:05.8370061Z 
2025-12-17T19:10:05.8370134Z         five_lefts: five_lefts {
2025-12-17T19:10:05.8370316Z             compatible = "zmk,behavior-macro";
2025-12-17T19:10:05.8370387Z             #binding-cells = <0>;
2025-12-17T19:10:05.8370455Z             wait-ms = <30>;
2025-12-17T19:10:05.8370531Z             tap-ms = <30>;
2025-12-17T19:10:05.8370767Z             bindings = <&kp ((((0x07) << 16) | (0x50))) &kp ((((0x07) << 16) | (0x50))) &kp ((((0x07) << 16) | (0x50))) &kp ((((0x07) << 16) | (0x50))) &kp ((((0x07) << 16) | (0x50)))>;
2025-12-17T19:10:05.8370828Z         };
2025-12-17T19:10:05.8370838Z 
2025-12-17T19:10:05.8370927Z         ctrl_five_rights: ctrl_five_rights {
2025-12-17T19:10:05.8371014Z             compatible = "zmk,behavior-macro";
2025-12-17T19:10:05.8371093Z             #binding-cells = <0>;
2025-12-17T19:10:05.8371161Z             wait-ms = <30>;
2025-12-17T19:10:05.8371226Z             tap-ms = <30>;
2025-12-17T19:10:05.8371297Z             bindings =
2025-12-17T19:10:05.8371402Z                 <&macro_press &kp (((((0x07) << 16) | (0xE0))))>,
2025-12-17T19:10:05.8371499Z                 <&macro_tap &kp ((((0x07) << 16) | (0x4F)))>,
2025-12-17T19:10:05.8371592Z                 <&macro_tap &kp ((((0x07) << 16) | (0x4F)))>,
2025-12-17T19:10:05.8371680Z                 <&macro_tap &kp ((((0x07) << 16) | (0x4F)))>,
2025-12-17T19:10:05.8371773Z                 <&macro_tap &kp ((((0x07) << 16) | (0x4F)))>,
2025-12-17T19:10:05.8371857Z                 <&macro_tap &kp ((((0x07) << 16) | (0x4F)))>,
2025-12-17T19:10:05.8372041Z                 <&macro_release &kp (((((0x07) << 16) | (0xE0))))>;
2025-12-17T19:10:05.8372111Z         };
2025-12-17T19:10:05.8372115Z 
2025-12-17T19:10:05.8372200Z         ctrl_five_lefts: ctrl_five_lefts {
2025-12-17T19:10:05.8372287Z             compatible = "zmk,behavior-macro";
2025-12-17T19:10:05.8372369Z             #binding-cells = <0>;
2025-12-17T19:10:05.8372438Z             wait-ms = <30>;
2025-12-17T19:10:05.8372507Z             tap-ms = <30>;
2025-12-17T19:10:05.8372581Z             bindings =
2025-12-17T19:10:05.8372688Z                 <&macro_press &kp (((((0x07) << 16) | (0xE0))))>,
2025-12-17T19:10:05.8372794Z                 <&macro_tap &kp ((((0x07) << 16) | (0x50)))>,
2025-12-17T19:10:05.8372887Z                 <&macro_tap &kp ((((0x07) << 16) | (0x50)))>,
2025-12-17T19:10:05.8372971Z                 <&macro_tap &kp ((((0x07) << 16) | (0x50)))>,
2025-12-17T19:10:05.8373065Z                 <&macro_tap &kp ((((0x07) << 16) | (0x50)))>,
2025-12-17T19:10:05.8373392Z                 <&macro_tap &kp ((((0x07) << 16) | (0x50)))>,
2025-12-17T19:10:05.8373513Z                 <&macro_release &kp (((((0x07) << 16) | (0xE0))))>;
2025-12-17T19:10:05.8373586Z         };
2025-12-17T19:10:05.8373590Z 
2025-12-17T19:10:05.8373664Z         win_z_4: win_z_4 {
2025-12-17T19:10:05.8373765Z             compatible = "zmk,behavior-macro";
2025-12-17T19:10:05.8373846Z             #binding-cells = <0>;
2025-12-17T19:10:05.8373919Z             wait-ms = <500>;
2025-12-17T19:10:05.8373995Z             tap-ms = <50>;
2025-12-17T19:10:05.8374298Z             bindings = <&kp (((((0x07) << 16) | (0x29)))) &kp (0x08 << 24 | ((((0x07) << 16) | (0x1D)))) &macro_wait_time 1000 &kp (((((0x07) << 16) | (0x21)))) &kp (((((0x07) << 16) | (0x28))))>;
2025-12-17T19:10:05.8374360Z         };
2025-12-17T19:10:05.8374364Z 
2025-12-17T19:10:05.8374438Z         win_z_5: win_z_5 {
2025-12-17T19:10:05.8374527Z             compatible = "zmk,behavior-macro";
2025-12-17T19:10:05.8374612Z             #binding-cells = <0>;
2025-12-17T19:10:05.8374682Z             wait-ms = <500>;
2025-12-17T19:10:05.8374749Z             tap-ms = <50>;
2025-12-17T19:10:05.8375038Z             bindings = <&kp (((((0x07) << 16) | (0x29)))) &kp (0x08 << 24 | ((((0x07) << 16) | (0x1D)))) &macro_wait_time 1000 &kp (((((0x07) << 16) | (0x22)))) &kp (((((0x07) << 16) | (0x28))))>;
2025-12-17T19:10:05.8375100Z         };
2025-12-17T19:10:05.8375103Z 
2025-12-17T19:10:05.8375170Z         win_z_6: win_z_6 {
2025-12-17T19:10:05.8375262Z             compatible = "zmk,behavior-macro";
2025-12-17T19:10:05.8375488Z             #binding-cells = <0>;
2025-12-17T19:10:05.8375558Z             wait-ms = <500>;
2025-12-17T19:10:05.8375632Z             tap-ms = <50>;
2025-12-17T19:10:05.8375927Z             bindings = <&kp (((((0x07) << 16) | (0x29)))) &kp (0x08 << 24 | ((((0x07) << 16) | (0x1D)))) &macro_wait_time 1000 &kp (((((0x07) << 16) | (0x23)))) &kp (((((0x07) << 16) | (0x28))))>;
2025-12-17T19:10:05.8375996Z         };
2025-12-17T19:10:05.8376000Z 
2025-12-17T19:10:05.8376077Z         win_z_7: win_z_7 {
2025-12-17T19:10:05.8376170Z             compatible = "zmk,behavior-macro";
2025-12-17T19:10:05.8376251Z             #binding-cells = <0>;
2025-12-17T19:10:05.8376319Z             wait-ms = <500>;
2025-12-17T19:10:05.8376387Z             tap-ms = <50>;
2025-12-17T19:10:05.8376672Z             bindings = <&kp (((((0x07) << 16) | (0x29)))) &kp (0x08 << 24 | ((((0x07) << 16) | (0x1D)))) &macro_wait_time 1000 &kp (((((0x07) << 16) | (0x24)))) &kp (((((0x07) << 16) | (0x28))))>;
2025-12-17T19:10:05.8376739Z         };
2025-12-17T19:10:05.8376743Z 
2025-12-17T19:10:05.8376816Z         win_z_8: win_z_8 {
2025-12-17T19:10:05.8376906Z             compatible = "zmk,behavior-macro";
2025-12-17T19:10:05.8376981Z             #binding-cells = <0>;
2025-12-17T19:10:05.8377056Z             wait-ms = <500>;
2025-12-17T19:10:05.8377124Z             tap-ms = <50>;
2025-12-17T19:10:05.8377519Z             bindings = <&kp (((((0x07) << 16) | (0x29)))) &kp (0x08 << 24 | ((((0x07) << 16) | (0x1D)))) &macro_wait_time 1000 &kp (((((0x07) << 16) | (0x25)))) &kp (((((0x07) << 16) | (0x28))))>;
2025-12-17T19:10:05.8377589Z         };
2025-12-17T19:10:05.8377593Z 
2025-12-17T19:10:05.8377690Z         win_alt_shift_comma: win_alt_shift_comma {
2025-12-17T19:10:05.8377781Z             compatible = "zmk,behavior-macro";
2025-12-17T19:10:05.8377854Z             #binding-cells = <0>;
2025-12-17T19:10:05.8377924Z             wait-ms = <30>;
2025-12-17T19:10:05.8377998Z             tap-ms = <30>;
2025-12-17T19:10:05.8378156Z             bindings = <&kp (0x08 << 24 | (0x04 << 24 | (0x02 << 24 | ((((0x07) << 16) | (0x36))))))>;
2025-12-17T19:10:05.8378223Z         };
2025-12-17T19:10:05.8378227Z 
2025-12-17T19:10:05.8378319Z         win_alt_shift_n: win_alt_shift_n {
2025-12-17T19:10:05.8378405Z             compatible = "zmk,behavior-macro";
2025-12-17T19:10:05.8378486Z             #binding-cells = <0>;
2025-12-17T19:10:05.8378554Z             wait-ms = <30>;
2025-12-17T19:10:05.8378627Z             tap-ms = <30>;
2025-12-17T19:10:05.8378783Z             bindings = <&kp (0x08 << 24 | (0x04 << 24 | (0x02 << 24 | ((((0x07) << 16) | (0x11))))))>;
2025-12-17T19:10:05.8378843Z         };
2025-12-17T19:10:05.8378847Z 
2025-12-17T19:10:05.8378918Z         was_up: was_up {
2025-12-17T19:10:05.8379011Z             compatible = "zmk,behavior-macro";
2025-12-17T19:10:05.8379086Z             #binding-cells = <0>;
2025-12-17T19:10:05.8379155Z             wait-ms = <30>;
2025-12-17T19:10:05.8379231Z             tap-ms = <30>;
2025-12-17T19:10:05.8379378Z             bindings = <&kp (0x08 << 24 | (0x04 << 24 | (0x02 << 24 | ((((0x07) << 16) | (0x52))))))>;
2025-12-17T19:10:05.8379452Z         };
2025-12-17T19:10:05.8379456Z 
2025-12-17T19:10:05.8379528Z         was_down: was_down {
2025-12-17T19:10:05.8379613Z             compatible = "zmk,behavior-macro";
2025-12-17T19:10:05.8379695Z             #binding-cells = <0>;
2025-12-17T19:10:05.8379763Z             wait-ms = <30>;
2025-12-17T19:10:05.8379835Z             tap-ms = <30>;
2025-12-17T19:10:05.8379985Z             bindings = <&kp (0x08 << 24 | (0x04 << 24 | (0x02 << 24 | ((((0x07) << 16) | (0x51))))))>;
2025-12-17T19:10:05.8380047Z         };
2025-12-17T19:10:05.8380051Z 
2025-12-17T19:10:05.8380128Z         was_left: was_left {
2025-12-17T19:10:05.8380213Z             compatible = "zmk,behavior-macro";
2025-12-17T19:10:05.8380287Z             #binding-cells = <0>;
2025-12-17T19:10:05.8380361Z             wait-ms = <30>;
2025-12-17T19:10:05.8380429Z             tap-ms = <30>;
2025-12-17T19:10:05.8380574Z             bindings = <&kp (0x08 << 24 | (0x04 << 24 | (0x02 << 24 | ((((0x07) << 16) | (0x50))))))>;
2025-12-17T19:10:05.8380727Z         };
2025-12-17T19:10:05.8380731Z 
2025-12-17T19:10:05.8380805Z         was_right: was_right {
2025-12-17T19:10:05.8380892Z             compatible = "zmk,behavior-macro";
2025-12-17T19:10:05.8380975Z             #binding-cells = <0>;
2025-12-17T19:10:05.8381045Z             wait-ms = <30>;
2025-12-17T19:10:05.8381128Z             tap-ms = <30>;
2025-12-17T19:10:05.8381276Z             bindings = <&kp (0x08 << 24 | (0x04 << 24 | (0x02 << 24 | ((((0x07) << 16) | (0x4F))))))>;
2025-12-17T19:10:05.8381338Z         };
2025-12-17T19:10:05.8381341Z 
2025-12-17T19:10:05.8381445Z         ctrl_shift_home_del: ctrl_shift_home_del {
2025-12-17T19:10:05.8381532Z             compatible = "zmk,behavior-macro";
2025-12-17T19:10:05.8381609Z             #binding-cells = <0>;
2025-12-17T19:10:05.8381684Z             wait-ms = <30>;
2025-12-17T19:10:05.8381756Z             tap-ms = <30>;
2025-12-17T19:10:05.8381953Z             bindings = <&kp (0x01 << 24 | (0x02 << 24 | ((((0x07) << 16) | (0x4A))))) &kp ((((0x07) << 16) | (0x4C)))>;
2025-12-17T19:10:05.8382016Z         };
2025-12-17T19:10:05.8382020Z 
2025-12-17T19:10:05.8382114Z         ctrl_shift_end_del: ctrl_shift_end_del {
2025-12-17T19:10:05.8382209Z             compatible = "zmk,behavior-macro";
2025-12-17T19:10:05.8382283Z             #binding-cells = <0>;
2025-12-17T19:10:05.8382434Z             wait-ms = <30>;
2025-12-17T19:10:05.8382510Z             tap-ms = <30>;
2025-12-17T19:10:05.8382682Z             bindings = <&kp (0x01 << 24 | (0x02 << 24 | ((((0x07) << 16) | (0x4D))))) &kp ((((0x07) << 16) | (0x4C)))>;
2025-12-17T19:10:05.8382743Z         };
2025-12-17T19:10:05.8382752Z 
2025-12-17T19:10:05.8382836Z         shift_home_del: shift_home_del {
2025-12-17T19:10:05.8382922Z             compatible = "zmk,behavior-macro";
2025-12-17T19:10:05.8383001Z             #binding-cells = <0>;
2025-12-17T19:10:05.8383070Z             wait-ms = <30>;
2025-12-17T19:10:05.8383281Z             tap-ms = <30>;
2025-12-17T19:10:05.8383451Z             bindings = <&kp (0x02 << 24 | ((((0x07) << 16) | (0x4A)))) &kp ((((0x07) << 16) | (0x4C)))>;
2025-12-17T19:10:05.8383515Z         };
2025-12-17T19:10:05.8383519Z 
2025-12-17T19:10:05.8383600Z         shift_end_del: shift_end_del {
2025-12-17T19:10:05.8383691Z             compatible = "zmk,behavior-macro";
2025-12-17T19:10:05.8383773Z             #binding-cells = <0>;
2025-12-17T19:10:05.8383846Z             wait-ms = <30>;
2025-12-17T19:10:05.8383915Z             tap-ms = <30>;
2025-12-17T19:10:05.8384068Z             bindings = <&kp (0x02 << 24 | ((((0x07) << 16) | (0x4D)))) &kp ((((0x07) << 16) | (0x4C)))>;
2025-12-17T19:10:05.8384133Z         };
2025-12-17T19:10:05.8384137Z 
2025-12-17T19:10:05.8384223Z         select_all_copy: select_all_copy {
2025-12-17T19:10:05.8384311Z             compatible = "zmk,behavior-macro";
2025-12-17T19:10:05.8384390Z             #binding-cells = <0>;
2025-12-17T19:10:05.8384471Z             label = "SACPY";
2025-12-17T19:10:05.8384539Z             wait-ms = <20>;
2025-12-17T19:10:05.8384612Z             tap-ms = <20>;
2025-12-17T19:10:05.8384789Z             bindings = <&kp (0x01 << 24 | ((((0x07) << 16) | (0x04)))) &kp (0x01 << 24 | ((((0x07) << 16) | (0x06))))>;
2025-12-17T19:10:05.8384855Z         };
2025-12-17T19:10:05.8384858Z 
2025-12-17T19:10:05.8384940Z         select_all_cut: select_all_cut {
2025-12-17T19:10:05.8385030Z             compatible = "zmk,behavior-macro";
2025-12-17T19:10:05.8385109Z             #binding-cells = <0>;
2025-12-17T19:10:05.8385177Z             label = "SAX";
2025-12-17T19:10:05.8385244Z             wait-ms = <20>;
2025-12-17T19:10:05.8385321Z             tap-ms = <20>;
2025-12-17T19:10:05.8385489Z             bindings = <&kp (0x01 << 24 | ((((0x07) << 16) | (0x04)))) &kp (0x01 << 24 | ((((0x07) << 16) | (0x1B))))>;
2025-12-17T19:10:05.8385551Z         };
2025-12-17T19:10:05.8385555Z 
2025-12-17T19:10:05.8385650Z         select_all_del: select_all_del {
2025-12-17T19:10:05.8385899Z             compatible = "zmk,behavior-macro";
2025-12-17T19:10:05.8385975Z             #binding-cells = <0>;
2025-12-17T19:10:05.8386051Z             label = "SADEL";
2025-12-17T19:10:05.8386120Z             wait-ms = <20>;
2025-12-17T19:10:05.8386189Z             tap-ms = <20>;
2025-12-17T19:10:05.8386356Z             bindings = <&kp (0x01 << 24 | ((((0x07) << 16) | (0x04)))) &kp ((((0x07) << 16) | (0x4C)))>;
2025-12-17T19:10:05.8386423Z         };
2025-12-17T19:10:05.8386426Z 
2025-12-17T19:10:05.8386510Z         morph_left: morph_left {
2025-12-17T19:10:05.8386612Z             compatible = "zmk,behavior-mod-morph";
2025-12-17T19:10:05.8386687Z             #binding-cells = <0>;
2025-12-17T19:10:05.8386791Z             bindings = <&five_lefts>, <&five_lefts>;
2025-12-17T19:10:05.8386867Z             mods = <(0x01 | 0x10)>;
2025-12-17T19:10:05.8386946Z             keep-mods = <(0x01 | 0x10)>;
2025-12-17T19:10:05.8387014Z         };
2025-12-17T19:10:05.8387017Z 
2025-12-17T19:10:05.8387101Z         morph_right: morph_right {
2025-12-17T19:10:05.8387202Z             compatible = "zmk,behavior-mod-morph";
2025-12-17T19:10:05.8387280Z             #binding-cells = <0>;
2025-12-17T19:10:05.8387377Z             bindings = <&five_rights>, <&five_rights>;
2025-12-17T19:10:05.8387454Z             mods = <(0x01 | 0x10)>;
2025-12-17T19:10:05.8387531Z             keep-mods = <(0x01 | 0x10)>;
2025-12-17T19:10:05.8387591Z         };
2025-12-17T19:10:05.8387699Z 
2025-12-17T19:10:05.8387791Z         morph_up: morph_up {
2025-12-17T19:10:05.8387885Z             compatible = "zmk,behavior-mod-morph";
2025-12-17T19:10:05.8387958Z             #binding-cells = <0>;
2025-12-17T19:10:05.8388092Z             bindings = <&five_ups>, <&kp ((((0x0C) << 16) | (0xB5)))>;
2025-12-17T19:10:05.8388162Z             mods = <(0x01 | 0x10)>;
2025-12-17T19:10:05.8388227Z         };
2025-12-17T19:10:05.8388230Z 
2025-12-17T19:10:05.8388306Z         morph_down: morph_down {
2025-12-17T19:10:05.8388396Z             compatible = "zmk,behavior-mod-morph";
2025-12-17T19:10:05.8388485Z             #binding-cells = <0>;
2025-12-17T19:10:05.8388617Z             bindings = <&five_downs>, <&kp (((((0x0C) << 16) | (0xB6))))>;
2025-12-17T19:10:05.8388685Z             mods = <(0x01 | 0x10)>;
2025-12-17T19:10:05.8388750Z         };
2025-12-17T19:10:05.8388753Z 
2025-12-17T19:10:05.8388832Z         morph_mmv_up: morph_mmv_up {
2025-12-17T19:10:05.8388927Z             compatible = "zmk,behavior-mod-morph";
2025-12-17T19:10:05.8389006Z             #binding-cells = <0>;
2025-12-17T19:10:05.8389111Z             bindings = <&mmv ((-180) & 0xFFFF)>, <&was_up>;
2025-12-17T19:10:05.8389186Z             mods = <(0x01 | 0x10)>;
2025-12-17T19:10:05.8389247Z         };
2025-12-17T19:10:05.8389251Z 
2025-12-17T19:10:05.8389332Z         morph_mmv_down: morph_mmv_down {
2025-12-17T19:10:05.8389427Z             compatible = "zmk,behavior-mod-morph";
2025-12-17T19:10:05.8389501Z             #binding-cells = <0>;
2025-12-17T19:10:05.8389606Z             bindings = <&mmv ((180) & 0xFFFF)>, <&was_down>;
2025-12-17T19:10:05.8389688Z             mods = <(0x01 | 0x10)>;
2025-12-17T19:10:05.8389748Z         };
2025-12-17T19:10:05.8389751Z 
2025-12-17T19:10:05.8389837Z         morph_mmv_left: morph_mmv_left {
2025-12-17T19:10:05.8389927Z             compatible = "zmk,behavior-mod-morph";
2025-12-17T19:10:05.8390000Z             #binding-cells = <0>;
2025-12-17T19:10:05.8390129Z             bindings = <&mmv (((-180) & 0xFFFF) << 16)>, <&was_left>;
2025-12-17T19:10:05.8390197Z             mods = <(0x01 | 0x10)>;
2025-12-17T19:10:05.8390256Z         };
2025-12-17T19:10:05.8390260Z 
2025-12-17T19:10:05.8390353Z         morph_mmv_right: morph_mmv_right {
2025-12-17T19:10:05.8390443Z             compatible = "zmk,behavior-mod-morph";
2025-12-17T19:10:05.8390516Z             #binding-cells = <0>;
2025-12-17T19:10:05.8390638Z             bindings = <&mmv (((180) & 0xFFFF) << 16)>, <&was_right>;
2025-12-17T19:10:05.8390708Z             mods = <(0x01 | 0x10)>;
2025-12-17T19:10:05.8390861Z         };
2025-12-17T19:10:05.8390864Z 
2025-12-17T19:10:05.8390941Z         prev_win: prev_win {
2025-12-17T19:10:05.8391030Z                 compatible = "zmk,behavior-macro";
2025-12-17T19:10:05.8391118Z                 #binding-cells = <0>;
2025-12-17T19:10:05.8391190Z                 label = "PREV_WIN";
2025-12-17T19:10:05.8391312Z                 bindings = <&kp (0x04 << 24 | ((((0x07) << 16) | (0x2B))))>;
2025-12-17T19:10:05.8391384Z             };
2025-12-17T19:10:05.8391389Z 
2025-12-17T19:10:05.8391472Z         second_prev_win: second_prev_win {
2025-12-17T19:10:05.8391565Z                 compatible = "zmk,behavior-macro";
2025-12-17T19:10:05.8391642Z                 #binding-cells = <0>;
2025-12-17T19:10:05.8391718Z                 label = "SEC_PREV_WIN";
2025-12-17T19:10:05.8391795Z                 wait-ms = <30>;
2025-12-17T19:10:05.8391868Z                 tap-ms = <30>;
2025-12-17T19:10:05.8391938Z                 bindings =
2025-12-17T19:10:05.8392046Z                     <&macro_press &kp (((((0x07) << 16) | (0xE2))))>,
2025-12-17T19:10:05.8392151Z                     <&macro_tap &kp ((((0x07) << 16) | (0x2B)))>,
2025-12-17T19:10:05.8392243Z                     <&macro_tap &kp ((((0x07) << 16) | (0x2B)))>,
2025-12-17T19:10:05.8392362Z                     <&macro_release &kp (((((0x07) << 16) | (0xE2))))>;
2025-12-17T19:10:05.8392425Z         };
2025-12-17T19:10:05.8392429Z 
2025-12-17T19:10:05.8392589Z         meh_press: meh_press {
2025-12-17T19:10:05.8392685Z             compatible = "zmk,behavior-macro";
2025-12-17T19:10:05.8392762Z             #binding-cells = <0>;
2025-12-17T19:10:05.8392892Z             bindings = <&macro_press &kp (((((0x07) << 16) | (0xE0))))
2025-12-17T19:10:05.8392988Z                         &macro_press &kp (((((0x07) << 16) | (0xE2))))
2025-12-17T19:10:05.8393095Z                         &macro_press &kp (((((0x07) << 16) | (0xE1))))>;
2025-12-17T19:10:05.8393351Z         };
2025-12-17T19:10:05.8393355Z 
2025-12-17T19:10:05.8393429Z         caw_press: caw_press {
2025-12-17T19:10:05.8393534Z             compatible = "zmk,behavior-macro";
2025-12-17T19:10:05.8393612Z             #binding-cells = <0>;
2025-12-17T19:10:05.8393730Z             bindings = <&macro_press &kp (((((0x07) << 16) | (0xE0))))
2025-12-17T19:10:05.8393836Z                         &macro_press &kp (((((0x07) << 16) | (0xE2))))
2025-12-17T19:10:05.8393937Z                         &macro_press &kp (((((0x07) << 16) | (0xE3))))>;
2025-12-17T19:10:05.8394005Z         };
2025-12-17T19:10:05.8394009Z 
2025-12-17T19:10:05.8394092Z         meh_release: meh_release {
2025-12-17T19:10:05.8394181Z             compatible = "zmk,behavior-macro";
2025-12-17T19:10:05.8394260Z             #binding-cells = <0>;
2025-12-17T19:10:05.8394385Z             bindings = <&macro_release &kp (((((0x07) << 16) | (0xE0))))
2025-12-17T19:10:05.8394483Z                         &macro_release &kp (((((0x07) << 16) | (0xE2))))
2025-12-17T19:10:05.8394595Z                         &macro_release &kp (((((0x07) << 16) | (0xE1))))>;
2025-12-17T19:10:05.8394661Z         };
2025-12-17T19:10:05.8394665Z 
2025-12-17T19:10:05.8394743Z         caw_release: caw_release {
2025-12-17T19:10:05.8394837Z             compatible = "zmk,behavior-macro";
2025-12-17T19:10:05.8394910Z             #binding-cells = <0>;
2025-12-17T19:10:05.8395033Z             bindings = <&macro_release &kp (((((0x07) << 16) | (0xE0))))
2025-12-17T19:10:05.8395140Z                         &macro_release &kp (((((0x07) << 16) | (0xE2))))
2025-12-17T19:10:05.8395241Z                         &macro_release &kp (((((0x07) << 16) | (0xE3))))>;
2025-12-17T19:10:05.8395309Z         };
2025-12-17T19:10:05.8395312Z 
2025-12-17T19:10:05.8395380Z         meh_a: meh_a {
2025-12-17T19:10:05.8395467Z             compatible = "zmk,behavior-macro";
2025-12-17T19:10:05.8395550Z             #binding-cells = <0>;
2025-12-17T19:10:05.8395621Z             label = "MEH_A";
2025-12-17T19:10:05.8395802Z             bindings = <&meh_press &macro_tap &kp ((((0x07) << 16) | (0x04))) &meh_release>;
2025-12-17T19:10:05.8395987Z         };
2025-12-17T19:10:05.8395990Z 
2025-12-17T19:10:05.8396060Z         meh_s: meh_s {
2025-12-17T19:10:05.8396152Z             compatible = "zmk,behavior-macro";
2025-12-17T19:10:05.8396226Z             #binding-cells = <0>;
2025-12-17T19:10:05.8396298Z             label = "MEH_S";
2025-12-17T19:10:05.8396473Z             bindings = <&meh_press &macro_tap &kp ((((0x07) << 16) | (0x16))) &meh_release>;
2025-12-17T19:10:05.8396539Z         };
2025-12-17T19:10:05.8396543Z 
2025-12-17T19:10:05.8396607Z         meh_d: meh_d {
2025-12-17T19:10:05.8396698Z             compatible = "zmk,behavior-macro";
2025-12-17T19:10:05.8396770Z             #binding-cells = <0>;
2025-12-17T19:10:05.8396836Z             label = "MEH_D";
2025-12-17T19:10:05.8397005Z             bindings = <&meh_press &macro_tap &kp ((((0x07) << 16) | (0x07))) &meh_release>;
2025-12-17T19:10:05.8397067Z         };
2025-12-17T19:10:05.8397071Z 
2025-12-17T19:10:05.8397140Z         meh_f: meh_f {
2025-12-17T19:10:05.8397229Z             compatible = "zmk,behavior-macro";
2025-12-17T19:10:05.8397302Z             #binding-cells = <0>;
2025-12-17T19:10:05.8397374Z             label = "MEH_F";
2025-12-17T19:10:05.8397535Z             bindings = <&meh_press &macro_tap &kp ((((0x07) << 16) | (0x09))) &meh_release>;
2025-12-17T19:10:05.8397595Z         };
2025-12-17T19:10:05.8397599Z 
2025-12-17T19:10:05.8397668Z         caw_a: caw_a {
2025-12-17T19:10:05.8397899Z             compatible = "zmk,behavior-macro";
2025-12-17T19:10:05.8397979Z             #binding-cells = <0>;
2025-12-17T19:10:05.8398047Z             label = "CAW_A";
2025-12-17T19:10:05.8398207Z             bindings = <&caw_press &macro_tap &kp ((((0x07) << 16) | (0x04))) &caw_release>;
2025-12-17T19:10:05.8398273Z         };
2025-12-17T19:10:05.8398276Z 
2025-12-17T19:10:05.8398341Z         caw_s: caw_s {
2025-12-17T19:10:05.8398427Z             compatible = "zmk,behavior-macro";
2025-12-17T19:10:05.8398504Z             #binding-cells = <0>;
2025-12-17T19:10:05.8398576Z             label = "CAW_S";
2025-12-17T19:10:05.8398735Z             bindings = <&caw_press &macro_tap &kp ((((0x07) << 16) | (0x16))) &caw_release>;
2025-12-17T19:10:05.8398802Z         };
2025-12-17T19:10:05.8398806Z 
2025-12-17T19:10:05.8398873Z         caw_d: caw_d {
2025-12-17T19:10:05.8398961Z             compatible = "zmk,behavior-macro";
2025-12-17T19:10:05.8399034Z             #binding-cells = <0>;
2025-12-17T19:10:05.8399107Z             label = "CAW_D";
2025-12-17T19:10:05.8399273Z             bindings = <&caw_press &macro_tap &kp ((((0x07) << 16) | (0x07))) &caw_release>;
2025-12-17T19:10:05.8399337Z         };
2025-12-17T19:10:05.8399340Z 
2025-12-17T19:10:05.8399403Z         caw_f: caw_f {
2025-12-17T19:10:05.8399495Z             compatible = "zmk,behavior-macro";
2025-12-17T19:10:05.8399567Z             #binding-cells = <0>;
2025-12-17T19:10:05.8399641Z             label = "CAW_F";
2025-12-17T19:10:05.8399806Z             bindings = <&caw_press &macro_tap &kp ((((0x07) << 16) | (0x09))) &caw_release>;
2025-12-17T19:10:05.8399872Z         };
2025-12-17T19:10:05.8399875Z 
2025-12-17T19:10:05.8399949Z         caw_q: caw_q {
2025-12-17T19:10:05.8400043Z             compatible = "zmk,behavior-macro";
2025-12-17T19:10:05.8400118Z             #binding-cells = <0>;
2025-12-17T19:10:05.8400192Z             label = "CAW_Q";
2025-12-17T19:10:05.8400359Z             bindings = <&caw_press &macro_tap &kp ((((0x07) << 16) | (0x14))) &caw_release>;
2025-12-17T19:10:05.8400420Z         };
2025-12-17T19:10:05.8400430Z 
2025-12-17T19:10:05.8400495Z         caw_w: caw_w {
2025-12-17T19:10:05.8400582Z             compatible = "zmk,behavior-macro";
2025-12-17T19:10:05.8400660Z             #binding-cells = <0>;
2025-12-17T19:10:05.8400727Z             label = "CAW_W";
2025-12-17T19:10:05.8400887Z             bindings = <&caw_press &macro_tap &kp ((((0x07) << 16) | (0x1A))) &caw_release>;
2025-12-17T19:10:05.8400952Z         };
2025-12-17T19:10:05.8400956Z 
2025-12-17T19:10:05.8401021Z         caw_e: caw_e {
2025-12-17T19:10:05.8401191Z             compatible = "zmk,behavior-macro";
2025-12-17T19:10:05.8401269Z             #binding-cells = <0>;
2025-12-17T19:10:05.8401337Z             label = "CAW_E";
2025-12-17T19:10:05.8401502Z             bindings = <&caw_press &macro_tap &kp ((((0x07) << 16) | (0x08))) &caw_release>;
2025-12-17T19:10:05.8401562Z         };
2025-12-17T19:10:05.8401565Z 
2025-12-17T19:10:05.8401630Z         caw_r: caw_r {
2025-12-17T19:10:05.8401724Z             compatible = "zmk,behavior-macro";
2025-12-17T19:10:05.8401797Z             #binding-cells = <0>;
2025-12-17T19:10:05.8401865Z             label = "CAW_R";
2025-12-17T19:10:05.8402034Z             bindings = <&caw_press &macro_tap &kp ((((0x07) << 16) | (0x15))) &caw_release>;
2025-12-17T19:10:05.8402094Z         };
2025-12-17T19:10:05.8402097Z 
2025-12-17T19:10:05.8402170Z         td_n7_l: tap_dance_n7_l {
2025-12-17T19:10:05.8402270Z             compatible = "zmk,behavior-tap-dance";
2025-12-17T19:10:05.8402342Z             #binding-cells = <0>;
2025-12-17T19:10:05.8402434Z             tapping-term-ms = <400>;
2025-12-17T19:10:05.8402694Z             bindings = <&kp (0x08 << 24 | (0x04 << 24 | (0x02 << 24 | (((((0x07) << 16) | (0x27)))))))>, <&kp (0x08 << 24 | (0x04 << 24 | (0x02 << 24 | ((((0x07) << 16) | (0x0D))))))>;
2025-12-17T19:10:05.8402754Z         };
2025-12-17T19:10:05.8402758Z 
2025-12-17T19:10:05.8402840Z         ht_n0_td: hold_tap_n0_td {
2025-12-17T19:10:05.8403014Z             compatible = "zmk,behavior-hold-tap";
2025-12-17T19:10:05.8403089Z             #binding-cells = <2>;
2025-12-17T19:10:05.8403280Z             flavor = "tap-preferred";
2025-12-17T19:10:05.8403361Z             tapping-term-ms = <200>;
2025-12-17T19:10:05.8403447Z             bindings = <&kp>, <&td_n7_l>;
2025-12-17T19:10:05.8403509Z         };
2025-12-17T19:10:05.8403513Z 
2025-12-17T19:10:05.8403589Z         td_as_qs: tap_dance_as_qs {
2025-12-17T19:10:05.8403691Z             compatible = "zmk,behavior-tap-dance";
2025-12-17T19:10:05.8403771Z             #binding-cells = <0>;
2025-12-17T19:10:05.8403848Z             tapping-term-ms = <400>;
2025-12-17T19:10:05.8404069Z             bindings = <&kp (0x04 << 24 | (0x02 << 24 | ((((0x07) << 16) | (0x14)))))>, <&kp (0x04 << 24 | (0x02 << 24 | ((((0x07) << 16) | (0x1A)))))>;
2025-12-17T19:10:05.8404131Z         };
2025-12-17T19:10:05.8404135Z 
2025-12-17T19:10:05.8404226Z         ht_as_w_td: hold_tap_as_w_td {
2025-12-17T19:10:05.8404330Z             compatible = "zmk,behavior-hold-tap";
2025-12-17T19:10:05.8404409Z             #binding-cells = <2>;
2025-12-17T19:10:05.8404496Z             flavor = "tap-preferred";
2025-12-17T19:10:05.8404573Z             tapping-term-ms = <200>;
2025-12-17T19:10:05.8404655Z             bindings = <&kp>, <&td_as_qs>;
2025-12-17T19:10:05.8404722Z         };
2025-12-17T19:10:05.8404726Z 
2025-12-17T19:10:05.8404811Z         td_prev_sw: tap_dance_prev_win {
2025-12-17T19:10:05.8404906Z             compatible = "zmk,behavior-tap-dance";
2025-12-17T19:10:05.8404988Z             #binding-cells = <0>;
2025-12-17T19:10:05.8405069Z             tapping-term-ms = <400>;
2025-12-17T19:10:05.8405181Z             bindings = <&prev_win>, <&second_prev_win>;
2025-12-17T19:10:05.8405242Z         };
2025-12-17T19:10:05.8405246Z 
2025-12-17T19:10:05.8405337Z         td_was_comma_n: tap_dance_was_comma_n {
2025-12-17T19:10:05.8405436Z             compatible = "zmk,behavior-tap-dance";
2025-12-17T19:10:05.8405517Z             #binding-cells = <0>;
2025-12-17T19:10:05.8405591Z             tapping-term-ms = <400>;
2025-12-17T19:10:05.8405724Z             bindings = <&win_alt_shift_comma>, <&win_alt_shift_n>;
2025-12-17T19:10:05.8405785Z         };
2025-12-17T19:10:05.8405788Z 
2025-12-17T19:10:05.8405879Z         ht_wz4_prev_td: hold_tap_wz4_prev {
2025-12-17T19:10:05.8405971Z             compatible = "zmk,behavior-hold-tap";
2025-12-17T19:10:05.8406045Z             #binding-cells = <2>;
2025-12-17T19:10:05.8406131Z             flavor = "tap-preferred";
2025-12-17T19:10:05.8406207Z             tapping-term-ms = <200>;
2025-12-17T19:10:05.8406428Z             bindings = <&win_z_4>, <&td_prev_sw>;
2025-12-17T19:10:05.8406495Z         };
2025-12-17T19:10:05.8406499Z 
2025-12-17T19:10:05.8406580Z         ht_wz4_was_td: hold_tap_wz4_was {
2025-12-17T19:10:05.8406674Z             compatible = "zmk,behavior-hold-tap";
2025-12-17T19:10:05.8406757Z             #binding-cells = <2>;
2025-12-17T19:10:05.8406835Z             flavor = "tap-preferred";
2025-12-17T19:10:05.8406919Z             tapping-term-ms = <200>;
2025-12-17T19:10:05.8407014Z             bindings = <&win_z_4>, <&td_was_comma_n>;
2025-12-17T19:10:05.8407076Z         };
2025-12-17T19:10:05.8407079Z 
2025-12-17T19:10:05.8407172Z         td_ctrl_alt_bv: tap_dance_ctrl_alt_bv {
2025-12-17T19:10:05.8407265Z             compatible = "zmk,behavior-tap-dance";
2025-12-17T19:10:05.8407338Z             #binding-cells = <0>;
2025-12-17T19:10:05.8407419Z             tapping-term-ms = <400>;
2025-12-17T19:10:05.8407628Z             bindings = <&kp (0x01 << 24 | (0x04 << 24 | ((((0x07) << 16) | (0x05)))))>, <&kp (0x01 << 24 | (0x04 << 24 | ((((0x07) << 16) | (0x19)))))>;
2025-12-17T19:10:05.8407702Z         };
2025-12-17T19:10:05.8407706Z 
2025-12-17T19:10:05.8407793Z         ht_was1_cabv_td: hold_tap_was1_cabv {
2025-12-17T19:10:05.8407885Z             compatible = "zmk,behavior-hold-tap";
2025-12-17T19:10:05.8407963Z             #binding-cells = <2>;
2025-12-17T19:10:05.8408147Z             flavor = "tap-preferred";
2025-12-17T19:10:05.8408227Z             tapping-term-ms = <200>;
2025-12-17T19:10:05.8408317Z             bindings = <&kp>, <&td_ctrl_alt_bv>;
2025-12-17T19:10:05.8408379Z         };
2025-12-17T19:10:05.8408383Z 
2025-12-17T19:10:05.8408470Z         td_ctx_sa_cut: tap_dance_ctx_sa_cut {
2025-12-17T19:10:05.8408569Z             compatible = "zmk,behavior-tap-dance";
2025-12-17T19:10:05.8408641Z             #binding-cells = <0>;
2025-12-17T19:10:05.8408723Z             tapping-term-ms = <400>;
2025-12-17T19:10:05.8408854Z             bindings = <&kp (((((0x07) << 16) | (0x65))))>, <&select_all_cut>;
2025-12-17T19:10:05.8408919Z         };
2025-12-17T19:10:05.8408923Z 
2025-12-17T19:10:05.8409019Z         ht_lghome_ctx_td: hold_tap_lghome_ctx {
2025-12-17T19:10:05.8409109Z             compatible = "zmk,behavior-hold-tap";
2025-12-17T19:10:05.8409183Z             #binding-cells = <2>;
2025-12-17T19:10:05.8409269Z             flavor = "tap-preferred";
2025-12-17T19:10:05.8409352Z             tapping-term-ms = <200>;
2025-12-17T19:10:05.8409438Z             bindings = <&kp>, <&td_ctx_sa_cut>;
2025-12-17T19:10:05.8409499Z         };
2025-12-17T19:10:05.8409503Z 
2025-12-17T19:10:05.8409589Z         td_ps_sa_copy: tap_dance_ps_sa_copy {
2025-12-17T19:10:05.8409687Z             compatible = "zmk,behavior-tap-dance";
2025-12-17T19:10:05.8409760Z             #binding-cells = <0>;
2025-12-17T19:10:05.8409835Z             tapping-term-ms = <400>;
2025-12-17T19:10:05.8410031Z             bindings = <&kp (0x08 << 24 | (0x04 << 24 | (0x02 << 24 | ((((0x07) << 16) | (0x0D))))))>, <&select_all_copy>;
2025-12-17T19:10:05.8410097Z         };
2025-12-17T19:10:05.8410101Z 
2025-12-17T19:10:05.8410194Z         ht_lgshfte_ps_td: hold_tap_lgshfte_ps {
2025-12-17T19:10:05.8410285Z             compatible = "zmk,behavior-hold-tap";
2025-12-17T19:10:05.8410358Z             #binding-cells = <2>;
2025-12-17T19:10:05.8410441Z             flavor = "tap-preferred";
2025-12-17T19:10:05.8410518Z             tapping-term-ms = <200>;
2025-12-17T19:10:05.8410653Z             bindings = <&lg_home_alt_tab_ctrl_home>, <&td_ps_sa_copy>;
2025-12-17T19:10:05.8410721Z         };
2025-12-17T19:10:05.8410725Z 
2025-12-17T19:10:05.8410802Z         mt_cshome: modtap_cshome {
2025-12-17T19:10:05.8410892Z             compatible = "zmk,behavior-hold-tap";
2025-12-17T19:10:05.8410977Z             #binding-cells = <2>;
2025-12-17T19:10:05.8411056Z             flavor = "tap-preferred";
2025-12-17T19:10:05.8411141Z             tapping-term-ms = <200>;
2025-12-17T19:10:05.8411213Z             bindings = <&kp>, <&kp>;
2025-12-17T19:10:05.8411368Z         };
2025-12-17T19:10:05.8411371Z 
2025-12-17T19:10:05.8411454Z         mt_csend: modtap_csend {
2025-12-17T19:10:05.8411544Z             compatible = "zmk,behavior-hold-tap";
2025-12-17T19:10:05.8411623Z             #binding-cells = <2>;
2025-12-17T19:10:05.8411707Z             flavor = "tap-preferred";
2025-12-17T19:10:05.8411782Z             tapping-term-ms = <200>;
2025-12-17T19:10:05.8411862Z             bindings = <&kp>, <&kp>;
2025-12-17T19:10:05.8411930Z         };
2025-12-17T19:10:05.8411934Z 
2025-12-17T19:10:05.8412016Z         mt_ctrl: modtap_ctrl_generic {
2025-12-17T19:10:05.8412113Z             compatible = "zmk,behavior-hold-tap";
2025-12-17T19:10:05.8412186Z             #binding-cells = <2>;
2025-12-17T19:10:05.8412265Z             flavor = "tap-preferred";
2025-12-17T19:10:05.8412347Z             tapping-term-ms = <200>;
2025-12-17T19:10:05.8412420Z             bindings = <&kp>, <&kp>;
2025-12-17T19:10:05.8412481Z         };
2025-12-17T19:10:05.8412490Z 
2025-12-17T19:10:05.8412588Z         ht_cshome_del: hold_tap_cshome_del {
2025-12-17T19:10:05.8412678Z             compatible = "zmk,behavior-hold-tap";
2025-12-17T19:10:05.8412753Z             #binding-cells = <2>;
2025-12-17T19:10:05.8412842Z             flavor = "tap-preferred";
2025-12-17T19:10:05.8412920Z             tapping-term-ms = <200>;
2025-12-17T19:10:05.8413049Z             bindings = <&ctrl_shift_home_del>, <&shift_home_del>;
2025-12-17T19:10:05.8413336Z         };
2025-12-17T19:10:05.8413341Z 
2025-12-17T19:10:05.8413438Z         ht_csend_del: hold_tap_csend_del {
2025-12-17T19:10:05.8413542Z             compatible = "zmk,behavior-hold-tap";
2025-12-17T19:10:05.8413622Z             #binding-cells = <2>;
2025-12-17T19:10:05.8413702Z             flavor = "tap-preferred";
2025-12-17T19:10:05.8413787Z             tapping-term-ms = <200>;
2025-12-17T19:10:05.8413951Z             bindings = <&ctrl_shift_end_del>, <&shift_end_del>;
2025-12-17T19:10:05.8414018Z         };
2025-12-17T19:10:05.8414028Z 
2025-12-17T19:10:05.8414116Z         ht_was6_altf4: hold_tap_was6_altf4 {
2025-12-17T19:10:05.8414212Z             compatible = "zmk,behavior-hold-tap";
2025-12-17T19:10:05.8414293Z             #binding-cells = <2>;
2025-12-17T19:10:05.8414371Z             flavor = "tap-preferred";
2025-12-17T19:10:05.8414448Z             tapping-term-ms = <200>;
2025-12-17T19:10:05.8414527Z             bindings = <&kp>, <&kp>;
2025-12-17T19:10:05.8414587Z         };
2025-12-17T19:10:05.8414596Z 
2025-12-17T19:10:05.8414716Z         lg_home_alt_tab_ctrl_home: lg_home_alt_tab_ctrl_home {
2025-12-17T19:10:05.8414814Z             compatible = "zmk,behavior-macro";
2025-12-17T19:10:05.8414888Z             #binding-cells = <0>;
2025-12-17T19:10:05.8414981Z             label = "LG_HOME_ALT_TAB_CTRL_HOME";
2025-12-17T19:10:05.8415051Z             wait-ms = <50>;
2025-12-17T19:10:05.8415123Z             tap-ms = <50>;
2025-12-17T19:10:05.8415194Z             bindings =
2025-12-17T19:10:05.8415321Z                 <&macro_tap &kp (0x08 << 24 | ((((0x07) << 16) | (0x4A))))>,
2025-12-17T19:10:05.8415405Z                 <&macro_wait_time 100>,
2025-12-17T19:10:05.8415513Z                 <&macro_press &kp (((((0x07) << 16) | (0xE2))))>,
2025-12-17T19:10:05.8415609Z                 <&macro_tap &kp ((((0x07) << 16) | (0x2B)))>,
2025-12-17T19:10:05.8415687Z                 <&macro_wait_time 50>,
2025-12-17T19:10:05.8415814Z                 <&macro_tap &kp (0x01 << 24 | ((((0x07) << 16) | (0x4A))))>,
2025-12-17T19:10:05.8415891Z                 <&macro_wait_time 50>,
2025-12-17T19:10:05.8416005Z                 <&macro_release &kp (((((0x07) << 16) | (0xE2))))>;
2025-12-17T19:10:05.8416067Z         };
2025-12-17T19:10:05.8416071Z 
2025-12-17T19:10:05.8416156Z         td_win_win_h: tap_dance_win_win_h {
2025-12-17T19:10:05.8416258Z             compatible = "zmk,behavior-tap-dance";
2025-12-17T19:10:05.8416331Z             #binding-cells = <0>;
2025-12-17T19:10:05.8416407Z             tapping-term-ms = <200>;
2025-12-17T19:10:05.8416623Z             bindings = <&kp (0x08 << 24 | (0x04 << 24 | (0x02 << 24 | ((((0x07) << 16) | (0x18))))))>, <&kp (0x08 << 24 | ((((0x07) << 16) | (0x0B))))>;
2025-12-17T19:10:05.8416802Z         };
2025-12-17T19:10:05.8416806Z 
2025-12-17T19:10:05.8416895Z         ht_mo2_win_td: hold_tap_mo2_win {
2025-12-17T19:10:05.8416987Z             compatible = "zmk,behavior-hold-tap";
2025-12-17T19:10:05.8417062Z             #binding-cells = <2>;
2025-12-17T19:10:05.8417150Z             flavor = "tap-preferred";
2025-12-17T19:10:05.8417226Z             tapping-term-ms = <200>;
2025-12-17T19:10:05.8417310Z             bindings = <&mo>, <&td_win_win_h>;
2025-12-17T19:10:05.8417376Z         };
2025-12-17T19:10:05.8417379Z 
2025-12-17T19:10:05.8417468Z         td_enter_was_u: tap_dance_enter_was_u {
2025-12-17T19:10:05.8417570Z             compatible = "zmk,behavior-tap-dance";
2025-12-17T19:10:05.8417644Z             #binding-cells = <0>;
2025-12-17T19:10:05.8417720Z             tapping-term-ms = <400>;
2025-12-17T19:10:05.8417983Z             bindings = <&kp (0x08 << 24 | (0x04 << 24 | (0x02 << 24 | ((((0x07) << 16) | (0x18))))))>, <&kp (0x08 << 24 | (0x04 << 24 | (0x02 << 24 | ((((0x07) << 16) | (0x1C))))))>;
2025-12-17T19:10:05.8418045Z         };
2025-12-17T19:10:05.8418049Z 
2025-12-17T19:10:05.8418153Z         ht_mo2_enter_was_u: hold_tap_mo2_enter_was_u {
2025-12-17T19:10:05.8418254Z             compatible = "zmk,behavior-hold-tap";
2025-12-17T19:10:05.8418409Z             #binding-cells = <2>;
2025-12-17T19:10:05.8418499Z             flavor = "tap-preferred";
2025-12-17T19:10:05.8418575Z             tapping-term-ms = <200>;
2025-12-17T19:10:05.8418659Z             bindings = <&mo>, <&td_enter_was_u>;
2025-12-17T19:10:05.8418725Z         };
2025-12-17T19:10:05.8418729Z 
2025-12-17T19:10:05.8418848Z         td_maximize_minimize: tap_dance_maximize_minimize {
2025-12-17T19:10:05.8418946Z             compatible = "zmk,behavior-tap-dance";
2025-12-17T19:10:05.8419026Z             #binding-cells = <0>;
2025-12-17T19:10:05.8419101Z             tapping-term-ms = <400>;
2025-12-17T19:10:05.8419349Z             bindings = <&kp (0x08 << 24 | (0x04 << 24 | (0x02 << 24 | (((((0x07) << 16) | (0x23)))))))>, <&kp (0x08 << 24 | (0x04 << 24 | (0x02 << 24 | ((((0x07) << 16) | (0x10))))))>;
2025-12-17T19:10:05.8419418Z         };
2025-12-17T19:10:05.8419422Z 
2025-12-17T19:10:05.8419520Z         ht_close_window_td: hold_tap_close_window {
2025-12-17T19:10:05.8419626Z             compatible = "zmk,behavior-hold-tap";
2025-12-17T19:10:05.8419702Z             #binding-cells = <2>;
2025-12-17T19:10:05.8419782Z             flavor = "tap-preferred";
2025-12-17T19:10:05.8419865Z             tapping-term-ms = <200>;
2025-12-17T19:10:05.8419961Z             bindings = <&kp>, <&td_maximize_minimize>;
2025-12-17T19:10:05.8420023Z         };
2025-12-17T19:10:05.8420028Z 
2025-12-17T19:10:05.8420098Z     };
2025-12-17T19:10:05.8420101Z 
2025-12-17T19:10:05.8420166Z     keymap {
2025-12-17T19:10:05.8420252Z         compatible = "zmk,keymap";
2025-12-17T19:10:05.8420263Z 
2025-12-17T19:10:05.8420327Z         layer0 {
2025-12-17T19:10:05.8420397Z             bindings = <
2025-12-17T19:10:05.8420904Z &kp (((((0x07) << 16) | (0x29)))) &kp (((((0x07) << 16) | (0x1E)))) &kp (((((0x07) << 16) | (0x1F)))) &kp (((((0x07) << 16) | (0x20)))) &kp (((((0x07) << 16) | (0x21)))) &kp (((((0x07) << 16) | (0x22)))) &kp ((((0x07) << 16) | (0x52))) &kp (((((0x07) << 16) | (0x23)))) &kp (((((0x07) << 16) | (0x24)))) &kp (((((0x07) << 16) | (0x25)))) &kp (((((0x07) << 16) | (0x26)))) &kp (((((0x07) << 16) | (0x27)))) &kp ((((0x07) << 16) | (0x2A)))
2025-12-17T19:10:05.8421430Z &kp ((((0x07) << 16) | (0x2B))) &kp ((((0x07) << 16) | (0x14))) &kp ((((0x07) << 16) | (0x1A))) &kp ((((0x07) << 16) | (0x08))) &kp ((((0x07) << 16) | (0x15))) &kp ((((0x07) << 16) | (0x17))) &kp ((((0x07) << 16) | (0x51))) &kp ((((0x07) << 16) | (0x1C))) &kp ((((0x07) << 16) | (0x18))) &kp ((((0x07) << 16) | (0x0C))) &kp ((((0x07) << 16) | (0x12))) &kp ((((0x07) << 16) | (0x13))) &ht_as_w_td (0x04 << 24 | (0x02 << 24 | ((((0x07) << 16) | (0x16))))) 0
2025-12-17T19:10:05.8422153Z &kp (((((0x07) << 16) | (0x39)))) &kp ((((0x07) << 16) | (0x04))) &kp ((((0x07) << 16) | (0x16))) &kp ((((0x07) << 16) | (0x07))) &kp ((((0x07) << 16) | (0x09))) &kp ((((0x07) << 16) | (0x0A))) &kp ((((0x07) << 16) | (0x50))) &kp ((((0x07) << 16) | (0x0B))) &kp ((((0x07) << 16) | (0x0D))) &kp ((((0x07) << 16) | (0x0E))) &kp ((((0x07) << 16) | (0x0F))) &ht_n0_td (0x08 << 24 | (0x04 << 24 | (0x02 << 24 | (((((0x07) << 16) | (0x24))))))) 0 &ht_was1_cabv_td (0x08 << 24 | (0x04 << 24 | (0x02 << 24 | (((((0x07) << 16) | (0x1E))))))) 0
2025-12-17T19:10:05.8422709Z &kp (((((0x07) << 16) | (0xE1)))) &kp ((((0x07) << 16) | (0x1D))) &kp ((((0x07) << 16) | (0x1B))) &kp ((((0x07) << 16) | (0x06))) &kp ((((0x07) << 16) | (0x19))) &kp ((((0x07) << 16) | (0x05))) &kp ((((0x07) << 16) | (0x4F))) &kp ((((0x07) << 16) | (0x11))) &kp ((((0x07) << 16) | (0x10))) &kp ((((0x07) << 16) | (0x36))) &kp (((((0x07) << 16) | (0x37)))) &ht_close_window_td (0x04 << 24 | ((((0x07) << 16) | (0x3D)))) 0 &kp (((((0x07) << 16) | (0x28))))
2025-12-17T19:10:05.8423477Z &kp ((((0x0C) << 16) | (0xCD))) &kp (((((0x07) << 16) | (0xE0)))) &kp ((((0x07) << 16) | (0xE3))) &kp ((((0x07) << 16) | (0xE2))) &kp ((((0x07) << 16) | (0x2C))) &mo 1 &trans &ht_mo2_enter_was_u 2 0 &kp (0x08 << 24 | (0x04 << 24 | ((((0x07) << 16) | (0xE1))))) &ht_lgshfte_ps_td 0 0 &ht_lghome_ctx_td (0x08 << 24 | (0x02 << 24 | ((((0x07) << 16) | (0x08))))) 0 &kp ((((0x07) << 16) | (0x4C)))
2025-12-17T19:10:05.8423548Z             >;
2025-12-17T19:10:05.8423559Z 
2025-12-17T19:10:05.8423754Z             sensor-bindings = <&inc_dec_kp ((((0x0C) << 16) | (0xE9))) (((((0x0C) << 16) | (0xEA))))>;
2025-12-17T19:10:05.8423834Z             display-name = "ZERO";
2025-12-17T19:10:05.8423906Z         };
2025-12-17T19:10:05.8423910Z 
2025-12-17T19:10:05.8423973Z         layer_1 {
2025-12-17T19:10:05.8424045Z             bindings = <
2025-12-17T19:10:05.8424520Z &kp ((((0x07) << 16) | (0x44))) &kp ((((0x07) << 16) | (0x3A))) &kp ((((0x07) << 16) | (0x3B))) &kp ((((0x07) << 16) | (0x3C))) &kp ((((0x07) << 16) | (0x3D))) &kp ((((0x07) << 16) | (0x3E))) &morph_mmv_up &kp ((((0x07) << 16) | (0x3F))) &kp ((((0x07) << 16) | (0x40))) &kp ((((0x07) << 16) | (0x41))) &kp ((((0x07) << 16) | (0x42))) &kp ((((0x07) << 16) | (0x43))) &kp ((((0x07) << 16) | (0x45)))
2025-12-17T19:10:05.8425013Z &prev_win &second_prev_win &trans &win_z_4 &win_z_5 &win_z_6 &morph_mmv_down &kp (0x02 << 24 | (((((0x07) << 16) | (0x38))))) &morph_mmv_up &kp ((((0x07) << 16) | (0x30))) &kp (((((0x07) << 16) | (0x38)))) &kp (((((0x07) << 16) | (0x33)))) &kp (0x01 << 24 | (0x04 << 24 | ((((0x07) << 16) | (0x1A)))))
2025-12-17T19:10:05.8425413Z &trans &caw_q &caw_w &caw_e &caw_r &win_z_7 &morph_mmv_left &morph_mmv_left &morph_mmv_down &morph_mmv_right &kp ((((0x07) << 16) | (0x2D))) &kp ((((0x07) << 16) | (0x2E))) &kp (((((0x07) << 16) | (0x34))))
2025-12-17T19:10:05.8425855Z &kp (((((0x07) << 16) | (0xE1)))) &caw_a &caw_s &caw_d &caw_f &win_z_8 &morph_mmv_right &kp ((0x02 << 24 | (((0x07) << 16) | (0x35)))) &kp ((((0x07) << 16) | (0x35))) &kp ((((0x07) << 16) | (0x54))) &kp (0x02 << 24 | ((((0x07) << 16) | (0x2E)))) &kp (0x02 << 24 | ((((0x07) << 16) | (0x2D)))) &kp ((((0x07) << 16) | (0x2F)))
2025-12-17T19:10:05.8426306Z &kp ((((0x0C) << 16) | (0xE2))) &kp (((((0x07) << 16) | (0xE0)))) &trans &kp ((((0x07) << 16) | (0xE2))) &trans &trans &trans &mkp ((1UL << (0))) &kp (0x02 << 24 | (((((0x07) << 16) | (0x34))))) &kp (0x02 << 24 | ((((0x07) << 16) | (0x2F)))) &kp ((((0x07) << 16) | (0x64))) &kp (0x04 << 24 | (0x02 << 24 | ((((0x07) << 16) | (0x16)))))
2025-12-17T19:10:05.8426370Z             >;
2025-12-17T19:10:05.8426374Z 
2025-12-17T19:10:05.8426457Z             display-name = "ONE";
2025-12-17T19:10:05.8426698Z             sensor-bindings = <&inc_dec_kp (0x01 << 24 | (0x02 << 24 | ((((0x07) << 16) | (0x2E))))) (0x01 << 24 | ((((0x07) << 16) | (0x2D))))>;
2025-12-17T19:10:05.8426759Z         };
2025-12-17T19:10:05.8426763Z 
2025-12-17T19:10:05.8426834Z         layer_2 {
2025-12-17T19:10:05.8427011Z             bindings = <
2025-12-17T19:10:05.8427930Z &ht_was6_altf4 (0x08 << 24 | (0x04 << 24 | (0x02 << 24 | (((((0x07) << 16) | (0x23))))))) (0x04 << 24 | ((((0x07) << 16) | (0x3D)))) &bt 3 0 &bt 3 3 &bt 3 2 &kp (0x08 << 24 | ((((0x07) << 16) | (0x4A)))) &kp (0x08 << 24 | (0x02 << 24 | ((((0x07) << 16) | (0x08))))) &morph_up &mt_cshome (0x01 << 24 | (0x02 << 24 | ((((0x07) << 16) | (0x4A))))) (0x02 << 24 | ((((0x07) << 16) | (0x4A)))) &mt_csend (0x01 << 24 | (0x02 << 24 | ((((0x07) << 16) | (0x4D))))) (0x02 << 24 | ((((0x07) << 16) | (0x4D)))) &ht_cshome_del 0 0 &ht_csend_del 0 0 &mt_ctrl (0x01 << 24 | ((((0x07) << 16) | (0x4A)))) ((((0x07) << 16) | (0x4A))) &mt_ctrl (0x01 << 24 | ((((0x07) << 16) | (0x4D)))) ((((0x07) << 16) | (0x4D)))
2025-12-17T19:10:05.8428561Z &trans &trans &trans &trans &trans &kp (0x08 << 24 | (((((0x07) << 16) | (0x37))))) &morph_down &kp (0x04 << 24 | ((((0x07) << 16) | (0x46)))) &kp ((((0x07) << 16) | (0x52))) &kp (((((0x07) << 16) | (0x4B)))) &kp (((((0x07) << 16) | (0x4E)))) &mt_ctrl (0x01 << 24 | (0x02 << 24 | (((((0x07) << 16) | (0x4B)))))) (0x01 << 24 | (((((0x07) << 16) | (0x4B))))) &mt_ctrl (0x01 << 24 | (0x02 << 24 | (((((0x07) << 16) | (0x4E)))))) (0x01 << 24 | (((((0x07) << 16) | (0x4E)))))
2025-12-17T19:10:05.8428994Z &trans &trans &trans &trans &kp (0x01 << 24 | (0x02 << 24 | ((((0x07) << 16) | (0x19))))) &trans &morph_left &kp ((((0x07) << 16) | (0x50))) &kp ((((0x07) << 16) | (0x51))) &kp ((((0x07) << 16) | (0x4F))) &trans &trans &trans
2025-12-17T19:10:05.8429515Z &trans &trans &trans &trans &kp (0x01 << 24 | (0x04 << 24 | ((((0x07) << 16) | (0x19))))) &kp (0x01 << 24 | (0x04 << 24 | ((((0x07) << 16) | (0x05))))) &morph_right &trans &trans &trans &trans &kp (0x08 << 24 | (0x04 << 24 | (0x02 << 24 | (((((0x07) << 16) | (0x21))))))) &kp (0x08 << 24 | (0x04 << 24 | (0x02 << 24 | (((((0x07) << 16) | (0x22)))))))
2025-12-17T19:10:05.8429744Z &bt 0 0 &kp (((((0x07) << 16) | (0xE0)))) &trans &trans &trans &trans &trans &trans &trans &trans &trans &select_all_del
2025-12-17T19:10:05.8429814Z             >;
2025-12-17T19:10:05.8429819Z 
2025-12-17T19:10:05.8429896Z             display-name = "TWO";
2025-12-17T19:10:05.8430099Z 6hh sensor-bindings = <&inc_dec_kp (((((0x07) << 16) | (0x4E)))) (((((0x07) << 16) | (0x4B))))>;
2025-12-17T19:10:05.8430161Z         };
2025-12-17T19:10:05.8430164Z 
2025-12-17T19:10:05.8430232Z         layer_3 {
2025-12-17T19:10:05.8430302Z             bindings = <
2025-12-17T19:10:05.8430507Z &trans &trans &trans &trans &trans &trans &trans &trans &trans &trans &trans &trans &trans
2025-12-17T19:10:05.8430701Z &trans &trans &trans &trans &trans &trans &trans &trans &trans &trans &trans &trans &trans
2025-12-17T19:10:05.8430887Z &trans &trans &trans &trans &trans &trans &trans &trans &trans &trans &trans &trans &trans
2025-12-17T19:10:05.8431072Z &trans &trans &trans &trans &trans &trans &trans &trans &trans &trans &trans &trans &trans
2025-12-17T19:10:05.8431255Z &trans &trans &trans &trans &trans &trans &trans &trans &trans &trans &trans &trans
2025-12-17T19:10:05.8431320Z             >;
2025-12-17T19:10:05.8431386Z         };
2025-12-17T19:10:05.8431447Z     };
2025-12-17T19:10:05.8431510Z };
2025-12-17T19:10:05.8431654Z # 2 "/tmp/zmk-config/config/eyelash_sofle_right.keymap" 2
2025-12-17T19:10:05.8431727Z # 0 "<command-line>" 2
2025-12-17T19:10:05.8431827Z # 1 "/tmp/zmk-config/zephyr/misc/empty_file.c"
2025-12-17T19:10:05.8515844Z Post job cleanup.
2025-12-17T19:10:05.8519601Z ##[command]/usr/bin/docker exec  51d4fef77b1df7a24ea95ff9391da4174a9e8a27858f9a7dacd37dd66dd9dafd sh -c "cat /etc/*release | grep ^ID"
2025-12-17T19:10:06.0644255Z [command]/usr/bin/git version
2025-12-17T19:10:06.0691995Z git version 2.43.0
2025-12-17T19:10:06.0746691Z Temporarily overriding HOME='/__w/_temp/dc7ad4e8-a3e2-4ece-b63c-cbf02e78adba' before making global git config changes
2025-12-17T19:10:06.0747940Z Adding repository directory to the temporary git global config as a safe directory
2025-12-17T19:10:06.0754116Z [command]/usr/bin/git config --global --add safe.directory /__w/zmk-sofle/zmk-sofle
2025-12-17T19:10:06.0797986Z [command]/usr/bin/git config --local --name-only --get-regexp core\.sshCommand
2025-12-17T19:10:06.0848523Z [command]/usr/bin/git submodule foreach --recursive sh -c "git config --local --name-only --get-regexp 'core\.sshCommand' && git config --local --unset-all 'core.sshCommand' || :"
2025-12-17T19:10:06.1094887Z [command]/usr/bin/git config --local --name-only --get-regexp http\.https\:\/\/github\.com\/\.extraheader
2025-12-17T19:10:06.1119904Z http.https://github.com/.extraheader
2025-12-17T19:10:06.1133705Z [command]/usr/bin/git config --local --unset-all http.https://github.com/.extraheader
2025-12-17T19:10:06.1168631Z [command]/usr/bin/git submodule foreach --recursive sh -c "git config --local --name-only --get-regexp 'http\.https\:\/\/github\.com\/\.extraheader' && git config --local --unset-all 'http.https://github.com/.extraheader' || :"
2025-12-17T19:10:06.1415610Z [command]/usr/bin/git config --local --name-only --get-regexp ^includeIf\.gitdir:
2025-12-17T19:10:06.1450576Z [command]/usr/bin/git submodule foreach --recursive git config --local --show-origin --name-only --get-regexp remote.origin.url
2025-12-17T19:10:06.1829775Z Stop and remove container: 5faa186c121b49f5b04f73e80a8fd9bf_zmkfirmwarezmkbuildarmstable_ceae09
2025-12-17T19:10:06.1834674Z ##[command]/usr/bin/docker rm --force 51d4fef77b1df7a24ea95ff9391da4174a9e8a27858f9a7dacd37dd66dd9dafd
2025-12-17T19:10:10.3215415Z 51d4fef77b1df7a24ea95ff9391da4174a9e8a27858f9a7dacd37dd66dd9dafd
2025-12-17T19:10:10.3245347Z Remove container network: github_network_c8e248463c8b4769a089c770440906b1
2025-12-17T19:10:10.3250299Z ##[command]/usr/bin/docker network rm github_network_c8e248463c8b4769a089c770440906b1
2025-12-17T19:10:10.4494105Z github_network_c8e248463c8b4769a089c770440906b1
2025-12-17T19:10:10.4560705Z Cleaning up orphan processes