2025-12-17T17:30:44.0853539Z Current runner version: '2.329.0'
2025-12-17T17:30:44.0877939Z ##[group]Runner Image Provisioner
2025-12-17T17:30:44.0878733Z Hosted Compute Agent
2025-12-17T17:30:44.0879336Z Version: 20251202.455
2025-12-17T17:30:44.0880359Z Commit: 6c10caca4910e198df60de23adf20ad317c474e3
2025-12-17T17:30:44.0881038Z Build Date: 2025-12-02T15:56:59Z
2025-12-17T17:30:44.0881756Z Worker ID: {0951614d-8a7a-4d90-b592-33bfdf4b819b}
2025-12-17T17:30:44.0882485Z ##[endgroup]
2025-12-17T17:30:44.0882988Z ##[group]Operating System
2025-12-17T17:30:44.0883626Z Ubuntu
2025-12-17T17:30:44.0884075Z 24.04.3
2025-12-17T17:30:44.0884529Z LTS
2025-12-17T17:30:44.0884924Z ##[endgroup]
2025-12-17T17:30:44.0885508Z ##[group]Runner Image
2025-12-17T17:30:44.0886021Z Image: ubuntu-24.04
2025-12-17T17:30:44.0886501Z Version: 20251208.163.1
2025-12-17T17:30:44.0887587Z Included Software: https://github.com/actions/runner-images/blob/ubuntu24/20251208.163/images/ubuntu/Ubuntu2404-Readme.md
2025-12-17T17:30:44.0889125Z Image Release: https://github.com/actions/runner-images/releases/tag/ubuntu24%2F20251208.163
2025-12-17T17:30:44.0890444Z ##[endgroup]
2025-12-17T17:30:44.0893374Z ##[group]GITHUB_TOKEN Permissions
2025-12-17T17:30:44.0896247Z Actions: write
2025-12-17T17:30:44.0896843Z ArtifactMetadata: write
2025-12-17T17:30:44.0897467Z Attestations: write
2025-12-17T17:30:44.0897961Z Checks: write
2025-12-17T17:30:44.0898479Z Contents: write
2025-12-17T17:30:44.0899376Z Deployments: write
2025-12-17T17:30:44.0900294Z Discussions: write
2025-12-17T17:30:44.0900801Z Issues: write
2025-12-17T17:30:44.0901343Z Metadata: read
2025-12-17T17:30:44.0901814Z Models: read
2025-12-17T17:30:44.0902300Z Packages: write
2025-12-17T17:30:44.0902781Z Pages: write
2025-12-17T17:30:44.0903362Z PullRequests: write
2025-12-17T17:30:44.0904027Z RepositoryProjects: write
2025-12-17T17:30:44.0904550Z SecurityEvents: write
2025-12-17T17:30:44.0905142Z Statuses: write
2025-12-17T17:30:44.0905602Z ##[endgroup]
2025-12-17T17:30:44.0907816Z Secret source: Actions
2025-12-17T17:30:44.0908651Z Prepare workflow directory
2025-12-17T17:30:44.1358799Z Prepare all required actions
2025-12-17T17:30:44.1397644Z Getting action download info
2025-12-17T17:30:44.5043646Z Download action repository 'actions/checkout@v4' (SHA:34e114876b0b11c390a56381ad16ebd13914f8d5)
2025-12-17T17:30:44.6384424Z Download action repository 'actions/cache@v4' (SHA:0057852bfaa89a56745cba8c7296529d2fc39830)
2025-12-17T17:30:44.7395363Z Download action repository 'actions/upload-artifact@v4' (SHA:ea165f8d65b6e75b540449e92b4886f43607fa02)
2025-12-17T17:30:44.9573274Z Uses: zmkfirmware/zmk/.github/workflows/build-user-config.yml@0820991901a95ab7a0eb1f1cc608a631d514e26c
2025-12-17T17:30:44.9579040Z ##[group] Inputs
2025-12-17T17:30:44.9580323Z   build_matrix_path: build.yaml
2025-12-17T17:30:44.9581433Z   config_path: config
2025-12-17T17:30:44.9582456Z   fallback_binary: bin
2025-12-17T17:30:44.9583443Z   archive_name: firmware
2025-12-17T17:30:44.9584421Z ##[endgroup]
2025-12-17T17:30:44.9585726Z Complete job name: build / Build (eyelash_sofle_right, nice_view_custom)
2025-12-17T17:30:45.0181594Z ##[group]Checking docker version
2025-12-17T17:30:45.0196009Z ##[command]/usr/bin/docker version --format '{{.Server.APIVersion}}'
2025-12-17T17:30:45.1040646Z '1.48'
2025-12-17T17:30:45.1058834Z Docker daemon API version: '1.48'
2025-12-17T17:30:45.1061967Z ##[command]/usr/bin/docker version --format '{{.Client.APIVersion}}'
2025-12-17T17:30:45.1274761Z '1.48'
2025-12-17T17:30:45.1298739Z Docker client API version: '1.48'
2025-12-17T17:30:45.1306009Z ##[endgroup]
2025-12-17T17:30:45.1311837Z ##[group]Clean up resources from previous jobs
2025-12-17T17:30:45.1320076Z ##[command]/usr/bin/docker ps --all --quiet --no-trunc --filter "label=2c8a30"
2025-12-17T17:30:45.1479148Z ##[command]/usr/bin/docker network prune --force --filter "label=2c8a30"
2025-12-17T17:30:45.1634304Z ##[endgroup]
2025-12-17T17:30:45.1635210Z ##[group]Create local container network
2025-12-17T17:30:45.1646462Z ##[command]/usr/bin/docker network create --label 2c8a30 github_network_338a286abf4146a6b6af3008ec0d35ae
2025-12-17T17:30:45.2171386Z a6bd96a1a2b52411a148ab52dac27c5da1b8f5a01190f8c438c34a71681ce534
2025-12-17T17:30:45.2191286Z ##[endgroup]
2025-12-17T17:30:45.2216258Z ##[group]Starting job container
2025-12-17T17:30:45.2238369Z ##[command]/usr/bin/docker pull zmkfirmware/zmk-build-arm:stable
2025-12-17T17:30:45.6635049Z stable: Pulling from zmkfirmware/zmk-build-arm
2025-12-17T17:30:45.7922748Z a1a21c96bc16: Pulling fs layer
2025-12-17T17:30:45.7924183Z 80b3f0d914b4: Pulling fs layer
2025-12-17T17:30:45.7925418Z 39f6267735b8: Pulling fs layer
2025-12-17T17:30:46.7813485Z a1a21c96bc16: Download complete
2025-12-17T17:30:47.8074979Z a1a21c96bc16: Pull complete
2025-12-17T17:30:51.8264932Z 80b3f0d914b4: Verifying Checksum
2025-12-17T17:30:51.8265519Z 80b3f0d914b4: Download complete
2025-12-17T17:30:54.3973070Z 39f6267735b8: Verifying Checksum
2025-12-17T17:30:54.3974073Z 39f6267735b8: Download complete
2025-12-17T17:31:00.3330566Z 80b3f0d914b4: Pull complete
2025-12-17T17:31:10.9738137Z 39f6267735b8: Pull complete
2025-12-17T17:31:10.9778433Z Digest: sha256:edb1c953438c6f720ddb79c3762f3972013b7fbbaf4fff3592fc869983e7afc5
2025-12-17T17:31:10.9791080Z Status: Downloaded newer image for zmkfirmware/zmk-build-arm:stable
2025-12-17T17:31:10.9817945Z docker.io/zmkfirmware/zmk-build-arm:stable
2025-12-17T17:31:10.9902122Z ##[command]/usr/bin/docker create --name 5025808528f94468b9a640c12f480b38_zmkfirmwarezmkbuildarmstable_2d0dd5 --label 2c8a30 --workdir /__w/zmk-sofle/zmk-sofle --network github_network_338a286abf4146a6b6af3008ec0d35ae  -e "HOME=/github/home" -e GITHUB_ACTIONS=true -e CI=true -v "/var/run/docker.sock":"/var/run/docker.sock" -v "/home/runner/work":"/__w" -v "/home/runner/actions-runner/cached/externals":"/__e":ro -v "/home/runner/work/_temp":"/__w/_temp" -v "/home/runner/work/_actions":"/__w/_actions" -v "/opt/hostedtoolcache":"/__t" -v "/home/runner/work/_temp/_github_home":"/github/home" -v "/home/runner/work/_temp/_github_workflow":"/github/workflow" --entrypoint "tail" zmkfirmware/zmk-build-arm:stable "-f" "/dev/null"
2025-12-17T17:31:11.0165797Z 027e8b90fe60b4626995c3ad1e154c0fe10e313cbe8f70165463e6ac8d5c29e7
2025-12-17T17:31:11.0193250Z ##[command]/usr/bin/docker start 027e8b90fe60b4626995c3ad1e154c0fe10e313cbe8f70165463e6ac8d5c29e7
2025-12-17T17:31:11.1904314Z 027e8b90fe60b4626995c3ad1e154c0fe10e313cbe8f70165463e6ac8d5c29e7
2025-12-17T17:31:11.1925108Z ##[command]/usr/bin/docker ps --all --filter id=027e8b90fe60b4626995c3ad1e154c0fe10e313cbe8f70165463e6ac8d5c29e7 --filter status=running --no-trunc --format "{{.ID}} {{.Status}}"
2025-12-17T17:31:11.2050429Z 027e8b90fe60b4626995c3ad1e154c0fe10e313cbe8f70165463e6ac8d5c29e7 Up Less than a second
2025-12-17T17:31:11.2073404Z ##[command]/usr/bin/docker inspect --format "{{range .Config.Env}}{{println .}}{{end}}" 027e8b90fe60b4626995c3ad1e154c0fe10e313cbe8f70165463e6ac8d5c29e7
2025-12-17T17:31:11.2199956Z GITHUB_ACTIONS=true
2025-12-17T17:31:11.2200897Z CI=true
2025-12-17T17:31:11.2201191Z HOME=/github/home
2025-12-17T17:31:11.2202225Z PATH=/usr/local/sbin:/usr/local/bin:/usr/sbin:/usr/bin:/sbin:/bin
2025-12-17T17:31:11.2202657Z DEBIAN_FRONTEND=noninteractive
2025-12-17T17:31:11.2202925Z ZEPHYR_VERSION=4.1.0
2025-12-17T17:31:11.2223261Z ##[endgroup]
2025-12-17T17:31:11.2233005Z ##[group]Waiting for all services to be ready
2025-12-17T17:31:11.2234669Z ##[endgroup]
2025-12-17T17:31:11.2495701Z ##[group]Run actions/checkout@v4
2025-12-17T17:31:11.2496313Z with:
2025-12-17T17:31:11.2496546Z   repository: duducm2/zmk-sofle
2025-12-17T17:31:11.2497064Z   token: ***
2025-12-17T17:31:11.2497240Z   ssh-strict: true
2025-12-17T17:31:11.2497431Z   ssh-user: git
2025-12-17T17:31:11.2497627Z   persist-credentials: true
2025-12-17T17:31:11.2497848Z   clean: true
2025-12-17T17:31:11.2498038Z   sparse-checkout-cone-mode: true
2025-12-17T17:31:11.2498262Z   fetch-depth: 1
2025-12-17T17:31:11.2498446Z   fetch-tags: false
2025-12-17T17:31:11.2498630Z   show-progress: true
2025-12-17T17:31:11.2498819Z   lfs: false
2025-12-17T17:31:11.2499214Z   submodules: false
2025-12-17T17:31:11.2499399Z   set-safe-directory: true
2025-12-17T17:31:11.2500097Z ##[endgroup]
2025-12-17T17:31:11.2556822Z ##[command]/usr/bin/docker exec  027e8b90fe60b4626995c3ad1e154c0fe10e313cbe8f70165463e6ac8d5c29e7 sh -c "cat /etc/*release | grep ^ID"
2025-12-17T17:31:11.4653984Z Syncing repository: duducm2/zmk-sofle
2025-12-17T17:31:11.4655500Z ##[group]Getting Git version info
2025-12-17T17:31:11.4655831Z Working directory is '/__w/zmk-sofle/zmk-sofle'
2025-12-17T17:31:11.4656320Z [command]/usr/bin/git version
2025-12-17T17:31:11.4656592Z git version 2.43.0
2025-12-17T17:31:11.4678748Z ##[endgroup]
2025-12-17T17:31:11.4697536Z Temporarily overriding HOME='/__w/_temp/e481faac-59c1-4ff2-9bc6-c33c85ac2413' before making global git config changes
2025-12-17T17:31:11.4698506Z Adding repository directory to the temporary git global config as a safe directory
2025-12-17T17:31:11.4704186Z [command]/usr/bin/git config --global --add safe.directory /__w/zmk-sofle/zmk-sofle
2025-12-17T17:31:11.4739298Z Deleting the contents of '/__w/zmk-sofle/zmk-sofle'
2025-12-17T17:31:11.4744233Z ##[group]Initializing the repository
2025-12-17T17:31:11.4756802Z [command]/usr/bin/git init /__w/zmk-sofle/zmk-sofle
2025-12-17T17:31:11.4791669Z hint: Using 'master' as the name for the initial branch. This default branch name
2025-12-17T17:31:11.4792909Z hint: is subject to change. To configure the initial branch name to use in all
2025-12-17T17:31:11.4793738Z hint: of your new repositories, which will suppress this warning, call:
2025-12-17T17:31:11.4794462Z hint: 
2025-12-17T17:31:11.4794788Z hint: 	git config --global init.defaultBranch <name>
2025-12-17T17:31:11.4795356Z hint: 
2025-12-17T17:31:11.4795717Z hint: Names commonly chosen instead of 'master' are 'main', 'trunk' and
2025-12-17T17:31:11.4796451Z hint: 'development'. The just-created branch can be renamed via this command:
2025-12-17T17:31:11.4796977Z hint: 
2025-12-17T17:31:11.4797224Z hint: 	git branch -m <name>
2025-12-17T17:31:11.4800425Z Initialized empty Git repository in /__w/zmk-sofle/zmk-sofle/.git/
2025-12-17T17:31:11.4812542Z [command]/usr/bin/git remote add origin https://github.com/duducm2/zmk-sofle
2025-12-17T17:31:11.4844249Z ##[endgroup]
2025-12-17T17:31:11.4844688Z ##[group]Disabling automatic garbage collection
2025-12-17T17:31:11.4848553Z [command]/usr/bin/git config --local gc.auto 0
2025-12-17T17:31:11.4877613Z ##[endgroup]
2025-12-17T17:31:11.4878005Z ##[group]Setting up auth
2025-12-17T17:31:11.4885108Z [command]/usr/bin/git config --local --name-only --get-regexp core\.sshCommand
2025-12-17T17:31:11.4915297Z [command]/usr/bin/git submodule foreach --recursive sh -c "git config --local --name-only --get-regexp 'core\.sshCommand' && git config --local --unset-all 'core.sshCommand' || :"
2025-12-17T17:31:11.5219446Z [command]/usr/bin/git config --local --name-only --get-regexp http\.https\:\/\/github\.com\/\.extraheader
2025-12-17T17:31:11.5222398Z [command]/usr/bin/git submodule foreach --recursive sh -c "git config --local --name-only --get-regexp 'http\.https\:\/\/github\.com\/\.extraheader' && git config --local --unset-all 'http.https://github.com/.extraheader' || :"
2025-12-17T17:31:11.5423204Z [command]/usr/bin/git config --local --name-only --get-regexp ^includeIf\.gitdir:
2025-12-17T17:31:11.5454121Z [command]/usr/bin/git submodule foreach --recursive git config --local --show-origin --name-only --get-regexp remote.origin.url
2025-12-17T17:31:11.5684554Z [command]/usr/bin/git config --local http.https://github.com/.extraheader AUTHORIZATION: basic ***
2025-12-17T17:31:11.5720414Z ##[endgroup]
2025-12-17T17:31:11.5720878Z ##[group]Fetching the repository
2025-12-17T17:31:11.5728773Z [command]/usr/bin/git -c protocol.version=2 fetch --no-tags --prune --no-recurse-submodules --depth=1 origin +3b357786dbe2ee15cfc16cf92c8c7eb34dd70aa5:refs/remotes/origin/main
2025-12-17T17:31:11.8702409Z From https://github.com/duducm2/zmk-sofle
2025-12-17T17:31:11.8704524Z  * [new ref]         3b357786dbe2ee15cfc16cf92c8c7eb34dd70aa5 -> origin/main
2025-12-17T17:31:11.8725312Z ##[endgroup]
2025-12-17T17:31:11.8725962Z ##[group]Determining the checkout info
2025-12-17T17:31:11.8728933Z ##[endgroup]
2025-12-17T17:31:11.8733966Z [command]/usr/bin/git sparse-checkout disable
2025-12-17T17:31:11.8778886Z [command]/usr/bin/git config --local --unset-all extensions.worktreeConfig
2025-12-17T17:31:11.8808249Z ##[group]Checking out the ref
2025-12-17T17:31:11.8813240Z [command]/usr/bin/git checkout --progress --force -B main refs/remotes/origin/main
2025-12-17T17:31:11.8911608Z Switched to a new branch 'main'
2025-12-17T17:31:11.8912146Z branch 'main' set up to track 'origin/main'.
2025-12-17T17:31:11.8919314Z ##[endgroup]
2025-12-17T17:31:11.8965112Z [command]/usr/bin/git log -1 --format=%H
2025-12-17T17:31:11.8990017Z 3b357786dbe2ee15cfc16cf92c8c7eb34dd70aa5
2025-12-17T17:31:11.9198131Z ##[group]Run echo "build_dir=$(mktemp -d)" >> $GITHUB_ENV
2025-12-17T17:31:11.9198619Z [36;1mecho "build_dir=$(mktemp -d)" >> $GITHUB_ENV[0m
2025-12-17T17:31:11.9202050Z shell: sh -e {0}
2025-12-17T17:31:11.9202261Z ##[endgroup]
2025-12-17T17:31:11.9839233Z ##[group]Run if [ -e zephyr/module.yml ]; then
2025-12-17T17:31:11.9839625Z [36;1mif [ -e zephyr/module.yml ]; then[0m
2025-12-17T17:31:11.9840263Z [36;1m  export zmk_load_arg=" -DZMK_EXTRA_MODULES='${GITHUB_WORKSPACE}'"[0m
2025-12-17T17:31:11.9840650Z [36;1m  new_tmp_dir="${TMPDIR:-/tmp}/zmk-config"[0m
2025-12-17T17:31:11.9840946Z [36;1m  mkdir -p "${new_tmp_dir}"[0m
2025-12-17T17:31:11.9841231Z [36;1m  echo "base_dir=${new_tmp_dir}" >> $GITHUB_ENV[0m
2025-12-17T17:31:11.9841496Z [36;1melse[0m
2025-12-17T17:31:11.9841722Z [36;1m  echo "base_dir=${GITHUB_WORKSPACE}" >> $GITHUB_ENV[0m
2025-12-17T17:31:11.9842006Z [36;1mfi[0m
2025-12-17T17:31:11.9842169Z [36;1m[0m
2025-12-17T17:31:11.9842343Z [36;1mif [ -n "${snippet}" ]; then[0m
2025-12-17T17:31:11.9842596Z [36;1m  extra_west_args="-S \"${snippet}\""[0m
2025-12-17T17:31:11.9842839Z [36;1mfi[0m
2025-12-17T17:31:11.9842997Z [36;1m[0m
2025-12-17T17:31:11.9843268Z [36;1mecho "zephyr_version=${ZEPHYR_VERSION}" >> $GITHUB_ENV[0m
2025-12-17T17:31:11.9843624Z [36;1mecho "extra_west_args=${extra_west_args}" >> $GITHUB_ENV[0m
2025-12-17T17:31:11.9844062Z [36;1mecho "extra_cmake_args=${shield:+-DSHIELD=\"$shield\"}${zmk_load_arg}" >> $GITHUB_ENV[0m
2025-12-17T17:31:11.9844521Z [36;1mecho "display_name=${shield:+$shield - }${board}" >> $GITHUB_ENV[0m
2025-12-17T17:31:11.9844974Z [36;1mecho "artifact_name=${artifact_name:-${shield:+$shield-}${board}-zmk}" >> $GITHUB_ENV[0m
2025-12-17T17:31:11.9846779Z shell: sh -x {0}
2025-12-17T17:31:11.9846968Z env:
2025-12-17T17:31:11.9847149Z   build_dir: /tmp/tmp.HjpiCM9ajE
2025-12-17T17:31:11.9847387Z   board: eyelash_sofle_right
2025-12-17T17:31:11.9847608Z   shield: nice_view_custom
2025-12-17T17:31:11.9847800Z   artifact_name: 
2025-12-17T17:31:11.9847975Z   snippet: 
2025-12-17T17:31:11.9848137Z ##[endgroup]
2025-12-17T17:31:12.0532697Z + [ -e zephyr/module.yml ]
2025-12-17T17:31:12.0537286Z + export zmk_load_arg= -DZMK_EXTRA_MODULES='/__w/zmk-sofle/zmk-sofle'
2025-12-17T17:31:12.0539483Z + new_tmp_dir=/tmp/zmk-config
2025-12-17T17:31:12.0540121Z + mkdir -p /tmp/zmk-config
2025-12-17T17:31:12.0542523Z + echo base_dir=/tmp/zmk-config
2025-12-17T17:31:12.0542956Z + [ -n  ]
2025-12-17T17:31:12.0543252Z + echo zephyr_version=4.1.0
2025-12-17T17:31:12.0543602Z + echo extra_west_args=
2025-12-17T17:31:12.0544270Z + echo extra_cmake_args=-DSHIELD="nice_view_custom" -DZMK_EXTRA_MODULES='/__w/zmk-sofle/zmk-sofle'
2025-12-17T17:31:12.0545151Z + echo display_name=nice_view_custom - eyelash_sofle_right
2025-12-17T17:31:12.0545812Z + echo artifact_name=nice_view_custom-eyelash_sofle_right-zmk
2025-12-17T17:31:12.0628249Z ##[group]Run if [ "/tmp/zmk-config" != "${GITHUB_WORKSPACE}" ]; then
2025-12-17T17:31:12.0628753Z [36;1mif [ "/tmp/zmk-config" != "${GITHUB_WORKSPACE}" ]; then[0m
2025-12-17T17:31:12.0629085Z [36;1m  mkdir "/tmp/zmk-config/config"[0m
2025-12-17T17:31:12.0629375Z [36;1m  cp -R config/* "/tmp/zmk-config/config/"[0m
2025-12-17T17:31:12.0630130Z [36;1mfi[0m
2025-12-17T17:31:12.0630459Z shell: sh -e {0}
2025-12-17T17:31:12.0630637Z env:
2025-12-17T17:31:12.0630822Z   build_dir: /tmp/tmp.HjpiCM9ajE
2025-12-17T17:31:12.0631053Z   base_dir: /tmp/zmk-config
2025-12-17T17:31:12.0631365Z   zephyr_version: 4.1.0
2025-12-17T17:31:12.0631582Z   extra_west_args: 
2025-12-17T17:31:12.0631917Z   extra_cmake_args: -DSHIELD="nice_view_custom" -DZMK_EXTRA_MODULES='/__w/zmk-sofle/zmk-sofle'
2025-12-17T17:31:12.0632358Z   display_name: nice_view_custom - eyelash_sofle_right
2025-12-17T17:31:12.0632693Z   artifact_name: nice_view_custom-eyelash_sofle_right-zmk
2025-12-17T17:31:12.0633007Z ##[endgroup]
2025-12-17T17:31:12.2106232Z ##[group]Run actions/cache@v4
2025-12-17T17:31:12.2106509Z with:
2025-12-17T17:31:12.2106981Z   path: /tmp/zmk-config/modules/
/tmp/zmk-config/tools/
/tmp/zmk-config/zephyr/
/tmp/zmk-config/bootloader/
/tmp/zmk-config/zmk/

2025-12-17T17:31:12.2107761Z   key: Linux-build-cache-zephyr-4.1.0-modules-de12769b38c449b4a455662604a4cd673f91cb1da855ef143fc87ed83db7f60a
2025-12-17T17:31:12.2108411Z   restore-keys: Linux-build-cache-zephyr-4.1.0-modules-
Linux-build-
Linux-

2025-12-17T17:31:12.2108775Z   enableCrossOsArchive: false
2025-12-17T17:31:12.2109006Z   fail-on-cache-miss: false
2025-12-17T17:31:12.2109205Z   lookup-only: false
2025-12-17T17:31:12.2109397Z   save-always: false
2025-12-17T17:31:12.2109571Z env:
2025-12-17T17:31:12.2110002Z   build_dir: /tmp/tmp.HjpiCM9ajE
2025-12-17T17:31:12.2110250Z   base_dir: /tmp/zmk-config
2025-12-17T17:31:12.2110456Z   zephyr_version: 4.1.0
2025-12-17T17:31:12.2110650Z   extra_west_args: 
2025-12-17T17:31:12.2111042Z   extra_cmake_args: -DSHIELD="nice_view_custom" -DZMK_EXTRA_MODULES='/__w/zmk-sofle/zmk-sofle'
2025-12-17T17:31:12.2111482Z   display_name: nice_view_custom - eyelash_sofle_right
2025-12-17T17:31:12.2111823Z   artifact_name: nice_view_custom-eyelash_sofle_right-zmk
2025-12-17T17:31:12.2112124Z   cache_name: cache-zephyr-4.1.0-modules
2025-12-17T17:31:12.2112359Z ##[endgroup]
2025-12-17T17:31:12.2116125Z ##[command]/usr/bin/docker exec  027e8b90fe60b4626995c3ad1e154c0fe10e313cbe8f70165463e6ac8d5c29e7 sh -c "cat /etc/*release | grep ^ID"
2025-12-17T17:31:12.5882564Z Cache hit for: Linux-build-cache-zephyr-4.1.0-modules-de12769b38c449b4a455662604a4cd673f91cb1da855ef143fc87ed83db7f60a
2025-12-17T17:31:13.6796760Z Received 134217728 of 2008849776 (6.7%), 127.9 MBs/sec
2025-12-17T17:31:14.6805504Z Received 327155712 of 2008849776 (16.3%), 155.8 MBs/sec
2025-12-17T17:31:15.6819962Z Received 482344960 of 2008849776 (24.0%), 153.2 MBs/sec
2025-12-17T17:31:16.6818319Z Received 666894336 of 2008849776 (33.2%), 158.9 MBs/sec
2025-12-17T17:31:17.6819582Z Received 805306368 of 2008849776 (40.1%), 153.5 MBs/sec
2025-12-17T17:31:18.6822232Z Received 964689920 of 2008849776 (48.0%), 153.3 MBs/sec
2025-12-17T17:31:19.6821768Z Received 1124073472 of 2008849776 (56.0%), 153.1 MBs/sec
2025-12-17T17:31:20.6902510Z Received 1287651328 of 2008849776 (64.1%), 153.3 MBs/sec
2025-12-17T17:31:21.7210255Z Received 1476395008 of 2008849776 (73.5%), 155.8 MBs/sec
2025-12-17T17:31:22.7194963Z Received 1660944384 of 2008849776 (82.7%), 157.8 MBs/sec
2025-12-17T17:31:23.7193858Z Received 1853882368 of 2008849776 (92.3%), 160.1 MBs/sec
2025-12-17T17:31:24.7439862Z Received 2008849776 of 2008849776 (100.0%), 158.8 MBs/sec
2025-12-17T17:31:24.7444545Z Cache Size: ~1916 MB (2008849776 B)
2025-12-17T17:31:24.7511399Z [command]/usr/bin/tar -xf /__w/_temp/d150770b-68c3-4830-80ab-68e63741d249/cache.tgz -P -C /__w/zmk-sofle/zmk-sofle -z
2025-12-17T17:31:45.0234706Z Cache restored successfully
2025-12-17T17:31:45.3716672Z Cache restored from key: Linux-build-cache-zephyr-4.1.0-modules-de12769b38c449b4a455662604a4cd673f91cb1da855ef143fc87ed83db7f60a
2025-12-17T17:31:45.3852737Z ##[group]Run west init -l "/tmp/zmk-config/config"
2025-12-17T17:31:45.3853125Z [36;1mwest init -l "/tmp/zmk-config/config"[0m
2025-12-17T17:31:45.3853511Z shell: sh -e {0}
2025-12-17T17:31:45.3853682Z env:
2025-12-17T17:31:45.3854044Z   build_dir: /tmp/tmp.HjpiCM9ajE
2025-12-17T17:31:45.3854283Z   base_dir: /tmp/zmk-config
2025-12-17T17:31:45.3854499Z   zephyr_version: 4.1.0
2025-12-17T17:31:45.3854687Z   extra_west_args: 
2025-12-17T17:31:45.3855040Z   extra_cmake_args: -DSHIELD="nice_view_custom" -DZMK_EXTRA_MODULES='/__w/zmk-sofle/zmk-sofle'
2025-12-17T17:31:45.3855483Z   display_name: nice_view_custom - eyelash_sofle_right
2025-12-17T17:31:45.3855815Z   artifact_name: nice_view_custom-eyelash_sofle_right-zmk
2025-12-17T17:31:45.3856097Z ##[endgroup]
2025-12-17T17:31:45.5596310Z === Initializing from existing manifest repository config
2025-12-17T17:31:45.5596821Z --- Creating /tmp/zmk-config/.west and local configuration file
2025-12-17T17:31:45.5605862Z === Initialized. Now run "west update" inside /tmp/zmk-config.
2025-12-17T17:31:45.5861343Z ##[group]Run west update
2025-12-17T17:31:45.5861612Z [36;1mwest update[0m
2025-12-17T17:31:45.5861910Z shell: sh -e {0}
2025-12-17T17:31:45.5862081Z env:
2025-12-17T17:31:45.5862278Z   build_dir: /tmp/tmp.HjpiCM9ajE
2025-12-17T17:31:45.5862509Z   base_dir: /tmp/zmk-config
2025-12-17T17:31:45.5862716Z   zephyr_version: 4.1.0
2025-12-17T17:31:45.5862909Z   extra_west_args: 
2025-12-17T17:31:45.5863263Z   extra_cmake_args: -DSHIELD="nice_view_custom" -DZMK_EXTRA_MODULES='/__w/zmk-sofle/zmk-sofle'
2025-12-17T17:31:45.5863696Z   display_name: nice_view_custom - eyelash_sofle_right
2025-12-17T17:31:45.5864033Z   artifact_name: nice_view_custom-eyelash_sofle_right-zmk
2025-12-17T17:31:45.5864317Z ##[endgroup]
2025-12-17T17:31:45.8420489Z === updating zmk (zmk):
2025-12-17T17:31:45.9821762Z HEAD is now at 08209919 fix(studio): Properly return complete keymap from RPC (#2696)
2025-12-17T17:31:45.9980153Z === updating zephyr (zephyr):
2025-12-17T17:31:46.0007178Z --- zephyr: fetching, need revision v3.5.0+zmk-fixes
2025-12-17T17:31:46.3755636Z From https://github.com/zmkfirmware/zephyr
2025-12-17T17:31:46.3756168Z  * branch                v3.5.0+zmk-fixes -> FETCH_HEAD
2025-12-17T17:31:47.5255874Z HEAD is now at dacab4875 scripts: check_init_priorities: drop recursive child parsing
2025-12-17T17:31:47.5660700Z === updating eyelash_sofle (eyelash_sofle):
2025-12-17T17:31:47.5661327Z --- eyelash_sofle: initializing
2025-12-17T17:31:47.5707538Z Initialized empty Git repository in /tmp/zmk-config/eyelash_sofle/.git/
2025-12-17T17:31:47.5739846Z --- eyelash_sofle: fetching, need revision refactor
2025-12-17T17:31:47.8404833Z From https://github.com/a741725193/zmk-sofle
2025-12-17T17:31:47.8405374Z  * branch            refactor   -> FETCH_HEAD
2025-12-17T17:31:47.8533077Z HEAD is now at 504d2a5 [Draw] update configuration
2025-12-17T17:31:47.8595038Z HEAD is now at 504d2a5 [Draw] update configuration
2025-12-17T17:31:47.8599205Z === updating mario-peripheral-animation (mario-peripheral-animation):
2025-12-17T17:31:47.8600041Z --- mario-peripheral-animation: initializing
2025-12-17T17:31:47.8634598Z Initialized empty Git repository in /tmp/zmk-config/mario-peripheral-animation/.git/
2025-12-17T17:31:47.8667087Z --- mario-peripheral-animation: fetching, need revision main
2025-12-17T17:31:48.5845549Z From https://github.com/GPeye/mario-peripheral-animation
2025-12-17T17:31:48.5846182Z  * branch            main       -> FETCH_HEAD
2025-12-17T17:31:48.6480432Z HEAD is now at 1aa3950 vid
2025-12-17T17:31:48.6850807Z HEAD is now at 1aa3950 vid
2025-12-17T17:31:48.6854663Z === updating nanopb (modules/lib/nanopb):
2025-12-17T17:31:48.7188221Z HEAD is now at 8c60555 Merge pull request #4 from petejohanson/build/find-protoc-fixes
2025-12-17T17:31:48.7192920Z === updating zmk-studio-messages (modules/msgs/zmk-studio-messages):
2025-12-17T17:31:48.7324082Z HEAD is now at 6cb4c28 refactor: Return detailed save changes response.
2025-12-17T17:31:48.7328596Z === updating acpica (modules/lib/acpica):
2025-12-17T17:31:48.9210142Z HEAD is now at 0333c2af1 os_specific: zephyr: add generic platform support
2025-12-17T17:31:48.9216595Z === updating canopennode (modules/lib/canopennode):
2025-12-17T17:31:48.9396400Z HEAD is now at dec12fa stack: map CANopenNode crc16_ccitt() to Zephyr crc16_itu_t()
2025-12-17T17:31:48.9400732Z === updating cmsis (modules/hal/cmsis):
2025-12-17T17:31:48.9614345Z HEAD is now at 5a00331 remove cmsis-dsp and cmsis-nn
2025-12-17T17:31:48.9618241Z === updating cmsis-dsp (modules/lib/cmsis-dsp):
2025-12-17T17:31:49.2813707Z HEAD is now at ff7b5fd1 compute Library: fix inline function that is not static
2025-12-17T17:31:49.2818702Z === updating cmsis-nn (modules/lib/cmsis-nn):
2025-12-17T17:31:49.3373788Z HEAD is now at 0c8669d Merge pull request #1 from XenuIsWatching/zephyr
2025-12-17T17:31:49.3379067Z === updating fatfs (modules/fs/fatfs):
2025-12-17T17:31:49.3571587Z HEAD is now at 427159b zephyr: fix ffconf.h override use of STRINGIZE
2025-12-17T17:31:49.3575775Z === updating hal_ambiq (modules/hal/ambiq):
2025-12-17T17:31:49.4226451Z HEAD is now at 0a7c993 modules: hal_ambiq: Add Ambiq Apollo4 Blue Plus SoC
2025-12-17T17:31:49.4230769Z === updating hal_atmel (modules/hal/atmel):
2025-12-17T17:31:49.7011448Z HEAD is now at 5ab4300 Remove LITTLE_ENDIAN and __LITTLE_ENDIAN defines
2025-12-17T17:31:49.7016410Z === updating hal_espressif (modules/hal/espressif):
2025-12-17T17:31:50.4566405Z HEAD is now at 31fc5758f3 random: rename header file as in Zephyr.
2025-12-17T17:31:50.4575762Z === updating hal_ethos_u (modules/hal/ethos_u):
2025-12-17T17:31:50.4760184Z HEAD is now at 90ada2e Clarify README regarding CPU choice
2025-12-17T17:31:50.4764029Z === updating hal_gigadevice (modules/hal/gigadevice):
2025-12-17T17:31:50.5354176Z HEAD is now at 2994b7d README.md: add pllmf and pack exception for gd32a50x
2025-12-17T17:31:50.5358340Z === updating hal_intel (modules/hal/intel):
2025-12-17T17:31:50.5524946Z HEAD is now at b3b43d4 pm: fix handling reset prep in incorrect place
2025-12-17T17:31:50.5528883Z === updating hal_nordic (modules/hal/nordic):
2025-12-17T17:31:51.2013271Z HEAD is now at 884c4d6 nrfx: Update to version 3.6.0
2025-12-17T17:31:51.2017864Z === updating hal_nuvoton (modules/hal/nuvoton):
2025-12-17T17:31:51.2586779Z HEAD is now at 3e0a4c4 hal: NuMaker M46x: revise API name of M460 FMC erase bank
2025-12-17T17:31:51.2591405Z === updating hal_quicklogic (modules/hal/quicklogic):
2025-12-17T17:31:51.2738329Z HEAD is now at b3a66fe Remove references to FPGA IP core drivers
2025-12-17T17:31:51.2742074Z === updating hal_renesas (modules/hal/renesas):
2025-12-17T17:31:51.2906523Z HEAD is now at a6cf2af Remove dynamic memory allocation from PD code
2025-12-17T17:31:51.2910396Z === updating hal_rpi_pico (modules/hal/rpi_pico):
2025-12-17T17:31:51.3386557Z HEAD is now at fba7162 Merge pull request #5 from soburi/zephyr_timer_modification
2025-12-17T17:31:51.3390982Z === updating hal_stm32 (modules/hal/stm32):
2025-12-17T17:31:53.0078439Z HEAD is now at 89ef0a33 stm32cube: stm32h5:  ethernet: PTP clock doesnâ€™t works
2025-12-17T17:31:53.0084121Z === updating hal_telink (modules/hal/telink):
2025-12-17T17:31:53.0276594Z HEAD is now at 38573af B91 ADC driver support
2025-12-17T17:31:53.0298435Z === updating hal_wurthelektronik (modules/hal/wurthelektronik):
2025-12-17T17:31:53.0423295Z HEAD is now at 24ca987 Initialized WE HAL module repository.
2025-12-17T17:31:53.0427353Z === updating libmetal (modules/hal/libmetal):
2025-12-17T17:31:53.0610373Z HEAD is now at b91611a lib: update libmetal to release v2023.04.0
2025-12-17T17:31:53.0614089Z === updating liblc3 (modules/lib/liblc3):
2025-12-17T17:31:53.0786713Z HEAD is now at 448f3de Merge pull request #8 from carlescufi/rename
2025-12-17T17:31:53.0791482Z === updating littlefs (modules/fs/littlefs):
2025-12-17T17:31:53.0951490Z HEAD is now at ca583fd Merge tag 'v2.5.0' of https://github.com/littlefs-project/littlefs into zephyr
2025-12-17T17:31:53.0954827Z === updating lvgl (modules/lib/gui/lvgl):
2025-12-17T17:31:53.3824501Z HEAD is now at 8a6a2d1d2 zephyr: Move gluecode back to zephyr main repository
2025-12-17T17:31:53.3830081Z === updating mbedtls (modules/crypto/mbedtls):
2025-12-17T17:31:53.5243921Z HEAD is now at c38dc78d9 Merge pull request #44 from d3zd3z/zephyr-3.4.0
2025-12-17T17:31:53.5249458Z === updating mipi-sys-t (modules/debug/mipi-sys-t):
2025-12-17T17:31:53.5439259Z HEAD is now at a819419 library: allow building without wchar support
2025-12-17T17:31:53.5443180Z === updating nrf_hw_models (modules/bsim_hw_models/nrf_hw_models):
2025-12-17T17:31:53.5623343Z HEAD is now at f459580 TEMP & ECB: Fix INTEN sideeffect prototypes
2025-12-17T17:31:53.5627231Z === updating open-amp (modules/lib/open-amp):
2025-12-17T17:31:53.5800932Z HEAD is now at 42b7c57 cmake: Compile with WITH_DCACHE_RSC_TABLE
2025-12-17T17:31:53.5804702Z === updating percepio (modules/debug/percepio):
2025-12-17T17:31:53.6067856Z HEAD is now at a3728ef Merge pull request #4 from peter-mitsis/pmitsis-k_mem_block
2025-12-17T17:31:53.6073346Z === updating picolibc (modules/lib/picolibc):
2025-12-17T17:31:53.7652071Z HEAD is now at d07c38ff0 Version 1.8.2
2025-12-17T17:31:53.7658566Z === updating segger (modules/debug/segger):
2025-12-17T17:31:53.7803349Z HEAD is now at 9d01912 segger: config: RTT spinlock implementation
2025-12-17T17:31:53.7807337Z === updating tinycrypt (modules/crypto/tinycrypt):
2025-12-17T17:31:53.7943519Z HEAD is now at 3e9a49d cmake: Fix conditional in root CMakeLists.txt
2025-12-17T17:31:53.7948048Z === updating trusted-firmware-a (modules/tee/tf-a/trusted-firmware-a):
2025-12-17T17:31:53.9822129Z HEAD is now at 421dc0502 Merge pull request #3 from SgrrZhf/topics/huizha01/2.9.0-updates
2025-12-17T17:31:53.9828744Z === updating uoscore-uedhoc (modules/lib/uoscore-uedhoc):
2025-12-17T17:31:54.0068559Z HEAD is now at 5fe2cb6 2.2.1
2025-12-17T17:31:54.0072752Z === updating zcbor (modules/lib/zcbor):
2025-12-17T17:31:54.0260717Z HEAD is now at 67fd8bb Update version from 0.6.99 to 0.7.0
2025-12-17T17:31:54.0527656Z ##[group]Run west zephyr-export
2025-12-17T17:31:54.0528147Z [36;1mwest zephyr-export[0m
2025-12-17T17:31:54.0528866Z shell: sh -e {0}
2025-12-17T17:31:54.0529188Z env:
2025-12-17T17:31:54.0529488Z   build_dir: /tmp/tmp.HjpiCM9ajE
2025-12-17T17:31:54.0530140Z   base_dir: /tmp/zmk-config
2025-12-17T17:31:54.0530555Z   zephyr_version: 4.1.0
2025-12-17T17:31:54.0530906Z   extra_west_args: 
2025-12-17T17:31:54.0531508Z   extra_cmake_args: -DSHIELD="nice_view_custom" -DZMK_EXTRA_MODULES='/__w/zmk-sofle/zmk-sofle'
2025-12-17T17:31:54.0532304Z   display_name: nice_view_custom - eyelash_sofle_right
2025-12-17T17:31:54.0532915Z   artifact_name: nice_view_custom-eyelash_sofle_right-zmk
2025-12-17T17:31:54.0533415Z ##[endgroup]
2025-12-17T17:31:54.5952977Z Zephyr (/tmp/zmk-config/zephyr/share/zephyr-package/cmake)
2025-12-17T17:31:54.5953635Z has been added to the user package registry in:
2025-12-17T17:31:54.5954123Z ~/.cmake/packages/Zephyr
2025-12-17T17:31:54.5954352Z 
2025-12-17T17:31:54.8643442Z ZephyrUnittest (/tmp/zmk-config/zephyr/share/zephyrunittest-package/cmake)
2025-12-17T17:31:54.8643925Z has been added to the user package registry in:
2025-12-17T17:31:54.8644213Z ~/.cmake/packages/ZephyrUnittest
2025-12-17T17:31:54.8644384Z 
2025-12-17T17:31:54.8904174Z ##[group]Run west build -s zmk/app -d "/tmp/tmp.HjpiCM9ajE" -b "eyelash_sofle_right"  -- -DZMK_CONFIG=/tmp/zmk-config/config -DSHIELD="nice_view_custom" -DZMK_EXTRA_MODULES='/__w/zmk-sofle/zmk-sofle' 
2025-12-17T17:31:54.8905380Z [36;1mwest build -s zmk/app -d "/tmp/tmp.HjpiCM9ajE" -b "eyelash_sofle_right"  -- -DZMK_CONFIG=/tmp/zmk-config/config -DSHIELD="nice_view_custom" -DZMK_EXTRA_MODULES='/__w/zmk-sofle/zmk-sofle' [0m
2025-12-17T17:31:54.8906139Z shell: sh -x {0}
2025-12-17T17:31:54.8906312Z env:
2025-12-17T17:31:54.8906490Z   build_dir: /tmp/tmp.HjpiCM9ajE
2025-12-17T17:31:54.8906721Z   base_dir: /tmp/zmk-config
2025-12-17T17:31:54.8906926Z   zephyr_version: 4.1.0
2025-12-17T17:31:54.8907119Z   extra_west_args: 
2025-12-17T17:31:54.8907461Z   extra_cmake_args: -DSHIELD="nice_view_custom" -DZMK_EXTRA_MODULES='/__w/zmk-sofle/zmk-sofle'
2025-12-17T17:31:54.8907894Z   display_name: nice_view_custom - eyelash_sofle_right
2025-12-17T17:31:54.8908268Z   artifact_name: nice_view_custom-eyelash_sofle_right-zmk
2025-12-17T17:31:54.8908725Z ##[endgroup]
2025-12-17T17:31:54.9441161Z + west build -s zmk/app -d /tmp/tmp.HjpiCM9ajE -b eyelash_sofle_right -- -DZMK_CONFIG=/tmp/zmk-config/config -DSHIELD=nice_view_custom -DZMK_EXTRA_MODULES=/__w/zmk-sofle/zmk-sofle
2025-12-17T17:31:55.1421244Z -- west build: generating a build system
2025-12-17T17:31:55.4168380Z Loading Zephyr default modules (Zephyr base).
2025-12-17T17:31:55.4170119Z -- Application: /tmp/zmk-config/zmk/app
2025-12-17T17:31:55.4170599Z -- CMake version: 3.31.6
2025-12-17T17:31:55.5276539Z -- Found Python3: /usr/bin/python3 (found suitable version "3.12.3", minimum required is "3.8") found components: Interpreter
2025-12-17T17:31:55.5395486Z -- Cache files will be written to: /tmp/zmk-config/zephyr/.cache
2025-12-17T17:31:55.5456289Z -- Zephyr version: 3.5.0 (/tmp/zmk-config/zephyr)
2025-12-17T17:31:55.6102254Z -- Found west (found suitable version "1.5.0", minimum required is "0.14.0")
2025-12-17T17:31:56.0973227Z -- Adding /tmp/zmk-config/mario-peripheral-animation/boards/shields/nice_view_custom
2025-12-17T17:31:56.1095055Z -- ZMK Config directory: /tmp/zmk-config/config
2025-12-17T17:31:56.1098260Z -- ZMK Config Kconfig: /tmp/zmk-config/config/eyelash_sofle.conf
2025-12-17T17:31:56.1099195Z -- Using keymap file: /tmp/zmk-config/config/eyelash_sofle_right.keymap
2025-12-17T17:31:56.1100498Z -- Using keymap file: /tmp/zmk-config/config/eyelash_sofle_right.keymap
2025-12-17T17:31:56.1169239Z -- Board: eyelash_sofle_right
2025-12-17T17:31:56.1206894Z -- Shield(s): nice_view_custom
2025-12-17T17:31:56.2661180Z -- ZEPHYR_TOOLCHAIN_VARIANT not set, trying to locate Zephyr SDK
2025-12-17T17:31:56.2683650Z -- Found host-tools: zephyr 0.16.9 (/opt/zephyr-sdk-0.16.9)
2025-12-17T17:31:56.2691469Z -- Found toolchain: zephyr 0.16.9 (/opt/zephyr-sdk-0.16.9)
2025-12-17T17:31:56.2729814Z -- Found Dtc: /opt/zephyr-sdk-0.16.9/sysroots/x86_64-pokysdk-linux/usr/bin/dtc (found suitable version "1.6.0", minimum required is "1.4.6")
2025-12-17T17:31:56.2734064Z -- Found BOARD.dts: /tmp/zmk-config/eyelash_sofle/boards/arm/eyelash_sofle/eyelash_sofle_right.dts
2025-12-17T17:31:56.2735188Z -- Found devicetree overlay: /tmp/zmk-config/mario-peripheral-animation/boards/shields/nice_view_custom/nice_view_custom.overlay
2025-12-17T17:31:56.2736019Z -- Found devicetree overlay: /tmp/zmk-config/config/eyelash_sofle_right.keymap
2025-12-17T17:31:56.4495118Z devicetree error: /keymap/layer_1: undefined node label 'mmv'
2025-12-17T17:31:56.4607893Z CMake Error at /tmp/zmk-config/zephyr/cmake/modules/dts.cmake:279 (message):
2025-12-17T17:31:56.4613811Z -- In: /tmp/tmp.HjpiCM9ajE/zephyr, command: /usr/bin/python3;/tmp/zmk-config/zephyr/scripts/dts/gen_defines.py;--dts;/tmp/tmp.HjpiCM9ajE/zephyr/zephyr.dts.pre;--dtc-flags;'';--bindings-dirs;/tmp/zmk-config/zmk/app/module/dts/bindings;/tmp/zmk-config/zmk/app/dts/bindings;/tmp/zmk-config/zephyr/dts/bindings;--header-out;/tmp/tmp.HjpiCM9ajE/zephyr/include/generated/devicetree_generated.h.new;--dts-out;/tmp/tmp.HjpiCM9ajE/zephyr/zephyr.dts.new;--edt-pickle-out;/tmp/tmp.HjpiCM9ajE/zephyr/edt.pickle;--vendor-prefixes;/tmp/zmk-config/zmk/app/dts/bindings/vendor-prefixes.txt;--vendor-prefixes;/tmp/zmk-config/zephyr/dts/bindings/vendor-prefixes.txt
2025-12-17T17:31:56.4618516Z   gen_defines.py failed with return code: 1
2025-12-17T17:31:56.4618978Z Call Stack (most recent call first):
2025-12-17T17:31:56.4619549Z   /tmp/zmk-config/zephyr/cmake/modules/zephyr_default.cmake:129 (include)
2025-12-17T17:31:56.4620502Z   /tmp/zmk-config/zephyr/share/zephyr-package/cmake/ZephyrConfig.cmake:66 (include)
2025-12-17T17:31:56.4621384Z   /tmp/zmk-config/zephyr/share/zephyr-package/cmake/ZephyrConfig.cmake:92 (include_boilerplate)
2025-12-17T17:31:56.4622062Z   CMakeLists.txt:9 (find_package)
2025-12-17T17:31:56.4622305Z 
2025-12-17T17:31:56.4622310Z 
2025-12-17T17:31:56.4622479Z -- Configuring incomplete, errors occurred!
2025-12-17T17:31:56.4646022Z FATAL ERROR: command exited with status 1: /usr/local/bin/cmake -DWEST_PYTHON=/usr/bin/python3 -B/tmp/tmp.HjpiCM9ajE -GNinja -DBOARD=eyelash_sofle_right -DZMK_CONFIG=/tmp/zmk-config/config -DSHIELD=nice_view_custom -DZMK_EXTRA_MODULES=/__w/zmk-sofle/zmk-sofle -S/tmp/zmk-config/zmk/app
2025-12-17T17:31:56.4885898Z ##[error]Process completed with exit code 1.
2025-12-17T17:31:56.4936928Z ##[group]Run if [ -f "/tmp/tmp.HjpiCM9ajE/zephyr/.config" ]
2025-12-17T17:31:56.4937369Z [36;1mif [ -f "/tmp/tmp.HjpiCM9ajE/zephyr/.config" ][0m
2025-12-17T17:31:56.4937647Z [36;1mthen[0m
2025-12-17T17:31:56.4937925Z [36;1m  grep -v -e "^#" -e "^$" "/tmp/tmp.HjpiCM9ajE/zephyr/.config" | sort[0m
2025-12-17T17:31:56.4938234Z [36;1melse[0m
2025-12-17T17:31:56.4938421Z [36;1m  echo "No Kconfig output"[0m
2025-12-17T17:31:56.4938641Z [36;1mfi[0m
2025-12-17T17:31:56.4938876Z shell: sh -e {0}
2025-12-17T17:31:56.4939050Z env:
2025-12-17T17:31:56.4939221Z   build_dir: /tmp/tmp.HjpiCM9ajE
2025-12-17T17:31:56.4939453Z   base_dir: /tmp/zmk-config
2025-12-17T17:31:56.4939902Z   zephyr_version: 4.1.0
2025-12-17T17:31:56.4940104Z   extra_west_args: 
2025-12-17T17:31:56.4940472Z   extra_cmake_args: -DSHIELD="nice_view_custom" -DZMK_EXTRA_MODULES='/__w/zmk-sofle/zmk-sofle'
2025-12-17T17:31:56.4940915Z   display_name: nice_view_custom - eyelash_sofle_right
2025-12-17T17:31:56.4941303Z   artifact_name: nice_view_custom-eyelash_sofle_right-zmk
2025-12-17T17:31:56.4941592Z ##[endgroup]
2025-12-17T17:31:56.5446687Z No Kconfig output
2025-12-17T17:31:56.5506467Z ##[group]Run if [ -f "/tmp/tmp.HjpiCM9ajE/zephyr/zephyr.dts" ]
2025-12-17T17:31:56.5506911Z [36;1mif [ -f "/tmp/tmp.HjpiCM9ajE/zephyr/zephyr.dts" ][0m
2025-12-17T17:31:56.5507207Z [36;1mthen[0m
2025-12-17T17:31:56.5507448Z [36;1m  cat "/tmp/tmp.HjpiCM9ajE/zephyr/zephyr.dts"[0m
2025-12-17T17:31:56.5507808Z [36;1melif [ -f "/tmp/tmp.HjpiCM9ajE/zephyr/zephyr.dts.pre" ][0m
2025-12-17T17:31:56.5508109Z [36;1mthen[0m
2025-12-17T17:31:56.5508360Z [36;1m  cat -s "/tmp/tmp.HjpiCM9ajE/zephyr/zephyr.dts.pre"[0m
2025-12-17T17:31:56.5508650Z [36;1melse[0m
2025-12-17T17:31:56.5508836Z [36;1m  echo "No Devicetree output"[0m
2025-12-17T17:31:56.5509084Z [36;1mfi[0m
2025-12-17T17:31:56.5509312Z shell: sh -e {0}
2025-12-17T17:31:56.5509480Z env:
2025-12-17T17:31:56.5509893Z   build_dir: /tmp/tmp.HjpiCM9ajE
2025-12-17T17:31:56.5510197Z   base_dir: /tmp/zmk-config
2025-12-17T17:31:56.5510414Z   zephyr_version: 4.1.0
2025-12-17T17:31:56.5510605Z   extra_west_args: 
2025-12-17T17:31:56.5510986Z   extra_cmake_args: -DSHIELD="nice_view_custom" -DZMK_EXTRA_MODULES='/__w/zmk-sofle/zmk-sofle'
2025-12-17T17:31:56.5511422Z   display_name: nice_view_custom - eyelash_sofle_right
2025-12-17T17:31:56.5511760Z   artifact_name: nice_view_custom-eyelash_sofle_right-zmk
2025-12-17T17:31:56.5512043Z ##[endgroup]
2025-12-17T17:31:56.6014407Z # 0 "/tmp/zmk-config/zephyr/misc/empty_file.c"
2025-12-17T17:31:56.6018670Z # 0 "<built-in>"
2025-12-17T17:31:56.6019036Z # 0 "<command-line>"
2025-12-17T17:31:56.6019853Z # 1 "/tmp/zmk-config/eyelash_sofle/boards/arm/eyelash_sofle/eyelash_sofle_right.dts" 1
2025-12-17T17:31:56.6020578Z 
2025-12-17T17:31:56.6020950Z # 1 "/tmp/zmk-config/eyelash_sofle/boards/arm/eyelash_sofle/eyelash_sofle.dtsi" 1
2025-12-17T17:31:56.6021667Z 
2025-12-17T17:31:56.6021800Z /dts-v1/;
2025-12-17T17:31:56.6022431Z # 1 "/tmp/zmk-config/zephyr/dts/arm/nordic/nrf52840_qiaa.dtsi" 1 3 4
2025-12-17T17:31:56.6023035Z 
2025-12-17T17:31:56.6023251Z # 1 "/tmp/zmk-config/zephyr/dts/common/mem.h" 1 3 4
2025-12-17T17:31:56.6024018Z # 8 "/tmp/zmk-config/zephyr/dts/arm/nordic/nrf52840_qiaa.dtsi" 2 3 4
2025-12-17T17:31:56.6024870Z # 1 "/tmp/zmk-config/zephyr/dts/arm/nordic/nrf52840.dtsi" 1 3 4
2025-12-17T17:31:56.6025475Z 
2025-12-17T17:31:56.6025692Z # 1 "/tmp/zmk-config/zephyr/dts/arm/armv7-m.dtsi" 1 3 4
2025-12-17T17:31:56.6026256Z 
2025-12-17T17:31:56.6026521Z # 1 "/tmp/zmk-config/zephyr/dts/common/skeleton.dtsi" 1 3 4
2025-12-17T17:31:56.6027321Z # 9 "/tmp/zmk-config/zephyr/dts/common/skeleton.dtsi" 3 4
2025-12-17T17:31:56.6027974Z / {
2025-12-17T17:31:56.6028244Z  #address-cells = <1>;
2025-12-17T17:31:56.6028844Z  #size-cells = <1>;
2025-12-17T17:31:56.6029641Z  chosen { };
2025-12-17T17:31:56.6030695Z  aliases { };
2025-12-17T17:31:56.6030964Z };
2025-12-17T17:31:56.6031332Z # 4 "/tmp/zmk-config/zephyr/dts/arm/armv7-m.dtsi" 2 3 4
2025-12-17T17:31:56.6031624Z 
2025-12-17T17:31:56.6031731Z / {
2025-12-17T17:31:56.6031990Z  soc {
2025-12-17T17:31:56.6032261Z   #address-cells = <1>;
2025-12-17T17:31:56.6032612Z   #size-cells = <1>;
2025-12-17T17:31:56.6032951Z   compatible = "simple-bus";
2025-12-17T17:31:56.6033327Z   interrupt-parent = <&nvic>;
2025-12-17T17:31:56.6033703Z   ranges;
2025-12-17T17:31:56.6033880Z 
2025-12-17T17:31:56.6034214Z   nvic: interrupt-controller@e000e100 {
2025-12-17T17:31:56.6034669Z    #address-cells = <1>;
2025-12-17T17:31:56.6035146Z    compatible = "arm,v7m-nvic";
2025-12-17T17:31:56.6035379Z    reg = <0xe000e100 0xc00>;
2025-12-17T17:31:56.6035972Z    interrupt-controller;
2025-12-17T17:31:56.6036358Z    #interrupt-cells = <2>;
2025-12-17T17:31:56.6036722Z   };
2025-12-17T17:31:56.6036880Z 
2025-12-17T17:31:56.6037032Z   systick: timer@e000e010 {
2025-12-17T17:31:56.6037413Z    compatible = "arm,armv7m-systick";
2025-12-17T17:31:56.6037819Z    reg = <0xe000e010 0x10>;
2025-12-17T17:31:56.6038138Z   };
2025-12-17T17:31:56.6038376Z  };
2025-12-17T17:31:56.6038621Z };
2025-12-17T17:31:56.6039007Z # 4 "/tmp/zmk-config/zephyr/dts/arm/nordic/nrf52840.dtsi" 2 3 4
2025-12-17T17:31:56.6040161Z # 1 "/tmp/zmk-config/zephyr/dts/arm/nordic/nrf_common.dtsi" 1 3 4
2025-12-17T17:31:56.6040617Z 
2025-12-17T17:31:56.6040924Z # 1 "/tmp/zmk-config/zephyr/include/zephyr/dt-bindings/adc/adc.h" 1 3 4
2025-12-17T17:31:56.6041980Z # 8 "/tmp/zmk-config/zephyr/dts/arm/nordic/nrf_common.dtsi" 2 3 4
2025-12-17T17:31:56.6042718Z # 1 "/tmp/zmk-config/zephyr/include/zephyr/dt-bindings/adc/nrf-adc.h" 1 3 4
2025-12-17T17:31:56.6043449Z # 10 "/tmp/zmk-config/zephyr/include/zephyr/dt-bindings/adc/nrf-adc.h" 3 4
2025-12-17T17:31:56.6043986Z # 1 "/tmp/zmk-config/zephyr/include/zephyr/dt-bindings/dt-util.h" 1 3 4
2025-12-17T17:31:56.6044481Z # 19 "/tmp/zmk-config/zephyr/include/zephyr/dt-bindings/dt-util.h" 3 4
2025-12-17T17:31:56.6044902Z # 1 "/tmp/zmk-config/zephyr/include/zephyr/sys/util_macro.h" 1 3 4
2025-12-17T17:31:56.6045299Z # 34 "/tmp/zmk-config/zephyr/include/zephyr/sys/util_macro.h" 3 4
2025-12-17T17:31:56.6045698Z # 1 "/tmp/zmk-config/zephyr/include/zephyr/sys/util_internal.h" 1 3 4
2025-12-17T17:31:56.6046096Z # 18 "/tmp/zmk-config/zephyr/include/zephyr/sys/util_internal.h" 3 4
2025-12-17T17:31:56.6046484Z # 1 "/tmp/zmk-config/zephyr/include/zephyr/sys/util_loops.h" 1 3 4
2025-12-17T17:31:56.6046870Z # 1083 "/tmp/zmk-config/zephyr/include/zephyr/sys/util_loops.h" 3 4
2025-12-17T17:31:56.6047258Z # 1 "/tmp/zmk-config/zephyr/include/zephyr/sys/util_listify.h" 1 3 4
2025-12-17T17:31:56.6047645Z # 1084 "/tmp/zmk-config/zephyr/include/zephyr/sys/util_loops.h" 2 3 4
2025-12-17T17:31:56.6048045Z # 19 "/tmp/zmk-config/zephyr/include/zephyr/sys/util_internal.h" 2 3 4
2025-12-17T17:31:56.6048570Z # 153 "/tmp/zmk-config/zephyr/include/zephyr/sys/util_internal.h" 3 4
2025-12-17T17:31:56.6049333Z # 1 "/tmp/zmk-config/zephyr/include/zephyr/sys/util_internal_is_eq.h" 1 3 4
2025-12-17T17:31:56.6050236Z # 154 "/tmp/zmk-config/zephyr/include/zephyr/sys/util_internal.h" 2 3 4
2025-12-17T17:31:56.6050782Z # 184 "/tmp/zmk-config/zephyr/include/zephyr/sys/util_internal.h" 3 4
2025-12-17T17:31:56.6051233Z # 1 "/tmp/zmk-config/zephyr/include/zephyr/sys/util_internal_util_inc.h" 1 3 4
2025-12-17T17:31:56.6051674Z # 185 "/tmp/zmk-config/zephyr/include/zephyr/sys/util_internal.h" 2 3 4
2025-12-17T17:31:56.6051926Z 
2025-12-17T17:31:56.6052115Z # 1 "/tmp/zmk-config/zephyr/include/zephyr/sys/util_internal_util_dec.h" 1 3 4
2025-12-17T17:31:56.6052556Z # 188 "/tmp/zmk-config/zephyr/include/zephyr/sys/util_internal.h" 2 3 4
2025-12-17T17:31:56.6052799Z 
2025-12-17T17:31:56.6052992Z # 1 "/tmp/zmk-config/zephyr/include/zephyr/sys/util_internal_util_x2.h" 1 3 4
2025-12-17T17:31:56.6053418Z # 191 "/tmp/zmk-config/zephyr/include/zephyr/sys/util_internal.h" 2 3 4
2025-12-17T17:31:56.6053987Z # 35 "/tmp/zmk-config/zephyr/include/zephyr/sys/util_macro.h" 2 3 4
2025-12-17T17:31:56.6054393Z # 20 "/tmp/zmk-config/zephyr/include/zephyr/dt-bindings/dt-util.h" 2 3 4
2025-12-17T17:31:56.6054816Z # 11 "/tmp/zmk-config/zephyr/include/zephyr/dt-bindings/adc/nrf-adc.h" 2 3 4
2025-12-17T17:31:56.6055234Z # 9 "/tmp/zmk-config/zephyr/dts/arm/nordic/nrf_common.dtsi" 2 3 4
2025-12-17T17:31:56.6055641Z # 1 "/tmp/zmk-config/zephyr/include/zephyr/dt-bindings/gpio/gpio.h" 1 3 4
2025-12-17T17:31:56.6056066Z # 10 "/tmp/zmk-config/zephyr/dts/arm/nordic/nrf_common.dtsi" 2 3 4
2025-12-17T17:31:56.6056471Z # 1 "/tmp/zmk-config/zephyr/include/zephyr/dt-bindings/i2c/i2c.h" 1 3 4
2025-12-17T17:31:56.6056867Z # 11 "/tmp/zmk-config/zephyr/dts/arm/nordic/nrf_common.dtsi" 2 3 4
2025-12-17T17:31:56.6057328Z # 1 "/tmp/zmk-config/zephyr/include/zephyr/dt-bindings/pinctrl/nrf-pinctrl.h" 1 3 4
2025-12-17T17:31:56.6057787Z # 12 "/tmp/zmk-config/zephyr/dts/arm/nordic/nrf_common.dtsi" 2 3 4
2025-12-17T17:31:56.6058195Z # 1 "/tmp/zmk-config/zephyr/include/zephyr/dt-bindings/pwm/pwm.h" 1 3 4
2025-12-17T17:31:56.6058591Z # 13 "/tmp/zmk-config/zephyr/dts/arm/nordic/nrf_common.dtsi" 2 3 4
2025-12-17T17:31:56.6058822Z 
2025-12-17T17:31:56.6058934Z # 1 "/tmp/zmk-config/zephyr/dts/common/freq.h" 1 3 4
2025-12-17T17:31:56.6059268Z # 15 "/tmp/zmk-config/zephyr/dts/arm/nordic/nrf_common.dtsi" 2 3 4
2025-12-17T17:31:56.6060180Z # 1 "/tmp/zmk-config/zephyr/dts/arm/nordic/override.dtsi" 1 3 4
2025-12-17T17:31:56.6060623Z # 16 "/tmp/zmk-config/zephyr/dts/arm/nordic/nrf_common.dtsi" 2 3 4
2025-12-17T17:31:56.6061011Z # 24 "/tmp/zmk-config/zephyr/dts/arm/nordic/nrf_common.dtsi" 3 4
2025-12-17T17:31:56.6061309Z / {
2025-12-17T17:31:56.6061482Z  pinctrl: pin-controller {
2025-12-17T17:31:56.6061638Z 
2025-12-17T17:31:56.6061739Z   compatible = "nordic,nrf-pinctrl";
2025-12-17T17:31:56.6061972Z  };
2025-12-17T17:31:56.6062054Z 
2025-12-17T17:31:56.6062133Z  rng_hci: entropy_bt_hci {
2025-12-17T17:31:56.6062362Z   compatible = "zephyr,bt-hci-entropy";
2025-12-17T17:31:56.6062607Z   status = "okay";
2025-12-17T17:31:56.6062775Z  };
2025-12-17T17:31:56.6062865Z 
2025-12-17T17:31:56.6062938Z  sw_pwm: sw-pwm {
2025-12-17T17:31:56.6063135Z   compatible = "nordic,nrf-sw-pwm";
2025-12-17T17:31:56.6063367Z   status = "disabled";
2025-12-17T17:31:56.6063553Z   generator = <&timer1>;
2025-12-17T17:31:56.6063766Z   clock-prescaler = <0>;
2025-12-17T17:31:56.6063969Z   #pwm-cells = <3>;
2025-12-17T17:31:56.6064137Z  };
2025-12-17T17:31:56.6064280Z };
2025-12-17T17:31:56.6064361Z 
2025-12-17T17:31:56.6064430Z &systick {
2025-12-17T17:31:56.6064526Z 
2025-12-17T17:31:56.6064598Z  status = "disabled";
2025-12-17T17:31:56.6064776Z };
2025-12-17T17:31:56.6065011Z # 5 "/tmp/zmk-config/zephyr/dts/arm/nordic/nrf52840.dtsi" 2 3 4
2025-12-17T17:31:56.6065242Z 
2025-12-17T17:31:56.6065304Z / {
2025-12-17T17:31:56.6065458Z  chosen {
2025-12-17T17:31:56.6065631Z   zephyr,entropy = &rng;
2025-12-17T17:31:56.6065873Z   zephyr,flash-controller = &flash_controller;
2025-12-17T17:31:56.6066149Z  };
2025-12-17T17:31:56.6066238Z 
2025-12-17T17:31:56.6066302Z  cpus {
2025-12-17T17:31:56.6066485Z   #address-cells = <1>;
2025-12-17T17:31:56.6066678Z   #size-cells = <0>;
2025-12-17T17:31:56.6066805Z 
2025-12-17T17:31:56.6066871Z   cpu@0 {
2025-12-17T17:31:56.6067034Z    device_type = "cpu";
2025-12-17T17:31:56.6067238Z    compatible = "arm,cortex-m4f";
2025-12-17T17:31:56.6067457Z    reg = <0>;
2025-12-17T17:31:56.6067633Z    #address-cells = <1>;
2025-12-17T17:31:56.6067830Z    #size-cells = <1>;
2025-12-17T17:31:56.6067945Z 
2025-12-17T17:31:56.6068015Z    itm: itm@e0000000 {
2025-12-17T17:31:56.6068217Z     compatible = "arm,armv7m-itm";
2025-12-17T17:31:56.6068447Z     reg = <0xe0000000 0x1000>;
2025-12-17T17:31:56.6068664Z     swo-ref-frequency = <32000000>;
2025-12-17T17:31:56.6068879Z    };
2025-12-17T17:31:56.6069027Z   };
2025-12-17T17:31:56.6069165Z  };
2025-12-17T17:31:56.6069251Z 
2025-12-17T17:31:56.6069312Z  soc {
2025-12-17T17:31:56.6069466Z   ficr: ficr@10000000 {
2025-12-17T17:31:56.6069969Z    compatible = "nordic,nrf-ficr";
2025-12-17T17:31:56.6070201Z    reg = <0x10000000 0x1000>;
2025-12-17T17:31:56.6070402Z    status = "okay";
2025-12-17T17:31:56.6070566Z   };
2025-12-17T17:31:56.6070652Z 
2025-12-17T17:31:56.6070723Z   uicr: uicr@10001000 {
2025-12-17T17:31:56.6070920Z    compatible = "nordic,nrf-uicr";
2025-12-17T17:31:56.6071147Z    reg = <0x10001000 0x1000>;
2025-12-17T17:31:56.6071349Z    status = "okay";
2025-12-17T17:31:56.6071516Z   };
2025-12-17T17:31:56.6071599Z 
2025-12-17T17:31:56.6071677Z   sram0: memory@20000000 {
2025-12-17T17:31:56.6071882Z    compatible = "mmio-sram";
2025-12-17T17:31:56.6072081Z   };
2025-12-17T17:31:56.6072162Z 
2025-12-17T17:31:56.6072243Z   clock: clock@40000000 {
2025-12-17T17:31:56.6072449Z    compatible = "nordic,nrf-clock";
2025-12-17T17:31:56.6072679Z    reg = <0x40000000 0x1000>;
2025-12-17T17:31:56.6072883Z    interrupts = <0 1>;
2025-12-17T17:31:56.6073063Z    status = "okay";
2025-12-17T17:31:56.6073231Z   };
2025-12-17T17:31:56.6073317Z 
2025-12-17T17:31:56.6073401Z   power: power@40000000 {
2025-12-17T17:31:56.6073614Z    compatible = "nordic,nrf-power";
2025-12-17T17:31:56.6073835Z    reg = <0x40000000 0x1000>;
2025-12-17T17:31:56.6074040Z    interrupts = <0 1>;
2025-12-17T17:31:56.6074231Z    status = "okay";
2025-12-17T17:31:56.6074406Z    #address-cells = <1>;
2025-12-17T17:31:56.6074742Z    #size-cells = <1>;
2025-12-17T17:31:56.6074869Z 
2025-12-17T17:31:56.6074959Z    gpregret1: gpregret1@4000051c {
2025-12-17T17:31:56.6075179Z     #address-cells = <1>;
2025-12-17T17:31:56.6075375Z     #size-cells = <1>;
2025-12-17T17:31:56.6075591Z     compatible = "nordic,nrf-gpregret";
2025-12-17T17:31:56.6075828Z     reg = <0x4000051c 0x1>;
2025-12-17T17:31:56.6076028Z     status = "okay";
2025-12-17T17:31:56.6076207Z    };
2025-12-17T17:31:56.6076293Z 
2025-12-17T17:31:56.6076372Z    gpregret2: gpregret2@40000520 {
2025-12-17T17:31:56.6076601Z     #address-cells = <1>;
2025-12-17T17:31:56.6076807Z     #size-cells = <1>;
2025-12-17T17:31:56.6077023Z     compatible = "nordic,nrf-gpregret";
2025-12-17T17:31:56.6077260Z     reg = <0x40000520 0x1>;
2025-12-17T17:31:56.6077461Z     status = "okay";
2025-12-17T17:31:56.6077639Z    };
2025-12-17T17:31:56.6077783Z   };
2025-12-17T17:31:56.6077871Z 
2025-12-17T17:31:56.6077942Z   radio: radio@40001000 {
2025-12-17T17:31:56.6078155Z    compatible = "nordic,nrf-radio";
2025-12-17T17:31:56.6078377Z    reg = <0x40001000 0x1000>;
2025-12-17T17:31:56.6078581Z    interrupts = <1 1>;
2025-12-17T17:31:56.6078766Z    status = "okay";
2025-12-17T17:31:56.6078944Z    ieee802154-supported;
2025-12-17T17:31:56.6079180Z    ble-2mbps-supported;
2025-12-17T17:31:56.6079393Z    ble-coded-phy-supported;
2025-12-17T17:31:56.6079609Z    tx-high-power-supported;
2025-12-17T17:31:56.6079911Z 
2025-12-17T17:31:56.6079986Z    ieee802154: ieee802154 {
2025-12-17T17:31:56.6080214Z     compatible = "nordic,nrf-ieee802154";
2025-12-17T17:31:56.6080458Z     status = "disabled";
2025-12-17T17:31:56.6080645Z    };
2025-12-17T17:31:56.6080795Z   };
2025-12-17T17:31:56.6080877Z 
2025-12-17T17:31:56.6080953Z   uart0: uart@40002000 {
2025-12-17T17:31:56.6081073Z 
2025-12-17T17:31:56.6081158Z    compatible = "nordic,nrf-uarte";
2025-12-17T17:31:56.6081383Z    reg = <0x40002000 0x1000>;
2025-12-17T17:31:56.6081593Z    interrupts = <2 1>;
2025-12-17T17:31:56.6081779Z    status = "disabled";
2025-12-17T17:31:56.6081963Z   };
2025-12-17T17:31:56.6082044Z 
2025-12-17T17:31:56.6082118Z   i2c0: i2c@40003000 {
2025-12-17T17:31:56.6082230Z 
2025-12-17T17:31:56.6082316Z    compatible = "nordic,nrf-twim";
2025-12-17T17:31:56.6082546Z    #address-cells = <1>;
2025-12-17T17:31:56.6082840Z    #size-cells = <0>;
2025-12-17T17:31:56.6083023Z    reg = <0x40003000 0x1000>;
2025-12-17T17:31:56.6083240Z    clock-frequency = <100000>;
2025-12-17T17:31:56.6083451Z    interrupts = <3 1>;
2025-12-17T17:31:56.6083646Z    easydma-maxcnt-bits = <16>;
2025-12-17T17:31:56.6084066Z    status = "disabled";
2025-12-17T17:31:56.6084245Z   };
2025-12-17T17:31:56.6084331Z 
2025-12-17T17:31:56.6084550Z   spi0: spi@40003000 {
2025-12-17T17:31:56.6084667Z 
2025-12-17T17:31:56.6084752Z    compatible = "nordic,nrf-spim";
2025-12-17T17:31:56.6084985Z    #address-cells = <1>;
2025-12-17T17:31:56.6085180Z    #size-cells = <0>;
2025-12-17T17:31:56.6085361Z    reg = <0x40003000 0x1000>;
2025-12-17T17:31:56.6085564Z    interrupts = <3 1>;
2025-12-17T17:31:56.6085769Z    max-frequency = <((8) * 1000 * 1000)>;
2025-12-17T17:31:56.6086012Z    easydma-maxcnt-bits = <16>;
2025-12-17T17:31:56.6086227Z    status = "disabled";
2025-12-17T17:31:56.6086409Z   };
2025-12-17T17:31:56.6086492Z 
2025-12-17T17:31:56.6086566Z   i2c1: i2c@40004000 {
2025-12-17T17:31:56.6086675Z 
2025-12-17T17:31:56.6086760Z    compatible = "nordic,nrf-twim";
2025-12-17T17:31:56.6086988Z    #address-cells = <1>;
2025-12-17T17:31:56.6087184Z    #size-cells = <0>;
2025-12-17T17:31:56.6087362Z    reg = <0x40004000 0x1000>;
2025-12-17T17:31:56.6087571Z    clock-frequency = <100000>;
2025-12-17T17:31:56.6087777Z    interrupts = <4 1>;
2025-12-17T17:31:56.6087968Z    easydma-maxcnt-bits = <16>;
2025-12-17T17:31:56.6088178Z    status = "disabled";
2025-12-17T17:31:56.6088358Z   };
2025-12-17T17:31:56.6088440Z 
2025-12-17T17:31:56.6088509Z   spi1: spi@40004000 {
2025-12-17T17:31:56.6088627Z 
2025-12-17T17:31:56.6088707Z    compatible = "nordic,nrf-spim";
2025-12-17T17:31:56.6089043Z    #address-cells = <1>;
2025-12-17T17:31:56.6089247Z    #size-cells = <0>;
2025-12-17T17:31:56.6089425Z    reg = <0x40004000 0x1000>;
2025-12-17T17:31:56.6089627Z    interrupts = <4 1>;
2025-12-17T17:31:56.6090003Z    max-frequency = <((8) * 1000 * 1000)>;
2025-12-17T17:31:56.6090270Z    easydma-maxcnt-bits = <16>;
2025-12-17T17:31:56.6090484Z    status = "disabled";
2025-12-17T17:31:56.6090661Z   };
2025-12-17T17:31:56.6090743Z 
2025-12-17T17:31:56.6090813Z   nfct: nfct@40005000 {
2025-12-17T17:31:56.6091017Z    compatible = "nordic,nrf-nfct";
2025-12-17T17:31:56.6091241Z    reg = <0x40005000 0x1000>;
2025-12-17T17:31:56.6091437Z    interrupts = <5 1>;
2025-12-17T17:31:56.6091628Z    status = "okay";
2025-12-17T17:31:56.6091798Z   };
2025-12-17T17:31:56.6091878Z 
2025-12-17T17:31:56.6091955Z   gpiote: gpiote@40006000 {
2025-12-17T17:31:56.6092182Z    compatible = "nordic,nrf-gpiote";
2025-12-17T17:31:56.6092418Z    reg = <0x40006000 0x1000>;
2025-12-17T17:31:56.6092620Z    interrupts = <6 5>;
2025-12-17T17:31:56.6092805Z    status = "disabled";
2025-12-17T17:31:56.6092984Z   };
2025-12-17T17:31:56.6093066Z 
2025-12-17T17:31:56.6093141Z   adc: adc@40007000 {
2025-12-17T17:31:56.6093331Z    compatible = "nordic,nrf-saadc";
2025-12-17T17:31:56.6093559Z    reg = <0x40007000 0x1000>;
2025-12-17T17:31:56.6093761Z    interrupts = <7 1>;
2025-12-17T17:31:56.6093941Z    status = "disabled";
2025-12-17T17:31:56.6094137Z    #io-channel-cells = <1>;
2025-12-17T17:31:56.6094337Z   };
2025-12-17T17:31:56.6094419Z 
2025-12-17T17:31:56.6094495Z   timer0: timer@40008000 {
2025-12-17T17:31:56.6094709Z    compatible = "nordic,nrf-timer";
2025-12-17T17:31:56.6094937Z    status = "disabled";
2025-12-17T17:31:56.6095126Z    reg = <0x40008000 0x1000>;
2025-12-17T17:31:56.6095326Z    cc-num = <4>;
2025-12-17T17:31:56.6095509Z    max-bit-width = <32>;
2025-12-17T17:31:56.6095700Z    interrupts = <8 1>;
2025-12-17T17:31:56.6095886Z    prescaler = <0>;
2025-12-17T17:31:56.6096057Z   };
2025-12-17T17:31:56.6096139Z 
2025-12-17T17:31:56.6096221Z   timer1: timer@40009000 {
2025-12-17T17:31:56.6096426Z    compatible = "nordic,nrf-timer";
2025-12-17T17:31:56.6096655Z    status = "disabled";
2025-12-17T17:31:56.6096841Z    reg = <0x40009000 0x1000>;
2025-12-17T17:31:56.6097030Z    cc-num = <4>;
2025-12-17T17:31:56.6097210Z    max-bit-width = <32>;
2025-12-17T17:31:56.6097403Z    interrupts = <9 1>;
2025-12-17T17:31:56.6097581Z    prescaler = <0>;
2025-12-17T17:31:56.6097752Z   };
2025-12-17T17:31:56.6097836Z 
2025-12-17T17:31:56.6097913Z   timer2: timer@4000a000 {
2025-12-17T17:31:56.6098115Z    compatible = "nordic,nrf-timer";
2025-12-17T17:31:56.6098334Z    status = "disabled";
2025-12-17T17:31:56.6098647Z    reg = <0x4000a000 0x1000>;
2025-12-17T17:31:56.6098837Z    cc-num = <4>;
2025-12-17T17:31:56.6099014Z    max-bit-width = <32>;
2025-12-17T17:31:56.6099206Z    interrupts = <10 1>;
2025-12-17T17:31:56.6099384Z    prescaler = <0>;
2025-12-17T17:31:56.6099558Z   };
2025-12-17T17:31:56.6099785Z 
2025-12-17T17:31:56.6099884Z   rtc0: rtc@4000b000 {
2025-12-17T17:31:56.6100100Z    compatible = "nordic,nrf-rtc";
2025-12-17T17:31:56.6100322Z    reg = <0x4000b000 0x1000>;
2025-12-17T17:31:56.6100526Z    cc-num = <3>;
2025-12-17T17:31:56.6100704Z    interrupts = <11 1>;
2025-12-17T17:31:56.6100890Z    status = "disabled";
2025-12-17T17:31:56.6101084Z    clock-frequency = <32768>;
2025-12-17T17:31:56.6101293Z    prescaler = <1>;
2025-12-17T17:31:56.6101460Z   };
2025-12-17T17:31:56.6101550Z 
2025-12-17T17:31:56.6101621Z   temp: temp@4000c000 {
2025-12-17T17:31:56.6101831Z    compatible = "nordic,nrf-temp";
2025-12-17T17:31:56.6102054Z    reg = <0x4000c000 0x1000>;
2025-12-17T17:31:56.6102259Z    interrupts = <12 1>;
2025-12-17T17:31:56.6102447Z    status = "okay";
2025-12-17T17:31:56.6102610Z   };
2025-12-17T17:31:56.6102700Z 
2025-12-17T17:31:56.6102774Z   rng: random@4000d000 {
2025-12-17T17:31:56.6102981Z    compatible = "nordic,nrf-rng";
2025-12-17T17:31:56.6103205Z    reg = <0x4000d000 0x1000>;
2025-12-17T17:31:56.6103402Z    interrupts = <13 1>;
2025-12-17T17:31:56.6103700Z    status = "okay";
2025-12-17T17:31:56.6103874Z   };
2025-12-17T17:31:56.6103956Z 
2025-12-17T17:31:56.6104024Z   ecb: ecb@4000e000 {
2025-12-17T17:31:56.6104221Z    compatible = "nordic,nrf-ecb";
2025-12-17T17:31:56.6104505Z    reg = <0x4000e000 0x1000>;
2025-12-17T17:31:56.6104772Z    interrupts = <14 1>;
2025-12-17T17:31:56.6105089Z    status = "okay";
2025-12-17T17:31:56.6105410Z   };
2025-12-17T17:31:56.6105576Z 
2025-12-17T17:31:56.6105676Z   ccm: ccm@4000f000 {
2025-12-17T17:31:56.6105964Z    compatible = "nordic,nrf-ccm";
2025-12-17T17:31:56.6106278Z    reg = <0x4000f000 0x1000>;
2025-12-17T17:31:56.6106626Z    interrupts = <15 1>;
2025-12-17T17:31:56.6106934Z    length-field-length-8-bits;
2025-12-17T17:31:56.6107238Z    status = "okay";
2025-12-17T17:31:56.6107517Z   };
2025-12-17T17:31:56.6107631Z 
2025-12-17T17:31:56.6107777Z   wdt: wdt0: watchdog@40010000 {
2025-12-17T17:31:56.6108087Z    compatible = "nordic,nrf-wdt";
2025-12-17T17:31:56.6120372Z    reg = <0x40010000 0x1000>;
2025-12-17T17:31:56.6120645Z    interrupts = <16 1>;
2025-12-17T17:31:56.6120848Z    status = "okay";
2025-12-17T17:31:56.6121035Z   };
2025-12-17T17:31:56.6121126Z 
2025-12-17T17:31:56.6121201Z   rtc1: rtc@40011000 {
2025-12-17T17:31:56.6121410Z    compatible = "nordic,nrf-rtc";
2025-12-17T17:31:56.6121643Z    reg = <0x40011000 0x1000>;
2025-12-17T17:31:56.6121849Z    cc-num = <4>;
2025-12-17T17:31:56.6122023Z    interrupts = <17 1>;
2025-12-17T17:31:56.6122212Z    status = "disabled";
2025-12-17T17:31:56.6122403Z    clock-frequency = <32768>;
2025-12-17T17:31:56.6122605Z    prescaler = <1>;
2025-12-17T17:31:56.6122779Z   };
2025-12-17T17:31:56.6122868Z 
2025-12-17T17:31:56.6122951Z   qdec: qdec0: qdec@40012000 {
2025-12-17T17:31:56.6123220Z    compatible = "nordic,nrf-qdec";
2025-12-17T17:31:56.6123443Z    reg = <0x40012000 0x1000>;
2025-12-17T17:31:56.6123645Z    interrupts = <18 1>;
2025-12-17T17:31:56.6123833Z    status = "disabled";
2025-12-17T17:31:56.6123999Z   };
2025-12-17T17:31:56.6124102Z 
2025-12-17T17:31:56.6124182Z   comp: comparator@40013000 {
2025-12-17T17:31:56.6124319Z 
2025-12-17T17:31:56.6124408Z    compatible = "nordic,nrf-comp";
2025-12-17T17:31:56.6124620Z    reg = <0x40013000 0x1000>;
2025-12-17T17:31:56.6124817Z    interrupts = <19 1>;
2025-12-17T17:31:56.6125003Z    status = "disabled";
2025-12-17T17:31:56.6125188Z    #io-channel-cells = <1>;
2025-12-17T17:31:56.6125384Z   };
2025-12-17T17:31:56.6125470Z 
2025-12-17T17:31:56.6125543Z   egu0: swi0: egu@40014000 {
2025-12-17T17:31:56.6125788Z    compatible = "nordic,nrf-egu", "nordic,nrf-swi";
2025-12-17T17:31:56.6126054Z    reg = <0x40014000 0x1000>;
2025-12-17T17:31:56.6126253Z    interrupts = <20 1>;
2025-12-17T17:31:56.6126642Z    status = "okay";
2025-12-17T17:31:56.6126803Z   };
2025-12-17T17:31:56.6126889Z 
2025-12-17T17:31:56.6126961Z   egu1: swi1: egu@40015000 {
2025-12-17T17:31:56.6127199Z    compatible = "nordic,nrf-egu", "nordic,nrf-swi";
2025-12-17T17:31:56.6127452Z    reg = <0x40015000 0x1000>;
2025-12-17T17:31:56.6127654Z    interrupts = <21 1>;
2025-12-17T17:31:56.6127834Z    status = "okay";
2025-12-17T17:31:56.6127989Z   };
2025-12-17T17:31:56.6128074Z 
2025-12-17T17:31:56.6128145Z   egu2: swi2: egu@40016000 {
2025-12-17T17:31:56.6128378Z    compatible = "nordic,nrf-egu", "nordic,nrf-swi";
2025-12-17T17:31:56.6128628Z    reg = <0x40016000 0x1000>;
2025-12-17T17:31:56.6128819Z    interrupts = <22 1>;
2025-12-17T17:31:56.6128996Z    status = "okay";
2025-12-17T17:31:56.6129155Z   };
2025-12-17T17:31:56.6129234Z 
2025-12-17T17:31:56.6129305Z   egu3: swi3: egu@40017000 {
2025-12-17T17:31:56.6129536Z    compatible = "nordic,nrf-egu", "nordic,nrf-swi";
2025-12-17T17:31:56.6130019Z    reg = <0x40017000 0x1000>;
2025-12-17T17:31:56.6130224Z    interrupts = <23 1>;
2025-12-17T17:31:56.6130416Z    status = "okay";
2025-12-17T17:31:56.6130576Z   };
2025-12-17T17:31:56.6130656Z 
2025-12-17T17:31:56.6130726Z   egu4: swi4: egu@40018000 {
2025-12-17T17:31:56.6130956Z    compatible = "nordic,nrf-egu", "nordic,nrf-swi";
2025-12-17T17:31:56.6131362Z    reg = <0x40018000 0x1000>;
2025-12-17T17:31:56.6131568Z    interrupts = <24 1>;
2025-12-17T17:31:56.6131752Z    status = "okay";
2025-12-17T17:31:56.6131922Z   };
2025-12-17T17:31:56.6132001Z 
2025-12-17T17:31:56.6132077Z   egu5: swi5: egu@40019000 {
2025-12-17T17:31:56.6132311Z    compatible = "nordic,nrf-egu", "nordic,nrf-swi";
2025-12-17T17:31:56.6132571Z    reg = <0x40019000 0x1000>;
2025-12-17T17:31:56.6132768Z    interrupts = <25 1>;
2025-12-17T17:31:56.6132945Z    status = "okay";
2025-12-17T17:31:56.6133106Z   };
2025-12-17T17:31:56.6133186Z 
2025-12-17T17:31:56.6133264Z   timer3: timer@4001a000 {
2025-12-17T17:31:56.6133472Z    compatible = "nordic,nrf-timer";
2025-12-17T17:31:56.6133706Z    status = "disabled";
2025-12-17T17:31:56.6133892Z    reg = <0x4001a000 0x1000>;
2025-12-17T17:31:56.6134083Z    cc-num = <6>;
2025-12-17T17:31:56.6134266Z    max-bit-width = <32>;
2025-12-17T17:31:56.6134466Z    interrupts = <26 1>;
2025-12-17T17:31:56.6134650Z    prescaler = <0>;
2025-12-17T17:31:56.6134825Z   };
2025-12-17T17:31:56.6134906Z 
2025-12-17T17:31:56.6134986Z   timer4: timer@4001b000 {
2025-12-17T17:31:56.6135200Z    compatible = "nordic,nrf-timer";
2025-12-17T17:31:56.6135422Z    status = "disabled";
2025-12-17T17:31:56.6135609Z    reg = <0x4001b000 0x1000>;
2025-12-17T17:31:56.6135802Z    cc-num = <6>;
2025-12-17T17:31:56.6135976Z    max-bit-width = <32>;
2025-12-17T17:31:56.6136171Z    interrupts = <27 1>;
2025-12-17T17:31:56.6136351Z    prescaler = <0>;
2025-12-17T17:31:56.6136512Z   };
2025-12-17T17:31:56.6136602Z 
2025-12-17T17:31:56.6136673Z   pwm0: pwm@4001c000 {
2025-12-17T17:31:56.6136875Z    compatible = "nordic,nrf-pwm";
2025-12-17T17:31:56.6137098Z    reg = <0x4001c000 0x1000>;
2025-12-17T17:31:56.6137301Z    interrupts = <28 1>;
2025-12-17T17:31:56.6137488Z    status = "disabled";
2025-12-17T17:31:56.6137662Z    #pwm-cells = <3>;
2025-12-17T17:31:56.6137836Z   };
2025-12-17T17:31:56.6137916Z 
2025-12-17T17:31:56.6137995Z   pdm0: pdm@4001d000 {
2025-12-17T17:31:56.6138193Z    compatible = "nordic,nrf-pdm";
2025-12-17T17:31:56.6138410Z    reg = <0x4001d000 0x1000>;
2025-12-17T17:31:56.6138608Z    interrupts = <29 1>;
2025-12-17T17:31:56.6138789Z    status = "disabled";
2025-12-17T17:31:56.6138954Z   };
2025-12-17T17:31:56.6139041Z 
2025-12-17T17:31:56.6139112Z   acl: acl@4001e000 {
2025-12-17T17:31:56.6139310Z    compatible = "nordic,nrf-acl";
2025-12-17T17:31:56.6139523Z    reg = <0x4001e000 0x1000>;
2025-12-17T17:31:56.6139953Z    status = "okay";
2025-12-17T17:31:56.6140159Z   };
2025-12-17T17:31:56.6140245Z 
2025-12-17T17:31:56.6140354Z   flash_controller: flash-controller@4001e000 {
2025-12-17T17:31:56.6140659Z    compatible = "nordic,nrf52-flash-controller";
2025-12-17T17:31:56.6141057Z    reg = <0x4001e000 0x1000>;
2025-12-17T17:31:56.6141259Z    partial-erase;
2025-12-17T17:31:56.6141374Z 
2025-12-17T17:31:56.6141450Z    #address-cells = <1>;
2025-12-17T17:31:56.6141645Z    #size-cells = <1>;
2025-12-17T17:31:56.6141760Z 
2025-12-17T17:31:56.6141837Z    flash0: flash@0 {
2025-12-17T17:31:56.6142031Z     compatible = "soc-nv-flash";
2025-12-17T17:31:56.6142261Z     erase-block-size = <4096>;
2025-12-17T17:31:56.6142478Z     write-block-size = <4>;
2025-12-17T17:31:56.6142667Z    };
2025-12-17T17:31:56.6142813Z   };
2025-12-17T17:31:56.6142893Z 
2025-12-17T17:31:56.6142974Z   ppi: ppi@4001f000 {
2025-12-17T17:31:56.6143169Z    compatible = "nordic,nrf-ppi";
2025-12-17T17:31:56.6143398Z    reg = <0x4001f000 0x1000>;
2025-12-17T17:31:56.6143611Z    status = "okay";
2025-12-17T17:31:56.6143775Z   };
2025-12-17T17:31:56.6143862Z 
2025-12-17T17:31:56.6143928Z   mwu: mwu@40020000 {
2025-12-17T17:31:56.6144127Z    compatible = "nordic,nrf-mwu";
2025-12-17T17:31:56.6144346Z    reg = <0x40020000 0x1000>;
2025-12-17T17:31:56.6144539Z    status = "okay";
2025-12-17T17:31:56.6144701Z   };
2025-12-17T17:31:56.6144780Z 
2025-12-17T17:31:56.6144857Z   pwm1: pwm@40021000 {
2025-12-17T17:31:56.6145048Z    compatible = "nordic,nrf-pwm";
2025-12-17T17:31:56.6145265Z    reg = <0x40021000 0x1000>;
2025-12-17T17:31:56.6145572Z    interrupts = <33 1>;
2025-12-17T17:31:56.6145771Z    status = "disabled";
2025-12-17T17:31:56.6145960Z    #pwm-cells = <3>;
2025-12-17T17:31:56.6146134Z   };
2025-12-17T17:31:56.6146215Z 
2025-12-17T17:31:56.6146287Z   pwm2: pwm@40022000 {
2025-12-17T17:31:56.6146485Z    compatible = "nordic,nrf-pwm";
2025-12-17T17:31:56.6146706Z    reg = <0x40022000 0x1000>;
2025-12-17T17:31:56.6146901Z    interrupts = <34 1>;
2025-12-17T17:31:56.6147094Z    status = "disabled";
2025-12-17T17:31:56.6147278Z    #pwm-cells = <3>;
2025-12-17T17:31:56.6147442Z   };
2025-12-17T17:31:56.6147528Z 
2025-12-17T17:31:56.6147595Z   spi2: spi@40023000 {
2025-12-17T17:31:56.6147709Z 
2025-12-17T17:31:56.6147801Z    compatible = "nordic,nrf-spim";
2025-12-17T17:31:56.6148033Z    #address-cells = <1>;
2025-12-17T17:31:56.6148218Z    #size-cells = <0>;
2025-12-17T17:31:56.6148402Z    reg = <0x40023000 0x1000>;
2025-12-17T17:31:56.6148598Z    interrupts = <35 1>;
2025-12-17T17:31:56.6148793Z    max-frequency = <((8) * 1000 * 1000)>;
2025-12-17T17:31:56.6149041Z    easydma-maxcnt-bits = <16>;
2025-12-17T17:31:56.6149253Z    status = "disabled";
2025-12-17T17:31:56.6149425Z   };
2025-12-17T17:31:56.6149511Z 
2025-12-17T17:31:56.6149577Z   rtc2: rtc@40024000 {
2025-12-17T17:31:56.6149993Z    compatible = "nordic,nrf-rtc";
2025-12-17T17:31:56.6150213Z    reg = <0x40024000 0x1000>;
2025-12-17T17:31:56.6150410Z    cc-num = <4>;
2025-12-17T17:31:56.6150586Z    interrupts = <36 1>;
2025-12-17T17:31:56.6150765Z    status = "disabled";
2025-12-17T17:31:56.6150957Z    clock-frequency = <32768>;
2025-12-17T17:31:56.6151161Z    prescaler = <1>;
2025-12-17T17:31:56.6151326Z   };
2025-12-17T17:31:56.6151415Z 
2025-12-17T17:31:56.6151482Z   i2s0: i2s@40025000 {
2025-12-17T17:31:56.6151671Z    compatible = "nordic,nrf-i2s";
2025-12-17T17:31:56.6151889Z    #address-cells = <1>;
2025-12-17T17:31:56.6152076Z    #size-cells = <0>;
2025-12-17T17:31:56.6152257Z    reg = <0x40025000 0x1000>;
2025-12-17T17:31:56.6152459Z    interrupts = <37 1>;
2025-12-17T17:31:56.6152650Z    status = "disabled";
2025-12-17T17:31:56.6152816Z   };
2025-12-17T17:31:56.6152904Z 
2025-12-17T17:31:56.6152973Z   usbd: usbd@40027000 {
2025-12-17T17:31:56.6153168Z    compatible = "nordic,nrf-usbd";
2025-12-17T17:31:56.6153389Z    reg = <0x40027000 0x1000>;
2025-12-17T17:31:56.6153590Z    interrupts = <39 1>;
2025-12-17T17:31:56.6153784Z    num-bidir-endpoints = <1>;
2025-12-17T17:31:56.6153992Z    num-in-endpoints = <7>;
2025-12-17T17:31:56.6154202Z    num-out-endpoints = <7>;
2025-12-17T17:31:56.6154421Z    num-isoin-endpoints = <1>;
2025-12-17T17:31:56.6154650Z    num-isoout-endpoints = <1>;
2025-12-17T17:31:56.6154984Z    status = "disabled";
2025-12-17T17:31:56.6155161Z   };
2025-12-17T17:31:56.6155245Z 
2025-12-17T17:31:56.6155318Z   uart1: uart@40028000 {
2025-12-17T17:31:56.6155521Z    compatible = "nordic,nrf-uarte";
2025-12-17T17:31:56.6155752Z    reg = <0x40028000 0x1000>;
2025-12-17T17:31:56.6155952Z    interrupts = <40 1>;
2025-12-17T17:31:56.6156137Z    status = "disabled";
2025-12-17T17:31:56.6156312Z   };
2025-12-17T17:31:56.6156393Z 
2025-12-17T17:31:56.6156469Z   qspi: qspi@40029000 {
2025-12-17T17:31:56.6156660Z    compatible = "nordic,nrf-qspi";
2025-12-17T17:31:56.6156888Z    #address-cells = <1>;
2025-12-17T17:31:56.6157080Z    #size-cells = <0>;
2025-12-17T17:31:56.6157286Z    reg = <0x40029000 0x1000>, <0x12000000 0x8000000>;
2025-12-17T17:31:56.6157555Z    reg-names = "qspi", "qspi_mm";
2025-12-17T17:31:56.6157777Z    interrupts = <41 1>;
2025-12-17T17:31:56.6157965Z    status = "disabled";
2025-12-17T17:31:56.6158131Z   };
2025-12-17T17:31:56.6158216Z 
2025-12-17T17:31:56.6158288Z   pwm3: pwm@4002d000 {
2025-12-17T17:31:56.6158493Z    compatible = "nordic,nrf-pwm";
2025-12-17T17:31:56.6158708Z    reg = <0x4002d000 0x1000>;
2025-12-17T17:31:56.6158908Z    interrupts = <45 1>;
2025-12-17T17:31:56.6159092Z    status = "disabled";
2025-12-17T17:31:56.6159268Z    #pwm-cells = <3>;
2025-12-17T17:31:56.6159446Z   };
2025-12-17T17:31:56.6159524Z 
2025-12-17T17:31:56.6159809Z   spi3: spi@4002f000 {
2025-12-17T17:31:56.6160020Z    compatible = "nordic,nrf-spim";
2025-12-17T17:31:56.6160250Z    #address-cells = <1>;
2025-12-17T17:31:56.6160441Z    #size-cells = <0>;
2025-12-17T17:31:56.6160617Z    reg = <0x4002f000 0x1000>;
2025-12-17T17:31:56.6160820Z    interrupts = <47 1>;
2025-12-17T17:31:56.6161019Z    max-frequency = <((32) * 1000 * 1000)>;
2025-12-17T17:31:56.6161271Z    easydma-maxcnt-bits = <16>;
2025-12-17T17:31:56.6161484Z    rx-delay-supported;
2025-12-17T17:31:56.6161671Z    rx-delay = <2>;
2025-12-17T17:31:56.6161848Z    status = "disabled";
2025-12-17T17:31:56.6162025Z   };
2025-12-17T17:31:56.6162115Z 
2025-12-17T17:31:56.6162187Z   gpio0: gpio@50000000 {
2025-12-17T17:31:56.6162388Z    compatible = "nordic,nrf-gpio";
2025-12-17T17:31:56.6162606Z    gpio-controller;
2025-12-17T17:31:56.6162788Z    reg = <0x50000000 0x200
2025-12-17T17:31:56.6162985Z           0x50000500 0x300>;
2025-12-17T17:31:56.6163179Z    #gpio-cells = <2>;
2025-12-17T17:31:56.6163370Z    status = "disabled";
2025-12-17T17:31:56.6163548Z    port = <0>;
2025-12-17T17:31:56.6163703Z   };
2025-12-17T17:31:56.6163788Z 
2025-12-17T17:31:56.6163858Z   gpio1: gpio@50000300 {
2025-12-17T17:31:56.6164064Z    compatible = "nordic,nrf-gpio";
2025-12-17T17:31:56.6164281Z    gpio-controller;
2025-12-17T17:31:56.6164460Z    reg = <0x50000300 0x200
2025-12-17T17:31:56.6164649Z           0x50000800 0x300>;
2025-12-17T17:31:56.6164842Z    #gpio-cells = <2>;
2025-12-17T17:31:56.6165018Z    ngpios = <16>;
2025-12-17T17:31:56.6165188Z    status = "disabled";
2025-12-17T17:31:56.6165367Z    port = <1>;
2025-12-17T17:31:56.6165521Z   };
2025-12-17T17:31:56.6165610Z 
2025-12-17T17:31:56.6165688Z   cryptocell: crypto@5002a000 {
2025-12-17T17:31:56.6165969Z    compatible = "nordic,cryptocell", "arm,cryptocell-310";
2025-12-17T17:31:56.6166272Z    reg = <0x5002a000 0x1000>, <0x5002b000 0x1000>;
2025-12-17T17:31:56.6166526Z    reg-names = "wrapper", "core";
2025-12-17T17:31:56.6166748Z    interrupts = <42 1>;
2025-12-17T17:31:56.6166934Z    status = "disabled";
2025-12-17T17:31:56.6167108Z   };
2025-12-17T17:31:56.6167251Z  };
2025-12-17T17:31:56.6167387Z };
2025-12-17T17:31:56.6167472Z 
2025-12-17T17:31:56.6167532Z &nvic {
2025-12-17T17:31:56.6167733Z  arm,num-irq-priority-bits = <3>;
2025-12-17T17:31:56.6167940Z };
2025-12-17T17:31:56.6168186Z # 9 "/tmp/zmk-config/zephyr/dts/arm/nordic/nrf52840_qiaa.dtsi" 2 3 4
2025-12-17T17:31:56.6168449Z 
2025-12-17T17:31:56.6168512Z &flash0 {
2025-12-17T17:31:56.6168677Z  reg = <0x00000000 ((1024) * 1024)>;
2025-12-17T17:31:56.6168881Z };
2025-12-17T17:31:56.6168963Z 
2025-12-17T17:31:56.6169023Z &sram0 {
2025-12-17T17:31:56.6169296Z  reg = <0x20000000 ((256) * 1024)>;
2025-12-17T17:31:56.6169496Z };
2025-12-17T17:31:56.6169578Z 
2025-12-17T17:31:56.6169635Z / {
2025-12-17T17:31:56.6169905Z  soc {
2025-12-17T17:31:56.6170142Z   compatible = "nordic,nrf52840-qiaa", "nordic,nrf52840",
2025-12-17T17:31:56.6170440Z         "nordic,nrf52", "simple-bus";
2025-12-17T17:31:56.6170655Z  };
2025-12-17T17:31:56.6170792Z };
2025-12-17T17:31:56.6171077Z # 10 "/tmp/zmk-config/eyelash_sofle/boards/arm/eyelash_sofle/eyelash_sofle.dtsi" 2
2025-12-17T17:31:56.6171541Z # 1 "/tmp/zmk-config/zephyr/include/zephyr/dt-bindings/led/led.h" 1 3 4
2025-12-17T17:31:56.6171993Z # 11 "/tmp/zmk-config/eyelash_sofle/boards/arm/eyelash_sofle/eyelash_sofle.dtsi" 2
2025-12-17T17:31:56.6172453Z # 1 "/tmp/zmk-config/zmk/app/include/dt-bindings/zmk/matrix_transform.h" 1 3 4
2025-12-17T17:31:56.6172917Z # 12 "/tmp/zmk-config/eyelash_sofle/boards/arm/eyelash_sofle/eyelash_sofle.dtsi" 2
2025-12-17T17:31:56.6173197Z 
2025-12-17T17:31:56.6173427Z # 1 "/tmp/zmk-config/eyelash_sofle/boards/arm/eyelash_sofle/eyelash_sofle-layouts.dtsi" 1
2025-12-17T17:31:56.6173874Z # 1 "/tmp/zmk-config/zmk/app/dts/physical_layouts.dtsi" 1 3 4
2025-12-17T17:31:56.6174101Z 
2025-12-17T17:31:56.6174160Z / {
2025-12-17T17:31:56.6174338Z     key_physical_attrs: key_physical_attrs {
2025-12-17T17:31:56.6174615Z         compatible = "zmk,key-physical-attrs";
2025-12-17T17:31:56.6174902Z 
2025-12-17T17:31:56.6174981Z         #key-cells = <7>;
2025-12-17T17:31:56.6175170Z     };
2025-12-17T17:31:56.6175313Z };
2025-12-17T17:31:56.6175614Z # 2 "/tmp/zmk-config/eyelash_sofle/boards/arm/eyelash_sofle/eyelash_sofle-layouts.dtsi" 2
2025-12-17T17:31:56.6175930Z 
2025-12-17T17:31:56.6175989Z / {
2025-12-17T17:31:56.6176171Z     eyelash_sofle_layout: eyelash_sofle_layout {
2025-12-17T17:31:56.6176444Z         compatible = "zmk,physical-layout";
2025-12-17T17:31:56.6176697Z         display-name = "Layout";
2025-12-17T17:31:56.6176927Z         transform = <&default_transform>;
2025-12-17T17:31:56.6177156Z         keys
2025-12-17T17:31:56.6177341Z             = <&key_physical_attrs 100 100 0 50 0 0 0>
2025-12-17T17:31:56.6177609Z             , <&key_physical_attrs 100 100 100 50 0 0 0>
2025-12-17T17:31:56.6177879Z             , <&key_physical_attrs 100 100 200 12 0 0 0>
2025-12-17T17:31:56.6178138Z             , <&key_physical_attrs 100 100 300 0 0 0 0>
2025-12-17T17:31:56.6178401Z             , <&key_physical_attrs 100 100 400 12 0 0 0>
2025-12-17T17:31:56.6178656Z             , <&key_physical_attrs 100 100 500 12 0 0 0>
2025-12-17T17:31:56.6178902Z             , <&key_physical_attrs 100 100 775 12 0 0 0>
2025-12-17T17:31:56.6179196Z             , <&key_physical_attrs 100 100 1050 12 0 0 0>
2025-12-17T17:31:56.6179467Z             , <&key_physical_attrs 100 100 1150 12 0 0 0>
2025-12-17T17:31:56.6179921Z             , <&key_physical_attrs 100 100 1250 0 0 0 0>
2025-12-17T17:31:56.6180185Z             , <&key_physical_attrs 100 100 1350 12 0 0 0>
2025-12-17T17:31:56.6180445Z             , <&key_physical_attrs 100 100 1450 50 0 0 0>
2025-12-17T17:31:56.6180706Z             , <&key_physical_attrs 100 100 1550 50 0 0 0>
2025-12-17T17:31:56.6180956Z             , <&key_physical_attrs 100 100 0 150 0 0 0>
2025-12-17T17:31:56.6181213Z             , <&key_physical_attrs 100 100 100 150 0 0 0>
2025-12-17T17:31:56.6181466Z             , <&key_physical_attrs 100 100 200 112 0 0 0>
2025-12-17T17:31:56.6181718Z             , <&key_physical_attrs 100 100 300 100 0 0 0>
2025-12-17T17:31:56.6181973Z             , <&key_physical_attrs 100 100 400 112 0 0 0>
2025-12-17T17:31:56.6182224Z             , <&key_physical_attrs 100 100 500 112 0 0 0>
2025-12-17T17:31:56.6182479Z             , <&key_physical_attrs 100 100 775 212 0 0 0>
2025-12-17T17:31:56.6182732Z             , <&key_physical_attrs 100 100 1050 112 0 0 0>
2025-12-17T17:31:56.6182994Z             , <&key_physical_attrs 100 100 1150 112 0 0 0>
2025-12-17T17:31:56.6183252Z             , <&key_physical_attrs 100 100 1250 100 0 0 0>
2025-12-17T17:31:56.6183501Z             , <&key_physical_attrs 100 100 1350 112 0 0 0>
2025-12-17T17:31:56.6183881Z             , <&key_physical_attrs 100 100 1450 150 0 0 0>
2025-12-17T17:31:56.6184140Z             , <&key_physical_attrs 100 100 1550 150 0 0 0>
2025-12-17T17:31:56.6184395Z             , <&key_physical_attrs 100 100 0 250 0 0 0>
2025-12-17T17:31:56.6184646Z             , <&key_physical_attrs 100 100 100 250 0 0 0>
2025-12-17T17:31:56.6184900Z             , <&key_physical_attrs 100 100 200 212 0 0 0>
2025-12-17T17:31:56.6185157Z             , <&key_physical_attrs 100 100 300 200 0 0 0>
2025-12-17T17:31:56.6185406Z             , <&key_physical_attrs 100 100 400 212 0 0 0>
2025-12-17T17:31:56.6185659Z             , <&key_physical_attrs 100 100 500 212 0 0 0>
2025-12-17T17:31:56.6185912Z             , <&key_physical_attrs 100 100 675 112 0 0 0>
2025-12-17T17:31:56.6186158Z             , <&key_physical_attrs 100 100 1050 212 0 0 0>
2025-12-17T17:31:56.6186415Z             , <&key_physical_attrs 100 100 1150 212 0 0 0>
2025-12-17T17:31:56.6186672Z             , <&key_physical_attrs 100 100 1250 200 0 0 0>
2025-12-17T17:31:56.6186924Z             , <&key_physical_attrs 100 100 1350 212 0 0 0>
2025-12-17T17:31:56.6187172Z             , <&key_physical_attrs 100 100 1450 250 0 0 0>
2025-12-17T17:31:56.6187427Z             , <&key_physical_attrs 100 100 1550 250 0 0 0>
2025-12-17T17:31:56.6187781Z             , <&key_physical_attrs 100 100 0 350 0 0 0>
2025-12-17T17:31:56.6188035Z             , <&key_physical_attrs 100 100 100 350 0 0 0>
2025-12-17T17:31:56.6188286Z             , <&key_physical_attrs 100 100 200 312 0 0 0>
2025-12-17T17:31:56.6188539Z             , <&key_physical_attrs 100 100 300 300 0 0 0>
2025-12-17T17:31:56.6188794Z             , <&key_physical_attrs 100 100 400 312 0 0 0>
2025-12-17T17:31:56.6189039Z             , <&key_physical_attrs 100 100 500 312 0 0 0>
2025-12-17T17:31:56.6189289Z             , <&key_physical_attrs 100 100 875 112 0 0 0>
2025-12-17T17:31:56.6189542Z             , <&key_physical_attrs 100 100 1050 312 0 0 0>
2025-12-17T17:31:56.6189994Z             , <&key_physical_attrs 100 100 1150 312 0 0 0>
2025-12-17T17:31:56.6190254Z             , <&key_physical_attrs 100 100 1250 300 0 0 0>
2025-12-17T17:31:56.6190509Z             , <&key_physical_attrs 100 100 1350 312 0 0 0>
2025-12-17T17:31:56.6190759Z             , <&key_physical_attrs 100 100 1450 350 0 0 0>
2025-12-17T17:31:56.6191016Z             , <&key_physical_attrs 100 100 1550 350 0 0 0>
2025-12-17T17:31:56.6191271Z             , <&key_physical_attrs 100 100 650 338 0 0 0>
2025-12-17T17:31:56.6191522Z             , <&key_physical_attrs 100 100 200 412 0 0 0>
2025-12-17T17:31:56.6191772Z             , <&key_physical_attrs 100 100 300 400 0 0 0>
2025-12-17T17:31:56.6192034Z             , <&key_physical_attrs 100 100 400 412 0 0 0>
2025-12-17T17:31:56.6192304Z             , <&key_physical_attrs 100 100 550 412 3000 500 412>
2025-12-17T17:31:56.6192585Z             , <&key_physical_attrs 100 100 675 362 3000 500 412>
2025-12-17T17:31:56.6192853Z             , <&key_physical_attrs 100 100 775 112 0 0 0>
2025-12-17T17:31:56.6193149Z             , <&key_physical_attrs 100 100 875 362 (-3000) 1150 412>
2025-12-17T17:31:56.6193453Z             , <&key_physical_attrs 100 100 1000 412 (-3000) 1150 412>
2025-12-17T17:31:56.6193731Z             , <&key_physical_attrs 100 100 1150 412 0 0 0>
2025-12-17T17:31:56.6193993Z             , <&key_physical_attrs 100 100 1250 400 0 0 0>
2025-12-17T17:31:56.6194249Z             , <&key_physical_attrs 100 100 1350 412 0 0 0>
2025-12-17T17:31:56.6194478Z             ;
2025-12-17T17:31:56.6194637Z     };
2025-12-17T17:31:56.6194783Z };
2025-12-17T17:31:56.6195068Z # 14 "/tmp/zmk-config/eyelash_sofle/boards/arm/eyelash_sofle/eyelash_sofle.dtsi" 2
2025-12-17T17:31:56.6195364Z 
2025-12-17T17:31:56.6195425Z / {
2025-12-17T17:31:56.6195590Z     model = "eyelash_sofle";
2025-12-17T17:31:56.6195847Z     compatible = "eyelashperipherals,eyelash_sofle";
2025-12-17T17:31:56.6196057Z 
2025-12-17T17:31:56.6196120Z     chosen {
2025-12-17T17:31:56.6196330Z         zephyr,code-partition = &code_partition;
2025-12-17T17:31:56.6196714Z         zephyr,sram = &sram0;
2025-12-17T17:31:56.6196926Z         zephyr,flash = &flash0;
2025-12-17T17:31:56.6197141Z         zmk,kscan = &kscan0;
2025-12-17T17:31:56.6197348Z         zmk,battery = &vbatt;
2025-12-17T17:31:56.6197557Z         zmk,underglow = &led_strip;
2025-12-17T17:31:56.6197823Z         zmk,physical-layout = &eyelash_sofle_layout;
2025-12-17T17:31:56.6198109Z         zmk,backlight = &backlight;
2025-12-17T17:31:56.6198327Z     };
2025-12-17T17:31:56.6198426Z 
2025-12-17T17:31:56.6198508Z  left_encoder: encoder_left {
2025-12-17T17:31:56.6198731Z   compatible = "alps,ec11";
2025-12-17T17:31:56.6198939Z   label = "LEFT_ENCODER";
2025-12-17T17:31:56.6199134Z   resolution = <4>;
2025-12-17T17:31:56.6199311Z         steps = <40>;
2025-12-17T17:31:56.6199523Z         a-gpios = <&gpio1 10 ((0 << 0) | (1 << 4))>;
2025-12-17T17:31:56.6199887Z      b-gpios = <&gpio1 14 ((0 << 0) | (1 << 4))>;
2025-12-17T17:31:56.6200137Z   status = "disabled";
2025-12-17T17:31:56.6200313Z  };
2025-12-17T17:31:56.6200396Z 
2025-12-17T17:31:56.6200461Z     sensors {
2025-12-17T17:31:56.6200647Z   compatible = "zmk,keymap-sensors";
2025-12-17T17:31:56.6200886Z   sensors = <&left_encoder>;
2025-12-17T17:31:56.6201076Z  };
2025-12-17T17:31:56.6201162Z 
2025-12-17T17:31:56.6201228Z     kscan0: kscan {
2025-12-17T17:31:56.6201537Z         compatible = "zmk,kscan-gpio-matrix";
2025-12-17T17:31:56.6201789Z         wakeup-source;
2025-12-17T17:31:56.6201987Z         diode-direction = "col2row";
2025-12-17T17:31:56.6202208Z         row-gpios
2025-12-17T17:31:56.6202387Z             = <&gpio0 19 ((0 << 0) | (1 << 5))>
2025-12-17T17:31:56.6202629Z             , <&gpio0 8 ((0 << 0) | (1 << 5))>
2025-12-17T17:31:56.6202867Z             , <&gpio0 12 ((0 << 0) | (1 << 5))>
2025-12-17T17:31:56.6203099Z             , <&gpio0 11 ((0 << 0) | (1 << 5))>
2025-12-17T17:31:56.6203329Z             , <&gpio1 9 ((0 << 0) | (1 << 5))>
2025-12-17T17:31:56.6203547Z             ;
2025-12-17T17:31:56.6203712Z     };
2025-12-17T17:31:56.6203799Z 
2025-12-17T17:31:56.6203892Z     default_transform: keymap_transform_0 {
2025-12-17T17:31:56.6204163Z         compatible = "zmk,matrix-transform";
2025-12-17T17:31:56.6204408Z         columns = <14>;
2025-12-17T17:31:56.6204587Z         rows = <5>;
2025-12-17T17:31:56.6204760Z         map = <
2025-12-17T17:31:56.6205050Z             (((0) << 8) + (0)) (((0) << 8) + (1)) (((0) << 8) + (2)) (((0) << 8) + (3)) (((0) << 8) + (4)) (((0) << 8) + (5)) (((0) << 8) + (7)) (((0) << 8) + (8)) (((0) << 8) + (9)) (((0) << 8) + (10)) (((0) << 8) + (11)) (((0) << 8) + (12)) (((0) << 8) + (13))
2025-12-17T17:31:56.6205521Z             (((1) << 8) + (0)) (((1) << 8) + (1)) (((1) << 8) + (2)) (((1) << 8) + (3)) (((1) << 8) + (4)) (((1) << 8) + (5)) (((1) << 8) + (7)) (((1) << 8) + (8)) (((1) << 8) + (9)) (((1) << 8) + (10)) (((1) << 8) + (11)) (((1) << 8) + (12)) (((1) << 8) + (13))
2025-12-17T17:31:56.6205948Z             (((2) << 8) + (0)) (((2) << 8) + (1)) (((2) << 8) + (2)) (((2) << 8) + (3)) (((2) << 8) + (4)) (((2) << 8) + (5)) (((2) << 8) + (7)) (((2) << 8) + (8)) (((2) << 8) + (9)) (((2) << 8) + (10)) (((2) << 8) + (11)) (((2) << 8) + (12)) (((2) << 8) + (13))
2025-12-17T17:31:56.6206375Z             (((3) << 8) + (0)) (((3) << 8) + (1)) (((3) << 8) + (2)) (((3) << 8) + (3)) (((3) << 8) + (4)) (((3) << 8) + (5)) (((3) << 8) + (7)) (((3) << 8) + (8)) (((3) << 8) + (9)) (((3) << 8) + (10)) (((3) << 8) + (11)) (((3) << 8) + (12)) (((3) << 8) + (13))
2025-12-17T17:31:56.6206794Z             (((4) << 8) + (0)) (((4) << 8) + (1)) (((4) << 8) + (2)) (((4) << 8) + (3)) (((4) << 8) + (4)) (((4) << 8) + (5)) (((4) << 8) + (7)) (((4) << 8) + (8)) (((4) << 8) + (9)) (((4) << 8) + (10)) (((4) << 8) + (11)) (((4) << 8) + (12))
2025-12-17T17:31:56.6207107Z         >;
2025-12-17T17:31:56.6207260Z     };
2025-12-17T17:31:56.6207346Z 
2025-12-17T17:31:56.6207413Z     ext-power {
2025-12-17T17:31:56.6207615Z         compatible = "zmk,ext-power-generic";
2025-12-17T17:31:56.6207975Z         label = "EXT_POWER";
2025-12-17T17:31:56.6208192Z         control-gpios = <&gpio0 13 (0 << 0)>;
2025-12-17T17:31:56.6208442Z          init-delay-ms = <50>;
2025-12-17T17:31:56.6208643Z     };
2025-12-17T17:31:56.6208724Z 
2025-12-17T17:31:56.6208794Z     vbatt: vbatt {
2025-12-17T17:31:56.6208989Z         compatible = "zmk,battery-nrf-vddh";
2025-12-17T17:31:56.6209241Z        init-delay-ms = <50>;
2025-12-17T17:31:56.6209440Z     };
2025-12-17T17:31:56.6209523Z 
2025-12-17T17:31:56.6209601Z     backlight: pwmleds {
2025-12-17T17:31:56.6209914Z         compatible = "pwm-leds";
2025-12-17T17:31:56.6210130Z         pwm_led_0 {
2025-12-17T17:31:56.6210349Z             pwms = <&pwm0 0 (((1) * 1000UL) * 1000UL) (0 << 0)>;
2025-12-17T17:31:56.6210608Z         };
2025-12-17T17:31:56.6210761Z     };
2025-12-17T17:31:56.6210896Z };
2025-12-17T17:31:56.6210980Z 
2025-12-17T17:31:56.6211041Z &adc {
2025-12-17T17:31:56.6211193Z     status = "okay";
2025-12-17T17:31:56.6211363Z };
2025-12-17T17:31:56.6211450Z 
2025-12-17T17:31:56.6211512Z &gpiote {
2025-12-17T17:31:56.6211662Z     status = "okay";
2025-12-17T17:31:56.6211837Z };
2025-12-17T17:31:56.6211915Z 
2025-12-17T17:31:56.6211978Z &gpio0 {
2025-12-17T17:31:56.6212130Z     status = "okay";
2025-12-17T17:31:56.6212295Z };
2025-12-17T17:31:56.6212371Z 
2025-12-17T17:31:56.6212428Z &gpio1 {
2025-12-17T17:31:56.6212684Z     status = "okay";
2025-12-17T17:31:56.6212854Z };
2025-12-17T17:31:56.6212930Z 
2025-12-17T17:31:56.6212989Z &usbd {
2025-12-17T17:31:56.6213136Z     status = "okay";
2025-12-17T17:31:56.6213312Z     cdc_acm_uart: cdc_acm_uart {
2025-12-17T17:31:56.6213539Z         compatible = "zephyr,cdc-acm-uart";
2025-12-17T17:31:56.6213767Z     };
2025-12-17T17:31:56.6213906Z };
2025-12-17T17:31:56.6213981Z 
2025-12-17T17:31:56.6214042Z &flash0 {
2025-12-17T17:31:56.6214134Z 
2025-12-17T17:31:56.6214201Z     partitions {
2025-12-17T17:31:56.6214392Z         compatible = "fixed-partitions";
2025-12-17T17:31:56.6214633Z         #address-cells = <1>;
2025-12-17T17:31:56.6214841Z         #size-cells = <1>;
2025-12-17T17:31:56.6214973Z 
2025-12-17T17:31:56.6215052Z         sd_partition: partition@0 {
2025-12-17T17:31:56.6215277Z             reg = <0x00000000 0x00026000>;
2025-12-17T17:31:56.6215491Z         };
2025-12-17T17:31:56.6215661Z         code_partition: partition@26000 {
2025-12-17T17:31:56.6215897Z             reg = <0x00026000 0x000c6000>;
2025-12-17T17:31:56.6216101Z         };
2025-12-17T17:31:56.6216382Z # 140 "/tmp/zmk-config/eyelash_sofle/boards/arm/eyelash_sofle/eyelash_sofle.dtsi"
2025-12-17T17:31:56.6216758Z         storage_partition: partition@ec000 {
2025-12-17T17:31:56.6216997Z             reg = <0x000ec000 0x00008000>;
2025-12-17T17:31:56.6217214Z         };
2025-12-17T17:31:56.6217307Z 
2025-12-17T17:31:56.6217392Z         boot_partition: partition@f4000 {
2025-12-17T17:31:56.6217630Z             reg = <0x000f4000 0x0000c000>;
2025-12-17T17:31:56.6217839Z         };
2025-12-17T17:31:56.6217987Z     };
2025-12-17T17:31:56.6218133Z };
2025-12-17T17:31:56.6218217Z 
2025-12-17T17:31:56.6218282Z &pinctrl {
2025-12-17T17:31:56.6218455Z     spi3_default: spi3_default {
2025-12-17T17:31:56.6218664Z         group1 {
2025-12-17T17:31:56.6218901Z             psels = <((((((1) * 32U) + (12)) & 0x7FU) << 0U) | ((5U & 0xFFFFU) << 16U))>;
2025-12-17T17:31:56.6219193Z         };
2025-12-17T17:31:56.6219349Z     };
2025-12-17T17:31:56.6219435Z 
2025-12-17T17:31:56.6219512Z     spi3_sleep: spi3_sleep {
2025-12-17T17:31:56.6219904Z         group1 {
2025-12-17T17:31:56.6220142Z             psels = <((((((1) * 32U) + (12)) & 0x7FU) << 0U) | ((5U & 0xFFFFU) << 16U))>;
2025-12-17T17:31:56.6220444Z             low-power-enable;
2025-12-17T17:31:56.6220642Z         };
2025-12-17T17:31:56.6220796Z     };
2025-12-17T17:31:56.6220881Z 
2025-12-17T17:31:56.6220967Z     spi0_default: spi0_default {
2025-12-17T17:31:56.6221167Z         group1 {
2025-12-17T17:31:56.6221406Z             psels = <((((((0) * 32U) + (20)) & 0x7FU) << 0U) | ((4U & 0xFFFFU) << 16U))>,
2025-12-17T17:31:56.6221868Z                 <((((((0) * 32U) + (17)) & 0x7FU) << 0U) | ((5U & 0xFFFFU) << 16U))>,
2025-12-17T17:31:56.6222178Z                 <((((((0) * 32U) + (25)) & 0x7FU) << 0U) | ((6U & 0xFFFFU) << 16U))>;
2025-12-17T17:31:56.6222435Z         };
2025-12-17T17:31:56.6222583Z     };
2025-12-17T17:31:56.6222663Z 
2025-12-17T17:31:56.6222749Z     spi0_sleep: spi0_sleep {
2025-12-17T17:31:56.6222951Z         group1 {
2025-12-17T17:31:56.6223180Z             psels = <((((((0) * 32U) + (20)) & 0x7FU) << 0U) | ((4U & 0xFFFFU) << 16U))>,
2025-12-17T17:31:56.6223508Z                 <((((((0) * 32U) + (17)) & 0x7FU) << 0U) | ((5U & 0xFFFFU) << 16U))>,
2025-12-17T17:31:56.6223807Z                 <((((((0) * 32U) + (25)) & 0x7FU) << 0U) | ((6U & 0xFFFFU) << 16U))>;
2025-12-17T17:31:56.6224085Z             low-power-enable;
2025-12-17T17:31:56.6224286Z         };
2025-12-17T17:31:56.6224435Z     };
2025-12-17T17:31:56.6224524Z 
2025-12-17T17:31:56.6224604Z     pwm0_default: pwm0_default {
2025-12-17T17:31:56.6224819Z         group1 {
2025-12-17T17:31:56.6225048Z             psels = <((((((1) * 32U) + (13)) & 0x7FU) << 0U) | ((22U & 0xFFFFU) << 16U))>;
2025-12-17T17:31:56.6225330Z         };
2025-12-17T17:31:56.6225480Z     };
2025-12-17T17:31:56.6225640Z     pwm0_sleep: pwm0_sleep {
2025-12-17T17:31:56.6225835Z         group1 {
2025-12-17T17:31:56.6226172Z             psels = <((((((1) * 32U) + (13)) & 0x7FU) << 0U) | ((22U & 0xFFFFU) << 16U))>;
2025-12-17T17:31:56.6226472Z             low-power-enable;
2025-12-17T17:31:56.6226667Z         };
2025-12-17T17:31:56.6226819Z     };
2025-12-17T17:31:56.6226965Z };
2025-12-17T17:31:56.6227047Z 
2025-12-17T17:31:56.6227112Z &spi3 {
2025-12-17T17:31:56.6227291Z     compatible = "nordic,nrf-spim";
2025-12-17T17:31:56.6227524Z     status = "okay";
2025-12-17T17:31:56.6227639Z 
2025-12-17T17:31:56.6227719Z     pinctrl-0 = <&spi3_default>;
2025-12-17T17:31:56.6227943Z     pinctrl-1 = <&spi3_sleep>;
2025-12-17T17:31:56.6228170Z     pinctrl-names = "default", "sleep";
2025-12-17T17:31:56.6228340Z 
2025-12-17T17:31:56.6228422Z     led_strip: ws2812@0 {
2025-12-17T17:31:56.6228641Z         compatible = "worldsemi,ws2812-spi";
2025-12-17T17:31:56.6228819Z 
2025-12-17T17:31:56.6228885Z         reg = <0>;
2025-12-17T17:31:56.6229079Z         spi-max-frequency = <4000000>;
2025-12-17T17:31:56.6229242Z 
2025-12-17T17:31:56.6229320Z         chain-length = <7>;
2025-12-17T17:31:56.6229534Z         spi-one-frame = <0x70>;
2025-12-17T17:31:56.6229862Z         spi-zero-frame = <0x40>;
2025-12-17T17:31:56.6230012Z 
2025-12-17T17:31:56.6230089Z         color-mapping = <2 1 3>;
2025-12-17T17:31:56.6230296Z     };
2025-12-17T17:31:56.6230442Z };
2025-12-17T17:31:56.6230523Z 
2025-12-17T17:31:56.6230592Z &pwm0 {
2025-12-17T17:31:56.6230744Z     status = "okay";
2025-12-17T17:31:56.6230937Z     pinctrl-0 = <&pwm0_default>;
2025-12-17T17:31:56.6231155Z     pinctrl-1 = <&pwm0_sleep>;
2025-12-17T17:31:56.6231373Z     pinctrl-names = "default", "sleep";
2025-12-17T17:31:56.6231592Z };
2025-12-17T17:31:56.6231678Z 
2025-12-17T17:31:56.6231754Z zephyr_udc0: &usbd {
2025-12-17T17:31:56.6231946Z     compatible = "nordic,nrf-usbd";
2025-12-17T17:31:56.6232167Z     status = "okay";
2025-12-17T17:31:56.6232336Z };
2025-12-17T17:31:56.6232415Z 
2025-12-17T17:31:56.6232487Z nice_view_spi: &spi0 {
2025-12-17T17:31:56.6232689Z     compatible = "nordic,nrf-spim";
2025-12-17T17:31:56.6232925Z     pinctrl-0 = <&spi0_default>;
2025-12-17T17:31:56.6233140Z     pinctrl-1 = <&spi0_sleep>;
2025-12-17T17:31:56.6233358Z     pinctrl-names = "default", "sleep";
2025-12-17T17:31:56.6233596Z     cs-gpios = <&gpio0 6 (0 << 0)>;
2025-12-17T17:31:56.6233802Z };
2025-12-17T17:31:56.6234098Z # 8 "/tmp/zmk-config/eyelash_sofle/boards/arm/eyelash_sofle/eyelash_sofle_right.dts" 2
2025-12-17T17:31:56.6234406Z 
2025-12-17T17:31:56.6234470Z &kscan0 {
2025-12-17T17:31:56.6234630Z      col-gpios
2025-12-17T17:31:56.6234798Z         = <&gpio0 22 (0 << 0)>
2025-12-17T17:31:56.6235005Z          , <&gpio0 29 (0 << 0)>
2025-12-17T17:31:56.6235365Z          , <&gpio0 3 (0 << 0)>
2025-12-17T17:31:56.6235559Z          , <&gpio0 28 (0 << 0)>
2025-12-17T17:31:56.6235758Z          , <&gpio0 30 (0 << 0)>
2025-12-17T17:31:56.6235955Z          , <&gpio0 21 (0 << 0)>
2025-12-17T17:31:56.6236144Z          , <&gpio0 23 (0 << 0)>
2025-12-17T17:31:56.6236333Z          ;
2025-12-17T17:31:56.6236484Z };
2025-12-17T17:31:56.6236569Z 
2025-12-17T17:31:56.6236640Z &default_transform {
2025-12-17T17:31:56.6236826Z     col-offset = <7>;
2025-12-17T17:31:56.6237006Z };
2025-12-17T17:31:56.6237158Z # 0 "<command-line>" 2
2025-12-17T17:31:56.6237610Z # 1 "/tmp/zmk-config/mario-peripheral-animation/boards/shields/nice_view_custom/nice_view_custom.overlay" 1
2025-12-17T17:31:56.6238009Z 
2025-12-17T17:31:56.6238078Z &nice_view_spi {
2025-12-17T17:31:56.6238253Z     status = "okay";
2025-12-17T17:31:56.6238431Z     nice_view: ls0xx@0 {
2025-12-17T17:31:56.6238641Z         compatible = "sharp,ls0xx";
2025-12-17T17:31:56.6238880Z         spi-max-frequency = <1000000>;
2025-12-17T17:31:56.6239113Z         reg = <0>;
2025-12-17T17:31:56.6239288Z         width = <160>;
2025-12-17T17:31:56.6239472Z         height = <68>;
2025-12-17T17:31:56.6239737Z     };
2025-12-17T17:31:56.6239891Z };
2025-12-17T17:31:56.6239971Z 
2025-12-17T17:31:56.6240039Z / {
2025-12-17T17:31:56.6240183Z     chosen {
2025-12-17T17:31:56.6240475Z         zephyr,display = &nice_view;
2025-12-17T17:31:56.6240703Z     };
2025-12-17T17:31:56.6240847Z };
2025-12-17T17:31:56.6240995Z # 0 "<command-line>" 2
2025-12-17T17:31:56.6241238Z # 1 "/tmp/zmk-config/config/eyelash_sofle_right.keymap" 1
2025-12-17T17:31:56.6241554Z # 1 "/tmp/zmk-config/config/eyelash_sofle.keymap" 1
2025-12-17T17:31:56.6241745Z 
2025-12-17T17:31:56.6241973Z # 1 "/tmp/zmk-config/zephyr/include/zephyr/dt-bindings/input/input-event-codes.h" 1 3 4
2025-12-17T17:31:56.6242393Z # 7 "/tmp/zmk-config/config/eyelash_sofle.keymap" 2
2025-12-17T17:31:56.6242693Z # 1 "/tmp/zmk-config/zmk/app/dts/behaviors.dtsi" 1 3 4
2025-12-17T17:31:56.6243026Z # 1 "/tmp/zmk-config/zmk/app/dts/behaviors/key_press.dtsi" 1 3 4
2025-12-17T17:31:56.6243262Z 
2025-12-17T17:31:56.6243431Z # 1 "/tmp/zmk-config/zmk/app/include/dt-bindings/zmk/behaviors.h" 1 3 4
2025-12-17T17:31:56.6243826Z # 8 "/tmp/zmk-config/zmk/app/dts/behaviors/key_press.dtsi" 2 3 4
2025-12-17T17:31:56.6244048Z 
2025-12-17T17:31:56.6244114Z / {
2025-12-17T17:31:56.6244262Z     behaviors {
2025-12-17T17:31:56.6244374Z 
2025-12-17T17:31:56.6244445Z     /omit-if-no-ref/
2025-12-17T17:31:56.6244561Z 
2025-12-17T17:31:56.6244638Z         kp: key_press {
2025-12-17T17:31:56.6244855Z             compatible = "zmk,behavior-key-press";
2025-12-17T17:31:56.6245121Z             #binding-cells = <1>;
2025-12-17T17:31:56.6245355Z             display-name = "Key Press";
2025-12-17T17:31:56.6245578Z         };
2025-12-17T17:31:56.6245725Z     };
2025-12-17T17:31:56.6245869Z };
2025-12-17T17:31:56.6246068Z # 2 "/tmp/zmk-config/zmk/app/dts/behaviors.dtsi" 2 3 4
2025-12-17T17:31:56.6246406Z # 1 "/tmp/zmk-config/zmk/app/dts/behaviors/key_toggle.dtsi" 1 3 4
2025-12-17T17:31:56.6246644Z 
2025-12-17T17:31:56.6246808Z # 1 "/tmp/zmk-config/zmk/app/include/dt-bindings/zmk/behaviors.h" 1 3 4
2025-12-17T17:31:56.6247204Z # 8 "/tmp/zmk-config/zmk/app/dts/behaviors/key_toggle.dtsi" 2 3 4
2025-12-17T17:31:56.6247430Z 
2025-12-17T17:31:56.6247492Z / {
2025-12-17T17:31:56.6247644Z     behaviors {
2025-12-17T17:31:56.6247752Z 
2025-12-17T17:31:56.6247830Z     /omit-if-no-ref/
2025-12-17T17:31:56.6247944Z 
2025-12-17T17:31:56.6248020Z         kt: key_toggle {
2025-12-17T17:31:56.6248241Z             compatible = "zmk,behavior-key-toggle";
2025-12-17T17:31:56.6248504Z             #binding-cells = <1>;
2025-12-17T17:31:56.6248735Z             display-name = "Key Toggle";
2025-12-17T17:31:56.6248955Z         };
2025-12-17T17:31:56.6249104Z     };
2025-12-17T17:31:56.6249251Z };
2025-12-17T17:31:56.6249442Z # 3 "/tmp/zmk-config/zmk/app/dts/behaviors.dtsi" 2 3 4
2025-12-17T17:31:56.6249893Z # 1 "/tmp/zmk-config/zmk/app/dts/behaviors/transparent.dtsi" 1 3 4
2025-12-17T17:31:56.6250307Z 
2025-12-17T17:31:56.6250480Z # 1 "/tmp/zmk-config/zmk/app/include/dt-bindings/zmk/behaviors.h" 1 3 4
2025-12-17T17:31:56.6250881Z # 8 "/tmp/zmk-config/zmk/app/dts/behaviors/transparent.dtsi" 2 3 4
2025-12-17T17:31:56.6251116Z 
2025-12-17T17:31:56.6251177Z / {
2025-12-17T17:31:56.6251327Z     behaviors {
2025-12-17T17:31:56.6251433Z 
2025-12-17T17:31:56.6251517Z         /omit-if-no-ref/
2025-12-17T17:31:56.6251642Z 
2025-12-17T17:31:56.6251722Z         trans: transparent {
2025-12-17T17:31:56.6251967Z             compatible = "zmk,behavior-transparent";
2025-12-17T17:31:56.6252236Z             #binding-cells = <0>;
2025-12-17T17:31:56.6252464Z             display-name = "Transparent";
2025-12-17T17:31:56.6252696Z         };
2025-12-17T17:31:56.6252851Z     };
2025-12-17T17:31:56.6252991Z };
2025-12-17T17:31:56.6253190Z # 4 "/tmp/zmk-config/zmk/app/dts/behaviors.dtsi" 2 3 4
2025-12-17T17:31:56.6253515Z # 1 "/tmp/zmk-config/zmk/app/dts/behaviors/none.dtsi" 1 3 4
2025-12-17T17:31:56.6253733Z 
2025-12-17T17:31:56.6253910Z # 1 "/tmp/zmk-config/zmk/app/include/dt-bindings/zmk/behaviors.h" 1 3 4
2025-12-17T17:31:56.6254279Z # 8 "/tmp/zmk-config/zmk/app/dts/behaviors/none.dtsi" 2 3 4
2025-12-17T17:31:56.6254493Z 
2025-12-17T17:31:56.6254555Z / {
2025-12-17T17:31:56.6254703Z     behaviors {
2025-12-17T17:31:56.6254805Z 
2025-12-17T17:31:56.6254980Z         /omit-if-no-ref/
2025-12-17T17:31:56.6255115Z 
2025-12-17T17:31:56.6255182Z         none: none {
2025-12-17T17:31:56.6255391Z             compatible = "zmk,behavior-none";
2025-12-17T17:31:56.6255644Z             #binding-cells = <0>;
2025-12-17T17:31:56.6255862Z             display-name = "None";
2025-12-17T17:31:56.6256071Z         };
2025-12-17T17:31:56.6256219Z     };
2025-12-17T17:31:56.6256358Z };
2025-12-17T17:31:56.6256551Z # 5 "/tmp/zmk-config/zmk/app/dts/behaviors.dtsi" 2 3 4
2025-12-17T17:31:56.6256883Z # 1 "/tmp/zmk-config/zmk/app/dts/behaviors/mod_tap.dtsi" 1 3 4
2025-12-17T17:31:56.6257101Z 
2025-12-17T17:31:56.6257263Z # 1 "/tmp/zmk-config/zmk/app/include/dt-bindings/zmk/behaviors.h" 1 3 4
2025-12-17T17:31:56.6257649Z # 8 "/tmp/zmk-config/zmk/app/dts/behaviors/mod_tap.dtsi" 2 3 4
2025-12-17T17:31:56.6257864Z 
2025-12-17T17:31:56.6257930Z / {
2025-12-17T17:31:56.6258073Z     behaviors {
2025-12-17T17:31:56.6258179Z 
2025-12-17T17:31:56.6258251Z         /omit-if-no-ref/
2025-12-17T17:31:56.6258382Z 
2025-12-17T17:31:56.6258451Z         mt: mod_tap {
2025-12-17T17:31:56.6258665Z             compatible = "zmk,behavior-hold-tap";
2025-12-17T17:31:56.6258921Z             #binding-cells = <2>;
2025-12-17T17:31:56.6259152Z             flavor = "hold-preferred";
2025-12-17T17:31:56.6259391Z             tapping-term-ms = <200>;
2025-12-17T17:31:56.6259620Z             bindings = <&kp>, <&kp>;
2025-12-17T17:31:56.6259957Z             display-name = "Mod-Tap";
2025-12-17T17:31:56.6260176Z         };
2025-12-17T17:31:56.6260321Z     };
2025-12-17T17:31:56.6260466Z };
2025-12-17T17:31:56.6260663Z # 6 "/tmp/zmk-config/zmk/app/dts/behaviors.dtsi" 2 3 4
2025-12-17T17:31:56.6261003Z # 1 "/tmp/zmk-config/zmk/app/dts/behaviors/layer_tap.dtsi" 1 3 4
2025-12-17T17:31:56.6261236Z 
2025-12-17T17:31:56.6261401Z # 1 "/tmp/zmk-config/zmk/app/include/dt-bindings/zmk/behaviors.h" 1 3 4
2025-12-17T17:31:56.6261788Z # 8 "/tmp/zmk-config/zmk/app/dts/behaviors/layer_tap.dtsi" 2 3 4
2025-12-17T17:31:56.6262011Z 
2025-12-17T17:31:56.6262080Z / {
2025-12-17T17:31:56.6262224Z     behaviors {
2025-12-17T17:31:56.6262330Z 
2025-12-17T17:31:56.6262402Z         /omit-if-no-ref/
2025-12-17T17:31:56.6262526Z 
2025-12-17T17:31:56.6262604Z         lt: layer_tap {
2025-12-17T17:31:56.6262815Z             compatible = "zmk,behavior-hold-tap";
2025-12-17T17:31:56.6263078Z             #binding-cells = <2>;
2025-12-17T17:31:56.6263304Z             flavor = "tap-preferred";
2025-12-17T17:31:56.6263542Z             tapping-term-ms = <200>;
2025-12-17T17:31:56.6263768Z             bindings = <&mo>, <&kp>;
2025-12-17T17:31:56.6264002Z             display-name = "Layer-Tap";
2025-12-17T17:31:56.6264348Z         };
2025-12-17T17:31:56.6264496Z     };
2025-12-17T17:31:56.6264644Z };
2025-12-17T17:31:56.6264840Z # 7 "/tmp/zmk-config/zmk/app/dts/behaviors.dtsi" 2 3 4
2025-12-17T17:31:56.6265164Z # 1 "/tmp/zmk-config/zmk/app/dts/behaviors/gresc.dtsi" 1 3 4
2025-12-17T17:31:56.6265379Z 
2025-12-17T17:31:56.6265545Z # 1 "/tmp/zmk-config/zmk/app/include/dt-bindings/zmk/behaviors.h" 1 3 4
2025-12-17T17:31:56.6265924Z # 9 "/tmp/zmk-config/zmk/app/dts/behaviors/gresc.dtsi" 2 3 4
2025-12-17T17:31:56.6266281Z # 1 "/tmp/zmk-config/zmk/app/include/dt-bindings/zmk/keys.h" 1 3 4
2025-12-17T17:31:56.6266516Z 
2025-12-17T17:31:56.6266577Z        
2025-12-17T17:31:56.6266666Z 
2025-12-17T17:31:56.6266825Z # 1 "/tmp/zmk-config/zmk/app/include/dt-bindings/zmk/hid_usage.h" 1 3 4
2025-12-17T17:31:56.6267229Z # 11 "/tmp/zmk-config/zmk/app/include/dt-bindings/zmk/hid_usage.h" 3 4
2025-12-17T17:31:56.6267531Z        
2025-12-17T17:31:56.6267762Z # 9 "/tmp/zmk-config/zmk/app/include/dt-bindings/zmk/keys.h" 2 3 4
2025-12-17T17:31:56.6268180Z # 1 "/tmp/zmk-config/zmk/app/include/dt-bindings/zmk/hid_usage_pages.h" 1 3 4
2025-12-17T17:31:56.6268626Z # 11 "/tmp/zmk-config/zmk/app/include/dt-bindings/zmk/hid_usage_pages.h" 3 4
2025-12-17T17:31:56.6268954Z        
2025-12-17T17:31:56.6269187Z # 10 "/tmp/zmk-config/zmk/app/include/dt-bindings/zmk/keys.h" 2 3 4
2025-12-17T17:31:56.6269777Z # 1 "/tmp/zmk-config/zmk/app/include/dt-bindings/zmk/modifiers.h" 1 3 4
2025-12-17T17:31:56.6270059Z 
2025-12-17T17:31:56.6270121Z        
2025-12-17T17:31:56.6270363Z # 11 "/tmp/zmk-config/zmk/app/include/dt-bindings/zmk/keys.h" 2 3 4
2025-12-17T17:31:56.6270499Z # 10 "/tmp/zmk-config/zmk/app/dts/behaviors/gresc.dtsi" 2 3 4
2025-12-17T17:31:56.6270504Z 
2025-12-17T17:31:56.6270569Z / {
2025-12-17T17:31:56.6270636Z     behaviors {
2025-12-17T17:31:56.6270640Z 
2025-12-17T17:31:56.6270719Z         /omit-if-no-ref/
2025-12-17T17:31:56.6270723Z 
2025-12-17T17:31:56.6270801Z         gresc: grave_escape {
2025-12-17T17:31:56.6270905Z             compatible = "zmk,behavior-mod-morph";
2025-12-17T17:31:56.6270995Z             #binding-cells = <0>;
2025-12-17T17:31:56.6271149Z             bindings = <&kp (((((0x07) << 16) | (0x29))))>, <&kp ((((0x07) << 16) | (0x35)))>;
2025-12-17T17:31:56.6271230Z             mods = <(0x08|0x02|0x80|0x20)>;
2025-12-17T17:31:56.6271323Z             display-name = "Grave/Escape";
2025-12-17T17:31:56.6271389Z         };
2025-12-17T17:31:56.6271450Z     };
2025-12-17T17:31:56.6271515Z };
2025-12-17T17:31:56.6271635Z # 8 "/tmp/zmk-config/zmk/app/dts/behaviors.dtsi" 2 3 4
2025-12-17T17:31:56.6271791Z # 1 "/tmp/zmk-config/zmk/app/dts/behaviors/sticky_key.dtsi" 1 3 4
2025-12-17T17:31:56.6271795Z 
2025-12-17T17:31:56.6271962Z # 1 "/tmp/zmk-config/zmk/app/include/dt-bindings/zmk/behaviors.h" 1 3 4
2025-12-17T17:31:56.6272102Z # 8 "/tmp/zmk-config/zmk/app/dts/behaviors/sticky_key.dtsi" 2 3 4
2025-12-17T17:31:56.6272106Z 
2025-12-17T17:31:56.6272173Z / {
2025-12-17T17:31:56.6272239Z     behaviors {
2025-12-17T17:31:56.6272242Z 
2025-12-17T17:31:56.6272317Z         /omit-if-no-ref/
2025-12-17T17:31:56.6272328Z 
2025-12-17T17:31:56.6272399Z         sk: sticky_key {
2025-12-17T17:31:56.6272502Z             compatible = "zmk,behavior-sticky-key";
2025-12-17T17:31:56.6272586Z             #binding-cells = <1>;
2025-12-17T17:31:56.6272670Z             release-after-ms = <1000>;
2025-12-17T17:31:56.6272747Z             bindings = <&kp>;
2025-12-17T17:31:56.6272828Z             ignore-modifiers;
2025-12-17T17:31:56.6272915Z             display-name = "Sticky Key";
2025-12-17T17:31:56.6272976Z         };
2025-12-17T17:31:56.6272980Z 
2025-12-17T17:31:56.6273055Z         /omit-if-no-ref/
2025-12-17T17:31:56.6273059Z 
2025-12-17T17:31:56.6273131Z         sl: sticky_layer {
2025-12-17T17:31:56.6273234Z             compatible = "zmk,behavior-sticky-key";
2025-12-17T17:31:56.6273310Z             #binding-cells = <1>;
2025-12-17T17:31:56.6273392Z             release-after-ms = <1000>;
2025-12-17T17:31:56.6273467Z             bindings = <&mo>;
2025-12-17T17:31:56.6273650Z             quick-release;
2025-12-17T17:31:56.6273735Z             display-name = "Sticky Layer";
2025-12-17T17:31:56.6273802Z         };
2025-12-17T17:31:56.6273862Z     };
2025-12-17T17:31:56.6273865Z 
2025-12-17T17:31:56.6273924Z };
2025-12-17T17:31:56.6274045Z # 9 "/tmp/zmk-config/zmk/app/dts/behaviors.dtsi" 2 3 4
2025-12-17T17:31:56.6274218Z # 1 "/tmp/zmk-config/zmk/app/dts/behaviors/momentary_layer.dtsi" 1 3 4
2025-12-17T17:31:56.6274222Z 
2025-12-17T17:31:56.6274391Z # 1 "/tmp/zmk-config/zmk/app/include/dt-bindings/zmk/behaviors.h" 1 3 4
2025-12-17T17:31:56.6274551Z # 8 "/tmp/zmk-config/zmk/app/dts/behaviors/momentary_layer.dtsi" 2 3 4
2025-12-17T17:31:56.6274555Z 
2025-12-17T17:31:56.6274613Z / {
2025-12-17T17:31:56.6274686Z     behaviors {
2025-12-17T17:31:56.6274690Z 
2025-12-17T17:31:56.6274762Z         /omit-if-no-ref/
2025-12-17T17:31:56.6274766Z 
2025-12-17T17:31:56.6274841Z         mo: momentary_layer {
2025-12-17T17:31:56.6274965Z             compatible = "zmk,behavior-momentary-layer";
2025-12-17T17:31:56.6275044Z             #binding-cells = <1>;
2025-12-17T17:31:56.6275144Z             display-name = "Momentary Layer";
2025-12-17T17:31:56.6275205Z         };
2025-12-17T17:31:56.6275266Z     };
2025-12-17T17:31:56.6275332Z };
2025-12-17T17:31:56.6275449Z # 10 "/tmp/zmk-config/zmk/app/dts/behaviors.dtsi" 2 3 4
2025-12-17T17:31:56.6275691Z # 1 "/tmp/zmk-config/zmk/app/dts/behaviors/toggle_layer.dtsi" 1 3 4
2025-12-17T17:31:56.6275697Z 
2025-12-17T17:31:56.6275877Z # 1 "/tmp/zmk-config/zmk/app/include/dt-bindings/zmk/behaviors.h" 1 3 4
2025-12-17T17:31:56.6276028Z # 8 "/tmp/zmk-config/zmk/app/dts/behaviors/toggle_layer.dtsi" 2 3 4
2025-12-17T17:31:56.6276032Z 
2025-12-17T17:31:56.6276098Z / {
2025-12-17T17:31:56.6276168Z     behaviors {
2025-12-17T17:31:56.6276171Z 
2025-12-17T17:31:56.6276242Z         /omit-if-no-ref/
2025-12-17T17:31:56.6276247Z 
2025-12-17T17:31:56.6276328Z         tog: toggle_layer {
2025-12-17T17:31:56.6276438Z             compatible = "zmk,behavior-toggle-layer";
2025-12-17T17:31:56.6276518Z             #binding-cells = <1>;
2025-12-17T17:31:56.6276609Z             display-name = "Toggle Layer";
2025-12-17T17:31:56.6276670Z         };
2025-12-17T17:31:56.6276729Z     };
2025-12-17T17:31:56.6276795Z };
2025-12-17T17:31:56.6276911Z # 11 "/tmp/zmk-config/zmk/app/dts/behaviors.dtsi" 2 3 4
2025-12-17T17:31:56.6277056Z # 1 "/tmp/zmk-config/zmk/app/dts/behaviors/to_layer.dtsi" 1 3 4
2025-12-17T17:31:56.6277061Z 
2025-12-17T17:31:56.6277221Z # 1 "/tmp/zmk-config/zmk/app/include/dt-bindings/zmk/behaviors.h" 1 3 4
2025-12-17T17:31:56.6277354Z # 8 "/tmp/zmk-config/zmk/app/dts/behaviors/to_layer.dtsi" 2 3 4
2025-12-17T17:31:56.6277357Z 
2025-12-17T17:31:56.6277422Z / {
2025-12-17T17:31:56.6277487Z     behaviors {
2025-12-17T17:31:56.6277491Z 
2025-12-17T17:31:56.6277561Z         /omit-if-no-ref/
2025-12-17T17:31:56.6277565Z 
2025-12-17T17:31:56.6277638Z         to: to_layer {
2025-12-17T17:31:56.6277735Z             compatible = "zmk,behavior-to-layer";
2025-12-17T17:31:56.6277818Z             #binding-cells = <1>;
2025-12-17T17:31:56.6277898Z             display-name = "To Layer";
2025-12-17T17:31:56.6277959Z         };
2025-12-17T17:31:56.6278022Z     };
2025-12-17T17:31:56.6278081Z };
2025-12-17T17:31:56.6278193Z # 12 "/tmp/zmk-config/zmk/app/dts/behaviors.dtsi" 2 3 4
2025-12-17T17:31:56.6278331Z # 1 "/tmp/zmk-config/zmk/app/dts/behaviors/reset.dtsi" 1 3 4
2025-12-17T17:31:56.6278335Z 
2025-12-17T17:31:56.6278480Z # 1 "/tmp/zmk-config/zmk/app/include/dt-bindings/zmk/reset.h" 1 3 4
2025-12-17T17:31:56.6278607Z # 8 "/tmp/zmk-config/zmk/app/dts/behaviors/reset.dtsi" 2 3 4
2025-12-17T17:31:56.6278616Z 
2025-12-17T17:31:56.6278676Z / {
2025-12-17T17:31:56.6278740Z     behaviors {
2025-12-17T17:31:56.6278744Z 
2025-12-17T17:31:56.6278823Z         sys_reset: sysreset {
2025-12-17T17:31:56.6278917Z             compatible = "zmk,behavior-reset";
2025-12-17T17:31:56.6278992Z             #binding-cells = <0>;
2025-12-17T17:31:56.6279076Z             display-name = "Reset";
2025-12-17T17:31:56.6279251Z         };
2025-12-17T17:31:56.6279255Z 
2025-12-17T17:31:56.6279333Z         bootloader: bootload {
2025-12-17T17:31:56.6279430Z             compatible = "zmk,behavior-reset";
2025-12-17T17:31:56.6279501Z             type = <0x57>;
2025-12-17T17:31:56.6279582Z             #binding-cells = <0>;
2025-12-17T17:31:56.6279764Z             display-name = "Bootloader";
2025-12-17T17:31:56.6279826Z         };
2025-12-17T17:31:56.6279892Z     };
2025-12-17T17:31:56.6279951Z };
2025-12-17T17:31:56.6280067Z # 13 "/tmp/zmk-config/zmk/app/dts/behaviors.dtsi" 2 3 4
2025-12-17T17:31:56.6280267Z # 1 "/tmp/zmk-config/zmk/app/dts/behaviors/sensor_rotate_key_press.dtsi" 1 3 4
2025-12-17T17:31:56.6280271Z 
2025-12-17T17:31:56.6280328Z / {
2025-12-17T17:31:56.6280393Z     behaviors {
2025-12-17T17:31:56.6280396Z 
2025-12-17T17:31:56.6280534Z         /omit-if-no-ref/ inc_dec_cp: inc_dec_kp: enc_key_press {
2025-12-17T17:31:56.6280655Z             compatible = "zmk,behavior-sensor-rotate-var";
2025-12-17T17:31:56.6280753Z             #sensor-binding-cells = <2>;
2025-12-17T17:31:56.6280832Z             bindings = <&kp>, <&kp>;
2025-12-17T17:31:56.6280893Z         };
2025-12-17T17:31:56.6280960Z     };
2025-12-17T17:31:56.6281021Z };
2025-12-17T17:31:56.6281135Z # 14 "/tmp/zmk-config/zmk/app/dts/behaviors.dtsi" 2 3 4
2025-12-17T17:31:56.6281407Z # 1 "/tmp/zmk-config/zmk/app/dts/behaviors/rgb_underglow.dtsi" 1 3 4
2025-12-17T17:31:56.6281412Z 
2025-12-17T17:31:56.6281475Z / {
2025-12-17T17:31:56.6281542Z     behaviors {
2025-12-17T17:31:56.6281545Z 
2025-12-17T17:31:56.6281622Z         rgb_ug: rgb_ug {
2025-12-17T17:31:56.6281731Z             compatible = "zmk,behavior-rgb-underglow";
2025-12-17T17:31:56.6281813Z             #binding-cells = <2>;
2025-12-17T17:31:56.6281895Z             display-name = "Underglow";
2025-12-17T17:31:56.6281956Z         };
2025-12-17T17:31:56.6282022Z     };
2025-12-17T17:31:56.6282083Z };
2025-12-17T17:31:56.6282195Z # 15 "/tmp/zmk-config/zmk/app/dts/behaviors.dtsi" 2 3 4
2025-12-17T17:31:56.6282345Z # 1 "/tmp/zmk-config/zmk/app/dts/behaviors/bluetooth.dtsi" 1 3 4
2025-12-17T17:31:56.6282349Z 
2025-12-17T17:31:56.6282513Z # 1 "/tmp/zmk-config/zmk/app/include/dt-bindings/zmk/behaviors.h" 1 3 4
2025-12-17T17:31:56.6282651Z # 8 "/tmp/zmk-config/zmk/app/dts/behaviors/bluetooth.dtsi" 2 3 4
2025-12-17T17:31:56.6282662Z 
2025-12-17T17:31:56.6282722Z / {
2025-12-17T17:31:56.6282791Z     behaviors {
2025-12-17T17:31:56.6282795Z 
2025-12-17T17:31:56.6282872Z         /omit-if-no-ref/
2025-12-17T17:31:56.6282876Z 
2025-12-17T17:31:56.6282945Z         bt: bluetooth {
2025-12-17T17:31:56.6283043Z             compatible = "zmk,behavior-bluetooth";
2025-12-17T17:31:56.6283125Z             #binding-cells = <2>;
2025-12-17T17:31:56.6283205Z             display-name = "Bluetooth";
2025-12-17T17:31:56.6283270Z         };
2025-12-17T17:31:56.6283340Z     };
2025-12-17T17:31:56.6283403Z };
2025-12-17T17:31:56.6283517Z # 16 "/tmp/zmk-config/zmk/app/dts/behaviors.dtsi" 2 3 4
2025-12-17T17:31:56.6283661Z # 1 "/tmp/zmk-config/zmk/app/dts/behaviors/ext_power.dtsi" 1 3 4
2025-12-17T17:31:56.6283669Z 
2025-12-17T17:31:56.6283728Z / {
2025-12-17T17:31:56.6283801Z     behaviors {
2025-12-17T17:31:56.6283805Z 
2025-12-17T17:31:56.6283882Z         ext_power: extpower {
2025-12-17T17:31:56.6283979Z             compatible = "zmk,behavior-ext-power";
2025-12-17T17:31:56.6284063Z             #binding-cells = <1>;
2025-12-17T17:31:56.6284154Z             display-name = "External Power";
2025-12-17T17:31:56.6284215Z         };
2025-12-17T17:31:56.6284282Z     };
2025-12-17T17:31:56.6284341Z };
2025-12-17T17:31:56.6284453Z # 17 "/tmp/zmk-config/zmk/app/dts/behaviors.dtsi" 2 3 4
2025-12-17T17:31:56.6284598Z # 1 "/tmp/zmk-config/zmk/app/dts/behaviors/outputs.dtsi" 1 3 4
2025-12-17T17:31:56.6284602Z 
2025-12-17T17:31:56.6284765Z # 1 "/tmp/zmk-config/zmk/app/include/dt-bindings/zmk/behaviors.h" 1 3 4
2025-12-17T17:31:56.6284908Z # 8 "/tmp/zmk-config/zmk/app/dts/behaviors/outputs.dtsi" 2 3 4
2025-12-17T17:31:56.6284912Z 
2025-12-17T17:31:56.6285085Z / {
2025-12-17T17:31:56.6285152Z     behaviors {
2025-12-17T17:31:56.6285156Z 
2025-12-17T17:31:56.6285234Z         /omit-if-no-ref/
2025-12-17T17:31:56.6285238Z 
2025-12-17T17:31:56.6285307Z         out: outputs {
2025-12-17T17:31:56.6285410Z             compatible = "zmk,behavior-outputs";
2025-12-17T17:31:56.6285488Z             #binding-cells = <1>;
2025-12-17T17:31:56.6285581Z             display-name = "Output Selection";
2025-12-17T17:31:56.6285739Z         };
2025-12-17T17:31:56.6285831Z     };
2025-12-17T17:31:56.6285921Z };
2025-12-17T17:31:56.6286134Z # 18 "/tmp/zmk-config/zmk/app/dts/behaviors.dtsi" 2 3 4
2025-12-17T17:31:56.6286416Z # 1 "/tmp/zmk-config/zmk/app/dts/behaviors/caps_word.dtsi" 1 3 4
2025-12-17T17:31:56.6286421Z 
2025-12-17T17:31:56.6286638Z # 1 "/tmp/zmk-config/zmk/app/include/dt-bindings/zmk/behaviors.h" 1 3 4
2025-12-17T17:31:56.6286844Z # 8 "/tmp/zmk-config/zmk/app/dts/behaviors/caps_word.dtsi" 2 3 4
2025-12-17T17:31:56.6286849Z 
2025-12-17T17:31:56.6286939Z / {
2025-12-17T17:31:56.6287039Z     behaviors {
2025-12-17T17:31:56.6287043Z 
2025-12-17T17:31:56.6287163Z         /omit-if-no-ref/
2025-12-17T17:31:56.6287167Z 
2025-12-17T17:31:56.6287324Z         caps_word: caps_word {
2025-12-17T17:31:56.6287466Z             compatible = "zmk,behavior-caps-word";
2025-12-17T17:31:56.6287611Z             #binding-cells = <0>;
2025-12-17T17:31:56.6287931Z             continue-list = <((0x02 << 24 | (((0x07) << 16) | (0x2D)))) ((((0x07) << 16) | (0x2A))) ((((0x07) << 16) | (0x4C)))>;
2025-12-17T17:31:56.6288117Z             display-name = "Caps Word";
2025-12-17T17:31:56.6288195Z         };
2025-12-17T17:31:56.6288331Z     };
2025-12-17T17:31:56.6288472Z };
2025-12-17T17:31:56.6288617Z # 19 "/tmp/zmk-config/zmk/app/dts/behaviors.dtsi" 2 3 4
2025-12-17T17:31:56.6288791Z # 1 "/tmp/zmk-config/zmk/app/dts/behaviors/key_repeat.dtsi" 1 3 4
2025-12-17T17:31:56.6288796Z 
2025-12-17T17:31:56.6289023Z # 1 "/tmp/zmk-config/zmk/app/include/dt-bindings/zmk/behaviors.h" 1 3 4
2025-12-17T17:31:56.6289183Z # 8 "/tmp/zmk-config/zmk/app/dts/behaviors/key_repeat.dtsi" 2 3 4
2025-12-17T17:31:56.6289186Z 
2025-12-17T17:31:56.6289372Z / {
2025-12-17T17:31:56.6289469Z     behaviors {
2025-12-17T17:31:56.6289473Z 
2025-12-17T17:31:56.6289573Z     /omit-if-no-ref/
2025-12-17T17:31:56.6289578Z 
2025-12-17T17:31:56.6289912Z         key_repeat: key_repeat {
2025-12-17T17:31:56.6290052Z             compatible = "zmk,behavior-key-repeat";
2025-12-17T17:31:56.6290146Z             #binding-cells = <0>;
2025-12-17T17:31:56.6290440Z             usage-pages = <(0x07)>;
2025-12-17T17:31:56.6290554Z             display-name = "Key Repeat";
2025-12-17T17:31:56.6290682Z         };
2025-12-17T17:31:56.6290773Z     };
2025-12-17T17:31:56.6290861Z };
2025-12-17T17:31:56.6291054Z # 20 "/tmp/zmk-config/zmk/app/dts/behaviors.dtsi" 2 3 4
2025-12-17T17:31:56.6300448Z # 1 "/tmp/zmk-config/zmk/app/dts/behaviors/backlight.dtsi" 1 3 4
2025-12-17T17:31:56.6300463Z 
2025-12-17T17:31:56.6300675Z # 1 "/tmp/zmk-config/zmk/app/include/dt-bindings/zmk/behaviors.h" 1 3 4
2025-12-17T17:31:56.6300860Z # 8 "/tmp/zmk-config/zmk/app/dts/behaviors/backlight.dtsi" 2 3 4
2025-12-17T17:31:56.6300864Z 
2025-12-17T17:31:56.6300925Z  / {
2025-12-17T17:31:56.6300991Z     behaviors {
2025-12-17T17:31:56.6300996Z 
2025-12-17T17:31:56.6301073Z         /omit-if-no-ref/
2025-12-17T17:31:56.6301077Z 
2025-12-17T17:31:56.6301148Z         bl: bcklight {
2025-12-17T17:31:56.6301256Z             compatible = "zmk,behavior-backlight";
2025-12-17T17:31:56.6301348Z             #binding-cells = <2>;
2025-12-17T17:31:56.6301430Z             display-name = "Backlight";
2025-12-17T17:31:56.6301490Z         };
2025-12-17T17:31:56.6301554Z     };
2025-12-17T17:31:56.6301614Z };
2025-12-17T17:31:56.6301747Z # 21 "/tmp/zmk-config/zmk/app/dts/behaviors.dtsi" 2 3 4
2025-12-17T17:31:56.6301884Z # 1 "/tmp/zmk-config/zmk/app/dts/behaviors/macros.dtsi" 1 3 4
2025-12-17T17:31:56.6302016Z # 29 "/tmp/zmk-config/zmk/app/dts/behaviors/macros.dtsi" 3 4
2025-12-17T17:31:56.6302081Z / {
2025-12-17T17:31:56.6302318Z     behaviors {
2025-12-17T17:31:56.6302402Z         macro_tap: macro_tap {
2025-12-17T17:31:56.6302517Z             compatible = "zmk,macro-control-mode-tap";
2025-12-17T17:31:56.6302594Z             #binding-cells = <0>;
2025-12-17T17:31:56.6302654Z         };
2025-12-17T17:31:56.6302659Z 
2025-12-17T17:31:56.6302748Z         macro_press: macro_press {
2025-12-17T17:31:56.6302867Z             compatible = "zmk,macro-control-mode-press";
2025-12-17T17:31:56.6302947Z             #binding-cells = <0>;
2025-12-17T17:31:56.6303009Z         };
2025-12-17T17:31:56.6303013Z 
2025-12-17T17:31:56.6303095Z         macro_release: macro_release {
2025-12-17T17:31:56.6303217Z             compatible = "zmk,macro-control-mode-release";
2025-12-17T17:31:56.6303291Z             #binding-cells = <0>;
2025-12-17T17:31:56.6303350Z         };
2025-12-17T17:31:56.6303354Z 
2025-12-17T17:31:56.6303443Z         macro_tap_time: macro_tap_time {
2025-12-17T17:31:56.6303546Z             compatible = "zmk,macro-control-tap-time";
2025-12-17T17:31:56.6303624Z             #binding-cells = <1>;
2025-12-17T17:31:56.6303682Z         };
2025-12-17T17:31:56.6303686Z 
2025-12-17T17:31:56.6303770Z         macro_wait_time: macro_wait_time {
2025-12-17T17:31:56.6303883Z             compatible = "zmk,macro-control-wait-time";
2025-12-17T17:31:56.6303954Z             #binding-cells = <1>;
2025-12-17T17:31:56.6304116Z         };
2025-12-17T17:31:56.6304121Z 
2025-12-17T17:31:56.6304242Z         macro_pause_for_release: macro_pause_for_release {
2025-12-17T17:31:56.6304350Z             compatible = "zmk,macro-pause-for-release";
2025-12-17T17:31:56.6304421Z             #binding-cells = <0>;
2025-12-17T17:31:56.6304485Z         };
2025-12-17T17:31:56.6304489Z 
2025-12-17T17:31:56.6304580Z         macro_param_1to1: macro_param_1to1 {
2025-12-17T17:31:56.6304682Z             compatible = "zmk,macro-param-1to1";
2025-12-17T17:31:56.6304753Z             #binding-cells = <0>;
2025-12-17T17:31:56.6304812Z         };
2025-12-17T17:31:56.6304818Z 
2025-12-17T17:31:56.6304906Z         macro_param_1to2: macro_param_1to2 {
2025-12-17T17:31:56.6304995Z             compatible = "zmk,macro-param-1to2";
2025-12-17T17:31:56.6305066Z             #binding-cells = <0>;
2025-12-17T17:31:56.6305129Z         };
2025-12-17T17:31:56.6305133Z 
2025-12-17T17:31:56.6305213Z         macro_param_2to1: macro_param_2to1 {
2025-12-17T17:31:56.6305307Z             compatible = "zmk,macro-param-2to1";
2025-12-17T17:31:56.6305379Z             #binding-cells = <0>;
2025-12-17T17:31:56.6305437Z         };
2025-12-17T17:31:56.6305440Z 
2025-12-17T17:31:56.6305526Z         macro_param_2to2: macro_param_2to2 {
2025-12-17T17:31:56.6305613Z             compatible = "zmk,macro-param-2to2";
2025-12-17T17:31:56.6305683Z             #binding-cells = <0>;
2025-12-17T17:31:56.6305746Z         };
2025-12-17T17:31:56.6305807Z     };
2025-12-17T17:31:56.6305866Z };
2025-12-17T17:31:56.6305990Z # 22 "/tmp/zmk-config/zmk/app/dts/behaviors.dtsi" 2 3 4
2025-12-17T17:31:56.6306163Z # 1 "/tmp/zmk-config/zmk/app/dts/behaviors/mouse_key_press.dtsi" 1 3 4
2025-12-17T17:31:56.6306170Z 
2025-12-17T17:31:56.6306341Z # 1 "/tmp/zmk-config/zmk/app/include/dt-bindings/zmk/behaviors.h" 1 3 4
2025-12-17T17:31:56.6306499Z # 8 "/tmp/zmk-config/zmk/app/dts/behaviors/mouse_key_press.dtsi" 2 3 4
2025-12-17T17:31:56.6306503Z 
2025-12-17T17:31:56.6306561Z / {
2025-12-17T17:31:56.6306639Z     behaviors {
2025-12-17T17:31:56.6306643Z 
2025-12-17T17:31:56.6306715Z         /omit-if-no-ref/
2025-12-17T17:31:56.6306719Z 
2025-12-17T17:31:56.6306793Z         mkp: mouse_key_press {
2025-12-17T17:31:56.6306915Z             compatible = "zmk,behavior-mouse-key-press";
2025-12-17T17:31:56.6306988Z             #binding-cells = <1>;
2025-12-17T17:31:56.6307050Z         };
2025-12-17T17:31:56.6307109Z     };
2025-12-17T17:31:56.6307167Z };
2025-12-17T17:31:56.6307283Z # 23 "/tmp/zmk-config/zmk/app/dts/behaviors.dtsi" 2 3 4
2025-12-17T17:31:56.6307420Z # 1 "/tmp/zmk-config/zmk/app/dts/behaviors/soft_off.dtsi" 1 3 4
2025-12-17T17:31:56.6307503Z 
2025-12-17T17:31:56.6307667Z # 1 "/tmp/zmk-config/zmk/app/include/dt-bindings/zmk/behaviors.h" 1 3 4
2025-12-17T17:31:56.6307803Z # 8 "/tmp/zmk-config/zmk/app/dts/behaviors/soft_off.dtsi" 2 3 4
2025-12-17T17:31:56.6307807Z 
2025-12-17T17:31:56.6307864Z / {
2025-12-17T17:31:56.6307934Z     behaviors {
2025-12-17T17:31:56.6307938Z 
2025-12-17T17:31:56.6308010Z         /omit-if-no-ref/
2025-12-17T17:31:56.6308014Z 
2025-12-17T17:31:56.6308086Z         soft_off: z_so_off {
2025-12-17T17:31:56.6308189Z             compatible = "zmk,behavior-soft-off";
2025-12-17T17:31:56.6308262Z             #binding-cells = <0>;
2025-12-17T17:31:56.6308358Z             split-peripheral-off-on-press;
2025-12-17T17:31:56.6308421Z         };
2025-12-17T17:31:56.6308478Z     };
2025-12-17T17:31:56.6308535Z };
2025-12-17T17:31:56.6308652Z # 24 "/tmp/zmk-config/zmk/app/dts/behaviors.dtsi" 2 3 4
2025-12-17T17:31:56.6308807Z # 1 "/tmp/zmk-config/zmk/app/dts/behaviors/studio_unlock.dtsi" 1 3 4
2025-12-17T17:31:56.6308810Z 
2025-12-17T17:31:56.6308877Z / {
2025-12-17T17:31:56.6308940Z     behaviors {
2025-12-17T17:31:56.6309022Z         studio_unlock: studio_unlock {
2025-12-17T17:31:56.6309133Z             compatible = "zmk,behavior-studio-unlock";
2025-12-17T17:31:56.6309204Z             #binding-cells = <0>;
2025-12-17T17:31:56.6309290Z             display-name = "Studio Unlock";
2025-12-17T17:31:56.6309424Z         };
2025-12-17T17:31:56.6309485Z     };
2025-12-17T17:31:56.6309547Z };
2025-12-17T17:31:56.6309787Z # 25 "/tmp/zmk-config/zmk/app/dts/behaviors.dtsi" 2 3 4
2025-12-17T17:31:56.6309900Z # 8 "/tmp/zmk-config/config/eyelash_sofle.keymap" 2
2025-12-17T17:31:56.6310050Z # 1 "/tmp/zmk-config/zmk/app/include/dt-bindings/zmk/bt.h" 1 3 4
2025-12-17T17:31:56.6310159Z # 9 "/tmp/zmk-config/config/eyelash_sofle.keymap" 2
2025-12-17T17:31:56.6310332Z # 1 "/tmp/zmk-config/zmk/app/include/dt-bindings/zmk/ext_power.h" 1 3 4
2025-12-17T17:31:56.6310447Z # 10 "/tmp/zmk-config/config/eyelash_sofle.keymap" 2
2025-12-17T17:31:56.6310557Z # 19 "/tmp/zmk-config/config/eyelash_sofle.keymap"
2025-12-17T17:31:56.6310701Z # 1 "/tmp/zmk-config/zmk/app/include/dt-bindings/zmk/rgb.h" 1 3 4
2025-12-17T17:31:56.6310810Z # 20 "/tmp/zmk-config/config/eyelash_sofle.keymap" 2
2025-12-17T17:31:56.6310968Z # 1 "/tmp/zmk-config/zmk/app/include/dt-bindings/zmk/outputs.h" 1 3 4
2025-12-17T17:31:56.6311073Z # 21 "/tmp/zmk-config/config/eyelash_sofle.keymap" 2
2025-12-17T17:31:56.6311178Z # 45 "/tmp/zmk-config/config/eyelash_sofle.keymap"
2025-12-17T17:31:56.6311238Z / {
2025-12-17T17:31:56.6311307Z     macros {
2025-12-17T17:31:56.6311366Z     };
2025-12-17T17:31:56.6311370Z 
2025-12-17T17:31:56.6311433Z     behaviors {
2025-12-17T17:31:56.6311520Z         five_rights: five_rights {
2025-12-17T17:31:56.6311614Z             compatible = "zmk,behavior-macro";
2025-12-17T17:31:56.6311693Z             #binding-cells = <0>;
2025-12-17T17:31:56.6311772Z             wait-ms = <30>;
2025-12-17T17:31:56.6311844Z             tap-ms = <30>;
2025-12-17T17:31:56.6312105Z             bindings = <&kp ((((0x07) << 16) | (0x4F))) &kp ((((0x07) << 16) | (0x4F))) &kp ((((0x07) << 16) | (0x4F))) &kp ((((0x07) << 16) | (0x4F))) &kp ((((0x07) << 16) | (0x4F)))>;
2025-12-17T17:31:56.6312175Z         };
2025-12-17T17:31:56.6312179Z 
2025-12-17T17:31:56.6312259Z         five_downs: five_downs {
2025-12-17T17:31:56.6312363Z             compatible = "zmk,behavior-macro";
2025-12-17T17:31:56.6312441Z             #binding-cells = <0>;
2025-12-17T17:31:56.6312514Z             wait-ms = <30>;
2025-12-17T17:31:56.6312590Z             tap-ms = <30>;
2025-12-17T17:31:56.6312833Z             bindings = <&kp ((((0x07) << 16) | (0x51))) &kp ((((0x07) << 16) | (0x51))) &kp ((((0x07) << 16) | (0x51))) &kp ((((0x07) << 16) | (0x51))) &kp ((((0x07) << 16) | (0x51)))>;
2025-12-17T17:31:56.6312899Z         };
2025-12-17T17:31:56.6312908Z 
2025-12-17T17:31:56.6312986Z         five_ups: five_ups {
2025-12-17T17:31:56.6313080Z             compatible = "zmk,behavior-macro";
2025-12-17T17:31:56.6313162Z             #binding-cells = <0>;
2025-12-17T17:31:56.6313392Z             wait-ms = <30>;
2025-12-17T17:31:56.6313463Z             tap-ms = <30>;
2025-12-17T17:31:56.6313722Z             bindings = <&kp ((((0x07) << 16) | (0x52))) &kp ((((0x07) << 16) | (0x52))) &kp ((((0x07) << 16) | (0x52))) &kp ((((0x07) << 16) | (0x52))) &kp ((((0x07) << 16) | (0x52)))>;
2025-12-17T17:31:56.6313787Z         };
2025-12-17T17:31:56.6313791Z 
2025-12-17T17:31:56.6313872Z         five_lefts: five_lefts {
2025-12-17T17:31:56.6313969Z             compatible = "zmk,behavior-macro";
2025-12-17T17:31:56.6314044Z             #binding-cells = <0>;
2025-12-17T17:31:56.6314118Z             wait-ms = <30>;
2025-12-17T17:31:56.6314187Z             tap-ms = <30>;
2025-12-17T17:31:56.6314423Z             bindings = <&kp ((((0x07) << 16) | (0x50))) &kp ((((0x07) << 16) | (0x50))) &kp ((((0x07) << 16) | (0x50))) &kp ((((0x07) << 16) | (0x50))) &kp ((((0x07) << 16) | (0x50)))>;
2025-12-17T17:31:56.6314489Z         };
2025-12-17T17:31:56.6314492Z 
2025-12-17T17:31:56.6314587Z         ctrl_five_rights: ctrl_five_rights {
2025-12-17T17:31:56.6314675Z             compatible = "zmk,behavior-macro";
2025-12-17T17:31:56.6314757Z             #binding-cells = <0>;
2025-12-17T17:31:56.6314825Z             wait-ms = <30>;
2025-12-17T17:31:56.6314899Z             tap-ms = <30>;
2025-12-17T17:31:56.6315063Z             bindings =
2025-12-17T17:31:56.6315178Z                 <&macro_press &kp (((((0x07) << 16) | (0xE0))))>,
2025-12-17T17:31:56.6315280Z                 <&macro_tap &kp ((((0x07) << 16) | (0x4F)))>,
2025-12-17T17:31:56.6315369Z                 <&macro_tap &kp ((((0x07) << 16) | (0x4F)))>,
2025-12-17T17:31:56.6315457Z                 <&macro_tap &kp ((((0x07) << 16) | (0x4F)))>,
2025-12-17T17:31:56.6315552Z                 <&macro_tap &kp ((((0x07) << 16) | (0x4F)))>,
2025-12-17T17:31:56.6315640Z                 <&macro_tap &kp ((((0x07) << 16) | (0x4F)))>,
2025-12-17T17:31:56.6315755Z                 <&macro_release &kp (((((0x07) << 16) | (0xE0))))>;
2025-12-17T17:31:56.6315823Z         };
2025-12-17T17:31:56.6315827Z 
2025-12-17T17:31:56.6315914Z         ctrl_five_lefts: ctrl_five_lefts {
2025-12-17T17:31:56.6316012Z             compatible = "zmk,behavior-macro";
2025-12-17T17:31:56.6316089Z             #binding-cells = <0>;
2025-12-17T17:31:56.6316157Z             wait-ms = <30>;
2025-12-17T17:31:56.6316232Z             tap-ms = <30>;
2025-12-17T17:31:56.6316297Z             bindings =
2025-12-17T17:31:56.6316399Z                 <&macro_press &kp (((((0x07) << 16) | (0xE0))))>,
2025-12-17T17:31:56.6316490Z                 <&macro_tap &kp ((((0x07) << 16) | (0x50)))>,
2025-12-17T17:31:56.6316575Z                 <&macro_tap &kp ((((0x07) << 16) | (0x50)))>,
2025-12-17T17:31:56.6316664Z                 <&macro_tap &kp ((((0x07) << 16) | (0x50)))>,
2025-12-17T17:31:56.6316750Z                 <&macro_tap &kp ((((0x07) << 16) | (0x50)))>,
2025-12-17T17:31:56.6316833Z                 <&macro_tap &kp ((((0x07) << 16) | (0x50)))>,
2025-12-17T17:31:56.6316942Z                 <&macro_release &kp (((((0x07) << 16) | (0xE0))))>;
2025-12-17T17:31:56.6317001Z         };
2025-12-17T17:31:56.6317005Z 
2025-12-17T17:31:56.6317074Z         win_z_4: win_z_4 {
2025-12-17T17:31:56.6317167Z             compatible = "zmk,behavior-macro";
2025-12-17T17:31:56.6317240Z             #binding-cells = <0>;
2025-12-17T17:31:56.6317312Z             wait-ms = <500>;
2025-12-17T17:31:56.6317384Z             tap-ms = <50>;
2025-12-17T17:31:56.6317687Z             bindings = <&kp (((((0x07) << 16) | (0x29)))) &kp (0x08 << 24 | ((((0x07) << 16) | (0x1D)))) &macro_wait_time 1000 &kp (((((0x07) << 16) | (0x21)))) &kp (((((0x07) << 16) | (0x28))))>;
2025-12-17T17:31:56.6317753Z         };
2025-12-17T17:31:56.6317757Z 
2025-12-17T17:31:56.6317825Z         win_z_5: win_z_5 {
2025-12-17T17:31:56.6317911Z             compatible = "zmk,behavior-macro";
2025-12-17T17:31:56.6317992Z             #binding-cells = <0>;
2025-12-17T17:31:56.6318060Z             wait-ms = <500>;
2025-12-17T17:31:56.6318206Z             tap-ms = <50>;
2025-12-17T17:31:56.6318507Z             bindings = <&kp (((((0x07) << 16) | (0x29)))) &kp (0x08 << 24 | ((((0x07) << 16) | (0x1D)))) &macro_wait_time 1000 &kp (((((0x07) << 16) | (0x22)))) &kp (((((0x07) << 16) | (0x28))))>;
2025-12-17T17:31:56.6318566Z         };
2025-12-17T17:31:56.6318570Z 
2025-12-17T17:31:56.6318650Z         win_z_6: win_z_6 {
2025-12-17T17:31:56.6318743Z             compatible = "zmk,behavior-macro";
2025-12-17T17:31:56.6318819Z             #binding-cells = <0>;
2025-12-17T17:31:56.6318893Z             wait-ms = <500>;
2025-12-17T17:31:56.6318960Z             tap-ms = <50>;
2025-12-17T17:31:56.6319245Z             bindings = <&kp (((((0x07) << 16) | (0x29)))) &kp (0x08 << 24 | ((((0x07) << 16) | (0x1D)))) &macro_wait_time 1000 &kp (((((0x07) << 16) | (0x23)))) &kp (((((0x07) << 16) | (0x28))))>;
2025-12-17T17:31:56.6319309Z         };
2025-12-17T17:31:56.6319313Z 
2025-12-17T17:31:56.6319381Z         win_z_7: win_z_7 {
2025-12-17T17:31:56.6319473Z             compatible = "zmk,behavior-macro";
2025-12-17T17:31:56.6319549Z             #binding-cells = <0>;
2025-12-17T17:31:56.6319617Z             wait-ms = <500>;
2025-12-17T17:31:56.6319847Z             tap-ms = <50>;
2025-12-17T17:31:56.6320236Z             bindings = <&kp (((((0x07) << 16) | (0x29)))) &kp (0x08 << 24 | ((((0x07) << 16) | (0x1D)))) &macro_wait_time 1000 &kp (((((0x07) << 16) | (0x24)))) &kp (((((0x07) << 16) | (0x28))))>;
2025-12-17T17:31:56.6320302Z         };
2025-12-17T17:31:56.6320306Z 
2025-12-17T17:31:56.6320380Z         win_z_8: win_z_8 {
2025-12-17T17:31:56.6320465Z             compatible = "zmk,behavior-macro";
2025-12-17T17:31:56.6320546Z             #binding-cells = <0>;
2025-12-17T17:31:56.6320614Z             wait-ms = <500>;
2025-12-17T17:31:56.6320681Z             tap-ms = <50>;
2025-12-17T17:31:56.6320965Z             bindings = <&kp (((((0x07) << 16) | (0x29)))) &kp (0x08 << 24 | ((((0x07) << 16) | (0x1D)))) &macro_wait_time 1000 &kp (((((0x07) << 16) | (0x25)))) &kp (((((0x07) << 16) | (0x28))))>;
2025-12-17T17:31:56.6321029Z         };
2025-12-17T17:31:56.6321033Z 
2025-12-17T17:31:56.6321131Z         win_alt_shift_comma: win_alt_shift_comma {
2025-12-17T17:31:56.6321222Z             compatible = "zmk,behavior-macro";
2025-12-17T17:31:56.6321296Z             #binding-cells = <0>;
2025-12-17T17:31:56.6321369Z             wait-ms = <30>;
2025-12-17T17:31:56.6321440Z             tap-ms = <30>;
2025-12-17T17:31:56.6321601Z             bindings = <&kp (0x08 << 24 | (0x04 << 24 | (0x02 << 24 | ((((0x07) << 16) | (0x36))))))>;
2025-12-17T17:31:56.6321667Z         };
2025-12-17T17:31:56.6321671Z 
2025-12-17T17:31:56.6321756Z         win_alt_shift_n: win_alt_shift_n {
2025-12-17T17:31:56.6321842Z             compatible = "zmk,behavior-macro";
2025-12-17T17:31:56.6321921Z             #binding-cells = <0>;
2025-12-17T17:31:56.6321990Z             wait-ms = <30>;
2025-12-17T17:31:56.6322056Z             tap-ms = <30>;
2025-12-17T17:31:56.6322215Z             bindings = <&kp (0x08 << 24 | (0x04 << 24 | (0x02 << 24 | ((((0x07) << 16) | (0x11))))))>;
2025-12-17T17:31:56.6322279Z         };
2025-12-17T17:31:56.6322283Z 
2025-12-17T17:31:56.6322386Z         ctrl_shift_home_del: ctrl_shift_home_del {
2025-12-17T17:31:56.6322472Z             compatible = "zmk,behavior-macro";
2025-12-17T17:31:56.6322544Z             #binding-cells = <0>;
2025-12-17T17:31:56.6322624Z             wait-ms = <30>;
2025-12-17T17:31:56.6322690Z             tap-ms = <30>;
2025-12-17T17:31:56.6322868Z             bindings = <&kp (0x01 << 24 | (0x02 << 24 | ((((0x07) << 16) | (0x4A))))) &kp ((((0x07) << 16) | (0x4C)))>;
2025-12-17T17:31:56.6322937Z         };
2025-12-17T17:31:56.6322941Z 
2025-12-17T17:31:56.6323033Z         ctrl_shift_end_del: ctrl_shift_end_del {
2025-12-17T17:31:56.6323125Z             compatible = "zmk,behavior-macro";
2025-12-17T17:31:56.6323199Z             #binding-cells = <0>;
2025-12-17T17:31:56.6323266Z             wait-ms = <30>;
2025-12-17T17:31:56.6323339Z             tap-ms = <30>;
2025-12-17T17:31:56.6323619Z             bindings = <&kp (0x01 << 24 | (0x02 << 24 | ((((0x07) << 16) | (0x4D))))) &kp ((((0x07) << 16) | (0x4C)))>;
2025-12-17T17:31:56.6323677Z         };
2025-12-17T17:31:56.6323681Z 
2025-12-17T17:31:56.6323767Z         shift_home_del: shift_home_del {
2025-12-17T17:31:56.6323850Z             compatible = "zmk,behavior-macro";
2025-12-17T17:31:56.6323934Z             #binding-cells = <0>;
2025-12-17T17:31:56.6324000Z             wait-ms = <30>;
2025-12-17T17:31:56.6324066Z             tap-ms = <30>;
2025-12-17T17:31:56.6324231Z             bindings = <&kp (0x02 << 24 | ((((0x07) << 16) | (0x4A)))) &kp ((((0x07) << 16) | (0x4C)))>;
2025-12-17T17:31:56.6324290Z         };
2025-12-17T17:31:56.6324293Z 
2025-12-17T17:31:56.6324375Z         shift_end_del: shift_end_del {
2025-12-17T17:31:56.6324466Z             compatible = "zmk,behavior-macro";
2025-12-17T17:31:56.6324541Z             #binding-cells = <0>;
2025-12-17T17:31:56.6324606Z             wait-ms = <30>;
2025-12-17T17:31:56.6324686Z             tap-ms = <30>;
2025-12-17T17:31:56.6324839Z             bindings = <&kp (0x02 << 24 | ((((0x07) << 16) | (0x4D)))) &kp ((((0x07) << 16) | (0x4C)))>;
2025-12-17T17:31:56.6324904Z         };
2025-12-17T17:31:56.6324909Z 
2025-12-17T17:31:56.6324995Z         select_all_copy: select_all_copy {
2025-12-17T17:31:56.6325149Z             compatible = "zmk,behavior-macro";
2025-12-17T17:31:56.6325232Z             #binding-cells = <0>;
2025-12-17T17:31:56.6325303Z             label = "SACPY";
2025-12-17T17:31:56.6325369Z             wait-ms = <20>;
2025-12-17T17:31:56.6325439Z             tap-ms = <20>;
2025-12-17T17:31:56.6325609Z             bindings = <&kp (0x01 << 24 | ((((0x07) << 16) | (0x04)))) &kp (0x01 << 24 | ((((0x07) << 16) | (0x06))))>;
2025-12-17T17:31:56.6325669Z         };
2025-12-17T17:31:56.6325678Z 
2025-12-17T17:31:56.6325758Z         select_all_cut: select_all_cut {
2025-12-17T17:31:56.6325841Z             compatible = "zmk,behavior-macro";
2025-12-17T17:31:56.6325919Z             #binding-cells = <0>;
2025-12-17T17:31:56.6325990Z             label = "SAX";
2025-12-17T17:31:56.6326057Z             wait-ms = <20>;
2025-12-17T17:31:56.6326132Z             tap-ms = <20>;
2025-12-17T17:31:56.6326295Z             bindings = <&kp (0x01 << 24 | ((((0x07) << 16) | (0x04)))) &kp (0x01 << 24 | ((((0x07) << 16) | (0x1B))))>;
2025-12-17T17:31:56.6326357Z         };
2025-12-17T17:31:56.6326361Z 
2025-12-17T17:31:56.6326446Z         select_all_del: select_all_del {
2025-12-17T17:31:56.6326530Z             compatible = "zmk,behavior-macro";
2025-12-17T17:31:56.6326606Z             #binding-cells = <0>;
2025-12-17T17:31:56.6326674Z             label = "SADEL";
2025-12-17T17:31:56.6326740Z             wait-ms = <20>;
2025-12-17T17:31:56.6326811Z             tap-ms = <20>;
2025-12-17T17:31:56.6326963Z             bindings = <&kp (0x01 << 24 | ((((0x07) << 16) | (0x04)))) &kp ((((0x07) << 16) | (0x4C)))>;
2025-12-17T17:31:56.6327023Z         };
2025-12-17T17:31:56.6327027Z 
2025-12-17T17:31:56.6327111Z         morph_left: morph_left {
2025-12-17T17:31:56.6327210Z             compatible = "zmk,behavior-mod-morph";
2025-12-17T17:31:56.6327281Z             #binding-cells = <0>;
2025-12-17T17:31:56.6327382Z             bindings = <&five_lefts>, <&five_lefts>;
2025-12-17T17:31:56.6327456Z             mods = <(0x01 | 0x10)>;
2025-12-17T17:31:56.6327542Z             keep-mods = <(0x01 | 0x10)>;
2025-12-17T17:31:56.6327601Z         };
2025-12-17T17:31:56.6327605Z 
2025-12-17T17:31:56.6327683Z         morph_right: morph_right {
2025-12-17T17:31:56.6327782Z             compatible = "zmk,behavior-mod-morph";
2025-12-17T17:31:56.6327855Z             #binding-cells = <0>;
2025-12-17T17:31:56.6327953Z             bindings = <&five_rights>, <&five_rights>;
2025-12-17T17:31:56.6328031Z             mods = <(0x01 | 0x10)>;
2025-12-17T17:31:56.6328107Z             keep-mods = <(0x01 | 0x10)>;
2025-12-17T17:31:56.6328166Z         };
2025-12-17T17:31:56.6328175Z 
2025-12-17T17:31:56.6328249Z         morph_up: morph_up {
2025-12-17T17:31:56.6328418Z             compatible = "zmk,behavior-mod-morph";
2025-12-17T17:31:56.6328498Z             #binding-cells = <0>;
2025-12-17T17:31:56.6328624Z             bindings = <&five_ups>, <&kp ((((0x0C) << 16) | (0xB5)))>;
2025-12-17T17:31:56.6328694Z             mods = <(0x01 | 0x10)>;
2025-12-17T17:31:56.6328760Z         };
2025-12-17T17:31:56.6328764Z 
2025-12-17T17:31:56.6328842Z         morph_down: morph_down {
2025-12-17T17:31:56.6328931Z             compatible = "zmk,behavior-mod-morph";
2025-12-17T17:31:56.6329010Z             #binding-cells = <0>;
2025-12-17T17:31:56.6329143Z             bindings = <&five_downs>, <&kp (((((0x0C) << 16) | (0xB6))))>;
2025-12-17T17:31:56.6329219Z             mods = <(0x01 | 0x10)>;
2025-12-17T17:31:56.6329280Z         };
2025-12-17T17:31:56.6329284Z 
2025-12-17T17:31:56.6329358Z         prev_win: prev_win {
2025-12-17T17:31:56.6329452Z                 compatible = "zmk,behavior-macro";
2025-12-17T17:31:56.6329531Z                 #binding-cells = <0>;
2025-12-17T17:31:56.6329632Z                 label = "PREV_WIN";
2025-12-17T17:31:56.6329934Z                 bindings = <&kp (0x04 << 24 | ((((0x07) << 16) | (0x2B))))>;
2025-12-17T17:31:56.6329999Z             };
2025-12-17T17:31:56.6330003Z 
2025-12-17T17:31:56.6330094Z         second_prev_win: second_prev_win {
2025-12-17T17:31:56.6330294Z                 compatible = "zmk,behavior-macro";
2025-12-17T17:31:56.6330377Z                 #binding-cells = <0>;
2025-12-17T17:31:56.6330459Z                 label = "SEC_PREV_WIN";
2025-12-17T17:31:56.6330528Z                 wait-ms = <30>;
2025-12-17T17:31:56.6330606Z                 tap-ms = <30>;
2025-12-17T17:31:56.6330674Z                 bindings =
2025-12-17T17:31:56.6330788Z                     <&macro_press &kp (((((0x07) << 16) | (0xE2))))>,
2025-12-17T17:31:56.6330884Z                     <&macro_tap &kp ((((0x07) << 16) | (0x2B)))>,
2025-12-17T17:31:56.6330975Z                     <&macro_tap &kp ((((0x07) << 16) | (0x2B)))>,
2025-12-17T17:31:56.6331089Z                     <&macro_release &kp (((((0x07) << 16) | (0xE2))))>;
2025-12-17T17:31:56.6331152Z         };
2025-12-17T17:31:56.6331157Z 
2025-12-17T17:31:56.6331230Z         meh_press: meh_press {
2025-12-17T17:31:56.6331330Z             compatible = "zmk,behavior-macro";
2025-12-17T17:31:56.6331403Z             #binding-cells = <0>;
2025-12-17T17:31:56.6331533Z             bindings = <&macro_press &kp (((((0x07) << 16) | (0xE0))))
2025-12-17T17:31:56.6331628Z                         &macro_press &kp (((((0x07) << 16) | (0xE2))))
2025-12-17T17:31:56.6331732Z                         &macro_press &kp (((((0x07) << 16) | (0xE1))))>;
2025-12-17T17:31:56.6331794Z         };
2025-12-17T17:31:56.6331798Z 
2025-12-17T17:31:56.6331870Z         caw_press: caw_press {
2025-12-17T17:31:56.6331958Z             compatible = "zmk,behavior-macro";
2025-12-17T17:31:56.6332045Z             #binding-cells = <0>;
2025-12-17T17:31:56.6332161Z             bindings = <&macro_press &kp (((((0x07) << 16) | (0xE0))))
2025-12-17T17:31:56.6332257Z                         &macro_press &kp (((((0x07) << 16) | (0xE2))))
2025-12-17T17:31:56.6332361Z                         &macro_press &kp (((((0x07) << 16) | (0xE3))))>;
2025-12-17T17:31:56.6332419Z         };
2025-12-17T17:31:56.6332423Z 
2025-12-17T17:31:56.6332505Z         meh_release: meh_release {
2025-12-17T17:31:56.6332593Z             compatible = "zmk,behavior-macro";
2025-12-17T17:31:56.6332664Z             #binding-cells = <0>;
2025-12-17T17:31:56.6332789Z             bindings = <&macro_release &kp (((((0x07) << 16) | (0xE0))))
2025-12-17T17:31:56.6332885Z                         &macro_release &kp (((((0x07) << 16) | (0xE2))))
2025-12-17T17:31:56.6332988Z                         &macro_release &kp (((((0x07) << 16) | (0xE1))))>;
2025-12-17T17:31:56.6333054Z         };
2025-12-17T17:31:56.6333058Z 
2025-12-17T17:31:56.6333132Z         caw_release: caw_release {
2025-12-17T17:31:56.6333220Z             compatible = "zmk,behavior-macro";
2025-12-17T17:31:56.6333291Z             #binding-cells = <0>;
2025-12-17T17:31:56.6333522Z             bindings = <&macro_release &kp (((((0x07) << 16) | (0xE0))))
2025-12-17T17:31:56.6333621Z                         &macro_release &kp (((((0x07) << 16) | (0xE2))))
2025-12-17T17:31:56.6333722Z                         &macro_release &kp (((((0x07) << 16) | (0xE3))))>;
2025-12-17T17:31:56.6333781Z         };
2025-12-17T17:31:56.6333788Z 
2025-12-17T17:31:56.6333858Z         meh_a: meh_a {
2025-12-17T17:31:56.6333942Z             compatible = "zmk,behavior-macro";
2025-12-17T17:31:56.6334017Z             #binding-cells = <0>;
2025-12-17T17:31:56.6334086Z             label = "MEH_A";
2025-12-17T17:31:56.6334263Z             bindings = <&meh_press &macro_tap &kp ((((0x07) << 16) | (0x04))) &meh_release>;
2025-12-17T17:31:56.6334327Z         };
2025-12-17T17:31:56.6334331Z 
2025-12-17T17:31:56.6334395Z         meh_s: meh_s {
2025-12-17T17:31:56.6334479Z             compatible = "zmk,behavior-macro";
2025-12-17T17:31:56.6334555Z             #binding-cells = <0>;
2025-12-17T17:31:56.6334625Z             label = "MEH_S";
2025-12-17T17:31:56.6334789Z             bindings = <&meh_press &macro_tap &kp ((((0x07) << 16) | (0x16))) &meh_release>;
2025-12-17T17:31:56.6334852Z         };
2025-12-17T17:31:56.6334855Z 
2025-12-17T17:31:56.6334918Z         meh_d: meh_d {
2025-12-17T17:31:56.6335080Z             compatible = "zmk,behavior-macro";
2025-12-17T17:31:56.6335155Z             #binding-cells = <0>;
2025-12-17T17:31:56.6335223Z             label = "MEH_D";
2025-12-17T17:31:56.6335393Z             bindings = <&meh_press &macro_tap &kp ((((0x07) << 16) | (0x07))) &meh_release>;
2025-12-17T17:31:56.6335451Z         };
2025-12-17T17:31:56.6335455Z 
2025-12-17T17:31:56.6335518Z         meh_f: meh_f {
2025-12-17T17:31:56.6335605Z             compatible = "zmk,behavior-macro";
2025-12-17T17:31:56.6335676Z             #binding-cells = <0>;
2025-12-17T17:31:56.6335748Z             label = "MEH_F";
2025-12-17T17:31:56.6335909Z             bindings = <&meh_press &macro_tap &kp ((((0x07) << 16) | (0x09))) &meh_release>;
2025-12-17T17:31:56.6335971Z         };
2025-12-17T17:31:56.6335975Z 
2025-12-17T17:31:56.6336043Z         caw_a: caw_a {
2025-12-17T17:31:56.6336128Z             compatible = "zmk,behavior-macro";
2025-12-17T17:31:56.6336200Z             #binding-cells = <0>;
2025-12-17T17:31:56.6336272Z             label = "CAW_A";
2025-12-17T17:31:56.6336432Z             bindings = <&caw_press &macro_tap &kp ((((0x07) << 16) | (0x04))) &caw_release>;
2025-12-17T17:31:56.6336492Z         };
2025-12-17T17:31:56.6336500Z 
2025-12-17T17:31:56.6336564Z         caw_s: caw_s {
2025-12-17T17:31:56.6336647Z             compatible = "zmk,behavior-macro";
2025-12-17T17:31:56.6336723Z             #binding-cells = <0>;
2025-12-17T17:31:56.6336789Z             label = "CAW_S";
2025-12-17T17:31:56.6336949Z             bindings = <&caw_press &macro_tap &kp ((((0x07) << 16) | (0x16))) &caw_release>;
2025-12-17T17:31:56.6337010Z         };
2025-12-17T17:31:56.6337014Z 
2025-12-17T17:31:56.6337079Z         caw_d: caw_d {
2025-12-17T17:31:56.6337167Z             compatible = "zmk,behavior-macro";
2025-12-17T17:31:56.6337243Z             #binding-cells = <0>;
2025-12-17T17:31:56.6337309Z             label = "CAW_D";
2025-12-17T17:31:56.6337472Z             bindings = <&caw_press &macro_tap &kp ((((0x07) << 16) | (0x07))) &caw_release>;
2025-12-17T17:31:56.6337535Z         };
2025-12-17T17:31:56.6337539Z 
2025-12-17T17:31:56.6337601Z         caw_f: caw_f {
2025-12-17T17:31:56.6337688Z             compatible = "zmk,behavior-macro";
2025-12-17T17:31:56.6337761Z             #binding-cells = <0>;
2025-12-17T17:31:56.6337827Z             label = "CAW_F";
2025-12-17T17:31:56.6337996Z             bindings = <&caw_press &macro_tap &kp ((((0x07) << 16) | (0x09))) &caw_release>;
2025-12-17T17:31:56.6338055Z         };
2025-12-17T17:31:56.6338058Z 
2025-12-17T17:31:56.6338122Z         caw_q: caw_q {
2025-12-17T17:31:56.6338211Z             compatible = "zmk,behavior-macro";
2025-12-17T17:31:56.6338283Z             #binding-cells = <0>;
2025-12-17T17:31:56.6338434Z             label = "CAW_Q";
2025-12-17T17:31:56.6338594Z             bindings = <&caw_press &macro_tap &kp ((((0x07) << 16) | (0x14))) &caw_release>;
2025-12-17T17:31:56.6338654Z         };
2025-12-17T17:31:56.6338658Z 
2025-12-17T17:31:56.6338726Z         caw_w: caw_w {
2025-12-17T17:31:56.6338813Z             compatible = "zmk,behavior-macro";
2025-12-17T17:31:56.6338885Z             #binding-cells = <0>;
2025-12-17T17:31:56.6338957Z             label = "CAW_W";
2025-12-17T17:31:56.6339116Z             bindings = <&caw_press &macro_tap &kp ((((0x07) << 16) | (0x1A))) &caw_release>;
2025-12-17T17:31:56.6339178Z         };
2025-12-17T17:31:56.6339181Z 
2025-12-17T17:31:56.6339243Z         caw_e: caw_e {
2025-12-17T17:31:56.6339326Z             compatible = "zmk,behavior-macro";
2025-12-17T17:31:56.6339402Z             #binding-cells = <0>;
2025-12-17T17:31:56.6339466Z             label = "CAW_E";
2025-12-17T17:31:56.6339624Z             bindings = <&caw_press &macro_tap &kp ((((0x07) << 16) | (0x08))) &caw_release>;
2025-12-17T17:31:56.6339828Z         };
2025-12-17T17:31:56.6339832Z 
2025-12-17T17:31:56.6339897Z         caw_r: caw_r {
2025-12-17T17:31:56.6339981Z             compatible = "zmk,behavior-macro";
2025-12-17T17:31:56.6340056Z             #binding-cells = <0>;
2025-12-17T17:31:56.6340228Z             label = "CAW_R";
2025-12-17T17:31:56.6340403Z             bindings = <&caw_press &macro_tap &kp ((((0x07) << 16) | (0x15))) &caw_release>;
2025-12-17T17:31:56.6340461Z         };
2025-12-17T17:31:56.6340465Z 
2025-12-17T17:31:56.6340539Z         td_n7_l: tap_dance_n7_l {
2025-12-17T17:31:56.6340642Z             compatible = "zmk,behavior-tap-dance";
2025-12-17T17:31:56.6340713Z             #binding-cells = <0>;
2025-12-17T17:31:56.6340792Z             tapping-term-ms = <400>;
2025-12-17T17:31:56.6341047Z             bindings = <&kp (0x08 << 24 | (0x04 << 24 | (0x02 << 24 | (((((0x07) << 16) | (0x27)))))))>, <&kp (0x08 << 24 | (0x04 << 24 | (0x02 << 24 | ((((0x07) << 16) | (0x0D))))))>;
2025-12-17T17:31:56.6341110Z         };
2025-12-17T17:31:56.6341113Z 
2025-12-17T17:31:56.6341191Z         ht_n0_td: hold_tap_n0_td {
2025-12-17T17:31:56.6341286Z             compatible = "zmk,behavior-hold-tap";
2025-12-17T17:31:56.6341357Z             #binding-cells = <2>;
2025-12-17T17:31:56.6341442Z             flavor = "tap-preferred";
2025-12-17T17:31:56.6341521Z             tapping-term-ms = <200>;
2025-12-17T17:31:56.6341600Z             bindings = <&kp>, <&td_n7_l>;
2025-12-17T17:31:56.6341662Z         };
2025-12-17T17:31:56.6341666Z 
2025-12-17T17:31:56.6341740Z         td_as_qs: tap_dance_as_qs {
2025-12-17T17:31:56.6341837Z             compatible = "zmk,behavior-tap-dance";
2025-12-17T17:31:56.6341908Z             #binding-cells = <0>;
2025-12-17T17:31:56.6341982Z             tapping-term-ms = <400>;
2025-12-17T17:31:56.6342209Z             bindings = <&kp (0x04 << 24 | (0x02 << 24 | ((((0x07) << 16) | (0x14)))))>, <&kp (0x04 << 24 | (0x02 << 24 | ((((0x07) << 16) | (0x1A)))))>;
2025-12-17T17:31:56.6342274Z         };
2025-12-17T17:31:56.6342278Z 
2025-12-17T17:31:56.6342357Z         ht_as_w_td: hold_tap_as_w_td {
2025-12-17T17:31:56.6342454Z             compatible = "zmk,behavior-hold-tap";
2025-12-17T17:31:56.6342525Z             #binding-cells = <2>;
2025-12-17T17:31:56.6342604Z             flavor = "tap-preferred";
2025-12-17T17:31:56.6342685Z             tapping-term-ms = <200>;
2025-12-17T17:31:56.6342766Z             bindings = <&kp>, <&td_as_qs>;
2025-12-17T17:31:56.6342829Z         };
2025-12-17T17:31:56.6342833Z 
2025-12-17T17:31:56.6342916Z         td_prev_sw: tap_dance_prev_win {
2025-12-17T17:31:56.6343011Z             compatible = "zmk,behavior-tap-dance";
2025-12-17T17:31:56.6343088Z             #binding-cells = <0>;
2025-12-17T17:31:56.6343164Z             tapping-term-ms = <400>;
2025-12-17T17:31:56.6343266Z             bindings = <&prev_win>, <&second_prev_win>;
2025-12-17T17:31:56.6343330Z         };
2025-12-17T17:31:56.6343333Z 
2025-12-17T17:31:56.6343540Z         td_was_comma_n: tap_dance_was_comma_n {
2025-12-17T17:31:56.6343636Z             compatible = "zmk,behavior-tap-dance";
2025-12-17T17:31:56.6343709Z             #binding-cells = <0>;
2025-12-17T17:31:56.6343785Z             tapping-term-ms = <400>;
2025-12-17T17:31:56.6343909Z             bindings = <&win_alt_shift_comma>, <&win_alt_shift_n>;
2025-12-17T17:31:56.6343973Z         };
2025-12-17T17:31:56.6343976Z 
2025-12-17T17:31:56.6344060Z         ht_wz4_prev_td: hold_tap_wz4_prev {
2025-12-17T17:31:56.6344154Z             compatible = "zmk,behavior-hold-tap";
2025-12-17T17:31:56.6344228Z             #binding-cells = <2>;
2025-12-17T17:31:56.6344304Z             flavor = "tap-preferred";
2025-12-17T17:31:56.6344384Z             tapping-term-ms = <200>;
2025-12-17T17:31:56.6344469Z             bindings = <&win_z_4>, <&td_prev_sw>;
2025-12-17T17:31:56.6344533Z         };
2025-12-17T17:31:56.6344537Z 
2025-12-17T17:31:56.6344618Z         ht_wz4_was_td: hold_tap_wz4_was {
2025-12-17T17:31:56.6344706Z             compatible = "zmk,behavior-hold-tap";
2025-12-17T17:31:56.6344786Z             #binding-cells = <2>;
2025-12-17T17:31:56.6344863Z             flavor = "tap-preferred";
2025-12-17T17:31:56.6344936Z             tapping-term-ms = <200>;
2025-12-17T17:31:56.6345034Z             bindings = <&win_z_4>, <&td_was_comma_n>;
2025-12-17T17:31:56.6345091Z         };
2025-12-17T17:31:56.6345165Z 
2025-12-17T17:31:56.6345263Z         td_ctrl_alt_bv: tap_dance_ctrl_alt_bv {
2025-12-17T17:31:56.6345354Z             compatible = "zmk,behavior-tap-dance";
2025-12-17T17:31:56.6345427Z             #binding-cells = <0>;
2025-12-17T17:31:56.6345505Z             tapping-term-ms = <400>;
2025-12-17T17:31:56.6345715Z             bindings = <&kp (0x01 << 24 | (0x04 << 24 | ((((0x07) << 16) | (0x05)))))>, <&kp (0x01 << 24 | (0x04 << 24 | ((((0x07) << 16) | (0x19)))))>;
2025-12-17T17:31:56.6345774Z         };
2025-12-17T17:31:56.6345779Z 
2025-12-17T17:31:56.6345871Z         ht_was1_cabv_td: hold_tap_was1_cabv {
2025-12-17T17:31:56.6345963Z             compatible = "zmk,behavior-hold-tap";
2025-12-17T17:31:56.6346036Z             #binding-cells = <2>;
2025-12-17T17:31:56.6346119Z             flavor = "tap-preferred";
2025-12-17T17:31:56.6346193Z             tapping-term-ms = <200>;
2025-12-17T17:31:56.6346282Z             bindings = <&kp>, <&td_ctrl_alt_bv>;
2025-12-17T17:31:56.6346343Z         };
2025-12-17T17:31:56.6346347Z 
2025-12-17T17:31:56.6346433Z         td_ctx_sa_cut: tap_dance_ctx_sa_cut {
2025-12-17T17:31:56.6346529Z             compatible = "zmk,behavior-tap-dance";
2025-12-17T17:31:56.6346601Z             #binding-cells = <0>;
2025-12-17T17:31:56.6346675Z             tapping-term-ms = <400>;
2025-12-17T17:31:56.6346810Z             bindings = <&kp (((((0x07) << 16) | (0x65))))>, <&select_all_cut>;
2025-12-17T17:31:56.6346869Z         };
2025-12-17T17:31:56.6346873Z 
2025-12-17T17:31:56.6346970Z         ht_lghome_ctx_td: hold_tap_lghome_ctx {
2025-12-17T17:31:56.6347059Z             compatible = "zmk,behavior-hold-tap";
2025-12-17T17:31:56.6347135Z             #binding-cells = <2>;
2025-12-17T17:31:56.6347218Z             flavor = "tap-preferred";
2025-12-17T17:31:56.6347291Z             tapping-term-ms = <200>;
2025-12-17T17:31:56.6347371Z             bindings = <&kp>, <&td_ctx_sa_cut>;
2025-12-17T17:31:56.6347438Z         };
2025-12-17T17:31:56.6347442Z 
2025-12-17T17:31:56.6347531Z         td_ps_sa_copy: tap_dance_ps_sa_copy {
2025-12-17T17:31:56.6347620Z             compatible = "zmk,behavior-tap-dance";
2025-12-17T17:31:56.6347697Z             #binding-cells = <0>;
2025-12-17T17:31:56.6347771Z             tapping-term-ms = <400>;
2025-12-17T17:31:56.6347962Z             bindings = <&kp (0x08 << 24 | (0x04 << 24 | (0x02 << 24 | ((((0x07) << 16) | (0x0D))))))>, <&select_all_copy>;
2025-12-17T17:31:56.6348022Z         };
2025-12-17T17:31:56.6348026Z 
2025-12-17T17:31:56.6348114Z         ht_lgshfte_ps_td: hold_tap_lgshfte_ps {
2025-12-17T17:31:56.6348208Z             compatible = "zmk,behavior-hold-tap";
2025-12-17T17:31:56.6348356Z             #binding-cells = <2>;
2025-12-17T17:31:56.6348432Z             flavor = "tap-preferred";
2025-12-17T17:31:56.6348514Z             tapping-term-ms = <200>;
2025-12-17T17:31:56.6348645Z             bindings = <&lg_home_alt_tab_ctrl_home>, <&td_ps_sa_copy>;
2025-12-17T17:31:56.6348707Z         };
2025-12-17T17:31:56.6348710Z 
2025-12-17T17:31:56.6348791Z         mt_cshome: modtap_cshome {
2025-12-17T17:31:56.6348879Z             compatible = "zmk,behavior-hold-tap";
2025-12-17T17:31:56.6348954Z             #binding-cells = <2>;
2025-12-17T17:31:56.6349029Z             flavor = "tap-preferred";
2025-12-17T17:31:56.6349103Z             tapping-term-ms = <200>;
2025-12-17T17:31:56.6349178Z             bindings = <&kp>, <&kp>;
2025-12-17T17:31:56.6349238Z         };
2025-12-17T17:31:56.6349242Z 
2025-12-17T17:31:56.6349319Z         mt_csend: modtap_csend {
2025-12-17T17:31:56.6349412Z             compatible = "zmk,behavior-hold-tap";
2025-12-17T17:31:56.6349485Z             #binding-cells = <2>;
2025-12-17T17:31:56.6349567Z             flavor = "tap-preferred";
2025-12-17T17:31:56.6349639Z             tapping-term-ms = <200>;
2025-12-17T17:31:56.6349816Z             bindings = <&kp>, <&kp>;
2025-12-17T17:31:56.6349879Z         };
2025-12-17T17:31:56.6349883Z 
2025-12-17T17:31:56.6349960Z         mt_ctrl: modtap_ctrl_generic {
2025-12-17T17:31:56.6350153Z             compatible = "zmk,behavior-hold-tap";
2025-12-17T17:31:56.6350237Z             #binding-cells = <2>;
2025-12-17T17:31:56.6350312Z             flavor = "tap-preferred";
2025-12-17T17:31:56.6350385Z             tapping-term-ms = <200>;
2025-12-17T17:31:56.6350458Z             bindings = <&kp>, <&kp>;
2025-12-17T17:31:56.6350515Z         };
2025-12-17T17:31:56.6350519Z 
2025-12-17T17:31:56.6350609Z         ht_cshome_del: hold_tap_cshome_del {
2025-12-17T17:31:56.6350696Z             compatible = "zmk,behavior-hold-tap";
2025-12-17T17:31:56.6350767Z             #binding-cells = <2>;
2025-12-17T17:31:56.6350844Z             flavor = "tap-preferred";
2025-12-17T17:31:56.6350920Z             tapping-term-ms = <200>;
2025-12-17T17:31:56.6351037Z             bindings = <&ctrl_shift_home_del>, <&shift_home_del>;
2025-12-17T17:31:56.6351100Z         };
2025-12-17T17:31:56.6351103Z 
2025-12-17T17:31:56.6351186Z         ht_csend_del: hold_tap_csend_del {
2025-12-17T17:31:56.6351278Z             compatible = "zmk,behavior-hold-tap";
2025-12-17T17:31:56.6351353Z             #binding-cells = <2>;
2025-12-17T17:31:56.6351428Z             flavor = "tap-preferred";
2025-12-17T17:31:56.6351506Z             tapping-term-ms = <200>;
2025-12-17T17:31:56.6351620Z             bindings = <&ctrl_shift_end_del>, <&shift_end_del>;
2025-12-17T17:31:56.6351678Z         };
2025-12-17T17:31:56.6351682Z 
2025-12-17T17:31:56.6351769Z         ht_was6_altf4: hold_tap_was6_altf4 {
2025-12-17T17:31:56.6351857Z             compatible = "zmk,behavior-hold-tap";
2025-12-17T17:31:56.6351929Z             #binding-cells = <2>;
2025-12-17T17:31:56.6352013Z             flavor = "tap-preferred";
2025-12-17T17:31:56.6352091Z             tapping-term-ms = <200>;
2025-12-17T17:31:56.6352166Z             bindings = <&kp>, <&kp>;
2025-12-17T17:31:56.6352225Z         };
2025-12-17T17:31:56.6352229Z 
2025-12-17T17:31:56.6352346Z         lg_home_alt_tab_ctrl_home: lg_home_alt_tab_ctrl_home {
2025-12-17T17:31:56.6352442Z             compatible = "zmk,behavior-macro";
2025-12-17T17:31:56.6352517Z             #binding-cells = <0>;
2025-12-17T17:31:56.6352603Z             label = "LG_HOME_ALT_TAB_CTRL_HOME";
2025-12-17T17:31:56.6352678Z             wait-ms = <50>;
2025-12-17T17:31:56.6352748Z             tap-ms = <50>;
2025-12-17T17:31:56.6352813Z             bindings =
2025-12-17T17:31:56.6352942Z                 <&macro_tap &kp (0x08 << 24 | ((((0x07) << 16) | (0x4A))))>,
2025-12-17T17:31:56.6353017Z                 <&macro_wait_time 100>,
2025-12-17T17:31:56.6353127Z                 <&macro_press &kp (((((0x07) << 16) | (0xE2))))>,
2025-12-17T17:31:56.6353221Z                 <&macro_tap &kp ((((0x07) << 16) | (0x2B)))>,
2025-12-17T17:31:56.6353443Z                 <&macro_wait_time 50>,
2025-12-17T17:31:56.6353568Z                 <&macro_tap &kp (0x01 << 24 | ((((0x07) << 16) | (0x4A))))>,
2025-12-17T17:31:56.6353643Z                 <&macro_wait_time 50>,
2025-12-17T17:31:56.6353750Z                 <&macro_release &kp (((((0x07) << 16) | (0xE2))))>;
2025-12-17T17:31:56.6353818Z         };
2025-12-17T17:31:56.6353822Z 
2025-12-17T17:31:56.6353907Z         td_win_win_h: tap_dance_win_win_h {
2025-12-17T17:31:56.6354011Z             compatible = "zmk,behavior-tap-dance";
2025-12-17T17:31:56.6354089Z             #binding-cells = <0>;
2025-12-17T17:31:56.6354168Z             tapping-term-ms = <200>;
2025-12-17T17:31:56.6354391Z             bindings = <&kp (0x08 << 24 | (0x04 << 24 | (0x02 << 24 | ((((0x07) << 16) | (0x18))))))>, <&kp (0x08 << 24 | ((((0x07) << 16) | (0x0B))))>;
2025-12-17T17:31:56.6354453Z         };
2025-12-17T17:31:56.6354456Z 
2025-12-17T17:31:56.6354540Z         ht_mo2_win_td: hold_tap_mo2_win {
2025-12-17T17:31:56.6354640Z             compatible = "zmk,behavior-hold-tap";
2025-12-17T17:31:56.6354713Z             #binding-cells = <2>;
2025-12-17T17:31:56.6354805Z             flavor = "tap-preferred";
2025-12-17T17:31:56.6354884Z             tapping-term-ms = <200>;
2025-12-17T17:31:56.6354968Z             bindings = <&mo>, <&td_win_win_h>;
2025-12-17T17:31:56.6355099Z         };
2025-12-17T17:31:56.6355104Z 
2025-12-17T17:31:56.6355199Z         td_enter_was_u: tap_dance_enter_was_u {
2025-12-17T17:31:56.6355297Z             compatible = "zmk,behavior-tap-dance";
2025-12-17T17:31:56.6355376Z             #binding-cells = <0>;
2025-12-17T17:31:56.6355450Z             tapping-term-ms = <400>;
2025-12-17T17:31:56.6355654Z             bindings = <&kp (((((0x07) << 16) | (0x28))))>, <&kp (0x08 << 24 | (0x04 << 24 | (0x02 << 24 | ((((0x07) << 16) | (0x18))))))>;
2025-12-17T17:31:56.6355718Z         };
2025-12-17T17:31:56.6355722Z 
2025-12-17T17:31:56.6355825Z         ht_mo2_enter_was_u: hold_tap_mo2_enter_was_u {
2025-12-17T17:31:56.6355932Z             compatible = "zmk,behavior-hold-tap";
2025-12-17T17:31:56.6356006Z             #binding-cells = <2>;
2025-12-17T17:31:56.6356086Z             flavor = "tap-preferred";
2025-12-17T17:31:56.6356164Z             tapping-term-ms = <200>;
2025-12-17T17:31:56.6356252Z             bindings = <&mo>, <&td_enter_was_u>;
2025-12-17T17:31:56.6356311Z         };
2025-12-17T17:31:56.6356315Z 
2025-12-17T17:31:56.6356439Z         td_maximize_minimize: tap_dance_maximize_minimize {
2025-12-17T17:31:56.6356536Z             compatible = "zmk,behavior-tap-dance";
2025-12-17T17:31:56.6356614Z             #binding-cells = <0>;
2025-12-17T17:31:56.6356690Z             tapping-term-ms = <400>;
2025-12-17T17:31:56.6356939Z             bindings = <&kp (0x08 << 24 | (0x04 << 24 | (0x02 << 24 | (((((0x07) << 16) | (0x23)))))))>, <&kp (0x08 << 24 | (0x04 << 24 | (0x02 << 24 | ((((0x07) << 16) | (0x10))))))>;
2025-12-17T17:31:56.6357003Z         };
2025-12-17T17:31:56.6357010Z 
2025-12-17T17:31:56.6357109Z         ht_close_window_td: hold_tap_close_window {
2025-12-17T17:31:56.6357206Z             compatible = "zmk,behavior-hold-tap";
2025-12-17T17:31:56.6357285Z             #binding-cells = <2>;
2025-12-17T17:31:56.6357363Z             flavor = "tap-preferred";
2025-12-17T17:31:56.6357446Z             tapping-term-ms = <200>;
2025-12-17T17:31:56.6357549Z             bindings = <&kp>, <&td_maximize_minimize>;
2025-12-17T17:31:56.6357608Z         };
2025-12-17T17:31:56.6357611Z 
2025-12-17T17:31:56.6357677Z     };
2025-12-17T17:31:56.6357784Z # 649 "/tmp/zmk-config/config/eyelash_sofle.keymap"
2025-12-17T17:31:56.6357848Z     keymap {
2025-12-17T17:31:56.6357938Z         compatible = "zmk,keymap";
2025-12-17T17:31:56.6357943Z 
2025-12-17T17:31:56.6358003Z         layer0 {
2025-12-17T17:31:56.6358075Z             bindings = <
2025-12-17T17:31:56.6358583Z &kp (((((0x07) << 16) | (0x29)))) &kp (((((0x07) << 16) | (0x1E)))) &kp (((((0x07) << 16) | (0x1F)))) &kp (((((0x07) << 16) | (0x20)))) &kp (((((0x07) << 16) | (0x21)))) &kp (((((0x07) << 16) | (0x22)))) &kp ((((0x07) << 16) | (0x52))) &kp (((((0x07) << 16) | (0x23)))) &kp (((((0x07) << 16) | (0x24)))) &kp (((((0x07) << 16) | (0x25)))) &kp (((((0x07) << 16) | (0x26)))) &kp (((((0x07) << 16) | (0x27)))) &kp ((((0x07) << 16) | (0x2A)))
2025-12-17T17:31:56.6359194Z &kp ((((0x07) << 16) | (0x2B))) &kp ((((0x07) << 16) | (0x14))) &kp ((((0x07) << 16) | (0x1A))) &kp ((((0x07) << 16) | (0x08))) &kp ((((0x07) << 16) | (0x15))) &kp ((((0x07) << 16) | (0x17))) &kp ((((0x07) << 16) | (0x51))) &kp ((((0x07) << 16) | (0x1C))) &kp ((((0x07) << 16) | (0x18))) &kp ((((0x07) << 16) | (0x0C))) &kp ((((0x07) << 16) | (0x12))) &kp ((((0x07) << 16) | (0x13))) &ht_as_w_td (0x04 << 24 | (0x02 << 24 | ((((0x07) << 16) | (0x16))))) 0
2025-12-17T17:31:56.6359932Z &kp (((((0x07) << 16) | (0x39)))) &kp ((((0x07) << 16) | (0x04))) &kp ((((0x07) << 16) | (0x16))) &kp ((((0x07) << 16) | (0x07))) &kp ((((0x07) << 16) | (0x09))) &kp ((((0x07) << 16) | (0x0A))) &kp ((((0x07) << 16) | (0x50))) &kp ((((0x07) << 16) | (0x0B))) &kp ((((0x07) << 16) | (0x0D))) &kp ((((0x07) << 16) | (0x0E))) &kp ((((0x07) << 16) | (0x0F))) &ht_n0_td (0x08 << 24 | (0x04 << 24 | (0x02 << 24 | (((((0x07) << 16) | (0x24))))))) 0 &ht_was1_cabv_td (0x08 << 24 | (0x04 << 24 | (0x02 << 24 | (((((0x07) << 16) | (0x1E))))))) 0
2025-12-17T17:31:56.6360588Z &kp (((((0x07) << 16) | (0xE1)))) &kp ((((0x07) << 16) | (0x1D))) &kp ((((0x07) << 16) | (0x1B))) &kp ((((0x07) << 16) | (0x06))) &kp ((((0x07) << 16) | (0x19))) &kp ((((0x07) << 16) | (0x05))) &kp ((((0x07) << 16) | (0x4F))) &kp ((((0x07) << 16) | (0x11))) &kp ((((0x07) << 16) | (0x10))) &kp ((((0x07) << 16) | (0x36))) &kp (((((0x07) << 16) | (0x37)))) &ht_close_window_td (0x04 << 24 | ((((0x07) << 16) | (0x3D)))) 0 &kp (((((0x07) << 16) | (0x28))))
2025-12-17T17:31:56.6361146Z &kp ((((0x0C) << 16) | (0xCD))) &kp (((((0x07) << 16) | (0xE0)))) &kp ((((0x07) << 16) | (0xE3))) &kp ((((0x07) << 16) | (0xE2))) &kp ((((0x07) << 16) | (0x2C))) &mo 1 &trans &ht_mo2_enter_was_u 2 0 &kp (0x08 << 24 | (0x04 << 24 | ((((0x07) << 16) | (0xE1))))) &ht_lgshfte_ps_td 0 0 &ht_lghome_ctx_td (0x08 << 24 | (0x02 << 24 | ((((0x07) << 16) | (0x08))))) 0 &kp ((((0x07) << 16) | (0x4C)))
2025-12-17T17:31:56.6361216Z             >;
2025-12-17T17:31:56.6361220Z 
2025-12-17T17:31:56.6361411Z             sensor-bindings = <&inc_dec_kp ((((0x0C) << 16) | (0xE9))) (((((0x0C) << 16) | (0xEA))))>;
2025-12-17T17:31:56.6361489Z             display-name = "LAYER0";
2025-12-17T17:31:56.6361553Z         };
2025-12-17T17:31:56.6361556Z 
2025-12-17T17:31:56.6361618Z         layer_1 {
2025-12-17T17:31:56.6361690Z             bindings = <
2025-12-17T17:31:56.6362500Z &kp ((((0x07) << 16) | (0x44))) &kp ((((0x07) << 16) | (0x3A))) &kp ((((0x07) << 16) | (0x3B))) &kp ((((0x07) << 16) | (0x3C))) &kp ((((0x07) << 16) | (0x3D))) &kp ((((0x07) << 16) | (0x3E))) &trans &kp ((((0x07) << 16) | (0x3F))) &kp ((((0x07) << 16) | (0x40))) &kp ((((0x07) << 16) | (0x41))) &kp ((((0x07) << 16) | (0x42))) &kp ((((0x07) << 16) | (0x43))) &kp ((((0x07) << 16) | (0x45)))
2025-12-17T17:31:56.6363670Z &prev_win &second_prev_win &trans &win_z_4 &win_z_5 &win_z_6 &trans &trans &mmv 0 &kp ((((0x07) << 16) | (0x30))) &kp (((((0x07) << 16) | (0x38)))) &kp (((((0x07) << 16) | (0x33)))) &kp (0x01 << 24 | (0x04 << 24 | ((((0x07) << 16) | (0x1A)))))
2025-12-17T17:31:56.6364440Z &trans &caw_q &caw_w &caw_e &caw_r &win_z_7 &trans &mmv 2 &mmv 1 &mmv 3 &kp ((((0x07) << 16) | (0x2D))) &kp ((((0x07) << 16) | (0x2E))) &kp (((((0x07) << 16) | (0x34))))
2025-12-17T17:31:56.6365346Z &kp (((((0x07) << 16) | (0xE1)))) &caw_a &caw_s &caw_d &caw_f &win_z_8 &trans &kp ((0x02 << 24 | (((0x07) << 16) | (0x35)))) &kp ((((0x07) << 16) | (0x35))) &kp ((((0x07) << 16) | (0x54))) &kp (0x02 << 24 | ((((0x07) << 16) | (0x2E)))) &kp (0x02 << 24 | ((((0x07) << 16) | (0x2D)))) &kp ((((0x07) << 16) | (0x2F)))
2025-12-17T17:31:56.6366368Z &kp ((((0x0C) << 16) | (0xE2))) &kp (((((0x07) << 16) | (0xE0)))) &trans &kp ((((0x07) << 16) | (0xE2))) &trans &trans &trans &kp (0x02 << 24 | (((((0x07) << 16) | (0x38))))) &kp (0x02 << 24 | (((((0x07) << 16) | (0x34))))) &kp (0x02 << 24 | ((((0x07) << 16) | (0x2F)))) &kp ((((0x07) << 16) | (0x64))) &kp (0x04 << 24 | (0x02 << 24 | ((((0x07) << 16) | (0x16)))))
2025-12-17T17:31:56.6367394Z             >;
2025-12-17T17:31:56.6367510Z 
2025-12-17T17:31:56.6367597Z             display-name = "layer1";
2025-12-17T17:31:56.6368052Z             sensor-bindings = <&inc_dec_kp (0x01 << 24 | (0x02 << 24 | ((((0x07) << 16) | (0x2E))))) (0x01 << 24 | ((((0x07) << 16) | (0x2D))))>;
2025-12-17T17:31:56.6368434Z         };
2025-12-17T17:31:56.6368534Z 
2025-12-17T17:31:56.6368598Z         layer_2 {
2025-12-17T17:31:56.6368774Z             bindings = <
2025-12-17T17:31:56.6370190Z &ht_was6_altf4 (0x08 << 24 | (0x04 << 24 | (0x02 << 24 | (((((0x07) << 16) | (0x23))))))) (0x04 << 24 | ((((0x07) << 16) | (0x3D)))) &bt 3 0 &bt 3 3 &bt 3 2 &kp (0x08 << 24 | ((((0x07) << 16) | (0x4A)))) &kp (0x08 << 24 | (0x02 << 24 | ((((0x07) << 16) | (0x08))))) &morph_up &mt_cshome (0x01 << 24 | (0x02 << 24 | ((((0x07) << 16) | (0x4A))))) (0x02 << 24 | ((((0x07) << 16) | (0x4A)))) &mt_csend (0x01 << 24 | (0x02 << 24 | ((((0x07) << 16) | (0x4D))))) (0x02 << 24 | ((((0x07) << 16) | (0x4D)))) &ht_cshome_del 0 0 &ht_csend_del 0 0 &mt_ctrl (0x01 << 24 | ((((0x07) << 16) | (0x4A)))) ((((0x07) << 16) | (0x4A))) &mt_ctrl (0x01 << 24 | ((((0x07) << 16) | (0x4D)))) ((((0x07) << 16) | (0x4D)))
2025-12-17T17:31:56.6371961Z &trans &trans &trans &trans &trans &kp (0x08 << 24 | (((((0x07) << 16) | (0x37))))) &morph_down &kp (0x04 << 24 | ((((0x07) << 16) | (0x46)))) &kp ((((0x07) << 16) | (0x52))) &kp (((((0x07) << 16) | (0x4B)))) &kp (((((0x07) << 16) | (0x4E)))) &mt_ctrl (0x01 << 24 | (0x02 << 24 | (((((0x07) << 16) | (0x4B)))))) (0x01 << 24 | (((((0x07) << 16) | (0x4B))))) &mt_ctrl (0x01 << 24 | (0x02 << 24 | (((((0x07) << 16) | (0x4E)))))) (0x01 << 24 | (((((0x07) << 16) | (0x4E)))))
2025-12-17T17:31:56.6373036Z &trans &trans &trans &trans &kp (0x01 << 24 | (0x02 << 24 | ((((0x07) << 16) | (0x19))))) &trans &morph_left &kp ((((0x07) << 16) | (0x50))) &kp ((((0x07) << 16) | (0x51))) &kp ((((0x07) << 16) | (0x4F))) &trans &trans &trans
2025-12-17T17:31:56.6374002Z &trans &trans &trans &trans &kp (0x01 << 24 | (0x04 << 24 | ((((0x07) << 16) | (0x19))))) &kp (0x01 << 24 | (0x04 << 24 | ((((0x07) << 16) | (0x05))))) &morph_right &trans &trans &trans &trans &kp (0x08 << 24 | (0x04 << 24 | (0x02 << 24 | (((((0x07) << 16) | (0x21))))))) &kp (0x08 << 24 | (0x04 << 24 | (0x02 << 24 | (((((0x07) << 16) | (0x22)))))))
2025-12-17T17:31:56.6374824Z &bt 0 0 &kp (((((0x07) << 16) | (0xE0)))) &trans &trans &trans &trans &trans &trans &trans &trans &trans &select_all_del
2025-12-17T17:31:56.6375194Z             >;
2025-12-17T17:31:56.6375298Z 
2025-12-17T17:31:56.6375370Z         };
2025-12-17T17:31:56.6375463Z 
2025-12-17T17:31:56.6375526Z         layer_3 {
2025-12-17T17:31:56.6375719Z             bindings = <
2025-12-17T17:31:56.6376048Z &trans &trans &trans &trans &trans &trans &trans &trans &trans &trans &trans &trans &trans
2025-12-17T17:31:56.6376527Z &trans &trans &trans &trans &trans &trans &trans &trans &trans &trans &trans &trans &trans
2025-12-17T17:31:56.6377000Z &trans &trans &trans &trans &trans &trans &trans &trans &trans &trans &trans &trans &trans
2025-12-17T17:31:56.6377471Z &trans &trans &trans &trans &trans &trans &trans &trans &trans &trans &trans &trans &trans
2025-12-17T17:31:56.6377932Z &trans &trans &trans &trans &trans &trans &trans &trans &trans &trans &trans &trans
2025-12-17T17:31:56.6378259Z             >;
2025-12-17T17:31:56.6378422Z         };
2025-12-17T17:31:56.6378573Z     };
2025-12-17T17:31:56.6378717Z };
2025-12-17T17:31:56.6378932Z # 2 "/tmp/zmk-config/config/eyelash_sofle_right.keymap" 2
2025-12-17T17:31:56.6379250Z # 0 "<command-line>" 2
2025-12-17T17:31:56.6379463Z # 1 "/tmp/zmk-config/zephyr/misc/empty_file.c"
2025-12-17T17:31:56.6439568Z Post job cleanup.
2025-12-17T17:31:56.6443395Z ##[command]/usr/bin/docker exec  027e8b90fe60b4626995c3ad1e154c0fe10e313cbe8f70165463e6ac8d5c29e7 sh -c "cat /etc/*release | grep ^ID"
2025-12-17T17:31:56.8385771Z [command]/usr/bin/git version
2025-12-17T17:31:56.8428326Z git version 2.43.0
2025-12-17T17:31:56.8478237Z Temporarily overriding HOME='/__w/_temp/9fa322ea-d88e-42e6-ba82-00cd45b98f83' before making global git config changes
2025-12-17T17:31:56.8479430Z Adding repository directory to the temporary git global config as a safe directory
2025-12-17T17:31:56.8485647Z [command]/usr/bin/git config --global --add safe.directory /__w/zmk-sofle/zmk-sofle
2025-12-17T17:31:56.8524761Z [command]/usr/bin/git config --local --name-only --get-regexp core\.sshCommand
2025-12-17T17:31:56.8569605Z [command]/usr/bin/git submodule foreach --recursive sh -c "git config --local --name-only --get-regexp 'core\.sshCommand' && git config --local --unset-all 'core.sshCommand' || :"
2025-12-17T17:31:56.8806815Z [command]/usr/bin/git config --local --name-only --get-regexp http\.https\:\/\/github\.com\/\.extraheader
2025-12-17T17:31:56.8828320Z http.https://github.com/.extraheader
2025-12-17T17:31:56.8841393Z [command]/usr/bin/git config --local --unset-all http.https://github.com/.extraheader
2025-12-17T17:31:56.8871701Z [command]/usr/bin/git submodule foreach --recursive sh -c "git config --local --name-only --get-regexp 'http\.https\:\/\/github\.com\/\.extraheader' && git config --local --unset-all 'http.https://github.com/.extraheader' || :"
2025-12-17T17:31:56.9105273Z [command]/usr/bin/git config --local --name-only --get-regexp ^includeIf\.gitdir:
2025-12-17T17:31:56.9135886Z [command]/usr/bin/git submodule foreach --recursive git config --local --show-origin --name-only --get-regexp remote.origin.url
2025-12-17T17:31:56.9485800Z Stop and remove container: 5025808528f94468b9a640c12f480b38_zmkfirmwarezmkbuildarmstable_2d0dd5
2025-12-17T17:31:56.9490772Z ##[command]/usr/bin/docker rm --force 027e8b90fe60b4626995c3ad1e154c0fe10e313cbe8f70165463e6ac8d5c29e7
2025-12-17T17:32:00.9800996Z 027e8b90fe60b4626995c3ad1e154c0fe10e313cbe8f70165463e6ac8d5c29e7
2025-12-17T17:32:00.9833638Z Remove container network: github_network_338a286abf4146a6b6af3008ec0d35ae
2025-12-17T17:32:00.9838904Z ##[command]/usr/bin/docker network rm github_network_338a286abf4146a6b6af3008ec0d35ae
2025-12-17T17:32:01.1046675Z github_network_338a286abf4146a6b6af3008ec0d35ae
2025-12-17T17:32:01.1104960Z Cleaning up orphan processes