2025-12-17T17:26:18.4641366Z Current runner version: '2.329.0'
2025-12-17T17:26:18.4665261Z ##[group]Runner Image Provisioner
2025-12-17T17:26:18.4666484Z Hosted Compute Agent
2025-12-17T17:26:18.4667008Z Version: 20251202.455
2025-12-17T17:26:18.4667606Z Commit: 6c10caca4910e198df60de23adf20ad317c474e3
2025-12-17T17:26:18.4668304Z Build Date: 2025-12-02T15:56:59Z
2025-12-17T17:26:18.4668967Z Worker ID: {7077a214-fab9-4c7c-900b-d1172bc62aae}
2025-12-17T17:26:18.4669665Z ##[endgroup]
2025-12-17T17:26:18.4670218Z ##[group]Operating System
2025-12-17T17:26:18.4670786Z Ubuntu
2025-12-17T17:26:18.4671216Z 24.04.3
2025-12-17T17:26:18.4671691Z LTS
2025-12-17T17:26:18.4672129Z ##[endgroup]
2025-12-17T17:26:18.4672645Z ##[group]Runner Image
2025-12-17T17:26:18.4673137Z Image: ubuntu-24.04
2025-12-17T17:26:18.4673708Z Version: 20251208.163.1
2025-12-17T17:26:18.4674668Z Included Software: https://github.com/actions/runner-images/blob/ubuntu24/20251208.163/images/ubuntu/Ubuntu2404-Readme.md
2025-12-17T17:26:18.4676569Z Image Release: https://github.com/actions/runner-images/releases/tag/ubuntu24%2F20251208.163
2025-12-17T17:26:18.4677573Z ##[endgroup]
2025-12-17T17:26:18.4680467Z ##[group]GITHUB_TOKEN Permissions
2025-12-17T17:26:18.4682671Z Actions: write
2025-12-17T17:26:18.4683204Z ArtifactMetadata: write
2025-12-17T17:26:18.4683804Z Attestations: write
2025-12-17T17:26:18.4684309Z Checks: write
2025-12-17T17:26:18.4684753Z Contents: write
2025-12-17T17:26:18.4685295Z Deployments: write
2025-12-17T17:26:18.4686099Z Discussions: write
2025-12-17T17:26:18.4686566Z Issues: write
2025-12-17T17:26:18.4687104Z Metadata: read
2025-12-17T17:26:18.4687557Z Models: read
2025-12-17T17:26:18.4688037Z Packages: write
2025-12-17T17:26:18.4688537Z Pages: write
2025-12-17T17:26:18.4689070Z PullRequests: write
2025-12-17T17:26:18.4689730Z RepositoryProjects: write
2025-12-17T17:26:18.4690350Z SecurityEvents: write
2025-12-17T17:26:18.4690889Z Statuses: write
2025-12-17T17:26:18.4691341Z ##[endgroup]
2025-12-17T17:26:18.4693774Z Secret source: Actions
2025-12-17T17:26:18.4694773Z Prepare workflow directory
2025-12-17T17:26:18.5091303Z Prepare all required actions
2025-12-17T17:26:18.5138180Z Getting action download info
2025-12-17T17:26:18.9771185Z Download action repository 'actions/checkout@v4' (SHA:34e114876b0b11c390a56381ad16ebd13914f8d5)
2025-12-17T17:26:19.0760109Z Download action repository 'actions/cache@v4' (SHA:0057852bfaa89a56745cba8c7296529d2fc39830)
2025-12-17T17:26:19.1759764Z Download action repository 'actions/upload-artifact@v4' (SHA:ea165f8d65b6e75b540449e92b4886f43607fa02)
2025-12-17T17:26:19.3719576Z Uses: zmkfirmware/zmk/.github/workflows/build-user-config.yml@0820991901a95ab7a0eb1f1cc608a631d514e26c
2025-12-17T17:26:19.3724113Z ##[group] Inputs
2025-12-17T17:26:19.3724599Z   build_matrix_path: build.yaml
2025-12-17T17:26:19.3725087Z   config_path: config
2025-12-17T17:26:19.3725705Z   fallback_binary: bin
2025-12-17T17:26:19.3726168Z   archive_name: firmware
2025-12-17T17:26:19.3726628Z ##[endgroup]
2025-12-17T17:26:19.3727493Z Complete job name: build / Build (eyelash_sofle_left, nice_view, studio-rpc-usb-uart, -DCONFIG_ZMK_STUDIO=y -DCONFIG_ZMK_STU...
2025-12-17T17:26:19.4213411Z ##[group]Checking docker version
2025-12-17T17:26:19.4226343Z ##[command]/usr/bin/docker version --format '{{.Server.APIVersion}}'
2025-12-17T17:26:19.5051394Z '1.48'
2025-12-17T17:26:19.5064323Z Docker daemon API version: '1.48'
2025-12-17T17:26:19.5065047Z ##[command]/usr/bin/docker version --format '{{.Client.APIVersion}}'
2025-12-17T17:26:19.5250206Z '1.48'
2025-12-17T17:26:19.5264337Z Docker client API version: '1.48'
2025-12-17T17:26:19.5271044Z ##[endgroup]
2025-12-17T17:26:19.5275948Z ##[group]Clean up resources from previous jobs
2025-12-17T17:26:19.5281614Z ##[command]/usr/bin/docker ps --all --quiet --no-trunc --filter "label=2aca6c"
2025-12-17T17:26:19.5451297Z ##[command]/usr/bin/docker network prune --force --filter "label=2aca6c"
2025-12-17T17:26:19.5588786Z ##[endgroup]
2025-12-17T17:26:19.5589258Z ##[group]Create local container network
2025-12-17T17:26:19.5599801Z ##[command]/usr/bin/docker network create --label 2aca6c github_network_20ba34618e9540d7a45a9bd7aa359d7a
2025-12-17T17:26:19.6141936Z 67824139414e4540b38942f67cefab330eed4899369b852e47616bb1f3ae6184
2025-12-17T17:26:19.6161004Z ##[endgroup]
2025-12-17T17:26:19.6184243Z ##[group]Starting job container
2025-12-17T17:26:19.6205062Z ##[command]/usr/bin/docker pull zmkfirmware/zmk-build-arm:stable
2025-12-17T17:26:20.6084291Z stable: Pulling from zmkfirmware/zmk-build-arm
2025-12-17T17:26:20.9797023Z a1a21c96bc16: Pulling fs layer
2025-12-17T17:26:20.9798338Z 80b3f0d914b4: Pulling fs layer
2025-12-17T17:26:20.9799307Z 39f6267735b8: Pulling fs layer
2025-12-17T17:26:21.3550705Z a1a21c96bc16: Verifying Checksum
2025-12-17T17:26:21.3552258Z a1a21c96bc16: Download complete
2025-12-17T17:26:22.6355667Z a1a21c96bc16: Pull complete
2025-12-17T17:26:22.8624468Z 80b3f0d914b4: Verifying Checksum
2025-12-17T17:26:22.8630885Z 80b3f0d914b4: Download complete
2025-12-17T17:26:23.0315150Z 39f6267735b8: Verifying Checksum
2025-12-17T17:26:23.0316439Z 39f6267735b8: Download complete
2025-12-17T17:26:31.5334087Z 80b3f0d914b4: Pull complete
2025-12-17T17:26:42.0875038Z 39f6267735b8: Pull complete
2025-12-17T17:26:42.0936803Z Digest: sha256:edb1c953438c6f720ddb79c3762f3972013b7fbbaf4fff3592fc869983e7afc5
2025-12-17T17:26:42.0958516Z Status: Downloaded newer image for zmkfirmware/zmk-build-arm:stable
2025-12-17T17:26:42.0971774Z docker.io/zmkfirmware/zmk-build-arm:stable
2025-12-17T17:26:42.1049689Z ##[command]/usr/bin/docker create --name b81904ee8fdc45b9b575bb08eb975ceb_zmkfirmwarezmkbuildarmstable_80e229 --label 2aca6c --workdir /__w/zmk-sofle/zmk-sofle --network github_network_20ba34618e9540d7a45a9bd7aa359d7a  -e "HOME=/github/home" -e GITHUB_ACTIONS=true -e CI=true -v "/var/run/docker.sock":"/var/run/docker.sock" -v "/home/runner/work":"/__w" -v "/home/runner/actions-runner/cached/externals":"/__e":ro -v "/home/runner/work/_temp":"/__w/_temp" -v "/home/runner/work/_actions":"/__w/_actions" -v "/opt/hostedtoolcache":"/__t" -v "/home/runner/work/_temp/_github_home":"/github/home" -v "/home/runner/work/_temp/_github_workflow":"/github/workflow" --entrypoint "tail" zmkfirmware/zmk-build-arm:stable "-f" "/dev/null"
2025-12-17T17:26:42.1326762Z 0680cc8e1a98f8b7db3069f26cc38b2f26b8f452d083d2655a65c43ad1ba4f17
2025-12-17T17:26:42.1348508Z ##[command]/usr/bin/docker start 0680cc8e1a98f8b7db3069f26cc38b2f26b8f452d083d2655a65c43ad1ba4f17
2025-12-17T17:26:42.3050272Z 0680cc8e1a98f8b7db3069f26cc38b2f26b8f452d083d2655a65c43ad1ba4f17
2025-12-17T17:26:42.3075937Z ##[command]/usr/bin/docker ps --all --filter id=0680cc8e1a98f8b7db3069f26cc38b2f26b8f452d083d2655a65c43ad1ba4f17 --filter status=running --no-trunc --format "{{.ID}} {{.Status}}"
2025-12-17T17:26:42.3197454Z 0680cc8e1a98f8b7db3069f26cc38b2f26b8f452d083d2655a65c43ad1ba4f17 Up Less than a second
2025-12-17T17:26:42.3218250Z ##[command]/usr/bin/docker inspect --format "{{range .Config.Env}}{{println .}}{{end}}" 0680cc8e1a98f8b7db3069f26cc38b2f26b8f452d083d2655a65c43ad1ba4f17
2025-12-17T17:26:42.3335135Z HOME=/github/home
2025-12-17T17:26:42.3335756Z GITHUB_ACTIONS=true
2025-12-17T17:26:42.3336571Z CI=true
2025-12-17T17:26:42.3337012Z PATH=/usr/local/sbin:/usr/local/bin:/usr/sbin:/usr/bin:/sbin:/bin
2025-12-17T17:26:42.3337420Z DEBIAN_FRONTEND=noninteractive
2025-12-17T17:26:42.3337690Z ZEPHYR_VERSION=4.1.0
2025-12-17T17:26:42.3354645Z ##[endgroup]
2025-12-17T17:26:42.3363757Z ##[group]Waiting for all services to be ready
2025-12-17T17:26:42.3365340Z ##[endgroup]
2025-12-17T17:26:42.3615718Z ##[group]Run actions/checkout@v4
2025-12-17T17:26:42.3616359Z with:
2025-12-17T17:26:42.3616622Z   repository: duducm2/zmk-sofle
2025-12-17T17:26:42.3617083Z   token: ***
2025-12-17T17:26:42.3617299Z   ssh-strict: true
2025-12-17T17:26:42.3617532Z   ssh-user: git
2025-12-17T17:26:42.3617757Z   persist-credentials: true
2025-12-17T17:26:42.3618012Z   clean: true
2025-12-17T17:26:42.3618237Z   sparse-checkout-cone-mode: true
2025-12-17T17:26:42.3618515Z   fetch-depth: 1
2025-12-17T17:26:42.3618741Z   fetch-tags: false
2025-12-17T17:26:42.3619205Z   show-progress: true
2025-12-17T17:26:42.3619429Z   lfs: false
2025-12-17T17:26:42.3619638Z   submodules: false
2025-12-17T17:26:42.3619868Z   set-safe-directory: true
2025-12-17T17:26:42.3620357Z ##[endgroup]
2025-12-17T17:26:42.3676745Z ##[command]/usr/bin/docker exec  0680cc8e1a98f8b7db3069f26cc38b2f26b8f452d083d2655a65c43ad1ba4f17 sh -c "cat /etc/*release | grep ^ID"
2025-12-17T17:26:42.5701679Z Syncing repository: duducm2/zmk-sofle
2025-12-17T17:26:42.5703694Z ##[group]Getting Git version info
2025-12-17T17:26:42.5704112Z Working directory is '/__w/zmk-sofle/zmk-sofle'
2025-12-17T17:26:42.5704677Z [command]/usr/bin/git version
2025-12-17T17:26:42.5705002Z git version 2.43.0
2025-12-17T17:26:42.5729767Z ##[endgroup]
2025-12-17T17:26:42.5745909Z Temporarily overriding HOME='/__w/_temp/4bf3e944-7fd7-44f8-952c-0a3caa4e6881' before making global git config changes
2025-12-17T17:26:42.5747200Z Adding repository directory to the temporary git global config as a safe directory
2025-12-17T17:26:42.5753025Z [command]/usr/bin/git config --global --add safe.directory /__w/zmk-sofle/zmk-sofle
2025-12-17T17:26:42.5786984Z Deleting the contents of '/__w/zmk-sofle/zmk-sofle'
2025-12-17T17:26:42.5790700Z ##[group]Initializing the repository
2025-12-17T17:26:42.5807246Z [command]/usr/bin/git init /__w/zmk-sofle/zmk-sofle
2025-12-17T17:26:42.5842015Z hint: Using 'master' as the name for the initial branch. This default branch name
2025-12-17T17:26:42.5843886Z hint: is subject to change. To configure the initial branch name to use in all
2025-12-17T17:26:42.5846256Z hint: of your new repositories, which will suppress this warning, call:
2025-12-17T17:26:42.5847982Z hint: 
2025-12-17T17:26:42.5848544Z hint: 	git config --global init.defaultBranch <name>
2025-12-17T17:26:42.5849077Z hint: 
2025-12-17T17:26:42.5849581Z hint: Names commonly chosen instead of 'master' are 'main', 'trunk' and
2025-12-17T17:26:42.5850404Z hint: 'development'. The just-created branch can be renamed via this command:
2025-12-17T17:26:42.5851275Z hint: 
2025-12-17T17:26:42.5851921Z hint: 	git branch -m <name>
2025-12-17T17:26:42.5852703Z Initialized empty Git repository in /__w/zmk-sofle/zmk-sofle/.git/
2025-12-17T17:26:42.5863407Z [command]/usr/bin/git remote add origin https://github.com/duducm2/zmk-sofle
2025-12-17T17:26:42.5896021Z ##[endgroup]
2025-12-17T17:26:42.5896765Z ##[group]Disabling automatic garbage collection
2025-12-17T17:26:42.5899282Z [command]/usr/bin/git config --local gc.auto 0
2025-12-17T17:26:42.5929210Z ##[endgroup]
2025-12-17T17:26:42.5929894Z ##[group]Setting up auth
2025-12-17T17:26:42.5936126Z [command]/usr/bin/git config --local --name-only --get-regexp core\.sshCommand
2025-12-17T17:26:42.5966794Z [command]/usr/bin/git submodule foreach --recursive sh -c "git config --local --name-only --get-regexp 'core\.sshCommand' && git config --local --unset-all 'core.sshCommand' || :"
2025-12-17T17:26:42.6211671Z [command]/usr/bin/git config --local --name-only --get-regexp http\.https\:\/\/github\.com\/\.extraheader
2025-12-17T17:26:42.6243819Z [command]/usr/bin/git submodule foreach --recursive sh -c "git config --local --name-only --get-regexp 'http\.https\:\/\/github\.com\/\.extraheader' && git config --local --unset-all 'http.https://github.com/.extraheader' || :"
2025-12-17T17:26:42.6484759Z [command]/usr/bin/git config --local --name-only --get-regexp ^includeIf\.gitdir:
2025-12-17T17:26:42.6517006Z [command]/usr/bin/git submodule foreach --recursive git config --local --show-origin --name-only --get-regexp remote.origin.url
2025-12-17T17:26:42.6836349Z [command]/usr/bin/git config --local http.https://github.com/.extraheader AUTHORIZATION: basic ***
2025-12-17T17:26:42.6839349Z ##[endgroup]
2025-12-17T17:26:42.6841211Z ##[group]Fetching the repository
2025-12-17T17:26:42.6842542Z [command]/usr/bin/git -c protocol.version=2 fetch --no-tags --prune --no-recurse-submodules --depth=1 origin +3d00e8939e46e2644edfe273a65e15eeed0abae2:refs/remotes/origin/main
2025-12-17T17:26:43.0643670Z From https://github.com/duducm2/zmk-sofle
2025-12-17T17:26:43.0644791Z  * [new ref]         3d00e8939e46e2644edfe273a65e15eeed0abae2 -> origin/main
2025-12-17T17:26:43.0667496Z ##[endgroup]
2025-12-17T17:26:43.0668110Z ##[group]Determining the checkout info
2025-12-17T17:26:43.0676930Z ##[endgroup]
2025-12-17T17:26:43.0677348Z [command]/usr/bin/git sparse-checkout disable
2025-12-17T17:26:43.0711124Z [command]/usr/bin/git config --local --unset-all extensions.worktreeConfig
2025-12-17T17:26:43.0745287Z ##[group]Checking out the ref
2025-12-17T17:26:43.0749965Z [command]/usr/bin/git checkout --progress --force -B main refs/remotes/origin/main
2025-12-17T17:26:43.0834428Z Switched to a new branch 'main'
2025-12-17T17:26:43.0834931Z branch 'main' set up to track 'origin/main'.
2025-12-17T17:26:43.0872067Z ##[endgroup]
2025-12-17T17:26:43.0876117Z [command]/usr/bin/git log -1 --format=%H
2025-12-17T17:26:43.0897038Z 3d00e8939e46e2644edfe273a65e15eeed0abae2
2025-12-17T17:26:43.1094581Z ##[group]Run echo "build_dir=$(mktemp -d)" >> $GITHUB_ENV
2025-12-17T17:26:43.1095108Z [36;1mecho "build_dir=$(mktemp -d)" >> $GITHUB_ENV[0m
2025-12-17T17:26:43.1098348Z shell: sh -e {0}
2025-12-17T17:26:43.1098564Z ##[endgroup]
2025-12-17T17:26:43.1705892Z ##[group]Run if [ -e zephyr/module.yml ]; then
2025-12-17T17:26:43.1706304Z [36;1mif [ -e zephyr/module.yml ]; then[0m
2025-12-17T17:26:43.1706704Z [36;1m  export zmk_load_arg=" -DZMK_EXTRA_MODULES='${GITHUB_WORKSPACE}'"[0m
2025-12-17T17:26:43.1707099Z [36;1m  new_tmp_dir="${TMPDIR:-/tmp}/zmk-config"[0m
2025-12-17T17:26:43.1707399Z [36;1m  mkdir -p "${new_tmp_dir}"[0m
2025-12-17T17:26:43.1707696Z [36;1m  echo "base_dir=${new_tmp_dir}" >> $GITHUB_ENV[0m
2025-12-17T17:26:43.1707978Z [36;1melse[0m
2025-12-17T17:26:43.1708223Z [36;1m  echo "base_dir=${GITHUB_WORKSPACE}" >> $GITHUB_ENV[0m
2025-12-17T17:26:43.1708500Z [36;1mfi[0m
2025-12-17T17:26:43.1708674Z [36;1m[0m
2025-12-17T17:26:43.1708851Z [36;1mif [ -n "${snippet}" ]; then[0m
2025-12-17T17:26:43.1709120Z [36;1m  extra_west_args="-S \"${snippet}\""[0m
2025-12-17T17:26:43.1709389Z [36;1mfi[0m
2025-12-17T17:26:43.1709555Z [36;1m[0m
2025-12-17T17:26:43.1709822Z [36;1mecho "zephyr_version=${ZEPHYR_VERSION}" >> $GITHUB_ENV[0m
2025-12-17T17:26:43.1710192Z [36;1mecho "extra_west_args=${extra_west_args}" >> $GITHUB_ENV[0m
2025-12-17T17:26:43.1710638Z [36;1mecho "extra_cmake_args=${shield:+-DSHIELD=\"$shield\"}${zmk_load_arg}" >> $GITHUB_ENV[0m
2025-12-17T17:26:43.1711113Z [36;1mecho "display_name=${shield:+$shield - }${board}" >> $GITHUB_ENV[0m
2025-12-17T17:26:43.1711574Z [36;1mecho "artifact_name=${artifact_name:-${shield:+$shield-}${board}-zmk}" >> $GITHUB_ENV[0m
2025-12-17T17:26:43.1713497Z shell: sh -x {0}
2025-12-17T17:26:43.1713713Z env:
2025-12-17T17:26:43.1713907Z   build_dir: /tmp/tmp.dtnaIuf0Ae
2025-12-17T17:26:43.1714148Z   board: eyelash_sofle_left
2025-12-17T17:26:43.1714370Z   shield: nice_view
2025-12-17T17:26:43.1714580Z   artifact_name: eyelash_sofle_studio_left
2025-12-17T17:26:43.1714852Z   snippet: studio-rpc-usb-uart
2025-12-17T17:26:43.1715096Z ##[endgroup]
2025-12-17T17:26:43.2342810Z + [ -e zephyr/module.yml ]
2025-12-17T17:26:43.2344247Z + export zmk_load_arg= -DZMK_EXTRA_MODULES='/__w/zmk-sofle/zmk-sofle'
2025-12-17T17:26:43.2345192Z + new_tmp_dir=/tmp/zmk-config
2025-12-17T17:26:43.2345835Z + mkdir -p /tmp/zmk-config
2025-12-17T17:26:43.2354085Z + echo base_dir=/tmp/zmk-config
2025-12-17T17:26:43.2359624Z + [ -n studio-rpc-usb-uart ]
2025-12-17T17:26:43.2360127Z + extra_west_args=-S "studio-rpc-usb-uart"
2025-12-17T17:26:43.2363601Z + echo zephyr_version=4.1.0
2025-12-17T17:26:43.2367266Z + echo extra_west_args=-S "studio-rpc-usb-uart"
2025-12-17T17:26:43.2368680Z + echo extra_cmake_args=-DSHIELD="nice_view" -DZMK_EXTRA_MODULES='/__w/zmk-sofle/zmk-sofle'
2025-12-17T17:26:43.2369417Z + echo display_name=nice_view - eyelash_sofle_left
2025-12-17T17:26:43.2369920Z + echo artifact_name=eyelash_sofle_studio_left
2025-12-17T17:26:43.2431068Z ##[group]Run if [ "/tmp/zmk-config" != "${GITHUB_WORKSPACE}" ]; then
2025-12-17T17:26:43.2431700Z [36;1mif [ "/tmp/zmk-config" != "${GITHUB_WORKSPACE}" ]; then[0m
2025-12-17T17:26:43.2432025Z [36;1m  mkdir "/tmp/zmk-config/config"[0m
2025-12-17T17:26:43.2432314Z [36;1m  cp -R config/* "/tmp/zmk-config/config/"[0m
2025-12-17T17:26:43.2432566Z [36;1mfi[0m
2025-12-17T17:26:43.2432825Z shell: sh -e {0}
2025-12-17T17:26:43.2432992Z env:
2025-12-17T17:26:43.2433166Z   build_dir: /tmp/tmp.dtnaIuf0Ae
2025-12-17T17:26:43.2433388Z   base_dir: /tmp/zmk-config
2025-12-17T17:26:43.2433605Z   zephyr_version: 4.1.0
2025-12-17T17:26:43.2433844Z   extra_west_args: -S "studio-rpc-usb-uart"
2025-12-17T17:26:43.2434226Z   extra_cmake_args: -DSHIELD="nice_view" -DZMK_EXTRA_MODULES='/__w/zmk-sofle/zmk-sofle'
2025-12-17T17:26:43.2434629Z   display_name: nice_view - eyelash_sofle_left
2025-12-17T17:26:43.2434902Z   artifact_name: eyelash_sofle_studio_left
2025-12-17T17:26:43.2435189Z ##[endgroup]
2025-12-17T17:26:43.3786124Z ##[group]Run actions/cache@v4
2025-12-17T17:26:43.3786417Z with:
2025-12-17T17:26:43.3786921Z   path: /tmp/zmk-config/modules/
/tmp/zmk-config/tools/
/tmp/zmk-config/zephyr/
/tmp/zmk-config/bootloader/
/tmp/zmk-config/zmk/

2025-12-17T17:26:43.3787717Z   key: Linux-build-cache-zephyr-4.1.0-modules-de12769b38c449b4a455662604a4cd673f91cb1da855ef143fc87ed83db7f60a
2025-12-17T17:26:43.3788363Z   restore-keys: Linux-build-cache-zephyr-4.1.0-modules-
Linux-build-
Linux-

2025-12-17T17:26:43.3788737Z   enableCrossOsArchive: false
2025-12-17T17:26:43.3788965Z   fail-on-cache-miss: false
2025-12-17T17:26:43.3789167Z   lookup-only: false
2025-12-17T17:26:43.3789351Z   save-always: false
2025-12-17T17:26:43.3789524Z env:
2025-12-17T17:26:43.3789690Z   build_dir: /tmp/tmp.dtnaIuf0Ae
2025-12-17T17:26:43.3789918Z   base_dir: /tmp/zmk-config
2025-12-17T17:26:43.3790119Z   zephyr_version: 4.1.0
2025-12-17T17:26:43.3790341Z   extra_west_args: -S "studio-rpc-usb-uart"
2025-12-17T17:26:43.3790760Z   extra_cmake_args: -DSHIELD="nice_view" -DZMK_EXTRA_MODULES='/__w/zmk-sofle/zmk-sofle'
2025-12-17T17:26:43.3791164Z   display_name: nice_view - eyelash_sofle_left
2025-12-17T17:26:43.3791437Z   artifact_name: eyelash_sofle_studio_left
2025-12-17T17:26:43.3791689Z   cache_name: cache-zephyr-4.1.0-modules
2025-12-17T17:26:43.3791925Z ##[endgroup]
2025-12-17T17:26:43.3795986Z ##[command]/usr/bin/docker exec  0680cc8e1a98f8b7db3069f26cc38b2f26b8f452d083d2655a65c43ad1ba4f17 sh -c "cat /etc/*release | grep ^ID"
2025-12-17T17:26:43.9072139Z Cache hit for: Linux-build-cache-zephyr-4.1.0-modules-de12769b38c449b4a455662604a4cd673f91cb1da855ef143fc87ed83db7f60a
2025-12-17T17:26:45.2260452Z Received 0 of 2008849776 (0.0%), 0.0 MBs/sec
2025-12-17T17:26:46.2273190Z Received 117440512 of 2008849776 (5.8%), 56.0 MBs/sec
2025-12-17T17:26:47.2314357Z Received 213909504 of 2008849776 (10.6%), 67.9 MBs/sec
2025-12-17T17:26:48.2320465Z Received 331350016 of 2008849776 (16.5%), 78.9 MBs/sec
2025-12-17T17:26:49.2331363Z Received 398458880 of 2008849776 (19.8%), 75.9 MBs/sec
2025-12-17T17:26:50.2334472Z Received 494927872 of 2008849776 (24.6%), 78.6 MBs/sec
2025-12-17T17:26:51.2384849Z Received 591396864 of 2008849776 (29.4%), 80.4 MBs/sec
2025-12-17T17:26:52.2439523Z Received 704643072 of 2008849776 (35.1%), 83.8 MBs/sec
2025-12-17T17:26:53.2418177Z Received 805306368 of 2008849776 (40.1%), 85.2 MBs/sec
2025-12-17T17:26:54.3029477Z Received 939524096 of 2008849776 (46.8%), 88.9 MBs/sec
2025-12-17T17:26:55.3035733Z Received 1056964608 of 2008849776 (52.6%), 91.0 MBs/sec
2025-12-17T17:26:56.3036560Z Received 1157627904 of 2008849776 (57.6%), 91.4 MBs/sec
2025-12-17T17:26:57.3041374Z Received 1254096896 of 2008849776 (62.4%), 91.5 MBs/sec
2025-12-17T17:26:58.3050414Z Received 1342177280 of 2008849776 (66.8%), 90.9 MBs/sec
2025-12-17T17:26:59.3651687Z Received 1476395008 of 2008849776 (73.5%), 93.0 MBs/sec
2025-12-17T17:27:00.3650258Z Received 1577058304 of 2008849776 (78.5%), 93.2 MBs/sec
2025-12-17T17:27:01.3705846Z Received 1669332992 of 2008849776 (83.1%), 92.9 MBs/sec
2025-12-17T17:27:02.3693897Z Received 1753219072 of 2008849776 (87.3%), 92.2 MBs/sec
2025-12-17T17:27:03.3702980Z Received 1874853888 of 2008849776 (93.3%), 93.4 MBs/sec
2025-12-17T17:27:04.3707063Z Received 1954545664 of 2008849776 (97.3%), 92.5 MBs/sec
2025-12-17T17:27:04.8179687Z Received 2008849776 of 2008849776 (100.0%), 93.0 MBs/sec
2025-12-17T17:27:04.8183074Z Cache Size: ~1916 MB (2008849776 B)
2025-12-17T17:27:04.8291703Z [command]/usr/bin/tar -xf /__w/_temp/f11887c9-0d64-4f63-a046-1e03592f5cb2/cache.tgz -P -C /__w/zmk-sofle/zmk-sofle -z
2025-12-17T17:27:25.0755984Z Cache restored successfully
2025-12-17T17:27:25.4256426Z Cache restored from key: Linux-build-cache-zephyr-4.1.0-modules-de12769b38c449b4a455662604a4cd673f91cb1da855ef143fc87ed83db7f60a
2025-12-17T17:27:25.4376989Z ##[group]Run west init -l "/tmp/zmk-config/config"
2025-12-17T17:27:25.4377411Z [36;1mwest init -l "/tmp/zmk-config/config"[0m
2025-12-17T17:27:25.4377833Z shell: sh -e {0}
2025-12-17T17:27:25.4378031Z env:
2025-12-17T17:27:25.4378252Z   build_dir: /tmp/tmp.dtnaIuf0Ae
2025-12-17T17:27:25.4378510Z   base_dir: /tmp/zmk-config
2025-12-17T17:27:25.4378725Z   zephyr_version: 4.1.0
2025-12-17T17:27:25.4378962Z   extra_west_args: -S "studio-rpc-usb-uart"
2025-12-17T17:27:25.4379365Z   extra_cmake_args: -DSHIELD="nice_view" -DZMK_EXTRA_MODULES='/__w/zmk-sofle/zmk-sofle'
2025-12-17T17:27:25.4379776Z   display_name: nice_view - eyelash_sofle_left
2025-12-17T17:27:25.4380051Z   artifact_name: eyelash_sofle_studio_left
2025-12-17T17:27:25.4380302Z ##[endgroup]
2025-12-17T17:27:25.6091971Z === Initializing from existing manifest repository config
2025-12-17T17:27:25.6093131Z --- Creating /tmp/zmk-config/.west and local configuration file
2025-12-17T17:27:25.6100256Z === Initialized. Now run "west update" inside /tmp/zmk-config.
2025-12-17T17:27:25.6336896Z ##[group]Run west update
2025-12-17T17:27:25.6337183Z [36;1mwest update[0m
2025-12-17T17:27:25.6337492Z shell: sh -e {0}
2025-12-17T17:27:25.6337676Z env:
2025-12-17T17:27:25.6337859Z   build_dir: /tmp/tmp.dtnaIuf0Ae
2025-12-17T17:27:25.6338134Z   base_dir: /tmp/zmk-config
2025-12-17T17:27:25.6338351Z   zephyr_version: 4.1.0
2025-12-17T17:27:25.6338578Z   extra_west_args: -S "studio-rpc-usb-uart"
2025-12-17T17:27:25.6338994Z   extra_cmake_args: -DSHIELD="nice_view" -DZMK_EXTRA_MODULES='/__w/zmk-sofle/zmk-sofle'
2025-12-17T17:27:25.6339401Z   display_name: nice_view - eyelash_sofle_left
2025-12-17T17:27:25.6339726Z   artifact_name: eyelash_sofle_studio_left
2025-12-17T17:27:25.6339971Z ##[endgroup]
2025-12-17T17:27:25.8842052Z === updating zmk (zmk):
2025-12-17T17:27:26.0229807Z HEAD is now at 08209919 fix(studio): Properly return complete keymap from RPC (#2696)
2025-12-17T17:27:26.0444120Z === updating zephyr (zephyr):
2025-12-17T17:27:26.0471109Z --- zephyr: fetching, need revision v3.5.0+zmk-fixes
2025-12-17T17:27:26.5728482Z From https://github.com/zmkfirmware/zephyr
2025-12-17T17:27:26.5729072Z  * branch                v3.5.0+zmk-fixes -> FETCH_HEAD
2025-12-17T17:27:27.7145376Z HEAD is now at dacab4875 scripts: check_init_priorities: drop recursive child parsing
2025-12-17T17:27:27.7530972Z === updating eyelash_sofle (eyelash_sofle):
2025-12-17T17:27:27.7531333Z --- eyelash_sofle: initializing
2025-12-17T17:27:27.7582056Z Initialized empty Git repository in /tmp/zmk-config/eyelash_sofle/.git/
2025-12-17T17:27:27.7614610Z --- eyelash_sofle: fetching, need revision refactor
2025-12-17T17:27:28.3218495Z From https://github.com/a741725193/zmk-sofle
2025-12-17T17:27:28.3218861Z  * branch            refactor   -> FETCH_HEAD
2025-12-17T17:27:28.3344432Z HEAD is now at 504d2a5 [Draw] update configuration
2025-12-17T17:27:28.3403892Z HEAD is now at 504d2a5 [Draw] update configuration
2025-12-17T17:27:28.3408597Z === updating mario-peripheral-animation (mario-peripheral-animation):
2025-12-17T17:27:28.3409083Z --- mario-peripheral-animation: initializing
2025-12-17T17:27:28.3441085Z Initialized empty Git repository in /tmp/zmk-config/mario-peripheral-animation/.git/
2025-12-17T17:27:28.3473500Z --- mario-peripheral-animation: fetching, need revision main
2025-12-17T17:27:29.7269750Z From https://github.com/GPeye/mario-peripheral-animation
2025-12-17T17:27:29.7270320Z  * branch            main       -> FETCH_HEAD
2025-12-17T17:27:29.7900629Z HEAD is now at 1aa3950 vid
2025-12-17T17:27:29.8269398Z HEAD is now at 1aa3950 vid
2025-12-17T17:27:29.8272780Z === updating nanopb (modules/lib/nanopb):
2025-12-17T17:27:29.8600653Z HEAD is now at 8c60555 Merge pull request #4 from petejohanson/build/find-protoc-fixes
2025-12-17T17:27:29.8605252Z === updating zmk-studio-messages (modules/msgs/zmk-studio-messages):
2025-12-17T17:27:29.8733224Z HEAD is now at 6cb4c28 refactor: Return detailed save changes response.
2025-12-17T17:27:29.8737769Z === updating acpica (modules/lib/acpica):
2025-12-17T17:27:30.0630241Z HEAD is now at 0333c2af1 os_specific: zephyr: add generic platform support
2025-12-17T17:27:30.0636772Z === updating canopennode (modules/lib/canopennode):
2025-12-17T17:27:30.0816468Z HEAD is now at dec12fa stack: map CANopenNode crc16_ccitt() to Zephyr crc16_itu_t()
2025-12-17T17:27:30.0820514Z === updating cmsis (modules/hal/cmsis):
2025-12-17T17:27:30.1028390Z HEAD is now at 5a00331 remove cmsis-dsp and cmsis-nn
2025-12-17T17:27:30.1032160Z === updating cmsis-dsp (modules/lib/cmsis-dsp):
2025-12-17T17:27:30.4264975Z HEAD is now at ff7b5fd1 compute Library: fix inline function that is not static
2025-12-17T17:27:30.4270571Z === updating cmsis-nn (modules/lib/cmsis-nn):
2025-12-17T17:27:30.4825338Z HEAD is now at 0c8669d Merge pull request #1 from XenuIsWatching/zephyr
2025-12-17T17:27:30.4830495Z === updating fatfs (modules/fs/fatfs):
2025-12-17T17:27:30.5020140Z HEAD is now at 427159b zephyr: fix ffconf.h override use of STRINGIZE
2025-12-17T17:27:30.5024471Z === updating hal_ambiq (modules/hal/ambiq):
2025-12-17T17:27:30.5674326Z HEAD is now at 0a7c993 modules: hal_ambiq: Add Ambiq Apollo4 Blue Plus SoC
2025-12-17T17:27:30.5678576Z === updating hal_atmel (modules/hal/atmel):
2025-12-17T17:27:30.8466156Z HEAD is now at 5ab4300 Remove LITTLE_ENDIAN and __LITTLE_ENDIAN defines
2025-12-17T17:27:30.8470641Z === updating hal_espressif (modules/hal/espressif):
2025-12-17T17:27:31.6021475Z HEAD is now at 31fc5758f3 random: rename header file as in Zephyr.
2025-12-17T17:27:31.6030658Z === updating hal_ethos_u (modules/hal/ethos_u):
2025-12-17T17:27:31.6213496Z HEAD is now at 90ada2e Clarify README regarding CPU choice
2025-12-17T17:27:31.6217641Z === updating hal_gigadevice (modules/hal/gigadevice):
2025-12-17T17:27:31.6805112Z HEAD is now at 2994b7d README.md: add pllmf and pack exception for gd32a50x
2025-12-17T17:27:31.6809859Z === updating hal_intel (modules/hal/intel):
2025-12-17T17:27:31.6978966Z HEAD is now at b3b43d4 pm: fix handling reset prep in incorrect place
2025-12-17T17:27:31.6983550Z === updating hal_nordic (modules/hal/nordic):
2025-12-17T17:27:32.3555124Z HEAD is now at 884c4d6 nrfx: Update to version 3.6.0
2025-12-17T17:27:32.3560314Z === updating hal_nuvoton (modules/hal/nuvoton):
2025-12-17T17:27:32.4124926Z HEAD is now at 3e0a4c4 hal: NuMaker M46x: revise API name of M460 FMC erase bank
2025-12-17T17:27:32.4128958Z === updating hal_quicklogic (modules/hal/quicklogic):
2025-12-17T17:27:32.4269656Z HEAD is now at b3a66fe Remove references to FPGA IP core drivers
2025-12-17T17:27:32.4273825Z === updating hal_renesas (modules/hal/renesas):
2025-12-17T17:27:32.4434729Z HEAD is now at a6cf2af Remove dynamic memory allocation from PD code
2025-12-17T17:27:32.4438921Z === updating hal_rpi_pico (modules/hal/rpi_pico):
2025-12-17T17:27:32.4912421Z HEAD is now at fba7162 Merge pull request #5 from soburi/zephyr_timer_modification
2025-12-17T17:27:32.4916347Z === updating hal_stm32 (modules/hal/stm32):
2025-12-17T17:27:34.1656499Z HEAD is now at 89ef0a33 stm32cube: stm32h5:  ethernet: PTP clock doesnâ€™t works
2025-12-17T17:27:34.1660922Z === updating hal_telink (modules/hal/telink):
2025-12-17T17:27:34.1853579Z HEAD is now at 38573af B91 ADC driver support
2025-12-17T17:27:34.1857867Z === updating hal_wurthelektronik (modules/hal/wurthelektronik):
2025-12-17T17:27:34.1999172Z HEAD is now at 24ca987 Initialized WE HAL module repository.
2025-12-17T17:27:34.2003496Z === updating libmetal (modules/hal/libmetal):
2025-12-17T17:27:34.2182347Z HEAD is now at b91611a lib: update libmetal to release v2023.04.0
2025-12-17T17:27:34.2186190Z === updating liblc3 (modules/lib/liblc3):
2025-12-17T17:27:34.2357488Z HEAD is now at 448f3de Merge pull request #8 from carlescufi/rename
2025-12-17T17:27:34.2361718Z === updating littlefs (modules/fs/littlefs):
2025-12-17T17:27:34.2518338Z HEAD is now at ca583fd Merge tag 'v2.5.0' of https://github.com/littlefs-project/littlefs into zephyr
2025-12-17T17:27:34.2522164Z === updating lvgl (modules/lib/gui/lvgl):
2025-12-17T17:27:34.5385023Z HEAD is now at 8a6a2d1d2 zephyr: Move gluecode back to zephyr main repository
2025-12-17T17:27:34.5390384Z === updating mbedtls (modules/crypto/mbedtls):
2025-12-17T17:27:34.6802047Z HEAD is now at c38dc78d9 Merge pull request #44 from d3zd3z/zephyr-3.4.0
2025-12-17T17:27:34.6808408Z === updating mipi-sys-t (modules/debug/mipi-sys-t):
2025-12-17T17:27:34.6997862Z HEAD is now at a819419 library: allow building without wchar support
2025-12-17T17:27:34.7002443Z === updating nrf_hw_models (modules/bsim_hw_models/nrf_hw_models):
2025-12-17T17:27:34.7180226Z HEAD is now at f459580 TEMP & ECB: Fix INTEN sideeffect prototypes
2025-12-17T17:27:34.7184227Z === updating open-amp (modules/lib/open-amp):
2025-12-17T17:27:34.7355876Z HEAD is now at 42b7c57 cmake: Compile with WITH_DCACHE_RSC_TABLE
2025-12-17T17:27:34.7359561Z === updating percepio (modules/debug/percepio):
2025-12-17T17:27:34.7619727Z HEAD is now at a3728ef Merge pull request #4 from peter-mitsis/pmitsis-k_mem_block
2025-12-17T17:27:34.7625210Z === updating picolibc (modules/lib/picolibc):
2025-12-17T17:27:34.9187883Z HEAD is now at d07c38ff0 Version 1.8.2
2025-12-17T17:27:34.9194170Z === updating segger (modules/debug/segger):
2025-12-17T17:27:34.9340734Z HEAD is now at 9d01912 segger: config: RTT spinlock implementation
2025-12-17T17:27:34.9344395Z === updating tinycrypt (modules/crypto/tinycrypt):
2025-12-17T17:27:34.9484517Z HEAD is now at 3e9a49d cmake: Fix conditional in root CMakeLists.txt
2025-12-17T17:27:34.9488600Z === updating trusted-firmware-a (modules/tee/tf-a/trusted-firmware-a):
2025-12-17T17:27:35.1339479Z HEAD is now at 421dc0502 Merge pull request #3 from SgrrZhf/topics/huizha01/2.9.0-updates
2025-12-17T17:27:35.1347062Z === updating uoscore-uedhoc (modules/lib/uoscore-uedhoc):
2025-12-17T17:27:35.1596129Z HEAD is now at 5fe2cb6 2.2.1
2025-12-17T17:27:35.1600583Z === updating zcbor (modules/lib/zcbor):
2025-12-17T17:27:35.1792342Z HEAD is now at 67fd8bb Update version from 0.6.99 to 0.7.0
2025-12-17T17:27:35.2063625Z ##[group]Run west zephyr-export
2025-12-17T17:27:35.2063941Z [36;1mwest zephyr-export[0m
2025-12-17T17:27:35.2064360Z shell: sh -e {0}
2025-12-17T17:27:35.2064538Z env:
2025-12-17T17:27:35.2064720Z   build_dir: /tmp/tmp.dtnaIuf0Ae
2025-12-17T17:27:35.2064956Z   base_dir: /tmp/zmk-config
2025-12-17T17:27:35.2065174Z   zephyr_version: 4.1.0
2025-12-17T17:27:35.2065779Z   extra_west_args: -S "studio-rpc-usb-uart"
2025-12-17T17:27:35.2066396Z   extra_cmake_args: -DSHIELD="nice_view" -DZMK_EXTRA_MODULES='/__w/zmk-sofle/zmk-sofle'
2025-12-17T17:27:35.2066807Z   display_name: nice_view - eyelash_sofle_left
2025-12-17T17:27:35.2067077Z   artifact_name: eyelash_sofle_studio_left
2025-12-17T17:27:35.2067325Z ##[endgroup]
2025-12-17T17:27:35.7476876Z Zephyr (/tmp/zmk-config/zephyr/share/zephyr-package/cmake)
2025-12-17T17:27:35.7477493Z has been added to the user package registry in:
2025-12-17T17:27:35.7477898Z ~/.cmake/packages/Zephyr
2025-12-17T17:27:35.7478127Z 
2025-12-17T17:27:36.0201322Z ZephyrUnittest (/tmp/zmk-config/zephyr/share/zephyrunittest-package/cmake)
2025-12-17T17:27:36.0421219Z has been added to the user package registry in:
2025-12-17T17:27:36.0421565Z ~/.cmake/packages/ZephyrUnittest
2025-12-17T17:27:36.0421731Z 
2025-12-17T17:27:36.0450837Z ##[group]Run west build -s zmk/app -d "/tmp/tmp.dtnaIuf0Ae" -b "eyelash_sofle_left" -S "studio-rpc-usb-uart" -- -DZMK_CONFIG=/tmp/zmk-config/config -DSHIELD="nice_view" -DZMK_EXTRA_MODULES='/__w/zmk-sofle/zmk-sofle' -DCONFIG_ZMK_STUDIO=y -DCONFIG_ZMK_STUDIO_LOCKING=n
2025-12-17T17:27:36.0452620Z [36;1mwest build -s zmk/app -d "/tmp/tmp.dtnaIuf0Ae" -b "eyelash_sofle_left" -S "studio-rpc-usb-uart" -- -DZMK_CONFIG=/tmp/zmk-config/config -DSHIELD="nice_view" -DZMK_EXTRA_MODULES='/__w/zmk-sofle/zmk-sofle' -DCONFIG_ZMK_STUDIO=y -DCONFIG_ZMK_STUDIO_LOCKING=n[0m
2025-12-17T17:27:36.0453593Z shell: sh -x {0}
2025-12-17T17:27:36.0453772Z env:
2025-12-17T17:27:36.0453947Z   build_dir: /tmp/tmp.dtnaIuf0Ae
2025-12-17T17:27:36.0454178Z   base_dir: /tmp/zmk-config
2025-12-17T17:27:36.0454390Z   zephyr_version: 4.1.0
2025-12-17T17:27:36.0454609Z   extra_west_args: -S "studio-rpc-usb-uart"
2025-12-17T17:27:36.0455042Z   extra_cmake_args: -DSHIELD="nice_view" -DZMK_EXTRA_MODULES='/__w/zmk-sofle/zmk-sofle'
2025-12-17T17:27:36.0455662Z   display_name: nice_view - eyelash_sofle_left
2025-12-17T17:27:36.0455954Z   artifact_name: eyelash_sofle_studio_left
2025-12-17T17:27:36.0456209Z ##[endgroup]
2025-12-17T17:27:36.0991369Z + west build -s zmk/app -d /tmp/tmp.dtnaIuf0Ae -b eyelash_sofle_left -S studio-rpc-usb-uart -- -DZMK_CONFIG=/tmp/zmk-config/config -DSHIELD=nice_view -DZMK_EXTRA_MODULES=/__w/zmk-sofle/zmk-sofle -DCONFIG_ZMK_STUDIO=y -DCONFIG_ZMK_STUDIO_LOCKING=n
2025-12-17T17:27:36.2982365Z -- west build: generating a build system
2025-12-17T17:27:36.5703071Z Loading Zephyr default modules (Zephyr base).
2025-12-17T17:27:36.5704361Z -- Application: /tmp/zmk-config/zmk/app
2025-12-17T17:27:36.5707449Z -- CMake version: 3.31.6
2025-12-17T17:27:36.6809531Z -- Found Python3: /usr/bin/python3 (found suitable version "3.12.3", minimum required is "3.8") found components: Interpreter
2025-12-17T17:27:36.6932442Z -- Cache files will be written to: /tmp/zmk-config/zephyr/.cache
2025-12-17T17:27:36.6992907Z -- Zephyr version: 3.5.0 (/tmp/zmk-config/zephyr)
2025-12-17T17:27:36.7645088Z -- Found west (found suitable version "1.5.0", minimum required is "0.14.0")
2025-12-17T17:27:37.2669372Z -- Adding /tmp/zmk-config/zmk/app/boards/shields/nice_view
2025-12-17T17:27:37.2670024Z -- ZMK Config directory: /tmp/zmk-config/config
2025-12-17T17:27:37.2672368Z -- ZMK Config Kconfig: /tmp/zmk-config/config/eyelash_sofle.conf
2025-12-17T17:27:37.2673104Z -- Using keymap file: /tmp/zmk-config/config/eyelash_sofle_left.keymap
2025-12-17T17:27:37.2673857Z -- Using keymap file: /tmp/zmk-config/config/eyelash_sofle_left.keymap
2025-12-17T17:27:37.2741314Z -- Board: eyelash_sofle_left
2025-12-17T17:27:37.2778661Z -- Shield(s): nice_view
2025-12-17T17:27:37.4140053Z -- Snippet(s): studio-rpc-usb-uart
2025-12-17T17:27:37.4312408Z -- ZEPHYR_TOOLCHAIN_VARIANT not set, trying to locate Zephyr SDK
2025-12-17T17:27:37.4336080Z -- Found host-tools: zephyr 0.16.9 (/opt/zephyr-sdk-0.16.9)
2025-12-17T17:27:37.4343513Z -- Found toolchain: zephyr 0.16.9 (/opt/zephyr-sdk-0.16.9)
2025-12-17T17:27:37.4381475Z -- Found Dtc: /opt/zephyr-sdk-0.16.9/sysroots/x86_64-pokysdk-linux/usr/bin/dtc (found suitable version "1.6.0", minimum required is "1.4.6")
2025-12-17T17:27:37.4386367Z -- Found BOARD.dts: /tmp/zmk-config/eyelash_sofle/boards/arm/eyelash_sofle/eyelash_sofle_left.dts
2025-12-17T17:27:37.4387252Z -- Found devicetree overlay: /tmp/zmk-config/zmk/app/boards/shields/nice_view/nice_view.overlay
2025-12-17T17:27:37.4387833Z -- Found devicetree overlay: /tmp/zmk-config/config/eyelash_sofle_left.keymap
2025-12-17T17:27:37.4388447Z -- Found devicetree overlay: /tmp/zmk-config/zmk/app/snippets/studio-rpc-usb-uart/studio-rpc-usb-uart.overlay
2025-12-17T17:27:37.5721846Z devicetree error: /tmp/zmk-config/config/eyelash_sofle.keymap:36 (column 1): parse error: undefined node label 'mmv'
2025-12-17T17:27:37.5837144Z CMake Error at /tmp/zmk-config/zephyr/cmake/modules/dts.cmake:279 (message):
2025-12-17T17:27:37.5841767Z -- In: /tmp/tmp.dtnaIuf0Ae/zephyr, command: /usr/bin/python3;/tmp/zmk-config/zephyr/scripts/dts/gen_defines.py;--dts;/tmp/tmp.dtnaIuf0Ae/zephyr/zephyr.dts.pre;--dtc-flags;'';--bindings-dirs;/tmp/zmk-config/zmk/app/module/dts/bindings;/tmp/zmk-config/zmk/app/dts/bindings;/tmp/zmk-config/zephyr/dts/bindings;--header-out;/tmp/tmp.dtnaIuf0Ae/zephyr/include/generated/devicetree_generated.h.new;--dts-out;/tmp/tmp.dtnaIuf0Ae/zephyr/zephyr.dts.new;--edt-pickle-out;/tmp/tmp.dtnaIuf0Ae/zephyr/edt.pickle;--vendor-prefixes;/tmp/zmk-config/zmk/app/dts/bindings/vendor-prefixes.txt;--vendor-prefixes;/tmp/zmk-config/zephyr/dts/bindings/vendor-prefixes.txt
2025-12-17T17:27:37.5846146Z   gen_defines.py failed with return code: 1
2025-12-17T17:27:37.5846453Z Call Stack (most recent call first):
2025-12-17T17:27:37.5846822Z   /tmp/zmk-config/zephyr/cmake/modules/zephyr_default.cmake:129 (include)
2025-12-17T17:27:37.5847366Z   /tmp/zmk-config/zephyr/share/zephyr-package/cmake/ZephyrConfig.cmake:66 (include)
2025-12-17T17:27:37.5847985Z   /tmp/zmk-config/zephyr/share/zephyr-package/cmake/ZephyrConfig.cmake:92 (include_boilerplate)
2025-12-17T17:27:37.5848429Z   CMakeLists.txt:9 (find_package)
2025-12-17T17:27:37.5848606Z 
2025-12-17T17:27:37.5848610Z 
2025-12-17T17:27:37.5848715Z -- Configuring incomplete, errors occurred!
2025-12-17T17:27:37.5879068Z FATAL ERROR: command exited with status 1: /usr/local/bin/cmake -DWEST_PYTHON=/usr/bin/python3 -B/tmp/tmp.dtnaIuf0Ae -GNinja -DBOARD=eyelash_sofle_left -DZMK_CONFIG=/tmp/zmk-config/config -DSHIELD=nice_view -DZMK_EXTRA_MODULES=/__w/zmk-sofle/zmk-sofle -DCONFIG_ZMK_STUDIO=y -DCONFIG_ZMK_STUDIO_LOCKING=n -DSNIPPET=studio-rpc-usb-uart -S/tmp/zmk-config/zmk/app
2025-12-17T17:27:37.6136919Z ##[error]Process completed with exit code 1.
2025-12-17T17:27:37.6187914Z ##[group]Run if [ -f "/tmp/tmp.dtnaIuf0Ae/zephyr/.config" ]
2025-12-17T17:27:37.6188353Z [36;1mif [ -f "/tmp/tmp.dtnaIuf0Ae/zephyr/.config" ][0m
2025-12-17T17:27:37.6188644Z [36;1mthen[0m
2025-12-17T17:27:37.6188916Z [36;1m  grep -v -e "^#" -e "^$" "/tmp/tmp.dtnaIuf0Ae/zephyr/.config" | sort[0m
2025-12-17T17:27:37.6189227Z [36;1melse[0m
2025-12-17T17:27:37.6189418Z [36;1m  echo "No Kconfig output"[0m
2025-12-17T17:27:37.6189657Z [36;1mfi[0m
2025-12-17T17:27:37.6189910Z shell: sh -e {0}
2025-12-17T17:27:37.6190083Z env:
2025-12-17T17:27:37.6190256Z   build_dir: /tmp/tmp.dtnaIuf0Ae
2025-12-17T17:27:37.6190490Z   base_dir: /tmp/zmk-config
2025-12-17T17:27:37.6190702Z   zephyr_version: 4.1.0
2025-12-17T17:27:37.6190920Z   extra_west_args: -S "studio-rpc-usb-uart"
2025-12-17T17:27:37.6191312Z   extra_cmake_args: -DSHIELD="nice_view" -DZMK_EXTRA_MODULES='/__w/zmk-sofle/zmk-sofle'
2025-12-17T17:27:37.6191705Z   display_name: nice_view - eyelash_sofle_left
2025-12-17T17:27:37.6192003Z   artifact_name: eyelash_sofle_studio_left
2025-12-17T17:27:37.6192248Z ##[endgroup]
2025-12-17T17:27:37.6689532Z No Kconfig output
2025-12-17T17:27:37.6739313Z ##[group]Run if [ -f "/tmp/tmp.dtnaIuf0Ae/zephyr/zephyr.dts" ]
2025-12-17T17:27:37.6739739Z [36;1mif [ -f "/tmp/tmp.dtnaIuf0Ae/zephyr/zephyr.dts" ][0m
2025-12-17T17:27:37.6740038Z [36;1mthen[0m
2025-12-17T17:27:37.6740270Z [36;1m  cat "/tmp/tmp.dtnaIuf0Ae/zephyr/zephyr.dts"[0m
2025-12-17T17:27:37.6740637Z [36;1melif [ -f "/tmp/tmp.dtnaIuf0Ae/zephyr/zephyr.dts.pre" ][0m
2025-12-17T17:27:37.6740932Z [36;1mthen[0m
2025-12-17T17:27:37.6741175Z [36;1m  cat -s "/tmp/tmp.dtnaIuf0Ae/zephyr/zephyr.dts.pre"[0m
2025-12-17T17:27:37.6741460Z [36;1melse[0m
2025-12-17T17:27:37.6741640Z [36;1m  echo "No Devicetree output"[0m
2025-12-17T17:27:37.6741876Z [36;1mfi[0m
2025-12-17T17:27:37.6742128Z shell: sh -e {0}
2025-12-17T17:27:37.6742297Z env:
2025-12-17T17:27:37.6742475Z   build_dir: /tmp/tmp.dtnaIuf0Ae
2025-12-17T17:27:37.6742711Z   base_dir: /tmp/zmk-config
2025-12-17T17:27:37.6742922Z   zephyr_version: 4.1.0
2025-12-17T17:27:37.6743183Z   extra_west_args: -S "studio-rpc-usb-uart"
2025-12-17T17:27:37.6743575Z   extra_cmake_args: -DSHIELD="nice_view" -DZMK_EXTRA_MODULES='/__w/zmk-sofle/zmk-sofle'
2025-12-17T17:27:37.6743980Z   display_name: nice_view - eyelash_sofle_left
2025-12-17T17:27:37.6744254Z   artifact_name: eyelash_sofle_studio_left
2025-12-17T17:27:37.6744663Z ##[endgroup]
2025-12-17T17:27:37.7256589Z # 0 "/tmp/zmk-config/zephyr/misc/empty_file.c"
2025-12-17T17:27:37.7257410Z # 0 "<built-in>"
2025-12-17T17:27:37.7257990Z # 0 "<command-line>"
2025-12-17T17:27:37.7259005Z # 1 "/tmp/zmk-config/eyelash_sofle/boards/arm/eyelash_sofle/eyelash_sofle_left.dts" 1
2025-12-17T17:27:37.7259578Z 
2025-12-17T17:27:37.7259934Z # 1 "/tmp/zmk-config/eyelash_sofle/boards/arm/eyelash_sofle/eyelash_sofle.dtsi" 1
2025-12-17T17:27:37.7260438Z 
2025-12-17T17:27:37.7260560Z /dts-v1/;
2025-12-17T17:27:37.7260980Z # 1 "/tmp/zmk-config/zephyr/dts/arm/nordic/nrf52840_qiaa.dtsi" 1 3 4
2025-12-17T17:27:37.7261402Z 
2025-12-17T17:27:37.7261588Z # 1 "/tmp/zmk-config/zephyr/dts/common/mem.h" 1 3 4
2025-12-17T17:27:37.7262811Z # 8 "/tmp/zmk-config/zephyr/dts/arm/nordic/nrf52840_qiaa.dtsi" 2 3 4
2025-12-17T17:27:37.7263664Z # 1 "/tmp/zmk-config/zephyr/dts/arm/nordic/nrf52840.dtsi" 1 3 4
2025-12-17T17:27:37.7264099Z 
2025-12-17T17:27:37.7264323Z # 1 "/tmp/zmk-config/zephyr/dts/arm/armv7-m.dtsi" 1 3 4
2025-12-17T17:27:37.7264735Z 
2025-12-17T17:27:37.7265023Z # 1 "/tmp/zmk-config/zephyr/dts/common/skeleton.dtsi" 1 3 4
2025-12-17T17:27:37.7265790Z # 9 "/tmp/zmk-config/zephyr/dts/common/skeleton.dtsi" 3 4
2025-12-17T17:27:37.7266259Z / {
2025-12-17T17:27:37.7266541Z  #address-cells = <1>;
2025-12-17T17:27:37.7266867Z  #size-cells = <1>;
2025-12-17T17:27:37.7267153Z  chosen { };
2025-12-17T17:27:37.7267426Z  aliases { };
2025-12-17T17:27:37.7267694Z };
2025-12-17T17:27:37.7268021Z # 4 "/tmp/zmk-config/zephyr/dts/arm/armv7-m.dtsi" 2 3 4
2025-12-17T17:27:37.7268365Z 
2025-12-17T17:27:37.7268463Z / {
2025-12-17T17:27:37.7268716Z  soc {
2025-12-17T17:27:37.7268993Z   #address-cells = <1>;
2025-12-17T17:27:37.7269302Z   #size-cells = <1>;
2025-12-17T17:27:37.7269628Z   compatible = "simple-bus";
2025-12-17T17:27:37.7270026Z   interrupt-parent = <&nvic>;
2025-12-17T17:27:37.7270378Z   ranges;
2025-12-17T17:27:37.7270544Z 
2025-12-17T17:27:37.7270722Z   nvic: interrupt-controller@e000e100 {
2025-12-17T17:27:37.7271163Z    #address-cells = <1>;
2025-12-17T17:27:37.7271558Z    compatible = "arm,v7m-nvic";
2025-12-17T17:27:37.7272359Z    reg = <0xe000e100 0xc00>;
2025-12-17T17:27:37.7272759Z    interrupt-controller;
2025-12-17T17:27:37.7273129Z    #interrupt-cells = <2>;
2025-12-17T17:27:37.7273493Z   };
2025-12-17T17:27:37.7273648Z 
2025-12-17T17:27:37.7273783Z   systick: timer@e000e010 {
2025-12-17T17:27:37.7274173Z    compatible = "arm,armv7m-systick";
2025-12-17T17:27:37.7274589Z    reg = <0xe000e010 0x10>;
2025-12-17T17:27:37.7274911Z   };
2025-12-17T17:27:37.7275164Z  };
2025-12-17T17:27:37.7275663Z };
2025-12-17T17:27:37.7276058Z # 4 "/tmp/zmk-config/zephyr/dts/arm/nordic/nrf52840.dtsi" 2 3 4
2025-12-17T17:27:37.7277052Z # 1 "/tmp/zmk-config/zephyr/dts/arm/nordic/nrf_common.dtsi" 1 3 4
2025-12-17T17:27:37.7277478Z 
2025-12-17T17:27:37.7277778Z # 1 "/tmp/zmk-config/zephyr/include/zephyr/dt-bindings/adc/adc.h" 1 3 4
2025-12-17T17:27:37.7278495Z # 8 "/tmp/zmk-config/zephyr/dts/arm/nordic/nrf_common.dtsi" 2 3 4
2025-12-17T17:27:37.7279349Z # 1 "/tmp/zmk-config/zephyr/include/zephyr/dt-bindings/adc/nrf-adc.h" 1 3 4
2025-12-17T17:27:37.7280215Z # 10 "/tmp/zmk-config/zephyr/include/zephyr/dt-bindings/adc/nrf-adc.h" 3 4
2025-12-17T17:27:37.7280987Z # 1 "/tmp/zmk-config/zephyr/include/zephyr/dt-bindings/dt-util.h" 1 3 4
2025-12-17T17:27:37.7281711Z # 19 "/tmp/zmk-config/zephyr/include/zephyr/dt-bindings/dt-util.h" 3 4
2025-12-17T17:27:37.7282410Z # 1 "/tmp/zmk-config/zephyr/include/zephyr/sys/util_macro.h" 1 3 4
2025-12-17T17:27:37.7283062Z # 34 "/tmp/zmk-config/zephyr/include/zephyr/sys/util_macro.h" 3 4
2025-12-17T17:27:37.7283733Z # 1 "/tmp/zmk-config/zephyr/include/zephyr/sys/util_internal.h" 1 3 4
2025-12-17T17:27:37.7284442Z # 18 "/tmp/zmk-config/zephyr/include/zephyr/sys/util_internal.h" 3 4
2025-12-17T17:27:37.7285061Z # 1 "/tmp/zmk-config/zephyr/include/zephyr/sys/util_loops.h" 1 3 4
2025-12-17T17:27:37.7285681Z # 1083 "/tmp/zmk-config/zephyr/include/zephyr/sys/util_loops.h" 3 4
2025-12-17T17:27:37.7286294Z # 1 "/tmp/zmk-config/zephyr/include/zephyr/sys/util_listify.h" 1 3 4
2025-12-17T17:27:37.7286711Z # 1084 "/tmp/zmk-config/zephyr/include/zephyr/sys/util_loops.h" 2 3 4
2025-12-17T17:27:37.7287128Z # 19 "/tmp/zmk-config/zephyr/include/zephyr/sys/util_internal.h" 2 3 4
2025-12-17T17:27:37.7287526Z # 153 "/tmp/zmk-config/zephyr/include/zephyr/sys/util_internal.h" 3 4
2025-12-17T17:27:37.7287957Z # 1 "/tmp/zmk-config/zephyr/include/zephyr/sys/util_internal_is_eq.h" 1 3 4
2025-12-17T17:27:37.7288411Z # 154 "/tmp/zmk-config/zephyr/include/zephyr/sys/util_internal.h" 2 3 4
2025-12-17T17:27:37.7288814Z # 184 "/tmp/zmk-config/zephyr/include/zephyr/sys/util_internal.h" 3 4
2025-12-17T17:27:37.7289243Z # 1 "/tmp/zmk-config/zephyr/include/zephyr/sys/util_internal_util_inc.h" 1 3 4
2025-12-17T17:27:37.7289689Z # 185 "/tmp/zmk-config/zephyr/include/zephyr/sys/util_internal.h" 2 3 4
2025-12-17T17:27:37.7289948Z 
2025-12-17T17:27:37.7290146Z # 1 "/tmp/zmk-config/zephyr/include/zephyr/sys/util_internal_util_dec.h" 1 3 4
2025-12-17T17:27:37.7290587Z # 188 "/tmp/zmk-config/zephyr/include/zephyr/sys/util_internal.h" 2 3 4
2025-12-17T17:27:37.7290840Z 
2025-12-17T17:27:37.7291027Z # 1 "/tmp/zmk-config/zephyr/include/zephyr/sys/util_internal_util_x2.h" 1 3 4
2025-12-17T17:27:37.7291706Z # 191 "/tmp/zmk-config/zephyr/include/zephyr/sys/util_internal.h" 2 3 4
2025-12-17T17:27:37.7292434Z # 35 "/tmp/zmk-config/zephyr/include/zephyr/sys/util_macro.h" 2 3 4
2025-12-17T17:27:37.7293116Z # 20 "/tmp/zmk-config/zephyr/include/zephyr/dt-bindings/dt-util.h" 2 3 4
2025-12-17T17:27:37.7293634Z # 11 "/tmp/zmk-config/zephyr/include/zephyr/dt-bindings/adc/nrf-adc.h" 2 3 4
2025-12-17T17:27:37.7294059Z # 9 "/tmp/zmk-config/zephyr/dts/arm/nordic/nrf_common.dtsi" 2 3 4
2025-12-17T17:27:37.7294470Z # 1 "/tmp/zmk-config/zephyr/include/zephyr/dt-bindings/gpio/gpio.h" 1 3 4
2025-12-17T17:27:37.7294886Z # 10 "/tmp/zmk-config/zephyr/dts/arm/nordic/nrf_common.dtsi" 2 3 4
2025-12-17T17:27:37.7295295Z # 1 "/tmp/zmk-config/zephyr/include/zephyr/dt-bindings/i2c/i2c.h" 1 3 4
2025-12-17T17:27:37.7295978Z # 11 "/tmp/zmk-config/zephyr/dts/arm/nordic/nrf_common.dtsi" 2 3 4
2025-12-17T17:27:37.7296431Z # 1 "/tmp/zmk-config/zephyr/include/zephyr/dt-bindings/pinctrl/nrf-pinctrl.h" 1 3 4
2025-12-17T17:27:37.7296881Z # 12 "/tmp/zmk-config/zephyr/dts/arm/nordic/nrf_common.dtsi" 2 3 4
2025-12-17T17:27:37.7297288Z # 1 "/tmp/zmk-config/zephyr/include/zephyr/dt-bindings/pwm/pwm.h" 1 3 4
2025-12-17T17:27:37.7297684Z # 13 "/tmp/zmk-config/zephyr/dts/arm/nordic/nrf_common.dtsi" 2 3 4
2025-12-17T17:27:37.7297928Z 
2025-12-17T17:27:37.7298049Z # 1 "/tmp/zmk-config/zephyr/dts/common/freq.h" 1 3 4
2025-12-17T17:27:37.7298380Z # 15 "/tmp/zmk-config/zephyr/dts/arm/nordic/nrf_common.dtsi" 2 3 4
2025-12-17T17:27:37.7298913Z # 1 "/tmp/zmk-config/zephyr/dts/arm/nordic/override.dtsi" 1 3 4
2025-12-17T17:27:37.7299294Z # 16 "/tmp/zmk-config/zephyr/dts/arm/nordic/nrf_common.dtsi" 2 3 4
2025-12-17T17:27:37.7299659Z # 24 "/tmp/zmk-config/zephyr/dts/arm/nordic/nrf_common.dtsi" 3 4
2025-12-17T17:27:37.7299945Z / {
2025-12-17T17:27:37.7300124Z  pinctrl: pin-controller {
2025-12-17T17:27:37.7300267Z 
2025-12-17T17:27:37.7300364Z   compatible = "nordic,nrf-pinctrl";
2025-12-17T17:27:37.7300585Z  };
2025-12-17T17:27:37.7300675Z 
2025-12-17T17:27:37.7300753Z  rng_hci: entropy_bt_hci {
2025-12-17T17:27:37.7300977Z   compatible = "zephyr,bt-hci-entropy";
2025-12-17T17:27:37.7301210Z   status = "okay";
2025-12-17T17:27:37.7301443Z  };
2025-12-17T17:27:37.7301571Z 
2025-12-17T17:27:37.7301689Z  sw_pwm: sw-pwm {
2025-12-17T17:27:37.7301988Z   compatible = "nordic,nrf-sw-pwm";
2025-12-17T17:27:37.7302223Z   status = "disabled";
2025-12-17T17:27:37.7302418Z   generator = <&timer1>;
2025-12-17T17:27:37.7302621Z   clock-prescaler = <0>;
2025-12-17T17:27:37.7302821Z   #pwm-cells = <3>;
2025-12-17T17:27:37.7302992Z  };
2025-12-17T17:27:37.7303137Z };
2025-12-17T17:27:37.7303219Z 
2025-12-17T17:27:37.7303284Z &systick {
2025-12-17T17:27:37.7303383Z 
2025-12-17T17:27:37.7303452Z  status = "disabled";
2025-12-17T17:27:37.7303768Z };
2025-12-17T17:27:37.7303994Z # 5 "/tmp/zmk-config/zephyr/dts/arm/nordic/nrf52840.dtsi" 2 3 4
2025-12-17T17:27:37.7304226Z 
2025-12-17T17:27:37.7304289Z / {
2025-12-17T17:27:37.7304438Z  chosen {
2025-12-17T17:27:37.7304605Z   zephyr,entropy = &rng;
2025-12-17T17:27:37.7304849Z   zephyr,flash-controller = &flash_controller;
2025-12-17T17:27:37.7305111Z  };
2025-12-17T17:27:37.7305194Z 
2025-12-17T17:27:37.7305264Z  cpus {
2025-12-17T17:27:37.7305607Z   #address-cells = <1>;
2025-12-17T17:27:37.7305825Z   #size-cells = <0>;
2025-12-17T17:27:37.7305941Z 
2025-12-17T17:27:37.7306012Z   cpu@0 {
2025-12-17T17:27:37.7306172Z    device_type = "cpu";
2025-12-17T17:27:37.7306379Z    compatible = "arm,cortex-m4f";
2025-12-17T17:27:37.7306603Z    reg = <0>;
2025-12-17T17:27:37.7306770Z    #address-cells = <1>;
2025-12-17T17:27:37.7306968Z    #size-cells = <1>;
2025-12-17T17:27:37.7307084Z 
2025-12-17T17:27:37.7307164Z    itm: itm@e0000000 {
2025-12-17T17:27:37.7307358Z     compatible = "arm,armv7m-itm";
2025-12-17T17:27:37.7307591Z     reg = <0xe0000000 0x1000>;
2025-12-17T17:27:37.7307809Z     swo-ref-frequency = <32000000>;
2025-12-17T17:27:37.7308027Z    };
2025-12-17T17:27:37.7308174Z   };
2025-12-17T17:27:37.7308317Z  };
2025-12-17T17:27:37.7308395Z 
2025-12-17T17:27:37.7308455Z  soc {
2025-12-17T17:27:37.7308613Z   ficr: ficr@10000000 {
2025-12-17T17:27:37.7308817Z    compatible = "nordic,nrf-ficr";
2025-12-17T17:27:37.7309044Z    reg = <0x10000000 0x1000>;
2025-12-17T17:27:37.7309239Z    status = "okay";
2025-12-17T17:27:37.7309409Z   };
2025-12-17T17:27:37.7309494Z 
2025-12-17T17:27:37.7309570Z   uicr: uicr@10001000 {
2025-12-17T17:27:37.7309766Z    compatible = "nordic,nrf-uicr";
2025-12-17T17:27:37.7309993Z    reg = <0x10001000 0x1000>;
2025-12-17T17:27:37.7310193Z    status = "okay";
2025-12-17T17:27:37.7310354Z   };
2025-12-17T17:27:37.7310442Z 
2025-12-17T17:27:37.7310518Z   sram0: memory@20000000 {
2025-12-17T17:27:37.7310727Z    compatible = "mmio-sram";
2025-12-17T17:27:37.7310920Z   };
2025-12-17T17:27:37.7311012Z 
2025-12-17T17:27:37.7311085Z   clock: clock@40000000 {
2025-12-17T17:27:37.7311294Z    compatible = "nordic,nrf-clock";
2025-12-17T17:27:37.7311516Z    reg = <0x40000000 0x1000>;
2025-12-17T17:27:37.7311717Z    interrupts = <0 1>;
2025-12-17T17:27:37.7311902Z    status = "okay";
2025-12-17T17:27:37.7312069Z   };
2025-12-17T17:27:37.7312149Z 
2025-12-17T17:27:37.7312224Z   power: power@40000000 {
2025-12-17T17:27:37.7312437Z    compatible = "nordic,nrf-power";
2025-12-17T17:27:37.7312661Z    reg = <0x40000000 0x1000>;
2025-12-17T17:27:37.7312854Z    interrupts = <0 1>;
2025-12-17T17:27:37.7313035Z    status = "okay";
2025-12-17T17:27:37.7313217Z    #address-cells = <1>;
2025-12-17T17:27:37.7313531Z    #size-cells = <1>;
2025-12-17T17:27:37.7313655Z 
2025-12-17T17:27:37.7313737Z    gpregret1: gpregret1@4000051c {
2025-12-17T17:27:37.7313967Z     #address-cells = <1>;
2025-12-17T17:27:37.7314156Z     #size-cells = <1>;
2025-12-17T17:27:37.7314361Z     compatible = "nordic,nrf-gpregret";
2025-12-17T17:27:37.7314608Z     reg = <0x4000051c 0x1>;
2025-12-17T17:27:37.7314798Z     status = "okay";
2025-12-17T17:27:37.7314979Z    };
2025-12-17T17:27:37.7315064Z 
2025-12-17T17:27:37.7315149Z    gpregret2: gpregret2@40000520 {
2025-12-17T17:27:37.7315375Z     #address-cells = <1>;
2025-12-17T17:27:37.7315771Z     #size-cells = <1>;
2025-12-17T17:27:37.7315972Z     compatible = "nordic,nrf-gpregret";
2025-12-17T17:27:37.7316209Z     reg = <0x40000520 0x1>;
2025-12-17T17:27:37.7316400Z     status = "okay";
2025-12-17T17:27:37.7316570Z    };
2025-12-17T17:27:37.7316715Z   };
2025-12-17T17:27:37.7316796Z 
2025-12-17T17:27:37.7316868Z   radio: radio@40001000 {
2025-12-17T17:27:37.7317077Z    compatible = "nordic,nrf-radio";
2025-12-17T17:27:37.7317308Z    reg = <0x40001000 0x1000>;
2025-12-17T17:27:37.7317506Z    interrupts = <1 1>;
2025-12-17T17:27:37.7317688Z    status = "okay";
2025-12-17T17:27:37.7317890Z    ieee802154-supported;
2025-12-17T17:27:37.7318097Z    ble-2mbps-supported;
2025-12-17T17:27:37.7318529Z    ble-coded-phy-supported;
2025-12-17T17:27:37.7318743Z    tx-high-power-supported;
2025-12-17T17:27:37.7318888Z 
2025-12-17T17:27:37.7318959Z    ieee802154: ieee802154 {
2025-12-17T17:27:37.7319180Z     compatible = "nordic,nrf-ieee802154";
2025-12-17T17:27:37.7319421Z     status = "disabled";
2025-12-17T17:27:37.7319607Z    };
2025-12-17T17:27:37.7319757Z   };
2025-12-17T17:27:37.7319839Z 
2025-12-17T17:27:37.7319908Z   uart0: uart@40002000 {
2025-12-17T17:27:37.7320035Z 
2025-12-17T17:27:37.7320118Z    compatible = "nordic,nrf-uarte";
2025-12-17T17:27:37.7320341Z    reg = <0x40002000 0x1000>;
2025-12-17T17:27:37.7320544Z    interrupts = <2 1>;
2025-12-17T17:27:37.7320725Z    status = "disabled";
2025-12-17T17:27:37.7320908Z   };
2025-12-17T17:27:37.7320989Z 
2025-12-17T17:27:37.7321060Z   i2c0: i2c@40003000 {
2025-12-17T17:27:37.7321169Z 
2025-12-17T17:27:37.7321251Z    compatible = "nordic,nrf-twim";
2025-12-17T17:27:37.7321474Z    #address-cells = <1>;
2025-12-17T17:27:37.7321667Z    #size-cells = <0>;
2025-12-17T17:27:37.7321848Z    reg = <0x40003000 0x1000>;
2025-12-17T17:27:37.7322057Z    clock-frequency = <100000>;
2025-12-17T17:27:37.7322269Z    interrupts = <3 1>;
2025-12-17T17:27:37.7322460Z    easydma-maxcnt-bits = <16>;
2025-12-17T17:27:37.7322675Z    status = "disabled";
2025-12-17T17:27:37.7322852Z   };
2025-12-17T17:27:37.7322933Z 
2025-12-17T17:27:37.7323007Z   spi0: spi@40003000 {
2025-12-17T17:27:37.7323117Z 
2025-12-17T17:27:37.7323201Z    compatible = "nordic,nrf-spim";
2025-12-17T17:27:37.7323424Z    #address-cells = <1>;
2025-12-17T17:27:37.7323617Z    #size-cells = <0>;
2025-12-17T17:27:37.7323795Z    reg = <0x40003000 0x1000>;
2025-12-17T17:27:37.7323991Z    interrupts = <3 1>;
2025-12-17T17:27:37.7324192Z    max-frequency = <((8) * 1000 * 1000)>;
2025-12-17T17:27:37.7324433Z    easydma-maxcnt-bits = <16>;
2025-12-17T17:27:37.7324645Z    status = "disabled";
2025-12-17T17:27:37.7324824Z   };
2025-12-17T17:27:37.7324929Z 
2025-12-17T17:27:37.7325004Z   i2c1: i2c@40004000 {
2025-12-17T17:27:37.7325121Z 
2025-12-17T17:27:37.7325210Z    compatible = "nordic,nrf-twim";
2025-12-17T17:27:37.7325616Z    #address-cells = <1>;
2025-12-17T17:27:37.7325820Z    #size-cells = <0>;
2025-12-17T17:27:37.7325998Z    reg = <0x40004000 0x1000>;
2025-12-17T17:27:37.7326208Z    clock-frequency = <100000>;
2025-12-17T17:27:37.7326419Z    interrupts = <4 1>;
2025-12-17T17:27:37.7326606Z    easydma-maxcnt-bits = <16>;
2025-12-17T17:27:37.7326816Z    status = "disabled";
2025-12-17T17:27:37.7326992Z   };
2025-12-17T17:27:37.7327074Z 
2025-12-17T17:27:37.7327142Z   spi1: spi@40004000 {
2025-12-17T17:27:37.7327260Z 
2025-12-17T17:27:37.7327341Z    compatible = "nordic,nrf-spim";
2025-12-17T17:27:37.7327566Z    #address-cells = <1>;
2025-12-17T17:27:37.7327871Z    #size-cells = <0>;
2025-12-17T17:27:37.7328069Z    reg = <0x40004000 0x1000>;
2025-12-17T17:27:37.7328280Z    interrupts = <4 1>;
2025-12-17T17:27:37.7328474Z    max-frequency = <((8) * 1000 * 1000)>;
2025-12-17T17:27:37.7328727Z    easydma-maxcnt-bits = <16>;
2025-12-17T17:27:37.7328949Z    status = "disabled";
2025-12-17T17:27:37.7329129Z   };
2025-12-17T17:27:37.7329212Z 
2025-12-17T17:27:37.7329282Z   nfct: nfct@40005000 {
2025-12-17T17:27:37.7329482Z    compatible = "nordic,nrf-nfct";
2025-12-17T17:27:37.7329706Z    reg = <0x40005000 0x1000>;
2025-12-17T17:27:37.7329903Z    interrupts = <5 1>;
2025-12-17T17:27:37.7330088Z    status = "okay";
2025-12-17T17:27:37.7330256Z   };
2025-12-17T17:27:37.7330337Z 
2025-12-17T17:27:37.7330412Z   gpiote: gpiote@40006000 {
2025-12-17T17:27:37.7330629Z    compatible = "nordic,nrf-gpiote";
2025-12-17T17:27:37.7330865Z    reg = <0x40006000 0x1000>;
2025-12-17T17:27:37.7331059Z    interrupts = <6 5>;
2025-12-17T17:27:37.7331247Z    status = "disabled";
2025-12-17T17:27:37.7331428Z   };
2025-12-17T17:27:37.7331508Z 
2025-12-17T17:27:37.7331574Z   adc: adc@40007000 {
2025-12-17T17:27:37.7331771Z    compatible = "nordic,nrf-saadc";
2025-12-17T17:27:37.7331997Z    reg = <0x40007000 0x1000>;
2025-12-17T17:27:37.7332314Z    interrupts = <7 1>;
2025-12-17T17:27:37.7332497Z    status = "disabled";
2025-12-17T17:27:37.7332692Z    #io-channel-cells = <1>;
2025-12-17T17:27:37.7332884Z   };
2025-12-17T17:27:37.7332965Z 
2025-12-17T17:27:37.7333038Z   timer0: timer@40008000 {
2025-12-17T17:27:37.7333247Z    compatible = "nordic,nrf-timer";
2025-12-17T17:27:37.7333469Z    status = "disabled";
2025-12-17T17:27:37.7333651Z    reg = <0x40008000 0x1000>;
2025-12-17T17:27:37.7333846Z    cc-num = <4>;
2025-12-17T17:27:37.7334027Z    max-bit-width = <32>;
2025-12-17T17:27:37.7334215Z    interrupts = <8 1>;
2025-12-17T17:27:37.7334401Z    prescaler = <0>;
2025-12-17T17:27:37.7334568Z   };
2025-12-17T17:27:37.7334648Z 
2025-12-17T17:27:37.7334723Z   timer1: timer@40009000 {
2025-12-17T17:27:37.7334936Z    compatible = "nordic,nrf-timer";
2025-12-17T17:27:37.7335161Z    status = "disabled";
2025-12-17T17:27:37.7335337Z    reg = <0x40009000 0x1000>;
2025-12-17T17:27:37.7335721Z    cc-num = <4>;
2025-12-17T17:27:37.7335901Z    max-bit-width = <32>;
2025-12-17T17:27:37.7336100Z    interrupts = <9 1>;
2025-12-17T17:27:37.7336280Z    prescaler = <0>;
2025-12-17T17:27:37.7336444Z   };
2025-12-17T17:27:37.7336524Z 
2025-12-17T17:27:37.7336601Z   timer2: timer@4000a000 {
2025-12-17T17:27:37.7336803Z    compatible = "nordic,nrf-timer";
2025-12-17T17:27:37.7337022Z    status = "disabled";
2025-12-17T17:27:37.7337205Z    reg = <0x4000a000 0x1000>;
2025-12-17T17:27:37.7337405Z    cc-num = <4>;
2025-12-17T17:27:37.7337711Z    max-bit-width = <32>;
2025-12-17T17:27:37.7337997Z    interrupts = <10 1>;
2025-12-17T17:27:37.7338345Z    prescaler = <0>;
2025-12-17T17:27:37.7338630Z   };
2025-12-17T17:27:37.7338747Z 
2025-12-17T17:27:37.7338882Z   rtc0: rtc@4000b000 {
2025-12-17T17:27:37.7339222Z    compatible = "nordic,nrf-rtc";
2025-12-17T17:27:37.7339560Z    reg = <0x4000b000 0x1000>;
2025-12-17T17:27:37.7339819Z    cc-num = <3>;
2025-12-17T17:27:37.7340121Z    interrupts = <11 1>;
2025-12-17T17:27:37.7340420Z    status = "disabled";
2025-12-17T17:27:37.7340715Z    clock-frequency = <32768>;
2025-12-17T17:27:37.7341057Z    prescaler = <1>;
2025-12-17T17:27:37.7341339Z   };
2025-12-17T17:27:37.7341456Z 
2025-12-17T17:27:37.7341596Z   temp: temp@4000c000 {
2025-12-17T17:27:37.7353678Z    compatible = "nordic,nrf-temp";
2025-12-17T17:27:37.7353982Z    reg = <0x4000c000 0x1000>;
2025-12-17T17:27:37.7354217Z    interrupts = <12 1>;
2025-12-17T17:27:37.7354421Z    status = "okay";
2025-12-17T17:27:37.7354592Z   };
2025-12-17T17:27:37.7354690Z 
2025-12-17T17:27:37.7354765Z   rng: random@4000d000 {
2025-12-17T17:27:37.7354990Z    compatible = "nordic,nrf-rng";
2025-12-17T17:27:37.7355233Z    reg = <0x4000d000 0x1000>;
2025-12-17T17:27:37.7355655Z    interrupts = <13 1>;
2025-12-17T17:27:37.7356061Z    status = "okay";
2025-12-17T17:27:37.7356248Z   };
2025-12-17T17:27:37.7356335Z 
2025-12-17T17:27:37.7356408Z   ecb: ecb@4000e000 {
2025-12-17T17:27:37.7356611Z    compatible = "nordic,nrf-ecb";
2025-12-17T17:27:37.7356837Z    reg = <0x4000e000 0x1000>;
2025-12-17T17:27:37.7357041Z    interrupts = <14 1>;
2025-12-17T17:27:37.7357224Z    status = "okay";
2025-12-17T17:27:37.7357391Z   };
2025-12-17T17:27:37.7357472Z 
2025-12-17T17:27:37.7357543Z   ccm: ccm@4000f000 {
2025-12-17T17:27:37.7357738Z    compatible = "nordic,nrf-ccm";
2025-12-17T17:27:37.7357957Z    reg = <0x4000f000 0x1000>;
2025-12-17T17:27:37.7358154Z    interrupts = <15 1>;
2025-12-17T17:27:37.7358369Z    length-field-length-8-bits;
2025-12-17T17:27:37.7358596Z    status = "okay";
2025-12-17T17:27:37.7358763Z   };
2025-12-17T17:27:37.7358847Z 
2025-12-17T17:27:37.7358927Z   wdt: wdt0: watchdog@40010000 {
2025-12-17T17:27:37.7359157Z    compatible = "nordic,nrf-wdt";
2025-12-17T17:27:37.7359380Z    reg = <0x40010000 0x1000>;
2025-12-17T17:27:37.7359579Z    interrupts = <16 1>;
2025-12-17T17:27:37.7359767Z    status = "okay";
2025-12-17T17:27:37.7359932Z   };
2025-12-17T17:27:37.7360016Z 
2025-12-17T17:27:37.7360085Z   rtc1: rtc@40011000 {
2025-12-17T17:27:37.7360287Z    compatible = "nordic,nrf-rtc";
2025-12-17T17:27:37.7360629Z    reg = <0x40011000 0x1000>;
2025-12-17T17:27:37.7360826Z    cc-num = <4>;
2025-12-17T17:27:37.7361007Z    interrupts = <17 1>;
2025-12-17T17:27:37.7361196Z    status = "disabled";
2025-12-17T17:27:37.7361385Z    clock-frequency = <32768>;
2025-12-17T17:27:37.7361599Z    prescaler = <1>;
2025-12-17T17:27:37.7361771Z   };
2025-12-17T17:27:37.7361858Z 
2025-12-17T17:27:37.7361935Z   qdec: qdec0: qdec@40012000 {
2025-12-17T17:27:37.7362170Z    compatible = "nordic,nrf-qdec";
2025-12-17T17:27:37.7362404Z    reg = <0x40012000 0x1000>;
2025-12-17T17:27:37.7362610Z    interrupts = <18 1>;
2025-12-17T17:27:37.7362793Z    status = "disabled";
2025-12-17T17:27:37.7362971Z   };
2025-12-17T17:27:37.7363055Z 
2025-12-17T17:27:37.7363141Z   comp: comparator@40013000 {
2025-12-17T17:27:37.7363278Z 
2025-12-17T17:27:37.7363364Z    compatible = "nordic,nrf-comp";
2025-12-17T17:27:37.7363588Z    reg = <0x40013000 0x1000>;
2025-12-17T17:27:37.7363791Z    interrupts = <19 1>;
2025-12-17T17:27:37.7363974Z    status = "disabled";
2025-12-17T17:27:37.7364173Z    #io-channel-cells = <1>;
2025-12-17T17:27:37.7364374Z   };
2025-12-17T17:27:37.7364455Z 
2025-12-17T17:27:37.7364529Z   egu0: swi0: egu@40014000 {
2025-12-17T17:27:37.7364783Z    compatible = "nordic,nrf-egu", "nordic,nrf-swi";
2025-12-17T17:27:37.7365064Z    reg = <0x40014000 0x1000>;
2025-12-17T17:27:37.7365278Z    interrupts = <20 1>;
2025-12-17T17:27:37.7365790Z    status = "okay";
2025-12-17T17:27:37.7365966Z   };
2025-12-17T17:27:37.7366049Z 
2025-12-17T17:27:37.7366127Z   egu1: swi1: egu@40015000 {
2025-12-17T17:27:37.7366370Z    compatible = "nordic,nrf-egu", "nordic,nrf-swi";
2025-12-17T17:27:37.7366637Z    reg = <0x40015000 0x1000>;
2025-12-17T17:27:37.7366842Z    interrupts = <21 1>;
2025-12-17T17:27:37.7367021Z    status = "okay";
2025-12-17T17:27:37.7367185Z   };
2025-12-17T17:27:37.7367267Z 
2025-12-17T17:27:37.7367345Z   egu2: swi2: egu@40016000 {
2025-12-17T17:27:37.7367579Z    compatible = "nordic,nrf-egu", "nordic,nrf-swi";
2025-12-17T17:27:37.7367843Z    reg = <0x40016000 0x1000>;
2025-12-17T17:27:37.7368044Z    interrupts = <22 1>;
2025-12-17T17:27:37.7368221Z    status = "okay";
2025-12-17T17:27:37.7368384Z   };
2025-12-17T17:27:37.7368472Z 
2025-12-17T17:27:37.7368545Z   egu3: swi3: egu@40017000 {
2025-12-17T17:27:37.7368782Z    compatible = "nordic,nrf-egu", "nordic,nrf-swi";
2025-12-17T17:27:37.7369035Z    reg = <0x40017000 0x1000>;
2025-12-17T17:27:37.7369237Z    interrupts = <23 1>;
2025-12-17T17:27:37.7369422Z    status = "okay";
2025-12-17T17:27:37.7369583Z   };
2025-12-17T17:27:37.7369670Z 
2025-12-17T17:27:37.7369740Z   egu4: swi4: egu@40018000 {
2025-12-17T17:27:37.7369975Z    compatible = "nordic,nrf-egu", "nordic,nrf-swi";
2025-12-17T17:27:37.7370351Z    reg = <0x40018000 0x1000>;
2025-12-17T17:27:37.7370557Z    interrupts = <24 1>;
2025-12-17T17:27:37.7370745Z    status = "okay";
2025-12-17T17:27:37.7370904Z   };
2025-12-17T17:27:37.7370993Z 
2025-12-17T17:27:37.7371063Z   egu5: swi5: egu@40019000 {
2025-12-17T17:27:37.7371298Z    compatible = "nordic,nrf-egu", "nordic,nrf-swi";
2025-12-17T17:27:37.7371562Z    reg = <0x40019000 0x1000>;
2025-12-17T17:27:37.7371757Z    interrupts = <25 1>;
2025-12-17T17:27:37.7371942Z    status = "okay";
2025-12-17T17:27:37.7372104Z   };
2025-12-17T17:27:37.7372184Z 
2025-12-17T17:27:37.7372258Z   timer3: timer@4001a000 {
2025-12-17T17:27:37.7372475Z    compatible = "nordic,nrf-timer";
2025-12-17T17:27:37.7372705Z    status = "disabled";
2025-12-17T17:27:37.7372885Z    reg = <0x4001a000 0x1000>;
2025-12-17T17:27:37.7373083Z    cc-num = <6>;
2025-12-17T17:27:37.7373271Z    max-bit-width = <32>;
2025-12-17T17:27:37.7373471Z    interrupts = <26 1>;
2025-12-17T17:27:37.7373670Z    prescaler = <0>;
2025-12-17T17:27:37.7373841Z   };
2025-12-17T17:27:37.7373929Z 
2025-12-17T17:27:37.7374004Z   timer4: timer@4001b000 {
2025-12-17T17:27:37.7374220Z    compatible = "nordic,nrf-timer";
2025-12-17T17:27:37.7374453Z    status = "disabled";
2025-12-17T17:27:37.7374630Z    reg = <0x4001b000 0x1000>;
2025-12-17T17:27:37.7374986Z    cc-num = <6>;
2025-12-17T17:27:37.7375174Z    max-bit-width = <32>;
2025-12-17T17:27:37.7375371Z    interrupts = <27 1>;
2025-12-17T17:27:37.7375665Z    prescaler = <0>;
2025-12-17T17:27:37.7375832Z   };
2025-12-17T17:27:37.7375912Z 
2025-12-17T17:27:37.7375990Z   pwm0: pwm@4001c000 {
2025-12-17T17:27:37.7376190Z    compatible = "nordic,nrf-pwm";
2025-12-17T17:27:37.7376416Z    reg = <0x4001c000 0x1000>;
2025-12-17T17:27:37.7376619Z    interrupts = <28 1>;
2025-12-17T17:27:37.7376804Z    status = "disabled";
2025-12-17T17:27:37.7376985Z    #pwm-cells = <3>;
2025-12-17T17:27:37.7377160Z   };
2025-12-17T17:27:37.7377240Z 
2025-12-17T17:27:37.7377317Z   pdm0: pdm@4001d000 {
2025-12-17T17:27:37.7377531Z    compatible = "nordic,nrf-pdm";
2025-12-17T17:27:37.7377757Z    reg = <0x4001d000 0x1000>;
2025-12-17T17:27:37.7377953Z    interrupts = <29 1>;
2025-12-17T17:27:37.7378142Z    status = "disabled";
2025-12-17T17:27:37.7378316Z   };
2025-12-17T17:27:37.7378398Z 
2025-12-17T17:27:37.7378465Z   acl: acl@4001e000 {
2025-12-17T17:27:37.7378662Z    compatible = "nordic,nrf-acl";
2025-12-17T17:27:37.7378880Z    reg = <0x4001e000 0x1000>;
2025-12-17T17:27:37.7379076Z    status = "okay";
2025-12-17T17:27:37.7379237Z   };
2025-12-17T17:27:37.7379323Z 
2025-12-17T17:27:37.7379432Z   flash_controller: flash-controller@4001e000 {
2025-12-17T17:27:37.7379739Z    compatible = "nordic,nrf52-flash-controller";
2025-12-17T17:27:37.7380000Z    reg = <0x4001e000 0x1000>;
2025-12-17T17:27:37.7380203Z    partial-erase;
2025-12-17T17:27:37.7380314Z 
2025-12-17T17:27:37.7380397Z    #address-cells = <1>;
2025-12-17T17:27:37.7380589Z    #size-cells = <1>;
2025-12-17T17:27:37.7380710Z 
2025-12-17T17:27:37.7380781Z    flash0: flash@0 {
2025-12-17T17:27:37.7380983Z     compatible = "soc-nv-flash";
2025-12-17T17:27:37.7381213Z     erase-block-size = <4096>;
2025-12-17T17:27:37.7381440Z     write-block-size = <4>;
2025-12-17T17:27:37.7381640Z    };
2025-12-17T17:27:37.7381791Z   };
2025-12-17T17:27:37.7381874Z 
2025-12-17T17:27:37.7381953Z   ppi: ppi@4001f000 {
2025-12-17T17:27:37.7382158Z    compatible = "nordic,nrf-ppi";
2025-12-17T17:27:37.7382389Z    reg = <0x4001f000 0x1000>;
2025-12-17T17:27:37.7382584Z    status = "okay";
2025-12-17T17:27:37.7382752Z   };
2025-12-17T17:27:37.7382832Z 
2025-12-17T17:27:37.7382910Z   mwu: mwu@40020000 {
2025-12-17T17:27:37.7383096Z    compatible = "nordic,nrf-mwu";
2025-12-17T17:27:37.7383317Z    reg = <0x40020000 0x1000>;
2025-12-17T17:27:37.7383513Z    status = "okay";
2025-12-17T17:27:37.7383704Z   };
2025-12-17T17:27:37.7383793Z 
2025-12-17T17:27:37.7383867Z   pwm1: pwm@40021000 {
2025-12-17T17:27:37.7384066Z    compatible = "nordic,nrf-pwm";
2025-12-17T17:27:37.7384282Z    reg = <0x40021000 0x1000>;
2025-12-17T17:27:37.7384702Z    interrupts = <33 1>;
2025-12-17T17:27:37.7384906Z    status = "disabled";
2025-12-17T17:27:37.7385094Z    #pwm-cells = <3>;
2025-12-17T17:27:37.7385267Z   };
2025-12-17T17:27:37.7385359Z 
2025-12-17T17:27:37.7385528Z   pwm2: pwm@40022000 {
2025-12-17T17:27:37.7385730Z    compatible = "nordic,nrf-pwm";
2025-12-17T17:27:37.7385950Z    reg = <0x40022000 0x1000>;
2025-12-17T17:27:37.7386151Z    interrupts = <34 1>;
2025-12-17T17:27:37.7386337Z    status = "disabled";
2025-12-17T17:27:37.7386515Z    #pwm-cells = <3>;
2025-12-17T17:27:37.7386689Z   };
2025-12-17T17:27:37.7386774Z 
2025-12-17T17:27:37.7386841Z   spi2: spi@40023000 {
2025-12-17T17:27:37.7386951Z 
2025-12-17T17:27:37.7387044Z    compatible = "nordic,nrf-spim";
2025-12-17T17:27:37.7387270Z    #address-cells = <1>;
2025-12-17T17:27:37.7387464Z    #size-cells = <0>;
2025-12-17T17:27:37.7387643Z    reg = <0x40023000 0x1000>;
2025-12-17T17:27:37.7387832Z    interrupts = <35 1>;
2025-12-17T17:27:37.7388028Z    max-frequency = <((8) * 1000 * 1000)>;
2025-12-17T17:27:37.7388279Z    easydma-maxcnt-bits = <16>;
2025-12-17T17:27:37.7388494Z    status = "disabled";
2025-12-17T17:27:37.7388663Z   };
2025-12-17T17:27:37.7388747Z 
2025-12-17T17:27:37.7388813Z   rtc2: rtc@40024000 {
2025-12-17T17:27:37.7389003Z    compatible = "nordic,nrf-rtc";
2025-12-17T17:27:37.7389332Z    reg = <0x40024000 0x1000>;
2025-12-17T17:27:37.7389523Z    cc-num = <4>;
2025-12-17T17:27:37.7389695Z    interrupts = <36 1>;
2025-12-17T17:27:37.7389871Z    status = "disabled";
2025-12-17T17:27:37.7390054Z    clock-frequency = <32768>;
2025-12-17T17:27:37.7390256Z    prescaler = <1>;
2025-12-17T17:27:37.7390417Z   };
2025-12-17T17:27:37.7390500Z 
2025-12-17T17:27:37.7390564Z   i2s0: i2s@40025000 {
2025-12-17T17:27:37.7390750Z    compatible = "nordic,nrf-i2s";
2025-12-17T17:27:37.7390961Z    #address-cells = <1>;
2025-12-17T17:27:37.7391152Z    #size-cells = <0>;
2025-12-17T17:27:37.7391330Z    reg = <0x40025000 0x1000>;
2025-12-17T17:27:37.7391521Z    interrupts = <37 1>;
2025-12-17T17:27:37.7391708Z    status = "disabled";
2025-12-17T17:27:37.7391880Z   };
2025-12-17T17:27:37.7391959Z 
2025-12-17T17:27:37.7392030Z   usbd: usbd@40027000 {
2025-12-17T17:27:37.7392217Z    compatible = "nordic,nrf-usbd";
2025-12-17T17:27:37.7392437Z    reg = <0x40027000 0x1000>;
2025-12-17T17:27:37.7392637Z    interrupts = <39 1>;
2025-12-17T17:27:37.7392824Z    num-bidir-endpoints = <1>;
2025-12-17T17:27:37.7393040Z    num-in-endpoints = <7>;
2025-12-17T17:27:37.7393247Z    num-out-endpoints = <7>;
2025-12-17T17:27:37.7393457Z    num-isoin-endpoints = <1>;
2025-12-17T17:27:37.7393672Z    num-isoout-endpoints = <1>;
2025-12-17T17:27:37.7393880Z    status = "disabled";
2025-12-17T17:27:37.7394047Z   };
2025-12-17T17:27:37.7394132Z 
2025-12-17T17:27:37.7394200Z   uart1: uart@40028000 {
2025-12-17T17:27:37.7394401Z    compatible = "nordic,nrf-uarte";
2025-12-17T17:27:37.7394622Z    reg = <0x40028000 0x1000>;
2025-12-17T17:27:37.7394822Z    interrupts = <40 1>;
2025-12-17T17:27:37.7395006Z    status = "disabled";
2025-12-17T17:27:37.7395183Z   };
2025-12-17T17:27:37.7395268Z 
2025-12-17T17:27:37.7395338Z   qspi: qspi@40029000 {
2025-12-17T17:27:37.7395733Z    compatible = "nordic,nrf-qspi";
2025-12-17T17:27:37.7395964Z    #address-cells = <1>;
2025-12-17T17:27:37.7396149Z    #size-cells = <0>;
2025-12-17T17:27:37.7396361Z    reg = <0x40029000 0x1000>, <0x12000000 0x8000000>;
2025-12-17T17:27:37.7396633Z    reg-names = "qspi", "qspi_mm";
2025-12-17T17:27:37.7396848Z    interrupts = <41 1>;
2025-12-17T17:27:37.7397035Z    status = "disabled";
2025-12-17T17:27:37.7397210Z   };
2025-12-17T17:27:37.7397289Z 
2025-12-17T17:27:37.7397363Z   pwm3: pwm@4002d000 {
2025-12-17T17:27:37.7397570Z    compatible = "nordic,nrf-pwm";
2025-12-17T17:27:37.7397792Z    reg = <0x4002d000 0x1000>;
2025-12-17T17:27:37.7397984Z    interrupts = <45 1>;
2025-12-17T17:27:37.7398163Z    status = "disabled";
2025-12-17T17:27:37.7398343Z    #pwm-cells = <3>;
2025-12-17T17:27:37.7398510Z   };
2025-12-17T17:27:37.7398594Z 
2025-12-17T17:27:37.7398785Z   spi3: spi@4002f000 {
2025-12-17T17:27:37.7398984Z    compatible = "nordic,nrf-spim";
2025-12-17T17:27:37.7399208Z    #address-cells = <1>;
2025-12-17T17:27:37.7399396Z    #size-cells = <0>;
2025-12-17T17:27:37.7399575Z    reg = <0x4002f000 0x1000>;
2025-12-17T17:27:37.7399770Z    interrupts = <47 1>;
2025-12-17T17:27:37.7399968Z    max-frequency = <((32) * 1000 * 1000)>;
2025-12-17T17:27:37.7400209Z    easydma-maxcnt-bits = <16>;
2025-12-17T17:27:37.7400423Z    rx-delay-supported;
2025-12-17T17:27:37.7400600Z    rx-delay = <2>;
2025-12-17T17:27:37.7400775Z    status = "disabled";
2025-12-17T17:27:37.7400946Z   };
2025-12-17T17:27:37.7401025Z 
2025-12-17T17:27:37.7401097Z   gpio0: gpio@50000000 {
2025-12-17T17:27:37.7401300Z    compatible = "nordic,nrf-gpio";
2025-12-17T17:27:37.7401521Z    gpio-controller;
2025-12-17T17:27:37.7401694Z    reg = <0x50000000 0x200
2025-12-17T17:27:37.7401885Z           0x50000500 0x300>;
2025-12-17T17:27:37.7402085Z    #gpio-cells = <2>;
2025-12-17T17:27:37.7402265Z    status = "disabled";
2025-12-17T17:27:37.7402445Z    port = <0>;
2025-12-17T17:27:37.7402613Z   };
2025-12-17T17:27:37.7402694Z 
2025-12-17T17:27:37.7402767Z   gpio1: gpio@50000300 {
2025-12-17T17:27:37.7402965Z    compatible = "nordic,nrf-gpio";
2025-12-17T17:27:37.7403184Z    gpio-controller;
2025-12-17T17:27:37.7403479Z    reg = <0x50000300 0x200
2025-12-17T17:27:37.7403663Z           0x50000800 0x300>;
2025-12-17T17:27:37.7403861Z    #gpio-cells = <2>;
2025-12-17T17:27:37.7404037Z    ngpios = <16>;
2025-12-17T17:27:37.7404207Z    status = "disabled";
2025-12-17T17:27:37.7404382Z    port = <1>;
2025-12-17T17:27:37.7404541Z   };
2025-12-17T17:27:37.7404621Z 
2025-12-17T17:27:37.7404701Z   cryptocell: crypto@5002a000 {
2025-12-17T17:27:37.7404979Z    compatible = "nordic,cryptocell", "arm,cryptocell-310";
2025-12-17T17:27:37.7405292Z    reg = <0x5002a000 0x1000>, <0x5002b000 0x1000>;
2025-12-17T17:27:37.7405649Z    reg-names = "wrapper", "core";
2025-12-17T17:27:37.7405869Z    interrupts = <42 1>;
2025-12-17T17:27:37.7406065Z    status = "disabled";
2025-12-17T17:27:37.7406239Z   };
2025-12-17T17:27:37.7406378Z  };
2025-12-17T17:27:37.7406521Z };
2025-12-17T17:27:37.7406600Z 
2025-12-17T17:27:37.7406665Z &nvic {
2025-12-17T17:27:37.7406859Z  arm,num-irq-priority-bits = <3>;
2025-12-17T17:27:37.7407079Z };
2025-12-17T17:27:37.7407326Z # 9 "/tmp/zmk-config/zephyr/dts/arm/nordic/nrf52840_qiaa.dtsi" 2 3 4
2025-12-17T17:27:37.7407581Z 
2025-12-17T17:27:37.7407644Z &flash0 {
2025-12-17T17:27:37.7407805Z  reg = <0x00000000 ((1024) * 1024)>;
2025-12-17T17:27:37.7408009Z };
2025-12-17T17:27:37.7408087Z 
2025-12-17T17:27:37.7408147Z &sram0 {
2025-12-17T17:27:37.7408305Z  reg = <0x20000000 ((256) * 1024)>;
2025-12-17T17:27:37.7408507Z };
2025-12-17T17:27:37.7408585Z 
2025-12-17T17:27:37.7408643Z / {
2025-12-17T17:27:37.7408783Z  soc {
2025-12-17T17:27:37.7408999Z   compatible = "nordic,nrf52840-qiaa", "nordic,nrf52840",
2025-12-17T17:27:37.7409294Z         "nordic,nrf52", "simple-bus";
2025-12-17T17:27:37.7409507Z  };
2025-12-17T17:27:37.7409654Z };
2025-12-17T17:27:37.7409940Z # 10 "/tmp/zmk-config/eyelash_sofle/boards/arm/eyelash_sofle/eyelash_sofle.dtsi" 2
2025-12-17T17:27:37.7410398Z # 1 "/tmp/zmk-config/zephyr/include/zephyr/dt-bindings/led/led.h" 1 3 4
2025-12-17T17:27:37.7410846Z # 11 "/tmp/zmk-config/eyelash_sofle/boards/arm/eyelash_sofle/eyelash_sofle.dtsi" 2
2025-12-17T17:27:37.7411324Z # 1 "/tmp/zmk-config/zmk/app/include/dt-bindings/zmk/matrix_transform.h" 1 3 4
2025-12-17T17:27:37.7411800Z # 12 "/tmp/zmk-config/eyelash_sofle/boards/arm/eyelash_sofle/eyelash_sofle.dtsi" 2
2025-12-17T17:27:37.7412089Z 
2025-12-17T17:27:37.7412313Z # 1 "/tmp/zmk-config/eyelash_sofle/boards/arm/eyelash_sofle/eyelash_sofle-layouts.dtsi" 1
2025-12-17T17:27:37.7412764Z # 1 "/tmp/zmk-config/zmk/app/dts/physical_layouts.dtsi" 1 3 4
2025-12-17T17:27:37.7412989Z 
2025-12-17T17:27:37.7413051Z / {
2025-12-17T17:27:37.7413224Z     key_physical_attrs: key_physical_attrs {
2025-12-17T17:27:37.7413500Z         compatible = "zmk,key-physical-attrs";
2025-12-17T17:27:37.7413808Z 
2025-12-17T17:27:37.7413894Z         #key-cells = <7>;
2025-12-17T17:27:37.7414078Z     };
2025-12-17T17:27:37.7414225Z };
2025-12-17T17:27:37.7414536Z # 2 "/tmp/zmk-config/eyelash_sofle/boards/arm/eyelash_sofle/eyelash_sofle-layouts.dtsi" 2
2025-12-17T17:27:37.7414856Z 
2025-12-17T17:27:37.7414919Z / {
2025-12-17T17:27:37.7415096Z     eyelash_sofle_layout: eyelash_sofle_layout {
2025-12-17T17:27:37.7415373Z         compatible = "zmk,physical-layout";
2025-12-17T17:27:37.7415733Z         display-name = "Layout";
2025-12-17T17:27:37.7415964Z         transform = <&default_transform>;
2025-12-17T17:27:37.7416193Z         keys
2025-12-17T17:27:37.7416383Z             = <&key_physical_attrs 100 100 0 50 0 0 0>
2025-12-17T17:27:37.7416651Z             , <&key_physical_attrs 100 100 100 50 0 0 0>
2025-12-17T17:27:37.7416919Z             , <&key_physical_attrs 100 100 200 12 0 0 0>
2025-12-17T17:27:37.7417183Z             , <&key_physical_attrs 100 100 300 0 0 0 0>
2025-12-17T17:27:37.7417440Z             , <&key_physical_attrs 100 100 400 12 0 0 0>
2025-12-17T17:27:37.7417695Z             , <&key_physical_attrs 100 100 500 12 0 0 0>
2025-12-17T17:27:37.7417947Z             , <&key_physical_attrs 100 100 775 12 0 0 0>
2025-12-17T17:27:37.7418208Z             , <&key_physical_attrs 100 100 1050 12 0 0 0>
2025-12-17T17:27:37.7418584Z             , <&key_physical_attrs 100 100 1150 12 0 0 0>
2025-12-17T17:27:37.7418841Z             , <&key_physical_attrs 100 100 1250 0 0 0 0>
2025-12-17T17:27:37.7419098Z             , <&key_physical_attrs 100 100 1350 12 0 0 0>
2025-12-17T17:27:37.7419353Z             , <&key_physical_attrs 100 100 1450 50 0 0 0>
2025-12-17T17:27:37.7419608Z             , <&key_physical_attrs 100 100 1550 50 0 0 0>
2025-12-17T17:27:37.7419866Z             , <&key_physical_attrs 100 100 0 150 0 0 0>
2025-12-17T17:27:37.7420120Z             , <&key_physical_attrs 100 100 100 150 0 0 0>
2025-12-17T17:27:37.7420372Z             , <&key_physical_attrs 100 100 200 112 0 0 0>
2025-12-17T17:27:37.7420629Z             , <&key_physical_attrs 100 100 300 100 0 0 0>
2025-12-17T17:27:37.7420888Z             , <&key_physical_attrs 100 100 400 112 0 0 0>
2025-12-17T17:27:37.7421137Z             , <&key_physical_attrs 100 100 500 112 0 0 0>
2025-12-17T17:27:37.7421390Z             , <&key_physical_attrs 100 100 775 212 0 0 0>
2025-12-17T17:27:37.7421654Z             , <&key_physical_attrs 100 100 1050 112 0 0 0>
2025-12-17T17:27:37.7421914Z             , <&key_physical_attrs 100 100 1150 112 0 0 0>
2025-12-17T17:27:37.7422170Z             , <&key_physical_attrs 100 100 1250 100 0 0 0>
2025-12-17T17:27:37.7422424Z             , <&key_physical_attrs 100 100 1350 112 0 0 0>
2025-12-17T17:27:37.7422678Z             , <&key_physical_attrs 100 100 1450 150 0 0 0>
2025-12-17T17:27:37.7422929Z             , <&key_physical_attrs 100 100 1550 150 0 0 0>
2025-12-17T17:27:37.7423182Z             , <&key_physical_attrs 100 100 0 250 0 0 0>
2025-12-17T17:27:37.7423439Z             , <&key_physical_attrs 100 100 100 250 0 0 0>
2025-12-17T17:27:37.7423699Z             , <&key_physical_attrs 100 100 200 212 0 0 0>
2025-12-17T17:27:37.7423958Z             , <&key_physical_attrs 100 100 300 200 0 0 0>
2025-12-17T17:27:37.7424210Z             , <&key_physical_attrs 100 100 400 212 0 0 0>
2025-12-17T17:27:37.7424469Z             , <&key_physical_attrs 100 100 500 212 0 0 0>
2025-12-17T17:27:37.7424719Z             , <&key_physical_attrs 100 100 675 112 0 0 0>
2025-12-17T17:27:37.7424975Z             , <&key_physical_attrs 100 100 1050 212 0 0 0>
2025-12-17T17:27:37.7425229Z             , <&key_physical_attrs 100 100 1150 212 0 0 0>
2025-12-17T17:27:37.7425578Z             , <&key_physical_attrs 100 100 1250 200 0 0 0>
2025-12-17T17:27:37.7425833Z             , <&key_physical_attrs 100 100 1350 212 0 0 0>
2025-12-17T17:27:37.7426087Z             , <&key_physical_attrs 100 100 1450 250 0 0 0>
2025-12-17T17:27:37.7426338Z             , <&key_physical_attrs 100 100 1550 250 0 0 0>
2025-12-17T17:27:37.7426706Z             , <&key_physical_attrs 100 100 0 350 0 0 0>
2025-12-17T17:27:37.7426962Z             , <&key_physical_attrs 100 100 100 350 0 0 0>
2025-12-17T17:27:37.7427216Z             , <&key_physical_attrs 100 100 200 312 0 0 0>
2025-12-17T17:27:37.7427466Z             , <&key_physical_attrs 100 100 300 300 0 0 0>
2025-12-17T17:27:37.7427724Z             , <&key_physical_attrs 100 100 400 312 0 0 0>
2025-12-17T17:27:37.7427976Z             , <&key_physical_attrs 100 100 500 312 0 0 0>
2025-12-17T17:27:37.7428223Z             , <&key_physical_attrs 100 100 875 112 0 0 0>
2025-12-17T17:27:37.7428474Z             , <&key_physical_attrs 100 100 1050 312 0 0 0>
2025-12-17T17:27:37.7428728Z             , <&key_physical_attrs 100 100 1150 312 0 0 0>
2025-12-17T17:27:37.7428983Z             , <&key_physical_attrs 100 100 1250 300 0 0 0>
2025-12-17T17:27:37.7429234Z             , <&key_physical_attrs 100 100 1350 312 0 0 0>
2025-12-17T17:27:37.7429488Z             , <&key_physical_attrs 100 100 1450 350 0 0 0>
2025-12-17T17:27:37.7429748Z             , <&key_physical_attrs 100 100 1550 350 0 0 0>
2025-12-17T17:27:37.7430008Z             , <&key_physical_attrs 100 100 650 338 0 0 0>
2025-12-17T17:27:37.7430276Z             , <&key_physical_attrs 100 100 200 412 0 0 0>
2025-12-17T17:27:37.7430541Z             , <&key_physical_attrs 100 100 300 400 0 0 0>
2025-12-17T17:27:37.7430904Z             , <&key_physical_attrs 100 100 400 412 0 0 0>
2025-12-17T17:27:37.7431179Z             , <&key_physical_attrs 100 100 550 412 3000 500 412>
2025-12-17T17:27:37.7431467Z             , <&key_physical_attrs 100 100 675 362 3000 500 412>
2025-12-17T17:27:37.7431745Z             , <&key_physical_attrs 100 100 775 112 0 0 0>
2025-12-17T17:27:37.7432031Z             , <&key_physical_attrs 100 100 875 362 (-3000) 1150 412>
2025-12-17T17:27:37.7432347Z             , <&key_physical_attrs 100 100 1000 412 (-3000) 1150 412>
2025-12-17T17:27:37.7432637Z             , <&key_physical_attrs 100 100 1150 412 0 0 0>
2025-12-17T17:27:37.7432899Z             , <&key_physical_attrs 100 100 1250 400 0 0 0>
2025-12-17T17:27:37.7433167Z             , <&key_physical_attrs 100 100 1350 412 0 0 0>
2025-12-17T17:27:37.7433404Z             ;
2025-12-17T17:27:37.7433560Z     };
2025-12-17T17:27:37.7433714Z };
2025-12-17T17:27:37.7434001Z # 14 "/tmp/zmk-config/eyelash_sofle/boards/arm/eyelash_sofle/eyelash_sofle.dtsi" 2
2025-12-17T17:27:37.7434293Z 
2025-12-17T17:27:37.7434360Z / {
2025-12-17T17:27:37.7434518Z     model = "eyelash_sofle";
2025-12-17T17:27:37.7434778Z     compatible = "eyelashperipherals,eyelash_sofle";
2025-12-17T17:27:37.7434982Z 
2025-12-17T17:27:37.7435052Z     chosen {
2025-12-17T17:27:37.7435245Z         zephyr,code-partition = &code_partition;
2025-12-17T17:27:37.7435720Z         zephyr,sram = &sram0;
2025-12-17T17:27:37.7435947Z         zephyr,flash = &flash0;
2025-12-17T17:27:37.7436158Z         zmk,kscan = &kscan0;
2025-12-17T17:27:37.7436365Z         zmk,battery = &vbatt;
2025-12-17T17:27:37.7436584Z         zmk,underglow = &led_strip;
2025-12-17T17:27:37.7436847Z         zmk,physical-layout = &eyelash_sofle_layout;
2025-12-17T17:27:37.7437116Z         zmk,backlight = &backlight;
2025-12-17T17:27:37.7437331Z     };
2025-12-17T17:27:37.7437416Z 
2025-12-17T17:27:37.7437500Z  left_encoder: encoder_left {
2025-12-17T17:27:37.7437710Z   compatible = "alps,ec11";
2025-12-17T17:27:37.7437921Z   label = "LEFT_ENCODER";
2025-12-17T17:27:37.7438116Z   resolution = <4>;
2025-12-17T17:27:37.7438291Z         steps = <40>;
2025-12-17T17:27:37.7438497Z         a-gpios = <&gpio1 10 ((0 << 0) | (1 << 4))>;
2025-12-17T17:27:37.7438762Z      b-gpios = <&gpio1 14 ((0 << 0) | (1 << 4))>;
2025-12-17T17:27:37.7439003Z   status = "disabled";
2025-12-17T17:27:37.7439186Z  };
2025-12-17T17:27:37.7439276Z 
2025-12-17T17:27:37.7439364Z     sensors {
2025-12-17T17:27:37.7439550Z   compatible = "zmk,keymap-sensors";
2025-12-17T17:27:37.7439791Z   sensors = <&left_encoder>;
2025-12-17T17:27:37.7439993Z  };
2025-12-17T17:27:37.7440072Z 
2025-12-17T17:27:37.7440145Z     kscan0: kscan {
2025-12-17T17:27:37.7440469Z         compatible = "zmk,kscan-gpio-matrix";
2025-12-17T17:27:37.7440722Z         wakeup-source;
2025-12-17T17:27:37.7440921Z         diode-direction = "col2row";
2025-12-17T17:27:37.7441135Z         row-gpios
2025-12-17T17:27:37.7441321Z             = <&gpio0 19 ((0 << 0) | (1 << 5))>
2025-12-17T17:27:37.7441572Z             , <&gpio0 8 ((0 << 0) | (1 << 5))>
2025-12-17T17:27:37.7441809Z             , <&gpio0 12 ((0 << 0) | (1 << 5))>
2025-12-17T17:27:37.7442045Z             , <&gpio0 11 ((0 << 0) | (1 << 5))>
2025-12-17T17:27:37.7442280Z             , <&gpio1 9 ((0 << 0) | (1 << 5))>
2025-12-17T17:27:37.7442498Z             ;
2025-12-17T17:27:37.7442661Z     };
2025-12-17T17:27:37.7442747Z 
2025-12-17T17:27:37.7442846Z     default_transform: keymap_transform_0 {
2025-12-17T17:27:37.7443112Z         compatible = "zmk,matrix-transform";
2025-12-17T17:27:37.7443348Z         columns = <14>;
2025-12-17T17:27:37.7443564Z         rows = <5>;
2025-12-17T17:27:37.7443738Z         map = <
2025-12-17T17:27:37.7444031Z             (((0) << 8) + (0)) (((0) << 8) + (1)) (((0) << 8) + (2)) (((0) << 8) + (3)) (((0) << 8) + (4)) (((0) << 8) + (5)) (((0) << 8) + (7)) (((0) << 8) + (8)) (((0) << 8) + (9)) (((0) << 8) + (10)) (((0) << 8) + (11)) (((0) << 8) + (12)) (((0) << 8) + (13))
2025-12-17T17:27:37.7444681Z             (((1) << 8) + (0)) (((1) << 8) + (1)) (((1) << 8) + (2)) (((1) << 8) + (3)) (((1) << 8) + (4)) (((1) << 8) + (5)) (((1) << 8) + (7)) (((1) << 8) + (8)) (((1) << 8) + (9)) (((1) << 8) + (10)) (((1) << 8) + (11)) (((1) << 8) + (12)) (((1) << 8) + (13))
2025-12-17T17:27:37.7445119Z             (((2) << 8) + (0)) (((2) << 8) + (1)) (((2) << 8) + (2)) (((2) << 8) + (3)) (((2) << 8) + (4)) (((2) << 8) + (5)) (((2) << 8) + (7)) (((2) << 8) + (8)) (((2) << 8) + (9)) (((2) << 8) + (10)) (((2) << 8) + (11)) (((2) << 8) + (12)) (((2) << 8) + (13))
2025-12-17T17:27:37.7445814Z             (((3) << 8) + (0)) (((3) << 8) + (1)) (((3) << 8) + (2)) (((3) << 8) + (3)) (((3) << 8) + (4)) (((3) << 8) + (5)) (((3) << 8) + (7)) (((3) << 8) + (8)) (((3) << 8) + (9)) (((3) << 8) + (10)) (((3) << 8) + (11)) (((3) << 8) + (12)) (((3) << 8) + (13))
2025-12-17T17:27:37.7446253Z             (((4) << 8) + (0)) (((4) << 8) + (1)) (((4) << 8) + (2)) (((4) << 8) + (3)) (((4) << 8) + (4)) (((4) << 8) + (5)) (((4) << 8) + (7)) (((4) << 8) + (8)) (((4) << 8) + (9)) (((4) << 8) + (10)) (((4) << 8) + (11)) (((4) << 8) + (12))
2025-12-17T17:27:37.7446573Z         >;
2025-12-17T17:27:37.7446723Z     };
2025-12-17T17:27:37.7446816Z 
2025-12-17T17:27:37.7446884Z     ext-power {
2025-12-17T17:27:37.7447085Z         compatible = "zmk,ext-power-generic";
2025-12-17T17:27:37.7447332Z         label = "EXT_POWER";
2025-12-17T17:27:37.7447549Z         control-gpios = <&gpio0 13 (0 << 0)>;
2025-12-17T17:27:37.7447793Z          init-delay-ms = <50>;
2025-12-17T17:27:37.7447990Z     };
2025-12-17T17:27:37.7448080Z 
2025-12-17T17:27:37.7448147Z     vbatt: vbatt {
2025-12-17T17:27:37.7448349Z         compatible = "zmk,battery-nrf-vddh";
2025-12-17T17:27:37.7448600Z        init-delay-ms = <50>;
2025-12-17T17:27:37.7448788Z     };
2025-12-17T17:27:37.7448875Z 
2025-12-17T17:27:37.7448951Z     backlight: pwmleds {
2025-12-17T17:27:37.7449166Z         compatible = "pwm-leds";
2025-12-17T17:27:37.7449375Z         pwm_led_0 {
2025-12-17T17:27:37.7449592Z             pwms = <&pwm0 0 (((1) * 1000UL) * 1000UL) (0 << 0)>;
2025-12-17T17:27:37.7449858Z         };
2025-12-17T17:27:37.7450008Z     };
2025-12-17T17:27:37.7450154Z };
2025-12-17T17:27:37.7450237Z 
2025-12-17T17:27:37.7450298Z &adc {
2025-12-17T17:27:37.7450444Z     status = "okay";
2025-12-17T17:27:37.7450619Z };
2025-12-17T17:27:37.7450698Z 
2025-12-17T17:27:37.7450767Z &gpiote {
2025-12-17T17:27:37.7450922Z     status = "okay";
2025-12-17T17:27:37.7451092Z };
2025-12-17T17:27:37.7451174Z 
2025-12-17T17:27:37.7451236Z &gpio0 {
2025-12-17T17:27:37.7451389Z     status = "okay";
2025-12-17T17:27:37.7451546Z };
2025-12-17T17:27:37.7451627Z 
2025-12-17T17:27:37.7451685Z &gpio1 {
2025-12-17T17:27:37.7451957Z     status = "okay";
2025-12-17T17:27:37.7452120Z };
2025-12-17T17:27:37.7452201Z 
2025-12-17T17:27:37.7452262Z &usbd {
2025-12-17T17:27:37.7452410Z     status = "okay";
2025-12-17T17:27:37.7452586Z     cdc_acm_uart: cdc_acm_uart {
2025-12-17T17:27:37.7452821Z         compatible = "zephyr,cdc-acm-uart";
2025-12-17T17:27:37.7453056Z     };
2025-12-17T17:27:37.7453190Z };
2025-12-17T17:27:37.7453270Z 
2025-12-17T17:27:37.7453332Z &flash0 {
2025-12-17T17:27:37.7453417Z 
2025-12-17T17:27:37.7453489Z     partitions {
2025-12-17T17:27:37.7453678Z         compatible = "fixed-partitions";
2025-12-17T17:27:37.7453929Z         #address-cells = <1>;
2025-12-17T17:27:37.7454144Z         #size-cells = <1>;
2025-12-17T17:27:37.7454271Z 
2025-12-17T17:27:37.7454358Z         sd_partition: partition@0 {
2025-12-17T17:27:37.7454582Z             reg = <0x00000000 0x00026000>;
2025-12-17T17:27:37.7454797Z         };
2025-12-17T17:27:37.7454968Z         code_partition: partition@26000 {
2025-12-17T17:27:37.7455205Z             reg = <0x00026000 0x000c6000>;
2025-12-17T17:27:37.7455525Z         };
2025-12-17T17:27:37.7455819Z # 140 "/tmp/zmk-config/eyelash_sofle/boards/arm/eyelash_sofle/eyelash_sofle.dtsi"
2025-12-17T17:27:37.7456194Z         storage_partition: partition@ec000 {
2025-12-17T17:27:37.7456556Z             reg = <0x000ec000 0x00008000>;
2025-12-17T17:27:37.7456769Z         };
2025-12-17T17:27:37.7456854Z 
2025-12-17T17:27:37.7456938Z         boot_partition: partition@f4000 {
2025-12-17T17:27:37.7457168Z             reg = <0x000f4000 0x0000c000>;
2025-12-17T17:27:37.7457376Z         };
2025-12-17T17:27:37.7457521Z     };
2025-12-17T17:27:37.7457655Z };
2025-12-17T17:27:37.7457737Z 
2025-12-17T17:27:37.7457799Z &pinctrl {
2025-12-17T17:27:37.7457964Z     spi3_default: spi3_default {
2025-12-17T17:27:37.7458168Z         group1 {
2025-12-17T17:27:37.7458407Z             psels = <((((((1) * 32U) + (12)) & 0x7FU) << 0U) | ((5U & 0xFFFFU) << 16U))>;
2025-12-17T17:27:37.7458703Z         };
2025-12-17T17:27:37.7458845Z     };
2025-12-17T17:27:37.7458936Z 
2025-12-17T17:27:37.7459014Z     spi3_sleep: spi3_sleep {
2025-12-17T17:27:37.7459214Z         group1 {
2025-12-17T17:27:37.7459439Z             psels = <((((((1) * 32U) + (12)) & 0x7FU) << 0U) | ((5U & 0xFFFFU) << 16U))>;
2025-12-17T17:27:37.7459740Z             low-power-enable;
2025-12-17T17:27:37.7459945Z         };
2025-12-17T17:27:37.7460093Z     };
2025-12-17T17:27:37.7460176Z 
2025-12-17T17:27:37.7460255Z     spi0_default: spi0_default {
2025-12-17T17:27:37.7460467Z         group1 {
2025-12-17T17:27:37.7460695Z             psels = <((((((0) * 32U) + (20)) & 0x7FU) << 0U) | ((4U & 0xFFFFU) << 16U))>,
2025-12-17T17:27:37.7461021Z                 <((((((0) * 32U) + (17)) & 0x7FU) << 0U) | ((5U & 0xFFFFU) << 16U))>,
2025-12-17T17:27:37.7461334Z                 <((((((0) * 32U) + (25)) & 0x7FU) << 0U) | ((6U & 0xFFFFU) << 16U))>;
2025-12-17T17:27:37.7461594Z         };
2025-12-17T17:27:37.7461736Z     };
2025-12-17T17:27:37.7461825Z 
2025-12-17T17:27:37.7461905Z     spi0_sleep: spi0_sleep {
2025-12-17T17:27:37.7462107Z         group1 {
2025-12-17T17:27:37.7462339Z             psels = <((((((0) * 32U) + (20)) & 0x7FU) << 0U) | ((4U & 0xFFFFU) << 16U))>,
2025-12-17T17:27:37.7462664Z                 <((((((0) * 32U) + (17)) & 0x7FU) << 0U) | ((5U & 0xFFFFU) << 16U))>,
2025-12-17T17:27:37.7462975Z                 <((((((0) * 32U) + (25)) & 0x7FU) << 0U) | ((6U & 0xFFFFU) << 16U))>;
2025-12-17T17:27:37.7463251Z             low-power-enable;
2025-12-17T17:27:37.7463444Z         };
2025-12-17T17:27:37.7463594Z     };
2025-12-17T17:27:37.7463678Z 
2025-12-17T17:27:37.7463763Z     pwm0_default: pwm0_default {
2025-12-17T17:27:37.7463965Z         group1 {
2025-12-17T17:27:37.7464197Z             psels = <((((((1) * 32U) + (13)) & 0x7FU) << 0U) | ((22U & 0xFFFFU) << 16U))>;
2025-12-17T17:27:37.7464487Z         };
2025-12-17T17:27:37.7464635Z     };
2025-12-17T17:27:37.7464789Z     pwm0_sleep: pwm0_sleep {
2025-12-17T17:27:37.7464986Z         group1 {
2025-12-17T17:27:37.7465325Z             psels = <((((((1) * 32U) + (13)) & 0x7FU) << 0U) | ((22U & 0xFFFFU) << 16U))>;
2025-12-17T17:27:37.7465728Z             low-power-enable;
2025-12-17T17:27:37.7465950Z         };
2025-12-17T17:27:37.7466095Z     };
2025-12-17T17:27:37.7466231Z };
2025-12-17T17:27:37.7466318Z 
2025-12-17T17:27:37.7466385Z &spi3 {
2025-12-17T17:27:37.7466559Z     compatible = "nordic,nrf-spim";
2025-12-17T17:27:37.7466783Z     status = "okay";
2025-12-17T17:27:37.7466898Z 
2025-12-17T17:27:37.7466977Z     pinctrl-0 = <&spi3_default>;
2025-12-17T17:27:37.7467202Z     pinctrl-1 = <&spi3_sleep>;
2025-12-17T17:27:37.7467423Z     pinctrl-names = "default", "sleep";
2025-12-17T17:27:37.7467594Z 
2025-12-17T17:27:37.7467669Z     led_strip: ws2812@0 {
2025-12-17T17:27:37.7467890Z         compatible = "worldsemi,ws2812-spi";
2025-12-17T17:27:37.7468063Z 
2025-12-17T17:27:37.7468133Z         reg = <0>;
2025-12-17T17:27:37.7468317Z         spi-max-frequency = <4000000>;
2025-12-17T17:27:37.7468484Z 
2025-12-17T17:27:37.7468563Z         chain-length = <7>;
2025-12-17T17:27:37.7468776Z         spi-one-frame = <0x70>;
2025-12-17T17:27:37.7468988Z         spi-zero-frame = <0x40>;
2025-12-17T17:27:37.7469139Z 
2025-12-17T17:27:37.7469216Z         color-mapping = <2 1 3>;
2025-12-17T17:27:37.7469416Z     };
2025-12-17T17:27:37.7469670Z };
2025-12-17T17:27:37.7469758Z 
2025-12-17T17:27:37.7469825Z &pwm0 {
2025-12-17T17:27:37.7469979Z     status = "okay";
2025-12-17T17:27:37.7470168Z     pinctrl-0 = <&pwm0_default>;
2025-12-17T17:27:37.7470381Z     pinctrl-1 = <&pwm0_sleep>;
2025-12-17T17:27:37.7470603Z     pinctrl-names = "default", "sleep";
2025-12-17T17:27:37.7470826Z };
2025-12-17T17:27:37.7470905Z 
2025-12-17T17:27:37.7470975Z zephyr_udc0: &usbd {
2025-12-17T17:27:37.7471174Z     compatible = "nordic,nrf-usbd";
2025-12-17T17:27:37.7471397Z     status = "okay";
2025-12-17T17:27:37.7471586Z };
2025-12-17T17:27:37.7471670Z 
2025-12-17T17:27:37.7471740Z nice_view_spi: &spi0 {
2025-12-17T17:27:37.7471947Z     compatible = "nordic,nrf-spim";
2025-12-17T17:27:37.7472176Z     pinctrl-0 = <&spi0_default>;
2025-12-17T17:27:37.7472399Z     pinctrl-1 = <&spi0_sleep>;
2025-12-17T17:27:37.7472627Z     pinctrl-names = "default", "sleep";
2025-12-17T17:27:37.7472861Z     cs-gpios = <&gpio0 6 (0 << 0)>;
2025-12-17T17:27:37.7473068Z };
2025-12-17T17:27:37.7473373Z # 9 "/tmp/zmk-config/eyelash_sofle/boards/arm/eyelash_sofle/eyelash_sofle_left.dts" 2
2025-12-17T17:27:37.7473674Z 
2025-12-17T17:27:37.7473743Z &kscan0 {
2025-12-17T17:27:37.7473898Z      col-gpios
2025-12-17T17:27:37.7474071Z          = <&gpio0 3 (0 << 0)>
2025-12-17T17:27:37.7474274Z          , <&gpio0 28 (0 << 0)>
2025-12-17T17:27:37.7474482Z          , <&gpio0 30 (0 << 0)>
2025-12-17T17:27:37.7474683Z          , <&gpio0 21 (0 << 0)>
2025-12-17T17:27:37.7474884Z          , <&gpio0 23 (0 << 0)>
2025-12-17T17:27:37.7475075Z          , <&gpio0 22 (0 << 0)>
2025-12-17T17:27:37.7475270Z          ;
2025-12-17T17:27:37.7475587Z };
2025-12-17T17:27:37.7475690Z 
2025-12-17T17:27:37.7475760Z &left_encoder {
2025-12-17T17:27:37.7475938Z     status = "okay";
2025-12-17T17:27:37.7476109Z };
2025-12-17T17:27:37.7476258Z # 0 "<command-line>" 2
2025-12-17T17:27:37.7476565Z # 1 "/tmp/zmk-config/zmk/app/boards/shields/nice_view/nice_view.overlay" 1
2025-12-17T17:27:37.7476843Z 
2025-12-17T17:27:37.7476917Z &nice_view_spi {
2025-12-17T17:27:37.7477090Z     status = "okay";
2025-12-17T17:27:37.7477268Z     nice_view: ls0xx@0 {
2025-12-17T17:27:37.7477472Z         compatible = "sharp,ls0xx";
2025-12-17T17:27:37.7477708Z         spi-max-frequency = <1000000>;
2025-12-17T17:27:37.7477930Z         reg = <0>;
2025-12-17T17:27:37.7478103Z         width = <160>;
2025-12-17T17:27:37.7478284Z         height = <68>;
2025-12-17T17:27:37.7478452Z     };
2025-12-17T17:27:37.7478601Z };
2025-12-17T17:27:37.7478681Z 
2025-12-17T17:27:37.7478748Z / {
2025-12-17T17:27:37.7478890Z     chosen {
2025-12-17T17:27:37.7479065Z         zephyr,display = &nice_view;
2025-12-17T17:27:37.7479283Z     };
2025-12-17T17:27:37.7479421Z };
2025-12-17T17:27:37.7479732Z # 0 "<command-line>" 2
2025-12-17T17:27:37.7479976Z # 1 "/tmp/zmk-config/config/eyelash_sofle_left.keymap" 1
2025-12-17T17:27:37.7480315Z # 1 "/tmp/zmk-config/config/eyelash_sofle.keymap" 1
2025-12-17T17:27:37.7480517Z 
2025-12-17T17:27:37.7480750Z # 1 "/tmp/zmk-config/zephyr/include/zephyr/dt-bindings/input/input-event-codes.h" 1 3 4
2025-12-17T17:27:37.7481183Z # 7 "/tmp/zmk-config/config/eyelash_sofle.keymap" 2
2025-12-17T17:27:37.7481493Z # 1 "/tmp/zmk-config/zmk/app/dts/behaviors.dtsi" 1 3 4
2025-12-17T17:27:37.7481839Z # 1 "/tmp/zmk-config/zmk/app/dts/behaviors/key_press.dtsi" 1 3 4
2025-12-17T17:27:37.7482074Z 
2025-12-17T17:27:37.7482242Z # 1 "/tmp/zmk-config/zmk/app/include/dt-bindings/zmk/behaviors.h" 1 3 4
2025-12-17T17:27:37.7482639Z # 8 "/tmp/zmk-config/zmk/app/dts/behaviors/key_press.dtsi" 2 3 4
2025-12-17T17:27:37.7482862Z 
2025-12-17T17:27:37.7482928Z / {
2025-12-17T17:27:37.7483077Z     behaviors {
2025-12-17T17:27:37.7483187Z 
2025-12-17T17:27:37.7483259Z         kp: key_press {
2025-12-17T17:27:37.7483490Z             compatible = "zmk,behavior-key-press";
2025-12-17T17:27:37.7483758Z             #binding-cells = <1>;
2025-12-17T17:27:37.7483996Z             display-name = "Key Press";
2025-12-17T17:27:37.7484222Z         };
2025-12-17T17:27:37.7484367Z     };
2025-12-17T17:27:37.7484629Z };
2025-12-17T17:27:37.7484826Z # 2 "/tmp/zmk-config/zmk/app/dts/behaviors.dtsi" 2 3 4
2025-12-17T17:27:37.7485165Z # 1 "/tmp/zmk-config/zmk/app/dts/behaviors/key_toggle.dtsi" 1 3 4
2025-12-17T17:27:37.7485507Z 
2025-12-17T17:27:37.7485672Z # 1 "/tmp/zmk-config/zmk/app/include/dt-bindings/zmk/behaviors.h" 1 3 4
2025-12-17T17:27:37.7486066Z # 8 "/tmp/zmk-config/zmk/app/dts/behaviors/key_toggle.dtsi" 2 3 4
2025-12-17T17:27:37.7486294Z 
2025-12-17T17:27:37.7486361Z / {
2025-12-17T17:27:37.7486504Z     behaviors {
2025-12-17T17:27:37.7486611Z 
2025-12-17T17:27:37.7486682Z         kt: key_toggle {
2025-12-17T17:27:37.7486906Z             compatible = "zmk,behavior-key-toggle";
2025-12-17T17:27:37.7487167Z             #binding-cells = <1>;
2025-12-17T17:27:37.7487394Z             display-name = "Key Toggle";
2025-12-17T17:27:37.7487619Z         };
2025-12-17T17:27:37.7487764Z     };
2025-12-17T17:27:37.7487909Z };
2025-12-17T17:27:37.7488103Z # 3 "/tmp/zmk-config/zmk/app/dts/behaviors.dtsi" 2 3 4
2025-12-17T17:27:37.7488456Z # 1 "/tmp/zmk-config/zmk/app/dts/behaviors/transparent.dtsi" 1 3 4
2025-12-17T17:27:37.7488702Z 
2025-12-17T17:27:37.7488866Z # 1 "/tmp/zmk-config/zmk/app/include/dt-bindings/zmk/behaviors.h" 1 3 4
2025-12-17T17:27:37.7489269Z # 8 "/tmp/zmk-config/zmk/app/dts/behaviors/transparent.dtsi" 2 3 4
2025-12-17T17:27:37.7489505Z 
2025-12-17T17:27:37.7489569Z / {
2025-12-17T17:27:37.7489711Z     behaviors {
2025-12-17T17:27:37.7489818Z 
2025-12-17T17:27:37.7489895Z         trans: transparent {
2025-12-17T17:27:37.7490138Z             compatible = "zmk,behavior-transparent";
2025-12-17T17:27:37.7490400Z             #binding-cells = <0>;
2025-12-17T17:27:37.7490633Z             display-name = "Transparent";
2025-12-17T17:27:37.7490865Z         };
2025-12-17T17:27:37.7491013Z     };
2025-12-17T17:27:37.7491156Z };
2025-12-17T17:27:37.7491358Z # 4 "/tmp/zmk-config/zmk/app/dts/behaviors.dtsi" 2 3 4
2025-12-17T17:27:37.7491691Z # 1 "/tmp/zmk-config/zmk/app/dts/behaviors/none.dtsi" 1 3 4
2025-12-17T17:27:37.7491911Z 
2025-12-17T17:27:37.7492080Z # 1 "/tmp/zmk-config/zmk/app/include/dt-bindings/zmk/behaviors.h" 1 3 4
2025-12-17T17:27:37.7492459Z # 8 "/tmp/zmk-config/zmk/app/dts/behaviors/none.dtsi" 2 3 4
2025-12-17T17:27:37.7492671Z 
2025-12-17T17:27:37.7492738Z / {
2025-12-17T17:27:37.7492883Z     behaviors {
2025-12-17T17:27:37.7492991Z 
2025-12-17T17:27:37.7493058Z         none: none {
2025-12-17T17:27:37.7493268Z             compatible = "zmk,behavior-none";
2025-12-17T17:27:37.7493526Z             #binding-cells = <0>;
2025-12-17T17:27:37.7493746Z             display-name = "None";
2025-12-17T17:27:37.7493961Z         };
2025-12-17T17:27:37.7494112Z     };
2025-12-17T17:27:37.7494253Z };
2025-12-17T17:27:37.7494563Z # 5 "/tmp/zmk-config/zmk/app/dts/behaviors.dtsi" 2 3 4
2025-12-17T17:27:37.7494905Z # 1 "/tmp/zmk-config/zmk/app/dts/behaviors/mod_tap.dtsi" 1 3 4
2025-12-17T17:27:37.7495131Z 
2025-12-17T17:27:37.7495299Z # 1 "/tmp/zmk-config/zmk/app/include/dt-bindings/zmk/behaviors.h" 1 3 4
2025-12-17T17:27:37.7495791Z # 8 "/tmp/zmk-config/zmk/app/dts/behaviors/mod_tap.dtsi" 2 3 4
2025-12-17T17:27:37.7496010Z 
2025-12-17T17:27:37.7496078Z / {
2025-12-17T17:27:37.7496229Z     behaviors {
2025-12-17T17:27:37.7496336Z 
2025-12-17T17:27:37.7496407Z         mt: mod_tap {
2025-12-17T17:27:37.7496628Z             compatible = "zmk,behavior-hold-tap";
2025-12-17T17:27:37.7496895Z             #binding-cells = <2>;
2025-12-17T17:27:37.7497118Z             flavor = "hold-preferred";
2025-12-17T17:27:37.7497361Z             tapping-term-ms = <200>;
2025-12-17T17:27:37.7497598Z             bindings = <&kp>, <&kp>;
2025-12-17T17:27:37.7497825Z             display-name = "Mod-Tap";
2025-12-17T17:27:37.7498048Z         };
2025-12-17T17:27:37.7498205Z     };
2025-12-17T17:27:37.7498346Z };
2025-12-17T17:27:37.7498541Z # 6 "/tmp/zmk-config/zmk/app/dts/behaviors.dtsi" 2 3 4
2025-12-17T17:27:37.7498888Z # 1 "/tmp/zmk-config/zmk/app/dts/behaviors/layer_tap.dtsi" 1 3 4
2025-12-17T17:27:37.7499118Z 
2025-12-17T17:27:37.7499407Z # 1 "/tmp/zmk-config/zmk/app/include/dt-bindings/zmk/behaviors.h" 1 3 4
2025-12-17T17:27:37.7499795Z # 8 "/tmp/zmk-config/zmk/app/dts/behaviors/layer_tap.dtsi" 2 3 4
2025-12-17T17:27:37.7500023Z 
2025-12-17T17:27:37.7500082Z / {
2025-12-17T17:27:37.7500229Z     behaviors {
2025-12-17T17:27:37.7500329Z 
2025-12-17T17:27:37.7500400Z         lt: layer_tap {
2025-12-17T17:27:37.7500617Z             compatible = "zmk,behavior-hold-tap";
2025-12-17T17:27:37.7500878Z             #binding-cells = <2>;
2025-12-17T17:27:37.7501099Z             flavor = "tap-preferred";
2025-12-17T17:27:37.7501336Z             tapping-term-ms = <200>;
2025-12-17T17:27:37.7501561Z             bindings = <&mo>, <&kp>;
2025-12-17T17:27:37.7501845Z             display-name = "Layer-Tap";
2025-12-17T17:27:37.7502065Z         };
2025-12-17T17:27:37.7502215Z     };
2025-12-17T17:27:37.7502360Z };
2025-12-17T17:27:37.7502550Z # 7 "/tmp/zmk-config/zmk/app/dts/behaviors.dtsi" 2 3 4
2025-12-17T17:27:37.7502882Z # 1 "/tmp/zmk-config/zmk/app/dts/behaviors/gresc.dtsi" 1 3 4
2025-12-17T17:27:37.7503101Z 
2025-12-17T17:27:37.7503272Z # 1 "/tmp/zmk-config/zmk/app/include/dt-bindings/zmk/behaviors.h" 1 3 4
2025-12-17T17:27:37.7503648Z # 9 "/tmp/zmk-config/zmk/app/dts/behaviors/gresc.dtsi" 2 3 4
2025-12-17T17:27:37.7504015Z # 1 "/tmp/zmk-config/zmk/app/include/dt-bindings/zmk/keys.h" 1 3 4
2025-12-17T17:27:37.7504249Z 
2025-12-17T17:27:37.7504317Z        
2025-12-17T17:27:37.7504404Z 
2025-12-17T17:27:37.7504571Z # 1 "/tmp/zmk-config/zmk/app/include/dt-bindings/zmk/hid_usage.h" 1 3 4
2025-12-17T17:27:37.7504980Z # 11 "/tmp/zmk-config/zmk/app/include/dt-bindings/zmk/hid_usage.h" 3 4
2025-12-17T17:27:37.7505291Z        
2025-12-17T17:27:37.7505664Z # 9 "/tmp/zmk-config/zmk/app/include/dt-bindings/zmk/keys.h" 2 3 4
2025-12-17T17:27:37.7506084Z # 1 "/tmp/zmk-config/zmk/app/include/dt-bindings/zmk/hid_usage_pages.h" 1 3 4
2025-12-17T17:27:37.7506553Z # 11 "/tmp/zmk-config/zmk/app/include/dt-bindings/zmk/hid_usage_pages.h" 3 4
2025-12-17T17:27:37.7506891Z        
2025-12-17T17:27:37.7507123Z # 10 "/tmp/zmk-config/zmk/app/include/dt-bindings/zmk/keys.h" 2 3 4
2025-12-17T17:27:37.7507525Z # 1 "/tmp/zmk-config/zmk/app/include/dt-bindings/zmk/modifiers.h" 1 3 4
2025-12-17T17:27:37.7507779Z 
2025-12-17T17:27:37.7507840Z        
2025-12-17T17:27:37.7508072Z # 11 "/tmp/zmk-config/zmk/app/include/dt-bindings/zmk/keys.h" 2 3 4
2025-12-17T17:27:37.7508433Z # 10 "/tmp/zmk-config/zmk/app/dts/behaviors/gresc.dtsi" 2 3 4
2025-12-17T17:27:37.7508655Z 
2025-12-17T17:27:37.7508715Z / {
2025-12-17T17:27:37.7508870Z     behaviors {
2025-12-17T17:27:37.7508971Z 
2025-12-17T17:27:37.7509051Z         gresc: grave_escape {
2025-12-17T17:27:37.7509410Z             compatible = "zmk,behavior-mod-morph";
2025-12-17T17:27:37.7509681Z             #binding-cells = <0>;
2025-12-17T17:27:37.7509987Z             bindings = <&kp (((((0x07) << 16) | (0x29))))>, <&kp ((((0x07) << 16) | (0x35)))>;
2025-12-17T17:27:37.7510306Z             mods = <(0x08|0x02|0x80|0x20)>;
2025-12-17T17:27:37.7510562Z             display-name = "Grave/Escape";
2025-12-17T17:27:37.7510790Z         };
2025-12-17T17:27:37.7510934Z     };
2025-12-17T17:27:37.7511081Z };
2025-12-17T17:27:37.7511280Z # 8 "/tmp/zmk-config/zmk/app/dts/behaviors.dtsi" 2 3 4
2025-12-17T17:27:37.7511620Z # 1 "/tmp/zmk-config/zmk/app/dts/behaviors/sticky_key.dtsi" 1 3 4
2025-12-17T17:27:37.7511861Z 
2025-12-17T17:27:37.7512027Z # 1 "/tmp/zmk-config/zmk/app/include/dt-bindings/zmk/behaviors.h" 1 3 4
2025-12-17T17:27:37.7512424Z # 8 "/tmp/zmk-config/zmk/app/dts/behaviors/sticky_key.dtsi" 2 3 4
2025-12-17T17:27:37.7512652Z 
2025-12-17T17:27:37.7512717Z / {
2025-12-17T17:27:37.7512865Z     behaviors {
2025-12-17T17:27:37.7512972Z 
2025-12-17T17:27:37.7513048Z         sk: sticky_key {
2025-12-17T17:27:37.7513279Z             compatible = "zmk,behavior-sticky-key";
2025-12-17T17:27:37.7513540Z             #binding-cells = <1>;
2025-12-17T17:27:37.7513767Z             release-after-ms = <1000>;
2025-12-17T17:27:37.7514002Z             bindings = <&kp>;
2025-12-17T17:27:37.7514324Z             ignore-modifiers;
2025-12-17T17:27:37.7514544Z             display-name = "Sticky Key";
2025-12-17T17:27:37.7514769Z         };
2025-12-17T17:27:37.7514857Z 
2025-12-17T17:27:37.7514930Z         sl: sticky_layer {
2025-12-17T17:27:37.7515156Z             compatible = "zmk,behavior-sticky-key";
2025-12-17T17:27:37.7515532Z             #binding-cells = <1>;
2025-12-17T17:27:37.7515770Z             release-after-ms = <1000>;
2025-12-17T17:27:37.7515992Z             bindings = <&mo>;
2025-12-17T17:27:37.7516196Z             quick-release;
2025-12-17T17:27:37.7516408Z             display-name = "Sticky Layer";
2025-12-17T17:27:37.7516632Z         };
2025-12-17T17:27:37.7516783Z     };
2025-12-17T17:27:37.7516873Z 
2025-12-17T17:27:37.7516939Z };
2025-12-17T17:27:37.7517133Z # 9 "/tmp/zmk-config/zmk/app/dts/behaviors.dtsi" 2 3 4
2025-12-17T17:27:37.7517505Z # 1 "/tmp/zmk-config/zmk/app/dts/behaviors/momentary_layer.dtsi" 1 3 4
2025-12-17T17:27:37.7517759Z 
2025-12-17T17:27:37.7517931Z # 1 "/tmp/zmk-config/zmk/app/include/dt-bindings/zmk/behaviors.h" 1 3 4
2025-12-17T17:27:37.7518351Z # 8 "/tmp/zmk-config/zmk/app/dts/behaviors/momentary_layer.dtsi" 2 3 4
2025-12-17T17:27:37.7518607Z 
2025-12-17T17:27:37.7518668Z / {
2025-12-17T17:27:37.7518820Z     behaviors {
2025-12-17T17:27:37.7518927Z 
2025-12-17T17:27:37.7519008Z         mo: momentary_layer {
2025-12-17T17:27:37.7519131Z             compatible = "zmk,behavior-momentary-layer";
2025-12-17T17:27:37.7519210Z             #binding-cells = <1>;
2025-12-17T17:27:37.7519309Z             display-name = "Momentary Layer";
2025-12-17T17:27:37.7519371Z         };
2025-12-17T17:27:37.7519432Z     };
2025-12-17T17:27:37.7519500Z };
2025-12-17T17:27:37.7519622Z # 10 "/tmp/zmk-config/zmk/app/dts/behaviors.dtsi" 2 3 4
2025-12-17T17:27:37.7519782Z # 1 "/tmp/zmk-config/zmk/app/dts/behaviors/toggle_layer.dtsi" 1 3 4
2025-12-17T17:27:37.7519787Z 
2025-12-17T17:27:37.7519951Z # 1 "/tmp/zmk-config/zmk/app/include/dt-bindings/zmk/behaviors.h" 1 3 4
2025-12-17T17:27:37.7520104Z # 8 "/tmp/zmk-config/zmk/app/dts/behaviors/toggle_layer.dtsi" 2 3 4
2025-12-17T17:27:37.7520109Z 
2025-12-17T17:27:37.7520177Z / {
2025-12-17T17:27:37.7520242Z     behaviors {
2025-12-17T17:27:37.7520246Z 
2025-12-17T17:27:37.7520318Z         tog: toggle_layer {
2025-12-17T17:27:37.7520429Z             compatible = "zmk,behavior-toggle-layer";
2025-12-17T17:27:37.7520503Z             #binding-cells = <1>;
2025-12-17T17:27:37.7520593Z             display-name = "Toggle Layer";
2025-12-17T17:27:37.7520655Z         };
2025-12-17T17:27:37.7520715Z     };
2025-12-17T17:27:37.7520782Z };
2025-12-17T17:27:37.7520902Z # 11 "/tmp/zmk-config/zmk/app/dts/behaviors.dtsi" 2 3 4
2025-12-17T17:27:37.7521160Z # 1 "/tmp/zmk-config/zmk/app/dts/behaviors/to_layer.dtsi" 1 3 4
2025-12-17T17:27:37.7521165Z 
2025-12-17T17:27:37.7521337Z # 1 "/tmp/zmk-config/zmk/app/include/dt-bindings/zmk/behaviors.h" 1 3 4
2025-12-17T17:27:37.7521470Z # 8 "/tmp/zmk-config/zmk/app/dts/behaviors/to_layer.dtsi" 2 3 4
2025-12-17T17:27:37.7521478Z 
2025-12-17T17:27:37.7521542Z / {
2025-12-17T17:27:37.7521607Z     behaviors {
2025-12-17T17:27:37.7521612Z 
2025-12-17T17:27:37.7521679Z         to: to_layer {
2025-12-17T17:27:37.7521782Z             compatible = "zmk,behavior-to-layer";
2025-12-17T17:27:37.7521856Z             #binding-cells = <1>;
2025-12-17T17:27:37.7521936Z             display-name = "To Layer";
2025-12-17T17:27:37.7522005Z         };
2025-12-17T17:27:37.7522064Z     };
2025-12-17T17:27:37.7522123Z };
2025-12-17T17:27:37.7522245Z # 12 "/tmp/zmk-config/zmk/app/dts/behaviors.dtsi" 2 3 4
2025-12-17T17:27:37.7522376Z # 1 "/tmp/zmk-config/zmk/app/dts/behaviors/reset.dtsi" 1 3 4
2025-12-17T17:27:37.7522380Z 
2025-12-17T17:27:37.7522533Z # 1 "/tmp/zmk-config/zmk/app/include/dt-bindings/zmk/reset.h" 1 3 4
2025-12-17T17:27:37.7522660Z # 8 "/tmp/zmk-config/zmk/app/dts/behaviors/reset.dtsi" 2 3 4
2025-12-17T17:27:37.7522665Z 
2025-12-17T17:27:37.7522723Z / {
2025-12-17T17:27:37.7522790Z     behaviors {
2025-12-17T17:27:37.7522896Z 
2025-12-17T17:27:37.7523015Z         sys_reset: sysreset {
2025-12-17T17:27:37.7523240Z             compatible = "zmk,behavior-reset";
2025-12-17T17:27:37.7523371Z             #binding-cells = <0>;
2025-12-17T17:27:37.7523521Z             display-name = "Reset";
2025-12-17T17:27:37.7523615Z         };
2025-12-17T17:27:37.7523620Z 
2025-12-17T17:27:37.7523765Z         bootloader: bootload {
2025-12-17T17:27:37.7523912Z             compatible = "zmk,behavior-reset";
2025-12-17T17:27:37.7524070Z             type = <0x57>;
2025-12-17T17:27:37.7524235Z             #binding-cells = <0>;
2025-12-17T17:27:37.7524352Z             display-name = "Bootloader";
2025-12-17T17:27:37.7524446Z         };
2025-12-17T17:27:37.7524580Z     };
2025-12-17T17:27:37.7524657Z };
2025-12-17T17:27:37.7524856Z # 13 "/tmp/zmk-config/zmk/app/dts/behaviors.dtsi" 2 3 4
2025-12-17T17:27:37.7525138Z # 1 "/tmp/zmk-config/zmk/app/dts/behaviors/sensor_rotate_key_press.dtsi" 1 3 4
2025-12-17T17:27:37.7525143Z 
2025-12-17T17:27:37.7525241Z / {
2025-12-17T17:27:37.7525375Z     behaviors {
2025-12-17T17:27:37.7525516Z 
2025-12-17T17:27:37.7525723Z         /omit-if-no-ref/ inc_dec_cp: inc_dec_kp: enc_key_press {
2025-12-17T17:27:37.7525862Z             compatible = "zmk,behavior-sensor-rotate-var";
2025-12-17T17:27:37.7526089Z             #sensor-binding-cells = <2>;
2025-12-17T17:27:37.7526203Z             bindings = <&kp>, <&kp>;
2025-12-17T17:27:37.7526298Z         };
2025-12-17T17:27:37.7526429Z     };
2025-12-17T17:27:37.7526520Z };
2025-12-17T17:27:37.7526738Z # 14 "/tmp/zmk-config/zmk/app/dts/behaviors.dtsi" 2 3 4
2025-12-17T17:27:37.7526948Z # 1 "/tmp/zmk-config/zmk/app/dts/behaviors/rgb_underglow.dtsi" 1 3 4
2025-12-17T17:27:37.7526953Z 
2025-12-17T17:27:37.7527047Z / {
2025-12-17T17:27:37.7527184Z     behaviors {
2025-12-17T17:27:37.7527188Z 
2025-12-17T17:27:37.7527290Z         rgb_ug: rgb_ug {
2025-12-17T17:27:37.7527459Z             compatible = "zmk,behavior-rgb-underglow";
2025-12-17T17:27:37.7527635Z             #binding-cells = <2>;
2025-12-17T17:27:37.7527769Z             display-name = "Underglow";
2025-12-17T17:27:37.7536374Z         };
2025-12-17T17:27:37.7536472Z     };
2025-12-17T17:27:37.7536538Z };
2025-12-17T17:27:37.7536696Z # 15 "/tmp/zmk-config/zmk/app/dts/behaviors.dtsi" 2 3 4
2025-12-17T17:27:37.7536865Z # 1 "/tmp/zmk-config/zmk/app/dts/behaviors/bluetooth.dtsi" 1 3 4
2025-12-17T17:27:37.7536870Z 
2025-12-17T17:27:37.7537061Z # 1 "/tmp/zmk-config/zmk/app/include/dt-bindings/zmk/behaviors.h" 1 3 4
2025-12-17T17:27:37.7537216Z # 8 "/tmp/zmk-config/zmk/app/dts/behaviors/bluetooth.dtsi" 2 3 4
2025-12-17T17:27:37.7537220Z 
2025-12-17T17:27:37.7537283Z / {
2025-12-17T17:27:37.7537351Z     behaviors {
2025-12-17T17:27:37.7537355Z 
2025-12-17T17:27:37.7537599Z         bt: bluetooth {
2025-12-17T17:27:37.7537716Z             compatible = "zmk,behavior-bluetooth";
2025-12-17T17:27:37.7537800Z             #binding-cells = <2>;
2025-12-17T17:27:37.7537889Z             display-name = "Bluetooth";
2025-12-17T17:27:37.7537956Z         };
2025-12-17T17:27:37.7538023Z     };
2025-12-17T17:27:37.7538082Z };
2025-12-17T17:27:37.7538210Z # 16 "/tmp/zmk-config/zmk/app/dts/behaviors.dtsi" 2 3 4
2025-12-17T17:27:37.7538371Z # 1 "/tmp/zmk-config/zmk/app/dts/behaviors/ext_power.dtsi" 1 3 4
2025-12-17T17:27:37.7538375Z 
2025-12-17T17:27:37.7538436Z / {
2025-12-17T17:27:37.7538504Z     behaviors {
2025-12-17T17:27:37.7538508Z 
2025-12-17T17:27:37.7538594Z         ext_power: extpower {
2025-12-17T17:27:37.7538702Z             compatible = "zmk,behavior-ext-power";
2025-12-17T17:27:37.7538781Z             #binding-cells = <1>;
2025-12-17T17:27:37.7538879Z             display-name = "External Power";
2025-12-17T17:27:37.7538940Z         };
2025-12-17T17:27:37.7539008Z     };
2025-12-17T17:27:37.7539069Z };
2025-12-17T17:27:37.7539190Z # 17 "/tmp/zmk-config/zmk/app/dts/behaviors.dtsi" 2 3 4
2025-12-17T17:27:37.7539339Z # 1 "/tmp/zmk-config/zmk/app/dts/behaviors/outputs.dtsi" 1 3 4
2025-12-17T17:27:37.7539343Z 
2025-12-17T17:27:37.7539513Z # 1 "/tmp/zmk-config/zmk/app/include/dt-bindings/zmk/behaviors.h" 1 3 4
2025-12-17T17:27:37.7539762Z # 8 "/tmp/zmk-config/zmk/app/dts/behaviors/outputs.dtsi" 2 3 4
2025-12-17T17:27:37.7539766Z 
2025-12-17T17:27:37.7539832Z / {
2025-12-17T17:27:37.7539899Z     behaviors {
2025-12-17T17:27:37.7539903Z 
2025-12-17T17:27:37.7539977Z         out: outputs {
2025-12-17T17:27:37.7540079Z             compatible = "zmk,behavior-outputs";
2025-12-17T17:27:37.7540156Z             #binding-cells = <1>;
2025-12-17T17:27:37.7540257Z             display-name = "Output Selection";
2025-12-17T17:27:37.7540319Z         };
2025-12-17T17:27:37.7540379Z     };
2025-12-17T17:27:37.7540443Z };
2025-12-17T17:27:37.7540568Z # 18 "/tmp/zmk-config/zmk/app/dts/behaviors.dtsi" 2 3 4
2025-12-17T17:27:37.7540717Z # 1 "/tmp/zmk-config/zmk/app/dts/behaviors/caps_word.dtsi" 1 3 4
2025-12-17T17:27:37.7540722Z 
2025-12-17T17:27:37.7540903Z # 1 "/tmp/zmk-config/zmk/app/include/dt-bindings/zmk/behaviors.h" 1 3 4
2025-12-17T17:27:37.7541044Z # 8 "/tmp/zmk-config/zmk/app/dts/behaviors/caps_word.dtsi" 2 3 4
2025-12-17T17:27:37.7541052Z 
2025-12-17T17:27:37.7541117Z / {
2025-12-17T17:27:37.7541185Z     behaviors {
2025-12-17T17:27:37.7541188Z 
2025-12-17T17:27:37.7541269Z         caps_word: caps_word {
2025-12-17T17:27:37.7541379Z             compatible = "zmk,behavior-caps-word";
2025-12-17T17:27:37.7541458Z             #binding-cells = <0>;
2025-12-17T17:27:37.7541670Z             continue-list = <((0x02 << 24 | (((0x07) << 16) | (0x2D)))) ((((0x07) << 16) | (0x2A))) ((((0x07) << 16) | (0x4C)))>;
2025-12-17T17:27:37.7541760Z             display-name = "Caps Word";
2025-12-17T17:27:37.7541821Z         };
2025-12-17T17:27:37.7541884Z     };
2025-12-17T17:27:37.7541942Z };
2025-12-17T17:27:37.7542063Z # 19 "/tmp/zmk-config/zmk/app/dts/behaviors.dtsi" 2 3 4
2025-12-17T17:27:37.7542219Z # 1 "/tmp/zmk-config/zmk/app/dts/behaviors/key_repeat.dtsi" 1 3 4
2025-12-17T17:27:37.7542224Z 
2025-12-17T17:27:37.7542391Z # 1 "/tmp/zmk-config/zmk/app/include/dt-bindings/zmk/behaviors.h" 1 3 4
2025-12-17T17:27:37.7542536Z # 8 "/tmp/zmk-config/zmk/app/dts/behaviors/key_repeat.dtsi" 2 3 4
2025-12-17T17:27:37.7542540Z 
2025-12-17T17:27:37.7542604Z / {
2025-12-17T17:27:37.7542670Z     behaviors {
2025-12-17T17:27:37.7542674Z 
2025-12-17T17:27:37.7542757Z         key_repeat: key_repeat {
2025-12-17T17:27:37.7542859Z             compatible = "zmk,behavior-key-repeat";
2025-12-17T17:27:37.7542936Z             #binding-cells = <0>;
2025-12-17T17:27:37.7543022Z             usage-pages = <(0x07)>;
2025-12-17T17:27:37.7543107Z             display-name = "Key Repeat";
2025-12-17T17:27:37.7543167Z         };
2025-12-17T17:27:37.7543231Z     };
2025-12-17T17:27:37.7543289Z };
2025-12-17T17:27:37.7543485Z # 20 "/tmp/zmk-config/zmk/app/dts/behaviors.dtsi" 2 3 4
2025-12-17T17:27:37.7543685Z # 1 "/tmp/zmk-config/zmk/app/dts/behaviors/backlight.dtsi" 1 3 4
2025-12-17T17:27:37.7543690Z 
2025-12-17T17:27:37.7543857Z # 1 "/tmp/zmk-config/zmk/app/include/dt-bindings/zmk/behaviors.h" 1 3 4
2025-12-17T17:27:37.7544007Z # 8 "/tmp/zmk-config/zmk/app/dts/behaviors/backlight.dtsi" 2 3 4
2025-12-17T17:27:37.7544011Z 
2025-12-17T17:27:37.7544072Z  / {
2025-12-17T17:27:37.7544138Z     behaviors {
2025-12-17T17:27:37.7544142Z 
2025-12-17T17:27:37.7544215Z         bl: bcklight {
2025-12-17T17:27:37.7544316Z             compatible = "zmk,behavior-backlight";
2025-12-17T17:27:37.7544392Z             #binding-cells = <2>;
2025-12-17T17:27:37.7544478Z             display-name = "Backlight";
2025-12-17T17:27:37.7544539Z         };
2025-12-17T17:27:37.7544597Z     };
2025-12-17T17:27:37.7544660Z };
2025-12-17T17:27:37.7544772Z # 21 "/tmp/zmk-config/zmk/app/dts/behaviors.dtsi" 2 3 4
2025-12-17T17:27:37.7544915Z # 1 "/tmp/zmk-config/zmk/app/dts/behaviors/macros.dtsi" 1 3 4
2025-12-17T17:27:37.7545048Z # 29 "/tmp/zmk-config/zmk/app/dts/behaviors/macros.dtsi" 3 4
2025-12-17T17:27:37.7545108Z / {
2025-12-17T17:27:37.7545178Z     behaviors {
2025-12-17T17:27:37.7545255Z         macro_tap: macro_tap {
2025-12-17T17:27:37.7545573Z             compatible = "zmk,macro-control-mode-tap";
2025-12-17T17:27:37.7545659Z             #binding-cells = <0>;
2025-12-17T17:27:37.7545720Z         };
2025-12-17T17:27:37.7545725Z 
2025-12-17T17:27:37.7545807Z         macro_press: macro_press {
2025-12-17T17:27:37.7545929Z             compatible = "zmk,macro-control-mode-press";
2025-12-17T17:27:37.7546003Z             #binding-cells = <0>;
2025-12-17T17:27:37.7546067Z         };
2025-12-17T17:27:37.7546072Z 
2025-12-17T17:27:37.7546160Z         macro_release: macro_release {
2025-12-17T17:27:37.7546277Z             compatible = "zmk,macro-control-mode-release";
2025-12-17T17:27:37.7546355Z             #binding-cells = <0>;
2025-12-17T17:27:37.7546415Z         };
2025-12-17T17:27:37.7546422Z 
2025-12-17T17:27:37.7546507Z         macro_tap_time: macro_tap_time {
2025-12-17T17:27:37.7546615Z             compatible = "zmk,macro-control-tap-time";
2025-12-17T17:27:37.7546691Z             #binding-cells = <1>;
2025-12-17T17:27:37.7546751Z         };
2025-12-17T17:27:37.7546763Z 
2025-12-17T17:27:37.7546848Z         macro_wait_time: macro_wait_time {
2025-12-17T17:27:37.7546954Z             compatible = "zmk,macro-control-wait-time";
2025-12-17T17:27:37.7547033Z             #binding-cells = <1>;
2025-12-17T17:27:37.7547094Z         };
2025-12-17T17:27:37.7547098Z 
2025-12-17T17:27:37.7547209Z         macro_pause_for_release: macro_pause_for_release {
2025-12-17T17:27:37.7547321Z             compatible = "zmk,macro-pause-for-release";
2025-12-17T17:27:37.7547395Z             #binding-cells = <0>;
2025-12-17T17:27:37.7547455Z         };
2025-12-17T17:27:37.7547458Z 
2025-12-17T17:27:37.7547553Z         macro_param_1to1: macro_param_1to1 {
2025-12-17T17:27:37.7547656Z             compatible = "zmk,macro-param-1to1";
2025-12-17T17:27:37.7547735Z             #binding-cells = <0>;
2025-12-17T17:27:37.7547795Z         };
2025-12-17T17:27:37.7547799Z 
2025-12-17T17:27:37.7547883Z         macro_param_1to2: macro_param_1to2 {
2025-12-17T17:27:37.7547980Z             compatible = "zmk,macro-param-1to2";
2025-12-17T17:27:37.7548058Z             #binding-cells = <0>;
2025-12-17T17:27:37.7548119Z         };
2025-12-17T17:27:37.7548123Z 
2025-12-17T17:27:37.7548212Z         macro_param_2to1: macro_param_2to1 {
2025-12-17T17:27:37.7548301Z             compatible = "zmk,macro-param-2to1";
2025-12-17T17:27:37.7548379Z             #binding-cells = <0>;
2025-12-17T17:27:37.7548440Z         };
2025-12-17T17:27:37.7548444Z 
2025-12-17T17:27:37.7548526Z         macro_param_2to2: macro_param_2to2 {
2025-12-17T17:27:37.7548618Z             compatible = "zmk,macro-param-2to2";
2025-12-17T17:27:37.7548691Z             #binding-cells = <0>;
2025-12-17T17:27:37.7548751Z         };
2025-12-17T17:27:37.7548816Z     };
2025-12-17T17:27:37.7548993Z };
2025-12-17T17:27:37.7549120Z # 22 "/tmp/zmk-config/zmk/app/dts/behaviors.dtsi" 2 3 4
2025-12-17T17:27:37.7549303Z # 1 "/tmp/zmk-config/zmk/app/dts/behaviors/mouse_key_press.dtsi" 1 3 4
2025-12-17T17:27:37.7549307Z 
2025-12-17T17:27:37.7549476Z # 1 "/tmp/zmk-config/zmk/app/include/dt-bindings/zmk/behaviors.h" 1 3 4
2025-12-17T17:27:37.7549646Z # 8 "/tmp/zmk-config/zmk/app/dts/behaviors/mouse_key_press.dtsi" 2 3 4
2025-12-17T17:27:37.7549651Z 
2025-12-17T17:27:37.7549711Z / {
2025-12-17T17:27:37.7549778Z     behaviors {
2025-12-17T17:27:37.7549782Z 
2025-12-17T17:27:37.7549865Z         mkp: mouse_key_press {
2025-12-17T17:27:37.7549985Z             compatible = "zmk,behavior-mouse-key-press";
2025-12-17T17:27:37.7550060Z             #binding-cells = <1>;
2025-12-17T17:27:37.7550125Z         };
2025-12-17T17:27:37.7550185Z     };
2025-12-17T17:27:37.7550245Z };
2025-12-17T17:27:37.7550364Z # 23 "/tmp/zmk-config/zmk/app/dts/behaviors.dtsi" 2 3 4
2025-12-17T17:27:37.7550511Z # 1 "/tmp/zmk-config/zmk/app/dts/behaviors/soft_off.dtsi" 1 3 4
2025-12-17T17:27:37.7550516Z 
2025-12-17T17:27:37.7550686Z # 1 "/tmp/zmk-config/zmk/app/include/dt-bindings/zmk/behaviors.h" 1 3 4
2025-12-17T17:27:37.7550820Z # 8 "/tmp/zmk-config/zmk/app/dts/behaviors/soft_off.dtsi" 2 3 4
2025-12-17T17:27:37.7550925Z 
2025-12-17T17:27:37.7550985Z / {
2025-12-17T17:27:37.7551056Z     behaviors {
2025-12-17T17:27:37.7551060Z 
2025-12-17T17:27:37.7551135Z         soft_off: z_so_off {
2025-12-17T17:27:37.7551236Z             compatible = "zmk,behavior-soft-off";
2025-12-17T17:27:37.7551318Z             #binding-cells = <0>;
2025-12-17T17:27:37.7551415Z             split-peripheral-off-on-press;
2025-12-17T17:27:37.7551480Z         };
2025-12-17T17:27:37.7551539Z     };
2025-12-17T17:27:37.7551599Z };
2025-12-17T17:27:37.7551716Z # 24 "/tmp/zmk-config/zmk/app/dts/behaviors.dtsi" 2 3 4
2025-12-17T17:27:37.7551874Z # 1 "/tmp/zmk-config/zmk/app/dts/behaviors/studio_unlock.dtsi" 1 3 4
2025-12-17T17:27:37.7551879Z 
2025-12-17T17:27:37.7551940Z / {
2025-12-17T17:27:37.7552010Z     behaviors {
2025-12-17T17:27:37.7552095Z         studio_unlock: studio_unlock {
2025-12-17T17:27:37.7552199Z             compatible = "zmk,behavior-studio-unlock";
2025-12-17T17:27:37.7552278Z             #binding-cells = <0>;
2025-12-17T17:27:37.7552368Z             display-name = "Studio Unlock";
2025-12-17T17:27:37.7552432Z         };
2025-12-17T17:27:37.7552492Z     };
2025-12-17T17:27:37.7552553Z };
2025-12-17T17:27:37.7552673Z # 25 "/tmp/zmk-config/zmk/app/dts/behaviors.dtsi" 2 3 4
2025-12-17T17:27:37.7552782Z # 8 "/tmp/zmk-config/config/eyelash_sofle.keymap" 2
2025-12-17T17:27:37.7552922Z # 1 "/tmp/zmk-config/zmk/app/include/dt-bindings/zmk/bt.h" 1 3 4
2025-12-17T17:27:37.7553029Z # 9 "/tmp/zmk-config/config/eyelash_sofle.keymap" 2
2025-12-17T17:27:37.7553194Z # 1 "/tmp/zmk-config/zmk/app/include/dt-bindings/zmk/ext_power.h" 1 3 4
2025-12-17T17:27:37.7553303Z # 10 "/tmp/zmk-config/config/eyelash_sofle.keymap" 2
2025-12-17T17:27:37.7553411Z # 19 "/tmp/zmk-config/config/eyelash_sofle.keymap"
2025-12-17T17:27:37.7553555Z # 1 "/tmp/zmk-config/zmk/app/include/dt-bindings/zmk/rgb.h" 1 3 4
2025-12-17T17:27:37.7553664Z # 20 "/tmp/zmk-config/config/eyelash_sofle.keymap" 2
2025-12-17T17:27:37.7553823Z # 1 "/tmp/zmk-config/zmk/app/include/dt-bindings/zmk/outputs.h" 1 3 4
2025-12-17T17:27:37.7553929Z # 21 "/tmp/zmk-config/config/eyelash_sofle.keymap" 2
2025-12-17T17:27:37.7554031Z # 36 "/tmp/zmk-config/config/eyelash_sofle.keymap"
2025-12-17T17:27:37.7554092Z &mmv {
2025-12-17T17:27:37.7554176Z     time-to-max-speed-ms = <500>;
2025-12-17T17:27:37.7554268Z     acceleration-exponent = <1>;
2025-12-17T17:27:37.7554349Z     trigger-period-ms = <16>;
2025-12-17T17:27:37.7554408Z };
2025-12-17T17:27:37.7554412Z 
2025-12-17T17:27:37.7554475Z / {
2025-12-17T17:27:37.7554537Z     macros {
2025-12-17T17:27:37.7554597Z     };
2025-12-17T17:27:37.7554606Z 
2025-12-17T17:27:37.7554672Z     behaviors {
2025-12-17T17:27:37.7554752Z         five_rights: five_rights {
2025-12-17T17:27:37.7554932Z             compatible = "zmk,behavior-macro";
2025-12-17T17:27:37.7555010Z             #binding-cells = <0>;
2025-12-17T17:27:37.7555081Z             wait-ms = <30>;
2025-12-17T17:27:37.7555156Z             tap-ms = <30>;
2025-12-17T17:27:37.7555556Z             bindings = <&kp ((((0x07) << 16) | (0x4F))) &kp ((((0x07) << 16) | (0x4F))) &kp ((((0x07) << 16) | (0x4F))) &kp ((((0x07) << 16) | (0x4F))) &kp ((((0x07) << 16) | (0x4F)))>;
2025-12-17T17:27:37.7555629Z         };
2025-12-17T17:27:37.7555639Z 
2025-12-17T17:27:37.7555716Z         five_downs: five_downs {
2025-12-17T17:27:37.7555808Z             compatible = "zmk,behavior-macro";
2025-12-17T17:27:37.7555891Z             #binding-cells = <0>;
2025-12-17T17:27:37.7555960Z             wait-ms = <30>;
2025-12-17T17:27:37.7556030Z             tap-ms = <30>;
2025-12-17T17:27:37.7556280Z             bindings = <&kp ((((0x07) << 16) | (0x51))) &kp ((((0x07) << 16) | (0x51))) &kp ((((0x07) << 16) | (0x51))) &kp ((((0x07) << 16) | (0x51))) &kp ((((0x07) << 16) | (0x51)))>;
2025-12-17T17:27:37.7556341Z         };
2025-12-17T17:27:37.7556345Z 
2025-12-17T17:27:37.7556418Z         five_ups: five_ups {
2025-12-17T17:27:37.7556512Z             compatible = "zmk,behavior-macro";
2025-12-17T17:27:37.7556585Z             #binding-cells = <0>;
2025-12-17T17:27:37.7556775Z             wait-ms = <30>;
2025-12-17T17:27:37.7556845Z             tap-ms = <30>;
2025-12-17T17:27:37.7557087Z             bindings = <&kp ((((0x07) << 16) | (0x52))) &kp ((((0x07) << 16) | (0x52))) &kp ((((0x07) << 16) | (0x52))) &kp ((((0x07) << 16) | (0x52))) &kp ((((0x07) << 16) | (0x52)))>;
2025-12-17T17:27:37.7557153Z         };
2025-12-17T17:27:37.7557157Z 
2025-12-17T17:27:37.7557233Z         five_lefts: five_lefts {
2025-12-17T17:27:37.7557322Z             compatible = "zmk,behavior-macro";
2025-12-17T17:27:37.7557401Z             #binding-cells = <0>;
2025-12-17T17:27:37.7557471Z             wait-ms = <30>;
2025-12-17T17:27:37.7557545Z             tap-ms = <30>;
2025-12-17T17:27:37.7557785Z             bindings = <&kp ((((0x07) << 16) | (0x50))) &kp ((((0x07) << 16) | (0x50))) &kp ((((0x07) << 16) | (0x50))) &kp ((((0x07) << 16) | (0x50))) &kp ((((0x07) << 16) | (0x50)))>;
2025-12-17T17:27:37.7557847Z         };
2025-12-17T17:27:37.7557850Z 
2025-12-17T17:27:37.7557950Z         ctrl_five_rights: ctrl_five_rights {
2025-12-17T17:27:37.7558036Z             compatible = "zmk,behavior-macro";
2025-12-17T17:27:37.7558111Z             #binding-cells = <0>;
2025-12-17T17:27:37.7558186Z             wait-ms = <30>;
2025-12-17T17:27:37.7558255Z             tap-ms = <30>;
2025-12-17T17:27:37.7558322Z             bindings =
2025-12-17T17:27:37.7558435Z                 <&macro_press &kp (((((0x07) << 16) | (0xE0))))>,
2025-12-17T17:27:37.7558536Z                 <&macro_tap &kp ((((0x07) << 16) | (0x4F)))>,
2025-12-17T17:27:37.7558634Z                 <&macro_tap &kp ((((0x07) << 16) | (0x4F)))>,
2025-12-17T17:27:37.7558724Z                 <&macro_tap &kp ((((0x07) << 16) | (0x4F)))>,
2025-12-17T17:27:37.7558814Z                 <&macro_tap &kp ((((0x07) << 16) | (0x4F)))>,
2025-12-17T17:27:37.7558908Z                 <&macro_tap &kp ((((0x07) << 16) | (0x4F)))>,
2025-12-17T17:27:37.7559018Z                 <&macro_release &kp (((((0x07) << 16) | (0xE0))))>;
2025-12-17T17:27:37.7559087Z         };
2025-12-17T17:27:37.7559091Z 
2025-12-17T17:27:37.7559185Z         ctrl_five_lefts: ctrl_five_lefts {
2025-12-17T17:27:37.7559273Z             compatible = "zmk,behavior-macro";
2025-12-17T17:27:37.7559353Z             #binding-cells = <0>;
2025-12-17T17:27:37.7559421Z             wait-ms = <30>;
2025-12-17T17:27:37.7559490Z             tap-ms = <30>;
2025-12-17T17:27:37.7559561Z             bindings =
2025-12-17T17:27:37.7559661Z                 <&macro_press &kp (((((0x07) << 16) | (0xE0))))>,
2025-12-17T17:27:37.7559749Z                 <&macro_tap &kp ((((0x07) << 16) | (0x50)))>,
2025-12-17T17:27:37.7559845Z                 <&macro_tap &kp ((((0x07) << 16) | (0x50)))>,
2025-12-17T17:27:37.7560037Z                 <&macro_tap &kp ((((0x07) << 16) | (0x50)))>,
2025-12-17T17:27:37.7560128Z                 <&macro_tap &kp ((((0x07) << 16) | (0x50)))>,
2025-12-17T17:27:37.7560220Z                 <&macro_tap &kp ((((0x07) << 16) | (0x50)))>,
2025-12-17T17:27:37.7560321Z                 <&macro_release &kp (((((0x07) << 16) | (0xE0))))>;
2025-12-17T17:27:37.7560390Z         };
2025-12-17T17:27:37.7560394Z 
2025-12-17T17:27:37.7560463Z         win_z_4: win_z_4 {
2025-12-17T17:27:37.7560550Z             compatible = "zmk,behavior-macro";
2025-12-17T17:27:37.7560630Z             #binding-cells = <0>;
2025-12-17T17:27:37.7560701Z             wait-ms = <500>;
2025-12-17T17:27:37.7560769Z             tap-ms = <50>;
2025-12-17T17:27:37.7561074Z             bindings = <&kp (((((0x07) << 16) | (0x29)))) &kp (0x08 << 24 | ((((0x07) << 16) | (0x1D)))) &macro_wait_time 1000 &kp (((((0x07) << 16) | (0x21)))) &kp (((((0x07) << 16) | (0x28))))>;
2025-12-17T17:27:37.7561136Z         };
2025-12-17T17:27:37.7561140Z 
2025-12-17T17:27:37.7561217Z         win_z_5: win_z_5 {
2025-12-17T17:27:37.7561304Z             compatible = "zmk,behavior-macro";
2025-12-17T17:27:37.7561377Z             #binding-cells = <0>;
2025-12-17T17:27:37.7561452Z             wait-ms = <500>;
2025-12-17T17:27:37.7561522Z             tap-ms = <50>;
2025-12-17T17:27:37.7561891Z             bindings = <&kp (((((0x07) << 16) | (0x29)))) &kp (0x08 << 24 | ((((0x07) << 16) | (0x1D)))) &macro_wait_time 1000 &kp (((((0x07) << 16) | (0x22)))) &kp (((((0x07) << 16) | (0x28))))>;
2025-12-17T17:27:37.7561957Z         };
2025-12-17T17:27:37.7561961Z 
2025-12-17T17:27:37.7562029Z         win_z_6: win_z_6 {
2025-12-17T17:27:37.7562118Z             compatible = "zmk,behavior-macro";
2025-12-17T17:27:37.7562191Z             #binding-cells = <0>;
2025-12-17T17:27:37.7562260Z             wait-ms = <500>;
2025-12-17T17:27:37.7562332Z             tap-ms = <50>;
2025-12-17T17:27:37.7562610Z             bindings = <&kp (((((0x07) << 16) | (0x29)))) &kp (0x08 << 24 | ((((0x07) << 16) | (0x1D)))) &macro_wait_time 1000 &kp (((((0x07) << 16) | (0x23)))) &kp (((((0x07) << 16) | (0x28))))>;
2025-12-17T17:27:37.7562671Z         };
2025-12-17T17:27:37.7562675Z 
2025-12-17T17:27:37.7562748Z         win_z_7: win_z_7 {
2025-12-17T17:27:37.7562834Z             compatible = "zmk,behavior-macro";
2025-12-17T17:27:37.7562916Z             #binding-cells = <0>;
2025-12-17T17:27:37.7562985Z             wait-ms = <500>;
2025-12-17T17:27:37.7563054Z             tap-ms = <50>;
2025-12-17T17:27:37.7563337Z             bindings = <&kp (((((0x07) << 16) | (0x29)))) &kp (0x08 << 24 | ((((0x07) << 16) | (0x1D)))) &macro_wait_time 1000 &kp (((((0x07) << 16) | (0x24)))) &kp (((((0x07) << 16) | (0x28))))>;
2025-12-17T17:27:37.7563399Z         };
2025-12-17T17:27:37.7563402Z 
2025-12-17T17:27:37.7563469Z         win_z_8: win_z_8 {
2025-12-17T17:27:37.7563560Z             compatible = "zmk,behavior-macro";
2025-12-17T17:27:37.7563634Z             #binding-cells = <0>;
2025-12-17T17:27:37.7563712Z             wait-ms = <500>;
2025-12-17T17:27:37.7563780Z             tap-ms = <50>;
2025-12-17T17:27:37.7564056Z             bindings = <&kp (((((0x07) << 16) | (0x29)))) &kp (0x08 << 24 | ((((0x07) << 16) | (0x1D)))) &macro_wait_time 1000 &kp (((((0x07) << 16) | (0x25)))) &kp (((((0x07) << 16) | (0x28))))>;
2025-12-17T17:27:37.7564124Z         };
2025-12-17T17:27:37.7564128Z 
2025-12-17T17:27:37.7564222Z         win_alt_shift_comma: win_alt_shift_comma {
2025-12-17T17:27:37.7564309Z             compatible = "zmk,behavior-macro";
2025-12-17T17:27:37.7564389Z             #binding-cells = <0>;
2025-12-17T17:27:37.7564456Z             wait-ms = <30>;
2025-12-17T17:27:37.7564529Z             tap-ms = <30>;
2025-12-17T17:27:37.7564689Z             bindings = <&kp (0x08 << 24 | (0x04 << 24 | (0x02 << 24 | ((((0x07) << 16) | (0x36))))))>;
2025-12-17T17:27:37.7564750Z         };
2025-12-17T17:27:37.7564754Z 
2025-12-17T17:27:37.7564843Z         win_alt_shift_n: win_alt_shift_n {
2025-12-17T17:27:37.7565011Z             compatible = "zmk,behavior-macro";
2025-12-17T17:27:37.7565088Z             #binding-cells = <0>;
2025-12-17T17:27:37.7565164Z             wait-ms = <30>;
2025-12-17T17:27:37.7565232Z             tap-ms = <30>;
2025-12-17T17:27:37.7565501Z             bindings = <&kp (0x08 << 24 | (0x04 << 24 | (0x02 << 24 | ((((0x07) << 16) | (0x11))))))>;
2025-12-17T17:27:37.7565574Z         };
2025-12-17T17:27:37.7565578Z 
2025-12-17T17:27:37.7565671Z         ctrl_shift_home_del: ctrl_shift_home_del {
2025-12-17T17:27:37.7565760Z             compatible = "zmk,behavior-macro";
2025-12-17T17:27:37.7565842Z             #binding-cells = <0>;
2025-12-17T17:27:37.7565909Z             wait-ms = <30>;
2025-12-17T17:27:37.7565982Z             tap-ms = <30>;
2025-12-17T17:27:37.7566162Z             bindings = <&kp (0x01 << 24 | (0x02 << 24 | ((((0x07) << 16) | (0x4A))))) &kp ((((0x07) << 16) | (0x4C)))>;
2025-12-17T17:27:37.7566223Z         };
2025-12-17T17:27:37.7566226Z 
2025-12-17T17:27:37.7566327Z         ctrl_shift_end_del: ctrl_shift_end_del {
2025-12-17T17:27:37.7566414Z             compatible = "zmk,behavior-macro";
2025-12-17T17:27:37.7566501Z             #binding-cells = <0>;
2025-12-17T17:27:37.7566587Z             wait-ms = <30>;
2025-12-17T17:27:37.7566661Z             tap-ms = <30>;
2025-12-17T17:27:37.7566992Z             bindings = <&kp (0x01 << 24 | (0x02 << 24 | ((((0x07) << 16) | (0x4D))))) &kp ((((0x07) << 16) | (0x4C)))>;
2025-12-17T17:27:37.7567053Z         };
2025-12-17T17:27:37.7567057Z 
2025-12-17T17:27:37.7567141Z         shift_home_del: shift_home_del {
2025-12-17T17:27:37.7567236Z             compatible = "zmk,behavior-macro";
2025-12-17T17:27:37.7567310Z             #binding-cells = <0>;
2025-12-17T17:27:37.7567384Z             wait-ms = <30>;
2025-12-17T17:27:37.7567458Z             tap-ms = <30>;
2025-12-17T17:27:37.7567618Z             bindings = <&kp (0x02 << 24 | ((((0x07) << 16) | (0x4A)))) &kp ((((0x07) << 16) | (0x4C)))>;
2025-12-17T17:27:37.7567682Z         };
2025-12-17T17:27:37.7567685Z 
2025-12-17T17:27:37.7567771Z         shift_end_del: shift_end_del {
2025-12-17T17:27:37.7567857Z             compatible = "zmk,behavior-macro";
2025-12-17T17:27:37.7567936Z             #binding-cells = <0>;
2025-12-17T17:27:37.7568004Z             wait-ms = <30>;
2025-12-17T17:27:37.7568073Z             tap-ms = <30>;
2025-12-17T17:27:37.7568234Z             bindings = <&kp (0x02 << 24 | ((((0x07) << 16) | (0x4D)))) &kp ((((0x07) << 16) | (0x4C)))>;
2025-12-17T17:27:37.7568295Z         };
2025-12-17T17:27:37.7568299Z 
2025-12-17T17:27:37.7568389Z         select_all_copy: select_all_copy {
2025-12-17T17:27:37.7568473Z             compatible = "zmk,behavior-macro";
2025-12-17T17:27:37.7568545Z             #binding-cells = <0>;
2025-12-17T17:27:37.7568619Z             label = "SACPY";
2025-12-17T17:27:37.7568686Z             wait-ms = <20>;
2025-12-17T17:27:37.7568752Z             tap-ms = <20>;
2025-12-17T17:27:37.7568932Z             bindings = <&kp (0x01 << 24 | ((((0x07) << 16) | (0x04)))) &kp (0x01 << 24 | ((((0x07) << 16) | (0x06))))>;
2025-12-17T17:27:37.7568992Z         };
2025-12-17T17:27:37.7568996Z 
2025-12-17T17:27:37.7569082Z         select_all_cut: select_all_cut {
2025-12-17T17:27:37.7569179Z             compatible = "zmk,behavior-macro";
2025-12-17T17:27:37.7569254Z             #binding-cells = <0>;
2025-12-17T17:27:37.7569331Z             label = "SAX";
2025-12-17T17:27:37.7569398Z             wait-ms = <20>;
2025-12-17T17:27:37.7569464Z             tap-ms = <20>;
2025-12-17T17:27:37.7569649Z             bindings = <&kp (0x01 << 24 | ((((0x07) << 16) | (0x04)))) &kp (0x01 << 24 | ((((0x07) << 16) | (0x1B))))>;
2025-12-17T17:27:37.7569710Z         };
2025-12-17T17:27:37.7569713Z 
2025-12-17T17:27:37.7569795Z         select_all_del: select_all_del {
2025-12-17T17:27:37.7569889Z             compatible = "zmk,behavior-macro";
2025-12-17T17:27:37.7569963Z             #binding-cells = <0>;
2025-12-17T17:27:37.7570035Z             label = "SADEL";
2025-12-17T17:27:37.7570102Z             wait-ms = <20>;
2025-12-17T17:27:37.7570276Z             tap-ms = <20>;
2025-12-17T17:27:37.7570440Z             bindings = <&kp (0x01 << 24 | ((((0x07) << 16) | (0x04)))) &kp ((((0x07) << 16) | (0x4C)))>;
2025-12-17T17:27:37.7570500Z         };
2025-12-17T17:27:37.7570503Z 
2025-12-17T17:27:37.7570583Z         morph_left: morph_left {
2025-12-17T17:27:37.7570688Z             compatible = "zmk,behavior-mod-morph";
2025-12-17T17:27:37.7570763Z             #binding-cells = <0>;
2025-12-17T17:27:37.7570859Z             bindings = <&five_lefts>, <&five_lefts>;
2025-12-17T17:27:37.7570938Z             mods = <(0x01 | 0x10)>;
2025-12-17T17:27:37.7571015Z             keep-mods = <(0x01 | 0x10)>;
2025-12-17T17:27:37.7571079Z         };
2025-12-17T17:27:37.7571082Z 
2025-12-17T17:27:37.7571158Z         morph_right: morph_right {
2025-12-17T17:27:37.7571253Z             compatible = "zmk,behavior-mod-morph";
2025-12-17T17:27:37.7571329Z             #binding-cells = <0>;
2025-12-17T17:27:37.7571429Z             bindings = <&five_rights>, <&five_rights>;
2025-12-17T17:27:37.7571505Z             mods = <(0x01 | 0x10)>;
2025-12-17T17:27:37.7571588Z             keep-mods = <(0x01 | 0x10)>;
2025-12-17T17:27:37.7571651Z         };
2025-12-17T17:27:37.7571655Z 
2025-12-17T17:27:37.7571728Z         morph_up: morph_up {
2025-12-17T17:27:37.7571905Z             compatible = "zmk,behavior-mod-morph";
2025-12-17T17:27:37.7572048Z             #binding-cells = <0>;
2025-12-17T17:27:37.7572287Z             bindings = <&five_ups>, <&kp ((((0x0C) << 16) | (0xB5)))>;
2025-12-17T17:27:37.7572401Z             mods = <(0x01 | 0x10)>;
2025-12-17T17:27:37.7572500Z         };
2025-12-17T17:27:37.7572506Z 
2025-12-17T17:27:37.7572638Z         morph_down: morph_down {
2025-12-17T17:27:37.7572800Z             compatible = "zmk,behavior-mod-morph";
2025-12-17T17:27:37.7572926Z             #binding-cells = <0>;
2025-12-17T17:27:37.7573153Z             bindings = <&five_downs>, <&kp (((((0x0C) << 16) | (0xB6))))>;
2025-12-17T17:27:37.7573281Z             mods = <(0x01 | 0x10)>;
2025-12-17T17:27:37.7573385Z         };
2025-12-17T17:27:37.7573389Z 
2025-12-17T17:27:37.7573470Z         prev_win: prev_win {
2025-12-17T17:27:37.7573564Z                 compatible = "zmk,behavior-macro";
2025-12-17T17:27:37.7573646Z                 #binding-cells = <0>;
2025-12-17T17:27:37.7573724Z                 label = "PREV_WIN";
2025-12-17T17:27:37.7573852Z                 bindings = <&kp (0x04 << 24 | ((((0x07) << 16) | (0x2B))))>;
2025-12-17T17:27:37.7573919Z             };
2025-12-17T17:27:37.7573924Z 
2025-12-17T17:27:37.7574013Z         second_prev_win: second_prev_win {
2025-12-17T17:27:37.7574102Z                 compatible = "zmk,behavior-macro";
2025-12-17T17:27:37.7574181Z                 #binding-cells = <0>;
2025-12-17T17:27:37.7574258Z                 label = "SEC_PREV_WIN";
2025-12-17T17:27:37.7574332Z                 wait-ms = <30>;
2025-12-17T17:27:37.7574403Z                 tap-ms = <30>;
2025-12-17T17:27:37.7574473Z                 bindings =
2025-12-17T17:27:37.7574590Z                     <&macro_press &kp (((((0x07) << 16) | (0xE2))))>,
2025-12-17T17:27:37.7574689Z                     <&macro_tap &kp ((((0x07) << 16) | (0x2B)))>,
2025-12-17T17:27:37.7574781Z                     <&macro_tap &kp ((((0x07) << 16) | (0x2B)))>,
2025-12-17T17:27:37.7574894Z                     <&macro_release &kp (((((0x07) << 16) | (0xE2))))>;
2025-12-17T17:27:37.7574957Z         };
2025-12-17T17:27:37.7574961Z 
2025-12-17T17:27:37.7575038Z         meh_press: meh_press {
2025-12-17T17:27:37.7575132Z             compatible = "zmk,behavior-macro";
2025-12-17T17:27:37.7575208Z             #binding-cells = <0>;
2025-12-17T17:27:37.7575337Z             bindings = <&macro_press &kp (((((0x07) << 16) | (0xE0))))
2025-12-17T17:27:37.7575552Z                         &macro_press &kp (((((0x07) << 16) | (0xE2))))
2025-12-17T17:27:37.7575668Z                         &macro_press &kp (((((0x07) << 16) | (0xE1))))>;
2025-12-17T17:27:37.7575732Z         };
2025-12-17T17:27:37.7575736Z 
2025-12-17T17:27:37.7575944Z         caw_press: caw_press {
2025-12-17T17:27:37.7576039Z             compatible = "zmk,behavior-macro";
2025-12-17T17:27:37.7576117Z             #binding-cells = <0>;
2025-12-17T17:27:37.7576239Z             bindings = <&macro_press &kp (((((0x07) << 16) | (0xE0))))
2025-12-17T17:27:37.7576338Z                         &macro_press &kp (((((0x07) << 16) | (0xE2))))
2025-12-17T17:27:37.7576442Z                         &macro_press &kp (((((0x07) << 16) | (0xE3))))>;
2025-12-17T17:27:37.7576505Z         };
2025-12-17T17:27:37.7576509Z 
2025-12-17T17:27:37.7576590Z         meh_release: meh_release {
2025-12-17T17:27:37.7576677Z             compatible = "zmk,behavior-macro";
2025-12-17T17:27:37.7576751Z             #binding-cells = <0>;
2025-12-17T17:27:37.7576879Z             bindings = <&macro_release &kp (((((0x07) << 16) | (0xE0))))
2025-12-17T17:27:37.7576977Z                         &macro_release &kp (((((0x07) << 16) | (0xE2))))
2025-12-17T17:27:37.7577089Z                         &macro_release &kp (((((0x07) << 16) | (0xE1))))>;
2025-12-17T17:27:37.7577149Z         };
2025-12-17T17:27:37.7577153Z 
2025-12-17T17:27:37.7577229Z         caw_release: caw_release {
2025-12-17T17:27:37.7577321Z             compatible = "zmk,behavior-macro";
2025-12-17T17:27:37.7577394Z             #binding-cells = <0>;
2025-12-17T17:27:37.7577624Z             bindings = <&macro_release &kp (((((0x07) << 16) | (0xE0))))
2025-12-17T17:27:37.7577725Z                         &macro_release &kp (((((0x07) << 16) | (0xE2))))
2025-12-17T17:27:37.7577827Z                         &macro_release &kp (((((0x07) << 16) | (0xE3))))>;
2025-12-17T17:27:37.7577888Z         };
2025-12-17T17:27:37.7577892Z 
2025-12-17T17:27:37.7577957Z         meh_a: meh_a {
2025-12-17T17:27:37.7578042Z             compatible = "zmk,behavior-macro";
2025-12-17T17:27:37.7578117Z             #binding-cells = <0>;
2025-12-17T17:27:37.7578187Z             label = "MEH_A";
2025-12-17T17:27:37.7578371Z             bindings = <&meh_press &macro_tap &kp ((((0x07) << 16) | (0x04))) &meh_release>;
2025-12-17T17:27:37.7578439Z         };
2025-12-17T17:27:37.7578442Z 
2025-12-17T17:27:37.7578508Z         meh_s: meh_s {
2025-12-17T17:27:37.7578595Z             compatible = "zmk,behavior-macro";
2025-12-17T17:27:37.7578672Z             #binding-cells = <0>;
2025-12-17T17:27:37.7578744Z             label = "MEH_S";
2025-12-17T17:27:37.7578913Z             bindings = <&meh_press &macro_tap &kp ((((0x07) << 16) | (0x16))) &meh_release>;
2025-12-17T17:27:37.7578974Z         };
2025-12-17T17:27:37.7578977Z 
2025-12-17T17:27:37.7579041Z         meh_d: meh_d {
2025-12-17T17:27:37.7579131Z             compatible = "zmk,behavior-macro";
2025-12-17T17:27:37.7579205Z             #binding-cells = <0>;
2025-12-17T17:27:37.7579272Z             label = "MEH_D";
2025-12-17T17:27:37.7579440Z             bindings = <&meh_press &macro_tap &kp ((((0x07) << 16) | (0x07))) &meh_release>;
2025-12-17T17:27:37.7579500Z         };
2025-12-17T17:27:37.7579504Z 
2025-12-17T17:27:37.7579569Z         meh_f: meh_f {
2025-12-17T17:27:37.7579658Z             compatible = "zmk,behavior-macro";
2025-12-17T17:27:37.7579732Z             #binding-cells = <0>;
2025-12-17T17:27:37.7579803Z             label = "MEH_F";
2025-12-17T17:27:37.7579966Z             bindings = <&meh_press &macro_tap &kp ((((0x07) << 16) | (0x09))) &meh_release>;
2025-12-17T17:27:37.7580030Z         };
2025-12-17T17:27:37.7580034Z 
2025-12-17T17:27:37.7580100Z         caw_a: caw_a {
2025-12-17T17:27:37.7580185Z             compatible = "zmk,behavior-macro";
2025-12-17T17:27:37.7580257Z             #binding-cells = <0>;
2025-12-17T17:27:37.7580330Z             label = "CAW_A";
2025-12-17T17:27:37.7580491Z             bindings = <&caw_press &macro_tap &kp ((((0x07) << 16) | (0x04))) &caw_release>;
2025-12-17T17:27:37.7580554Z         };
2025-12-17T17:27:37.7580557Z 
2025-12-17T17:27:37.7580620Z         caw_s: caw_s {
2025-12-17T17:27:37.7580706Z             compatible = "zmk,behavior-macro";
2025-12-17T17:27:37.7580782Z             #binding-cells = <0>;
2025-12-17T17:27:37.7580930Z             label = "CAW_S";
2025-12-17T17:27:37.7581093Z             bindings = <&caw_press &macro_tap &kp ((((0x07) << 16) | (0x16))) &caw_release>;
2025-12-17T17:27:37.7581157Z         };
2025-12-17T17:27:37.7581160Z 
2025-12-17T17:27:37.7581226Z         caw_d: caw_d {
2025-12-17T17:27:37.7581318Z             compatible = "zmk,behavior-macro";
2025-12-17T17:27:37.7581389Z             #binding-cells = <0>;
2025-12-17T17:27:37.7581458Z             label = "CAW_D";
2025-12-17T17:27:37.7581624Z             bindings = <&caw_press &macro_tap &kp ((((0x07) << 16) | (0x07))) &caw_release>;
2025-12-17T17:27:37.7581683Z         };
2025-12-17T17:27:37.7581687Z 
2025-12-17T17:27:37.7581750Z         caw_f: caw_f {
2025-12-17T17:27:37.7581839Z             compatible = "zmk,behavior-macro";
2025-12-17T17:27:37.7581911Z             #binding-cells = <0>;
2025-12-17T17:27:37.7581980Z             label = "CAW_F";
2025-12-17T17:27:37.7582148Z             bindings = <&caw_press &macro_tap &kp ((((0x07) << 16) | (0x09))) &caw_release>;
2025-12-17T17:27:37.7582208Z         };
2025-12-17T17:27:37.7582211Z 
2025-12-17T17:27:37.7582281Z         caw_q: caw_q {
2025-12-17T17:27:37.7582365Z             compatible = "zmk,behavior-macro";
2025-12-17T17:27:37.7582438Z             #binding-cells = <0>;
2025-12-17T17:27:37.7582586Z             label = "CAW_Q";
2025-12-17T17:27:37.7582747Z             bindings = <&caw_press &macro_tap &kp ((((0x07) << 16) | (0x14))) &caw_release>;
2025-12-17T17:27:37.7582808Z         };
2025-12-17T17:27:37.7582811Z 
2025-12-17T17:27:37.7582879Z         caw_w: caw_w {
2025-12-17T17:27:37.7582963Z             compatible = "zmk,behavior-macro";
2025-12-17T17:27:37.7583043Z             #binding-cells = <0>;
2025-12-17T17:27:37.7583109Z             label = "CAW_W";
2025-12-17T17:27:37.7583271Z             bindings = <&caw_press &macro_tap &kp ((((0x07) << 16) | (0x1A))) &caw_release>;
2025-12-17T17:27:37.7583334Z         };
2025-12-17T17:27:37.7583338Z 
2025-12-17T17:27:37.7583404Z         caw_e: caw_e {
2025-12-17T17:27:37.7583490Z             compatible = "zmk,behavior-macro";
2025-12-17T17:27:37.7583568Z             #binding-cells = <0>;
2025-12-17T17:27:37.7583635Z             label = "CAW_E";
2025-12-17T17:27:37.7583795Z             bindings = <&caw_press &macro_tap &kp ((((0x07) << 16) | (0x08))) &caw_release>;
2025-12-17T17:27:37.7583863Z         };
2025-12-17T17:27:37.7583866Z 
2025-12-17T17:27:37.7583930Z         caw_r: caw_r {
2025-12-17T17:27:37.7584021Z             compatible = "zmk,behavior-macro";
2025-12-17T17:27:37.7584095Z             #binding-cells = <0>;
2025-12-17T17:27:37.7584163Z             label = "CAW_R";
2025-12-17T17:27:37.7584329Z             bindings = <&caw_press &macro_tap &kp ((((0x07) << 16) | (0x15))) &caw_release>;
2025-12-17T17:27:37.7584389Z         };
2025-12-17T17:27:37.7584392Z 
2025-12-17T17:27:37.7584466Z         td_n7_l: tap_dance_n7_l {
2025-12-17T17:27:37.7584568Z             compatible = "zmk,behavior-tap-dance";
2025-12-17T17:27:37.7584646Z             #binding-cells = <0>;
2025-12-17T17:27:37.7584731Z             tapping-term-ms = <400>;
2025-12-17T17:27:37.7584992Z             bindings = <&kp (0x08 << 24 | (0x04 << 24 | (0x02 << 24 | (((((0x07) << 16) | (0x27)))))))>, <&kp (0x08 << 24 | (0x04 << 24 | (0x02 << 24 | ((((0x07) << 16) | (0x0D))))))>;
2025-12-17T17:27:37.7585060Z         };
2025-12-17T17:27:37.7585063Z 
2025-12-17T17:27:37.7585143Z         ht_n0_td: hold_tap_n0_td {
2025-12-17T17:27:37.7585241Z             compatible = "zmk,behavior-hold-tap";
2025-12-17T17:27:37.7585315Z             #binding-cells = <2>;
2025-12-17T17:27:37.7585672Z             flavor = "tap-preferred";
2025-12-17T17:27:37.7585771Z             tapping-term-ms = <200>;
2025-12-17T17:27:37.7585858Z             bindings = <&kp>, <&td_n7_l>;
2025-12-17T17:27:37.7585925Z         };
2025-12-17T17:27:37.7585929Z 
2025-12-17T17:27:37.7586007Z         td_as_qs: tap_dance_as_qs {
2025-12-17T17:27:37.7586111Z             compatible = "zmk,behavior-tap-dance";
2025-12-17T17:27:37.7586314Z             #binding-cells = <0>;
2025-12-17T17:27:37.7586398Z             tapping-term-ms = <400>;
2025-12-17T17:27:37.7586626Z             bindings = <&kp (0x04 << 24 | (0x02 << 24 | ((((0x07) << 16) | (0x14)))))>, <&kp (0x04 << 24 | (0x02 << 24 | ((((0x07) << 16) | (0x1A)))))>;
2025-12-17T17:27:37.7586692Z         };
2025-12-17T17:27:37.7586695Z 
2025-12-17T17:27:37.7586776Z         ht_as_w_td: hold_tap_as_w_td {
2025-12-17T17:27:37.7586879Z             compatible = "zmk,behavior-hold-tap";
2025-12-17T17:27:37.7586954Z             #binding-cells = <2>;
2025-12-17T17:27:37.7587037Z             flavor = "tap-preferred";
2025-12-17T17:27:37.7587112Z             tapping-term-ms = <200>;
2025-12-17T17:27:37.7587194Z             bindings = <&kp>, <&td_as_qs>;
2025-12-17T17:27:37.7587257Z         };
2025-12-17T17:27:37.7587260Z 
2025-12-17T17:27:37.7587344Z         td_prev_sw: tap_dance_prev_win {
2025-12-17T17:27:37.7587439Z             compatible = "zmk,behavior-tap-dance";
2025-12-17T17:27:37.7587521Z             #binding-cells = <0>;
2025-12-17T17:27:37.7587597Z             tapping-term-ms = <400>;
2025-12-17T17:27:37.7587704Z             bindings = <&prev_win>, <&second_prev_win>;
2025-12-17T17:27:37.7587763Z         };
2025-12-17T17:27:37.7587767Z 
2025-12-17T17:27:37.7587860Z         td_was_comma_n: tap_dance_was_comma_n {
2025-12-17T17:27:37.7588064Z             compatible = "zmk,behavior-tap-dance";
2025-12-17T17:27:37.7588137Z             #binding-cells = <0>;
2025-12-17T17:27:37.7588212Z             tapping-term-ms = <400>;
2025-12-17T17:27:37.7588345Z             bindings = <&win_alt_shift_comma>, <&win_alt_shift_n>;
2025-12-17T17:27:37.7588405Z         };
2025-12-17T17:27:37.7588408Z 
2025-12-17T17:27:37.7588496Z         ht_wz4_prev_td: hold_tap_wz4_prev {
2025-12-17T17:27:37.7588593Z             compatible = "zmk,behavior-hold-tap";
2025-12-17T17:27:37.7588667Z             #binding-cells = <2>;
2025-12-17T17:27:37.7588751Z             flavor = "tap-preferred";
2025-12-17T17:27:37.7588830Z             tapping-term-ms = <200>;
2025-12-17T17:27:37.7588914Z             bindings = <&win_z_4>, <&td_prev_sw>;
2025-12-17T17:27:37.7588977Z         };
2025-12-17T17:27:37.7588980Z 
2025-12-17T17:27:37.7589064Z         ht_wz4_was_td: hold_tap_wz4_was {
2025-12-17T17:27:37.7589159Z             compatible = "zmk,behavior-hold-tap";
2025-12-17T17:27:37.7589243Z             #binding-cells = <2>;
2025-12-17T17:27:37.7589323Z             flavor = "tap-preferred";
2025-12-17T17:27:37.7589400Z             tapping-term-ms = <200>;
2025-12-17T17:27:37.7589497Z             bindings = <&win_z_4>, <&td_was_comma_n>;
2025-12-17T17:27:37.7589557Z         };
2025-12-17T17:27:37.7589560Z 
2025-12-17T17:27:37.7589658Z         td_ctrl_alt_bv: tap_dance_ctrl_alt_bv {
2025-12-17T17:27:37.7589754Z             compatible = "zmk,behavior-tap-dance";
2025-12-17T17:27:37.7589830Z             #binding-cells = <0>;
2025-12-17T17:27:37.7589910Z             tapping-term-ms = <400>;
2025-12-17T17:27:37.7590133Z             bindings = <&kp (0x01 << 24 | (0x04 << 24 | ((((0x07) << 16) | (0x05)))))>, <&kp (0x01 << 24 | (0x04 << 24 | ((((0x07) << 16) | (0x19)))))>;
2025-12-17T17:27:37.7590193Z         };
2025-12-17T17:27:37.7590199Z 
2025-12-17T17:27:37.7590288Z         ht_was1_cabv_td: hold_tap_was1_cabv {
2025-12-17T17:27:37.7590385Z             compatible = "zmk,behavior-hold-tap";
2025-12-17T17:27:37.7590467Z             #binding-cells = <2>;
2025-12-17T17:27:37.7590546Z             flavor = "tap-preferred";
2025-12-17T17:27:37.7590622Z             tapping-term-ms = <200>;
2025-12-17T17:27:37.7590712Z             bindings = <&kp>, <&td_ctrl_alt_bv>;
2025-12-17T17:27:37.7590772Z         };
2025-12-17T17:27:37.7590776Z 
2025-12-17T17:27:37.7590862Z         td_ctx_sa_cut: tap_dance_ctx_sa_cut {
2025-12-17T17:27:37.7590960Z             compatible = "zmk,behavior-tap-dance";
2025-12-17T17:27:37.7591033Z             #binding-cells = <0>;
2025-12-17T17:27:37.7591113Z             tapping-term-ms = <400>;
2025-12-17T17:27:37.7591335Z             bindings = <&kp (((((0x07) << 16) | (0x65))))>, <&select_all_cut>;
2025-12-17T17:27:37.7591398Z         };
2025-12-17T17:27:37.7591402Z 
2025-12-17T17:27:37.7591499Z         ht_lghome_ctx_td: hold_tap_lghome_ctx {
2025-12-17T17:27:37.7591593Z             compatible = "zmk,behavior-hold-tap";
2025-12-17T17:27:37.7591669Z             #binding-cells = <2>;
2025-12-17T17:27:37.7591751Z             flavor = "tap-preferred";
2025-12-17T17:27:37.7591826Z             tapping-term-ms = <200>;
2025-12-17T17:27:37.7591910Z             bindings = <&kp>, <&td_ctx_sa_cut>;
2025-12-17T17:27:37.7591972Z         };
2025-12-17T17:27:37.7591976Z 
2025-12-17T17:27:37.7592063Z         td_ps_sa_copy: tap_dance_ps_sa_copy {
2025-12-17T17:27:37.7592160Z             compatible = "zmk,behavior-tap-dance";
2025-12-17T17:27:37.7592233Z             #binding-cells = <0>;
2025-12-17T17:27:37.7592308Z             tapping-term-ms = <400>;
2025-12-17T17:27:37.7592507Z             bindings = <&kp (0x08 << 24 | (0x04 << 24 | (0x02 << 24 | ((((0x07) << 16) | (0x0D))))))>, <&select_all_copy>;
2025-12-17T17:27:37.7592568Z         };
2025-12-17T17:27:37.7592571Z 
2025-12-17T17:27:37.7592662Z         ht_lgshfte_ps_td: hold_tap_lgshfte_ps {
2025-12-17T17:27:37.7592758Z             compatible = "zmk,behavior-hold-tap";
2025-12-17T17:27:37.7592909Z             #binding-cells = <2>;
2025-12-17T17:27:37.7592990Z             flavor = "tap-preferred";
2025-12-17T17:27:37.7593065Z             tapping-term-ms = <200>;
2025-12-17T17:27:37.7593200Z             bindings = <&lg_home_alt_tab_ctrl_home>, <&td_ps_sa_copy>;
2025-12-17T17:27:37.7593265Z         };
2025-12-17T17:27:37.7593269Z 
2025-12-17T17:27:37.7593352Z         mt_cshome: modtap_cshome {
2025-12-17T17:27:37.7593445Z             compatible = "zmk,behavior-hold-tap";
2025-12-17T17:27:37.7593524Z             #binding-cells = <2>;
2025-12-17T17:27:37.7593599Z             flavor = "tap-preferred";
2025-12-17T17:27:37.7593673Z             tapping-term-ms = <200>;
2025-12-17T17:27:37.7593750Z             bindings = <&kp>, <&kp>;
2025-12-17T17:27:37.7593813Z         };
2025-12-17T17:27:37.7593817Z 
2025-12-17T17:27:37.7593897Z         mt_csend: modtap_csend {
2025-12-17T17:27:37.7593996Z             compatible = "zmk,behavior-hold-tap";
2025-12-17T17:27:37.7594075Z             #binding-cells = <2>;
2025-12-17T17:27:37.7594163Z             flavor = "tap-preferred";
2025-12-17T17:27:37.7594242Z             tapping-term-ms = <200>;
2025-12-17T17:27:37.7594318Z             bindings = <&kp>, <&kp>;
2025-12-17T17:27:37.7594384Z         };
2025-12-17T17:27:37.7594388Z 
2025-12-17T17:27:37.7594472Z         mt_ctrl: modtap_ctrl_generic {
2025-12-17T17:27:37.7594568Z             compatible = "zmk,behavior-hold-tap";
2025-12-17T17:27:37.7594646Z             #binding-cells = <2>;
2025-12-17T17:27:37.7594725Z             flavor = "tap-preferred";
2025-12-17T17:27:37.7594803Z             tapping-term-ms = <200>;
2025-12-17T17:27:37.7594876Z             bindings = <&kp>, <&kp>;
2025-12-17T17:27:37.7594935Z         };
2025-12-17T17:27:37.7594938Z 
2025-12-17T17:27:37.7595034Z         ht_cshome_del: hold_tap_cshome_del {
2025-12-17T17:27:37.7595126Z             compatible = "zmk,behavior-hold-tap";
2025-12-17T17:27:37.7595199Z             #binding-cells = <2>;
2025-12-17T17:27:37.7595281Z             flavor = "tap-preferred";
2025-12-17T17:27:37.7595360Z             tapping-term-ms = <200>;
2025-12-17T17:27:37.7595605Z             bindings = <&ctrl_shift_home_del>, <&shift_home_del>;
2025-12-17T17:27:37.7595670Z         };
2025-12-17T17:27:37.7595674Z 
2025-12-17T17:27:37.7595764Z         ht_csend_del: hold_tap_csend_del {
2025-12-17T17:27:37.7595863Z             compatible = "zmk,behavior-hold-tap";
2025-12-17T17:27:37.7595939Z             #binding-cells = <2>;
2025-12-17T17:27:37.7596017Z             flavor = "tap-preferred";
2025-12-17T17:27:37.7596099Z             tapping-term-ms = <200>;
2025-12-17T17:27:37.7596218Z             bindings = <&ctrl_shift_end_del>, <&shift_end_del>;
2025-12-17T17:27:37.7596279Z         };
2025-12-17T17:27:37.7596283Z 
2025-12-17T17:27:37.7596485Z         ht_was6_altf4: hold_tap_was6_altf4 {
2025-12-17T17:27:37.7596584Z             compatible = "zmk,behavior-hold-tap";
2025-12-17T17:27:37.7596662Z             #binding-cells = <2>;
2025-12-17T17:27:37.7596740Z             flavor = "tap-preferred";
2025-12-17T17:27:37.7596821Z             tapping-term-ms = <200>;
2025-12-17T17:27:37.7596898Z             bindings = <&kp>, <&kp>;
2025-12-17T17:27:37.7596958Z         };
2025-12-17T17:27:37.7596962Z 
2025-12-17T17:27:37.7597081Z         lg_home_alt_tab_ctrl_home: lg_home_alt_tab_ctrl_home {
2025-12-17T17:27:37.7597179Z             compatible = "zmk,behavior-macro";
2025-12-17T17:27:37.7597253Z             #binding-cells = <0>;
2025-12-17T17:27:37.7597339Z             label = "LG_HOME_ALT_TAB_CTRL_HOME";
2025-12-17T17:27:37.7597415Z             wait-ms = <50>;
2025-12-17T17:27:37.7597484Z             tap-ms = <50>;
2025-12-17T17:27:37.7597555Z             bindings =
2025-12-17T17:27:37.7597687Z                 <&macro_tap &kp (0x08 << 24 | ((((0x07) << 16) | (0x4A))))>,
2025-12-17T17:27:37.7597765Z                 <&macro_wait_time 100>,
2025-12-17T17:27:37.7597873Z                 <&macro_press &kp (((((0x07) << 16) | (0xE2))))>,
2025-12-17T17:27:37.7597969Z                 <&macro_tap &kp ((((0x07) << 16) | (0x2B)))>,
2025-12-17T17:27:37.7598147Z                 <&macro_wait_time 50>,
2025-12-17T17:27:37.7598268Z                 <&macro_tap &kp (0x01 << 24 | ((((0x07) << 16) | (0x4A))))>,
2025-12-17T17:27:37.7598341Z                 <&macro_wait_time 50>,
2025-12-17T17:27:37.7598452Z                 <&macro_release &kp (((((0x07) << 16) | (0xE2))))>;
2025-12-17T17:27:37.7598513Z         };
2025-12-17T17:27:37.7598516Z 
2025-12-17T17:27:37.7598602Z         td_win_win_h: tap_dance_win_win_h {
2025-12-17T17:27:37.7598705Z             compatible = "zmk,behavior-tap-dance";
2025-12-17T17:27:37.7598781Z             #binding-cells = <0>;
2025-12-17T17:27:37.7598859Z             tapping-term-ms = <200>;
2025-12-17T17:27:37.7599087Z             bindings = <&kp (0x08 << 24 | (0x04 << 24 | (0x02 << 24 | ((((0x07) << 16) | (0x18))))))>, <&kp (0x08 << 24 | ((((0x07) << 16) | (0x0B))))>;
2025-12-17T17:27:37.7599148Z         };
2025-12-17T17:27:37.7599152Z 
2025-12-17T17:27:37.7599238Z         ht_mo2_win_td: hold_tap_mo2_win {
2025-12-17T17:27:37.7599334Z             compatible = "zmk,behavior-hold-tap";
2025-12-17T17:27:37.7599412Z             #binding-cells = <2>;
2025-12-17T17:27:37.7599497Z             flavor = "tap-preferred";
2025-12-17T17:27:37.7599576Z             tapping-term-ms = <200>;
2025-12-17T17:27:37.7599660Z             bindings = <&mo>, <&td_win_win_h>;
2025-12-17T17:27:37.7599721Z         };
2025-12-17T17:27:37.7599724Z 
2025-12-17T17:27:37.7599818Z         td_enter_was_u: tap_dance_enter_was_u {
2025-12-17T17:27:37.7599917Z             compatible = "zmk,behavior-tap-dance";
2025-12-17T17:27:37.7599994Z             #binding-cells = <0>;
2025-12-17T17:27:37.7600071Z             tapping-term-ms = <400>;
2025-12-17T17:27:37.7600283Z             bindings = <&kp (((((0x07) << 16) | (0x28))))>, <&kp (0x08 << 24 | (0x04 << 24 | (0x02 << 24 | ((((0x07) << 16) | (0x18))))))>;
2025-12-17T17:27:37.7600345Z         };
2025-12-17T17:27:37.7600349Z 
2025-12-17T17:27:37.7600454Z         ht_mo2_enter_was_u: hold_tap_mo2_enter_was_u {
2025-12-17T17:27:37.7600555Z             compatible = "zmk,behavior-hold-tap";
2025-12-17T17:27:37.7600629Z             #binding-cells = <2>;
2025-12-17T17:27:37.7600707Z             flavor = "tap-preferred";
2025-12-17T17:27:37.7600785Z             tapping-term-ms = <200>;
2025-12-17T17:27:37.7600872Z             bindings = <&mo>, <&td_enter_was_u>;
2025-12-17T17:27:37.7600931Z         };
2025-12-17T17:27:37.7600938Z 
2025-12-17T17:27:37.7601056Z         td_maximize_minimize: tap_dance_maximize_minimize {
2025-12-17T17:27:37.7601151Z             compatible = "zmk,behavior-tap-dance";
2025-12-17T17:27:37.7601228Z             #binding-cells = <0>;
2025-12-17T17:27:37.7601304Z             tapping-term-ms = <400>;
2025-12-17T17:27:37.7601635Z             bindings = <&kp (0x08 << 24 | (0x04 << 24 | (0x02 << 24 | (((((0x07) << 16) | (0x23)))))))>, <&kp (0x08 << 24 | (0x04 << 24 | (0x02 << 24 | ((((0x07) << 16) | (0x10))))))>;
2025-12-17T17:27:37.7601702Z         };
2025-12-17T17:27:37.7601705Z 
2025-12-17T17:27:37.7601805Z         ht_close_window_td: hold_tap_close_window {
2025-12-17T17:27:37.7601901Z             compatible = "zmk,behavior-hold-tap";
2025-12-17T17:27:37.7601975Z             #binding-cells = <2>;
2025-12-17T17:27:37.7602054Z             flavor = "tap-preferred";
2025-12-17T17:27:37.7602133Z             tapping-term-ms = <200>;
2025-12-17T17:27:37.7602228Z             bindings = <&kp>, <&td_maximize_minimize>;
2025-12-17T17:27:37.7602288Z         };
2025-12-17T17:27:37.7602291Z 
2025-12-17T17:27:37.7602355Z     };
2025-12-17T17:27:37.7602461Z # 646 "/tmp/zmk-config/config/eyelash_sofle.keymap"
2025-12-17T17:27:37.7602526Z     keymap {
2025-12-17T17:27:37.7602619Z         compatible = "zmk,keymap";
2025-12-17T17:27:37.7602626Z 
2025-12-17T17:27:37.7602689Z         layer0 {
2025-12-17T17:27:37.7602772Z             bindings = <
2025-12-17T17:27:37.7603278Z &kp (((((0x07) << 16) | (0x29)))) &kp (((((0x07) << 16) | (0x1E)))) &kp (((((0x07) << 16) | (0x1F)))) &kp (((((0x07) << 16) | (0x20)))) &kp (((((0x07) << 16) | (0x21)))) &kp (((((0x07) << 16) | (0x22)))) &kp ((((0x07) << 16) | (0x52))) &kp (((((0x07) << 16) | (0x23)))) &kp (((((0x07) << 16) | (0x24)))) &kp (((((0x07) << 16) | (0x25)))) &kp (((((0x07) << 16) | (0x26)))) &kp (((((0x07) << 16) | (0x27)))) &kp ((((0x07) << 16) | (0x2A)))
2025-12-17T17:27:37.7603900Z &kp ((((0x07) << 16) | (0x2B))) &kp ((((0x07) << 16) | (0x14))) &kp ((((0x07) << 16) | (0x1A))) &kp ((((0x07) << 16) | (0x08))) &kp ((((0x07) << 16) | (0x15))) &kp ((((0x07) << 16) | (0x17))) &kp ((((0x07) << 16) | (0x51))) &kp ((((0x07) << 16) | (0x1C))) &kp ((((0x07) << 16) | (0x18))) &kp ((((0x07) << 16) | (0x0C))) &kp ((((0x07) << 16) | (0x12))) &kp ((((0x07) << 16) | (0x13))) &ht_as_w_td (0x04 << 24 | (0x02 << 24 | ((((0x07) << 16) | (0x16))))) 0
2025-12-17T17:27:37.7604561Z &kp (((((0x07) << 16) | (0x39)))) &kp ((((0x07) << 16) | (0x04))) &kp ((((0x07) << 16) | (0x16))) &kp ((((0x07) << 16) | (0x07))) &kp ((((0x07) << 16) | (0x09))) &kp ((((0x07) << 16) | (0x0A))) &kp ((((0x07) << 16) | (0x50))) &kp ((((0x07) << 16) | (0x0B))) &kp ((((0x07) << 16) | (0x0D))) &kp ((((0x07) << 16) | (0x0E))) &kp ((((0x07) << 16) | (0x0F))) &ht_n0_td (0x08 << 24 | (0x04 << 24 | (0x02 << 24 | (((((0x07) << 16) | (0x24))))))) 0 &ht_was1_cabv_td (0x08 << 24 | (0x04 << 24 | (0x02 << 24 | (((((0x07) << 16) | (0x1E))))))) 0
2025-12-17T17:27:37.7605126Z &kp (((((0x07) << 16) | (0xE1)))) &kp ((((0x07) << 16) | (0x1D))) &kp ((((0x07) << 16) | (0x1B))) &kp ((((0x07) << 16) | (0x06))) &kp ((((0x07) << 16) | (0x19))) &kp ((((0x07) << 16) | (0x05))) &kp ((((0x07) << 16) | (0x4F))) &kp ((((0x07) << 16) | (0x11))) &kp ((((0x07) << 16) | (0x10))) &kp ((((0x07) << 16) | (0x36))) &kp (((((0x07) << 16) | (0x37)))) &ht_close_window_td (0x04 << 24 | ((((0x07) << 16) | (0x3D)))) 0 &kp (((((0x07) << 16) | (0x28))))
2025-12-17T17:27:37.7605789Z &kp ((((0x0C) << 16) | (0xCD))) &kp (((((0x07) << 16) | (0xE0)))) &kp ((((0x07) << 16) | (0xE3))) &kp ((((0x07) << 16) | (0xE2))) &kp ((((0x07) << 16) | (0x2C))) &mo 1 &trans &ht_mo2_enter_was_u 2 0 &kp (0x08 << 24 | (0x04 << 24 | ((((0x07) << 16) | (0xE1))))) &ht_lgshfte_ps_td 0 0 &ht_lghome_ctx_td (0x08 << 24 | (0x02 << 24 | ((((0x07) << 16) | (0x08))))) 0 &kp ((((0x07) << 16) | (0x4C)))
2025-12-17T17:27:37.7605865Z             >;
2025-12-17T17:27:37.7605869Z 
2025-12-17T17:27:37.7606068Z             sensor-bindings = <&inc_dec_kp ((((0x0C) << 16) | (0xE9))) (((((0x0C) << 16) | (0xEA))))>;
2025-12-17T17:27:37.7606151Z             display-name = "LAYER0";
2025-12-17T17:27:37.7606212Z         };
2025-12-17T17:27:37.7606216Z 
2025-12-17T17:27:37.7606279Z         layer_1 {
2025-12-17T17:27:37.7606355Z             bindings = <
2025-12-17T17:27:37.7606932Z &kp ((((0x07) << 16) | (0x44))) &kp ((((0x07) << 16) | (0x3A))) &kp ((((0x07) << 16) | (0x3B))) &kp ((((0x07) << 16) | (0x3C))) &kp ((((0x07) << 16) | (0x3D))) &kp ((((0x07) << 16) | (0x3E))) &trans &kp ((((0x07) << 16) | (0x3F))) &kp ((((0x07) << 16) | (0x40))) &kp ((((0x07) << 16) | (0x41))) &kp ((((0x07) << 16) | (0x42))) &kp ((((0x07) << 16) | (0x43))) &kp ((((0x07) << 16) | (0x45)))
2025-12-17T17:27:37.7607353Z &prev_win &second_prev_win &trans &win_z_4 &win_z_5 &win_z_6 &trans &trans &mmv 0 &kp ((((0x07) << 16) | (0x30))) &kp (((((0x07) << 16) | (0x38)))) &kp (((((0x07) << 16) | (0x33)))) &kp (0x01 << 24 | (0x04 << 24 | ((((0x07) << 16) | (0x1A)))))
2025-12-17T17:27:37.7607639Z &trans &caw_q &caw_w &caw_e &caw_r &win_z_7 &trans &mmv 2 &mmv 1 &mmv 3 &kp ((((0x07) << 16) | (0x2D))) &kp ((((0x07) << 16) | (0x2E))) &kp (((((0x07) << 16) | (0x34))))
2025-12-17T17:27:37.7608066Z &kp (((((0x07) << 16) | (0xE1)))) &caw_a &caw_s &caw_d &caw_f &win_z_8 &trans &kp ((0x02 << 24 | (((0x07) << 16) | (0x35)))) &kp ((((0x07) << 16) | (0x35))) &kp ((((0x07) << 16) | (0x54))) &kp (0x02 << 24 | ((((0x07) << 16) | (0x2E)))) &kp (0x02 << 24 | ((((0x07) << 16) | (0x2D)))) &kp ((((0x07) << 16) | (0x2F)))
2025-12-17T17:27:37.7608559Z &kp ((((0x0C) << 16) | (0xE2))) &kp (((((0x07) << 16) | (0xE0)))) &trans &kp ((((0x07) << 16) | (0xE2))) &trans &trans &trans &kp (0x02 << 24 | (((((0x07) << 16) | (0x38))))) &kp (0x02 << 24 | (((((0x07) << 16) | (0x34))))) &kp (0x02 << 24 | ((((0x07) << 16) | (0x2F)))) &kp ((((0x07) << 16) | (0x64))) &kp (0x04 << 24 | (0x02 << 24 | ((((0x07) << 16) | (0x16)))))
2025-12-17T17:27:37.7608755Z             >;
2025-12-17T17:27:37.7608760Z 
2025-12-17T17:27:37.7608843Z             display-name = "layer1";
2025-12-17T17:27:37.7609091Z             sensor-bindings = <&inc_dec_kp (0x01 << 24 | (0x02 << 24 | ((((0x07) << 16) | (0x2E))))) (0x01 << 24 | ((((0x07) << 16) | (0x2D))))>;
2025-12-17T17:27:37.7609160Z         };
2025-12-17T17:27:37.7609164Z 
2025-12-17T17:27:37.7609229Z         layer_2 {
2025-12-17T17:27:37.7609298Z             bindings = <
2025-12-17T17:27:37.7610236Z &ht_was6_altf4 (0x08 << 24 | (0x04 << 24 | (0x02 << 24 | (((((0x07) << 16) | (0x23))))))) (0x04 << 24 | ((((0x07) << 16) | (0x3D)))) &bt 3 0 &bt 3 3 &bt 3 2 &kp (0x08 << 24 | ((((0x07) << 16) | (0x4A)))) &kp (0x08 << 24 | (0x02 << 24 | ((((0x07) << 16) | (0x08))))) &morph_up &mt_cshome (0x01 << 24 | (0x02 << 24 | ((((0x07) << 16) | (0x4A))))) (0x02 << 24 | ((((0x07) << 16) | (0x4A)))) &mt_csend (0x01 << 24 | (0x02 << 24 | ((((0x07) << 16) | (0x4D))))) (0x02 << 24 | ((((0x07) << 16) | (0x4D)))) &ht_cshome_del 0 0 &ht_csend_del 0 0 &mt_ctrl (0x01 << 24 | ((((0x07) << 16) | (0x4A)))) ((((0x07) << 16) | (0x4A))) &mt_ctrl (0x01 << 24 | ((((0x07) << 16) | (0x4D)))) ((((0x07) << 16) | (0x4D)))
2025-12-17T17:27:37.7610888Z &trans &trans &trans &trans &trans &kp (0x08 << 24 | (((((0x07) << 16) | (0x37))))) &morph_down &kp (0x04 << 24 | ((((0x07) << 16) | (0x46)))) &kp ((((0x07) << 16) | (0x52))) &kp (((((0x07) << 16) | (0x4B)))) &kp (((((0x07) << 16) | (0x4E)))) &mt_ctrl (0x01 << 24 | (0x02 << 24 | (((((0x07) << 16) | (0x4B)))))) (0x01 << 24 | (((((0x07) << 16) | (0x4B))))) &mt_ctrl (0x01 << 24 | (0x02 << 24 | (((((0x07) << 16) | (0x4E)))))) (0x01 << 24 | (((((0x07) << 16) | (0x4E)))))
2025-12-17T17:27:37.7611253Z &trans &trans &trans &trans &kp (0x01 << 24 | (0x02 << 24 | ((((0x07) << 16) | (0x19))))) &trans &morph_left &kp ((((0x07) << 16) | (0x50))) &kp ((((0x07) << 16) | (0x51))) &kp ((((0x07) << 16) | (0x4F))) &trans &trans &trans
2025-12-17T17:27:37.7611787Z &trans &trans &trans &trans &kp (0x01 << 24 | (0x04 << 24 | ((((0x07) << 16) | (0x19))))) &kp (0x01 << 24 | (0x04 << 24 | ((((0x07) << 16) | (0x05))))) &morph_right &trans &trans &trans &trans &kp (0x08 << 24 | (0x04 << 24 | (0x02 << 24 | (((((0x07) << 16) | (0x21))))))) &kp (0x08 << 24 | (0x04 << 24 | (0x02 << 24 | (((((0x07) << 16) | (0x22)))))))
2025-12-17T17:27:37.7612015Z &bt 0 0 &kp (((((0x07) << 16) | (0xE0)))) &trans &trans &trans &trans &trans &trans &trans &trans &trans &select_all_del
2025-12-17T17:27:37.7612078Z             >;
2025-12-17T17:27:37.7612155Z 
2025-12-17T17:27:37.7612222Z         };
2025-12-17T17:27:37.7612226Z 
2025-12-17T17:27:37.7612289Z         layer_3 {
2025-12-17T17:27:37.7612360Z             bindings = <
2025-12-17T17:27:37.7612567Z &trans &trans &trans &trans &trans &trans &trans &trans &trans &trans &trans &trans &trans
2025-12-17T17:27:37.7612763Z &trans &trans &trans &trans &trans &trans &trans &trans &trans &trans &trans &trans &trans
2025-12-17T17:27:37.7612957Z &trans &trans &trans &trans &trans &trans &trans &trans &trans &trans &trans &trans &trans
2025-12-17T17:27:37.7613145Z &trans &trans &trans &trans &trans &trans &trans &trans &trans &trans &trans &trans &trans
2025-12-17T17:27:37.7613323Z &trans &trans &trans &trans &trans &trans &trans &trans &trans &trans &trans &trans
2025-12-17T17:27:37.7613391Z             >;
2025-12-17T17:27:37.7613453Z         };
2025-12-17T17:27:37.7613513Z     };
2025-12-17T17:27:37.7613577Z };
2025-12-17T17:27:37.7613706Z # 2 "/tmp/zmk-config/config/eyelash_sofle_left.keymap" 2
2025-12-17T17:27:37.7613784Z # 0 "<command-line>" 2
2025-12-17T17:27:37.7614034Z # 1 "/tmp/zmk-config/zmk/app/snippets/studio-rpc-usb-uart/studio-rpc-usb-uart.overlay" 1
2025-12-17T17:27:37.7614038Z 
2025-12-17T17:27:37.7614096Z / {
2025-12-17T17:27:37.7614163Z     chosen {
2025-12-17T17:27:37.7614369Z         zmk,studio-rpc-uart = &snippet_studio_rpc_usb_uart;
2025-12-17T17:27:37.7614431Z     };
2025-12-17T17:27:37.7614495Z };
2025-12-17T17:27:37.7614499Z 
2025-12-17T17:27:37.7614566Z &zephyr_udc0 {
2025-12-17T17:27:37.7614709Z     snippet_studio_rpc_usb_uart: snippet_studio_rpc_usb_uart {
2025-12-17T17:27:37.7614811Z         compatible = "zephyr,cdc-acm-uart";
2025-12-17T17:27:37.7614871Z     };
2025-12-17T17:27:37.7614930Z };
2025-12-17T17:27:37.7615005Z # 0 "<command-line>" 2
2025-12-17T17:27:37.7615105Z # 1 "/tmp/zmk-config/zephyr/misc/empty_file.c"
2025-12-17T17:27:37.7698602Z Post job cleanup.
2025-12-17T17:27:37.7702325Z ##[command]/usr/bin/docker exec  0680cc8e1a98f8b7db3069f26cc38b2f26b8f452d083d2655a65c43ad1ba4f17 sh -c "cat /etc/*release | grep ^ID"
2025-12-17T17:27:37.9667371Z [command]/usr/bin/git version
2025-12-17T17:27:37.9710244Z git version 2.43.0
2025-12-17T17:27:37.9757588Z Temporarily overriding HOME='/__w/_temp/e6affaf8-c76d-46d3-80ad-dc0b72395f0f' before making global git config changes
2025-12-17T17:27:37.9758629Z Adding repository directory to the temporary git global config as a safe directory
2025-12-17T17:27:37.9764097Z [command]/usr/bin/git config --global --add safe.directory /__w/zmk-sofle/zmk-sofle
2025-12-17T17:27:37.9798718Z [command]/usr/bin/git config --local --name-only --get-regexp core\.sshCommand
2025-12-17T17:27:37.9839816Z [command]/usr/bin/git submodule foreach --recursive sh -c "git config --local --name-only --get-regexp 'core\.sshCommand' && git config --local --unset-all 'core.sshCommand' || :"
2025-12-17T17:27:38.0086871Z [command]/usr/bin/git config --local --name-only --get-regexp http\.https\:\/\/github\.com\/\.extraheader
2025-12-17T17:27:38.0109598Z http.https://github.com/.extraheader
2025-12-17T17:27:38.0124183Z [command]/usr/bin/git config --local --unset-all http.https://github.com/.extraheader
2025-12-17T17:27:38.0156693Z [command]/usr/bin/git submodule foreach --recursive sh -c "git config --local --name-only --get-regexp 'http\.https\:\/\/github\.com\/\.extraheader' && git config --local --unset-all 'http.https://github.com/.extraheader' || :"
2025-12-17T17:27:38.0397123Z [command]/usr/bin/git config --local --name-only --get-regexp ^includeIf\.gitdir:
2025-12-17T17:27:38.0430068Z [command]/usr/bin/git submodule foreach --recursive git config --local --show-origin --name-only --get-regexp remote.origin.url
2025-12-17T17:27:38.0804431Z Stop and remove container: b81904ee8fdc45b9b575bb08eb975ceb_zmkfirmwarezmkbuildarmstable_80e229
2025-12-17T17:27:38.0811132Z ##[command]/usr/bin/docker rm --force 0680cc8e1a98f8b7db3069f26cc38b2f26b8f452d083d2655a65c43ad1ba4f17
2025-12-17T17:27:42.2086153Z 0680cc8e1a98f8b7db3069f26cc38b2f26b8f452d083d2655a65c43ad1ba4f17
2025-12-17T17:27:42.2134280Z Remove container network: github_network_20ba34618e9540d7a45a9bd7aa359d7a
2025-12-17T17:27:42.2139395Z ##[command]/usr/bin/docker network rm github_network_20ba34618e9540d7a45a9bd7aa359d7a
2025-12-17T17:27:42.3430783Z github_network_20ba34618e9540d7a45a9bd7aa359d7a
2025-12-17T17:27:42.3489240Z Cleaning up orphan processes