2025-12-17T18:50:40.1311558Z Current runner version: '2.329.0'
2025-12-17T18:50:40.1344943Z ##[group]Runner Image Provisioner
2025-12-17T18:50:40.1346295Z Hosted Compute Agent
2025-12-17T18:50:40.1347100Z Version: 20251202.455
2025-12-17T18:50:40.1348007Z Commit: 6c10caca4910e198df60de23adf20ad317c474e3
2025-12-17T18:50:40.1349194Z Build Date: 2025-12-02T15:56:59Z
2025-12-17T18:50:40.1350402Z Worker ID: {a74f8a3e-9233-4383-aaef-7363ddc94fae}
2025-12-17T18:50:40.1351573Z ##[endgroup]
2025-12-17T18:50:40.1352730Z ##[group]Operating System
2025-12-17T18:50:40.1353698Z Ubuntu
2025-12-17T18:50:40.1354488Z 24.04.3
2025-12-17T18:50:40.1355401Z LTS
2025-12-17T18:50:40.1356144Z ##[endgroup]
2025-12-17T18:50:40.1357023Z ##[group]Runner Image
2025-12-17T18:50:40.1358020Z Image: ubuntu-24.04
2025-12-17T18:50:40.1358981Z Version: 20251208.163.1
2025-12-17T18:50:40.1360731Z Included Software: https://github.com/actions/runner-images/blob/ubuntu24/20251208.163/images/ubuntu/Ubuntu2404-Readme.md
2025-12-17T18:50:40.1363801Z Image Release: https://github.com/actions/runner-images/releases/tag/ubuntu24%2F20251208.163
2025-12-17T18:50:40.1366058Z ##[endgroup]
2025-12-17T18:50:40.1370776Z ##[group]GITHUB_TOKEN Permissions
2025-12-17T18:50:40.1374206Z Actions: write
2025-12-17T18:50:40.1375276Z ArtifactMetadata: write
2025-12-17T18:50:40.1376119Z Attestations: write
2025-12-17T18:50:40.1376946Z Checks: write
2025-12-17T18:50:40.1377854Z Contents: write
2025-12-17T18:50:40.1378749Z Deployments: write
2025-12-17T18:50:40.1379716Z Discussions: write
2025-12-17T18:50:40.1380728Z Issues: write
2025-12-17T18:50:40.1381670Z Metadata: read
2025-12-17T18:50:40.1382713Z Models: read
2025-12-17T18:50:40.1383676Z Packages: write
2025-12-17T18:50:40.1384492Z Pages: write
2025-12-17T18:50:40.1385376Z PullRequests: write
2025-12-17T18:50:40.1386565Z RepositoryProjects: write
2025-12-17T18:50:40.1387594Z SecurityEvents: write
2025-12-17T18:50:40.1388504Z Statuses: write
2025-12-17T18:50:40.1389246Z ##[endgroup]
2025-12-17T18:50:40.1392457Z Secret source: Actions
2025-12-17T18:50:40.1393637Z Prepare workflow directory
2025-12-17T18:50:40.1814472Z Prepare all required actions
2025-12-17T18:50:40.1851639Z Getting action download info
2025-12-17T18:50:40.5172877Z Download action repository 'actions/checkout@v4' (SHA:34e114876b0b11c390a56381ad16ebd13914f8d5)
2025-12-17T18:50:40.6221891Z Download action repository 'actions/cache@v4' (SHA:0057852bfaa89a56745cba8c7296529d2fc39830)
2025-12-17T18:50:40.7258773Z Download action repository 'actions/upload-artifact@v4' (SHA:ea165f8d65b6e75b540449e92b4886f43607fa02)
2025-12-17T18:50:40.9265202Z Uses: zmkfirmware/zmk/.github/workflows/build-user-config.yml@0b5a103c187ad337b9f50d824667866c4d7252e1
2025-12-17T18:50:40.9269743Z ##[group] Inputs
2025-12-17T18:50:40.9270231Z   build_matrix_path: build.yaml
2025-12-17T18:50:40.9270706Z   config_path: config
2025-12-17T18:50:40.9271124Z   fallback_binary: bin
2025-12-17T18:50:40.9271539Z   archive_name: firmware
2025-12-17T18:50:40.9271958Z ##[endgroup]
2025-12-17T18:50:40.9272838Z Complete job name: build / Build (eyelash_sofle_right, nice_view_custom)
2025-12-17T18:50:40.9762625Z ##[group]Checking docker version
2025-12-17T18:50:40.9775567Z ##[command]/usr/bin/docker version --format '{{.Server.APIVersion}}'
2025-12-17T18:50:41.0772367Z '1.48'
2025-12-17T18:50:41.0784416Z Docker daemon API version: '1.48'
2025-12-17T18:50:41.0785150Z ##[command]/usr/bin/docker version --format '{{.Client.APIVersion}}'
2025-12-17T18:50:41.0944300Z '1.48'
2025-12-17T18:50:41.0957112Z Docker client API version: '1.48'
2025-12-17T18:50:41.0962048Z ##[endgroup]
2025-12-17T18:50:41.0965846Z ##[group]Clean up resources from previous jobs
2025-12-17T18:50:41.0971118Z ##[command]/usr/bin/docker ps --all --quiet --no-trunc --filter "label=3d6da9"
2025-12-17T18:50:41.1127121Z ##[command]/usr/bin/docker network prune --force --filter "label=3d6da9"
2025-12-17T18:50:41.1254149Z ##[endgroup]
2025-12-17T18:50:41.1254644Z ##[group]Create local container network
2025-12-17T18:50:41.1264832Z ##[command]/usr/bin/docker network create --label 3d6da9 github_network_387d2b973a794a8488d4ecd0e29a4b86
2025-12-17T18:50:41.1930045Z 273fae5382d9e7e1148fe032f7de6f2e1f7514d9469de524366554a27695acd9
2025-12-17T18:50:41.1952891Z ##[endgroup]
2025-12-17T18:50:41.1979128Z ##[group]Starting job container
2025-12-17T18:50:41.2000387Z ##[command]/usr/bin/docker pull zmkfirmware/zmk-build-arm:stable
2025-12-17T18:50:41.5904735Z stable: Pulling from zmkfirmware/zmk-build-arm
2025-12-17T18:50:41.7169548Z a1a21c96bc16: Pulling fs layer
2025-12-17T18:50:41.7170574Z 80b3f0d914b4: Pulling fs layer
2025-12-17T18:50:41.7171629Z 39f6267735b8: Pulling fs layer
2025-12-17T18:50:42.2001316Z a1a21c96bc16: Verifying Checksum
2025-12-17T18:50:42.2002452Z a1a21c96bc16: Download complete
2025-12-17T18:50:43.2347500Z a1a21c96bc16: Pull complete
2025-12-17T18:50:47.3449567Z 80b3f0d914b4: Verifying Checksum
2025-12-17T18:50:47.3450155Z 80b3f0d914b4: Download complete
2025-12-17T18:50:48.8112034Z 39f6267735b8: Verifying Checksum
2025-12-17T18:50:48.8112792Z 39f6267735b8: Download complete
2025-12-17T18:50:56.1444697Z 80b3f0d914b4: Pull complete
2025-12-17T18:51:06.4559901Z 39f6267735b8: Pull complete
2025-12-17T18:51:06.4599721Z Digest: sha256:edb1c953438c6f720ddb79c3762f3972013b7fbbaf4fff3592fc869983e7afc5
2025-12-17T18:51:06.4613331Z Status: Downloaded newer image for zmkfirmware/zmk-build-arm:stable
2025-12-17T18:51:06.4626716Z docker.io/zmkfirmware/zmk-build-arm:stable
2025-12-17T18:51:06.4721932Z ##[command]/usr/bin/docker create --name 7df3fcbb54fb4e439c2a10b174d7d185_zmkfirmwarezmkbuildarmstable_a8cbdc --label 3d6da9 --workdir /__w/zmk-sofle/zmk-sofle --network github_network_387d2b973a794a8488d4ecd0e29a4b86  -e "HOME=/github/home" -e GITHUB_ACTIONS=true -e CI=true -v "/var/run/docker.sock":"/var/run/docker.sock" -v "/home/runner/work":"/__w" -v "/home/runner/actions-runner/cached/externals":"/__e":ro -v "/home/runner/work/_temp":"/__w/_temp" -v "/home/runner/work/_actions":"/__w/_actions" -v "/opt/hostedtoolcache":"/__t" -v "/home/runner/work/_temp/_github_home":"/github/home" -v "/home/runner/work/_temp/_github_workflow":"/github/workflow" --entrypoint "tail" zmkfirmware/zmk-build-arm:stable "-f" "/dev/null"
2025-12-17T18:51:06.5022745Z 63126ed590253af3b68abed293e5338a25025d9b823bdaef876a2c60d273729e
2025-12-17T18:51:06.5046047Z ##[command]/usr/bin/docker start 63126ed590253af3b68abed293e5338a25025d9b823bdaef876a2c60d273729e
2025-12-17T18:51:06.6986575Z 63126ed590253af3b68abed293e5338a25025d9b823bdaef876a2c60d273729e
2025-12-17T18:51:06.7006121Z ##[command]/usr/bin/docker ps --all --filter id=63126ed590253af3b68abed293e5338a25025d9b823bdaef876a2c60d273729e --filter status=running --no-trunc --format "{{.ID}} {{.Status}}"
2025-12-17T18:51:06.7123590Z 63126ed590253af3b68abed293e5338a25025d9b823bdaef876a2c60d273729e Up Less than a second
2025-12-17T18:51:06.7143096Z ##[command]/usr/bin/docker inspect --format "{{range .Config.Env}}{{println .}}{{end}}" 63126ed590253af3b68abed293e5338a25025d9b823bdaef876a2c60d273729e
2025-12-17T18:51:06.7263952Z GITHUB_ACTIONS=true
2025-12-17T18:51:06.7264380Z CI=true
2025-12-17T18:51:06.7264997Z HOME=/github/home
2025-12-17T18:51:06.7265368Z PATH=/usr/local/sbin:/usr/local/bin:/usr/sbin:/usr/bin:/sbin:/bin
2025-12-17T18:51:06.7265714Z DEBIAN_FRONTEND=noninteractive
2025-12-17T18:51:06.7265937Z ZEPHYR_VERSION=4.1.0
2025-12-17T18:51:06.7283001Z ##[endgroup]
2025-12-17T18:51:06.7291922Z ##[group]Waiting for all services to be ready
2025-12-17T18:51:06.7293987Z ##[endgroup]
2025-12-17T18:51:06.7539820Z ##[group]Run actions/checkout@v4
2025-12-17T18:51:06.7540518Z with:
2025-12-17T18:51:06.7540741Z   repository: duducm2/zmk-sofle
2025-12-17T18:51:06.7541121Z   token: ***
2025-12-17T18:51:06.7541311Z   ssh-strict: true
2025-12-17T18:51:06.7541493Z   ssh-user: git
2025-12-17T18:51:06.7541685Z   persist-credentials: true
2025-12-17T18:51:06.7541893Z   clean: true
2025-12-17T18:51:06.7542085Z   sparse-checkout-cone-mode: true
2025-12-17T18:51:06.7542491Z   fetch-depth: 1
2025-12-17T18:51:06.7542667Z   fetch-tags: false
2025-12-17T18:51:06.7542849Z   show-progress: true
2025-12-17T18:51:06.7543253Z   lfs: false
2025-12-17T18:51:06.7543418Z   submodules: false
2025-12-17T18:51:06.7543593Z   set-safe-directory: true
2025-12-17T18:51:06.7544086Z ##[endgroup]
2025-12-17T18:51:06.7599260Z ##[command]/usr/bin/docker exec  63126ed590253af3b68abed293e5338a25025d9b823bdaef876a2c60d273729e sh -c "cat /etc/*release | grep ^ID"
2025-12-17T18:51:06.9671048Z Syncing repository: duducm2/zmk-sofle
2025-12-17T18:51:06.9672800Z ##[group]Getting Git version info
2025-12-17T18:51:06.9673158Z Working directory is '/__w/zmk-sofle/zmk-sofle'
2025-12-17T18:51:06.9673649Z [command]/usr/bin/git version
2025-12-17T18:51:06.9673902Z git version 2.43.0
2025-12-17T18:51:06.9696430Z ##[endgroup]
2025-12-17T18:51:06.9712465Z Temporarily overriding HOME='/__w/_temp/32035ef4-49de-4f6b-b76c-1e5d10017fd7' before making global git config changes
2025-12-17T18:51:06.9713276Z Adding repository directory to the temporary git global config as a safe directory
2025-12-17T18:51:06.9719126Z [command]/usr/bin/git config --global --add safe.directory /__w/zmk-sofle/zmk-sofle
2025-12-17T18:51:06.9759873Z Deleting the contents of '/__w/zmk-sofle/zmk-sofle'
2025-12-17T18:51:06.9763891Z ##[group]Initializing the repository
2025-12-17T18:51:06.9767784Z [command]/usr/bin/git init /__w/zmk-sofle/zmk-sofle
2025-12-17T18:51:06.9798467Z hint: Using 'master' as the name for the initial branch. This default branch name
2025-12-17T18:51:06.9799225Z hint: is subject to change. To configure the initial branch name to use in all
2025-12-17T18:51:06.9799705Z hint: of your new repositories, which will suppress this warning, call:
2025-12-17T18:51:06.9800028Z hint: 
2025-12-17T18:51:06.9800290Z hint: 	git config --global init.defaultBranch <name>
2025-12-17T18:51:06.9800559Z hint: 
2025-12-17T18:51:06.9800921Z hint: Names commonly chosen instead of 'master' are 'main', 'trunk' and
2025-12-17T18:51:06.9801449Z hint: 'development'. The just-created branch can be renamed via this command:
2025-12-17T18:51:06.9801805Z hint: 
2025-12-17T18:51:06.9802077Z hint: 	git branch -m <name>
2025-12-17T18:51:06.9807273Z Initialized empty Git repository in /__w/zmk-sofle/zmk-sofle/.git/
2025-12-17T18:51:06.9819405Z [command]/usr/bin/git remote add origin https://github.com/duducm2/zmk-sofle
2025-12-17T18:51:06.9848046Z ##[endgroup]
2025-12-17T18:51:06.9848681Z ##[group]Disabling automatic garbage collection
2025-12-17T18:51:06.9852415Z [command]/usr/bin/git config --local gc.auto 0
2025-12-17T18:51:06.9878703Z ##[endgroup]
2025-12-17T18:51:06.9879045Z ##[group]Setting up auth
2025-12-17T18:51:06.9886021Z [command]/usr/bin/git config --local --name-only --get-regexp core\.sshCommand
2025-12-17T18:51:06.9914480Z [command]/usr/bin/git submodule foreach --recursive sh -c "git config --local --name-only --get-regexp 'core\.sshCommand' && git config --local --unset-all 'core.sshCommand' || :"
2025-12-17T18:51:07.0140939Z [command]/usr/bin/git config --local --name-only --get-regexp http\.https\:\/\/github\.com\/\.extraheader
2025-12-17T18:51:07.0169478Z [command]/usr/bin/git submodule foreach --recursive sh -c "git config --local --name-only --get-regexp 'http\.https\:\/\/github\.com\/\.extraheader' && git config --local --unset-all 'http.https://github.com/.extraheader' || :"
2025-12-17T18:51:07.0460834Z [command]/usr/bin/git config --local --name-only --get-regexp ^includeIf\.gitdir:
2025-12-17T18:51:07.0463179Z [command]/usr/bin/git submodule foreach --recursive git config --local --show-origin --name-only --get-regexp remote.origin.url
2025-12-17T18:51:07.0652814Z [command]/usr/bin/git config --local http.https://github.com/.extraheader AUTHORIZATION: basic ***
2025-12-17T18:51:07.0686225Z ##[endgroup]
2025-12-17T18:51:07.0686663Z ##[group]Fetching the repository
2025-12-17T18:51:07.0694384Z [command]/usr/bin/git -c protocol.version=2 fetch --no-tags --prune --no-recurse-submodules --depth=1 origin +2d0a7d7b515fbb524736c98c0999b2be76a2e235:refs/remotes/origin/main
2025-12-17T18:51:07.3126518Z From https://github.com/duducm2/zmk-sofle
2025-12-17T18:51:07.3127147Z  * [new ref]         2d0a7d7b515fbb524736c98c0999b2be76a2e235 -> origin/main
2025-12-17T18:51:07.3154556Z ##[endgroup]
2025-12-17T18:51:07.3155147Z ##[group]Determining the checkout info
2025-12-17T18:51:07.3158163Z ##[endgroup]
2025-12-17T18:51:07.3163334Z [command]/usr/bin/git sparse-checkout disable
2025-12-17T18:51:07.3205516Z [command]/usr/bin/git config --local --unset-all extensions.worktreeConfig
2025-12-17T18:51:07.3234411Z ##[group]Checking out the ref
2025-12-17T18:51:07.3239356Z [command]/usr/bin/git checkout --progress --force -B main refs/remotes/origin/main
2025-12-17T18:51:07.3343193Z Switched to a new branch 'main'
2025-12-17T18:51:07.3343870Z branch 'main' set up to track 'origin/main'.
2025-12-17T18:51:07.3344947Z ##[endgroup]
2025-12-17T18:51:07.3381898Z [command]/usr/bin/git log -1 --format=%H
2025-12-17T18:51:07.3404312Z 2d0a7d7b515fbb524736c98c0999b2be76a2e235
2025-12-17T18:51:07.3603710Z ##[group]Run echo "build_dir=$(mktemp -d)" >> $GITHUB_ENV
2025-12-17T18:51:07.3604175Z [36;1mecho "build_dir=$(mktemp -d)" >> $GITHUB_ENV[0m
2025-12-17T18:51:07.3607202Z shell: sh -e {0}
2025-12-17T18:51:07.3607410Z ##[endgroup]
2025-12-17T18:51:07.4271531Z ##[group]Run if [ -e zephyr/module.yml ]; then
2025-12-17T18:51:07.4271892Z [36;1mif [ -e zephyr/module.yml ]; then[0m
2025-12-17T18:51:07.4272515Z [36;1m  export zmk_load_arg=" -DZMK_EXTRA_MODULES='${GITHUB_WORKSPACE}'"[0m
2025-12-17T18:51:07.4272896Z [36;1m  new_tmp_dir="${TMPDIR:-/tmp}/zmk-config"[0m
2025-12-17T18:51:07.4273186Z [36;1m  mkdir -p "${new_tmp_dir}"[0m
2025-12-17T18:51:07.4273450Z [36;1m  echo "base_dir=${new_tmp_dir}" >> $GITHUB_ENV[0m
2025-12-17T18:51:07.4273707Z [36;1melse[0m
2025-12-17T18:51:07.4273924Z [36;1m  echo "base_dir=${GITHUB_WORKSPACE}" >> $GITHUB_ENV[0m
2025-12-17T18:51:07.4274194Z [36;1mfi[0m
2025-12-17T18:51:07.4274346Z [36;1m[0m
2025-12-17T18:51:07.4274513Z [36;1mif [ -n "${snippet}" ]; then[0m
2025-12-17T18:51:07.4274777Z [36;1m  extra_west_args="-S \"${snippet}\""[0m
2025-12-17T18:51:07.4275077Z [36;1mfi[0m
2025-12-17T18:51:07.4275236Z [36;1m[0m
2025-12-17T18:51:07.4275489Z [36;1mecho "zephyr_version=${ZEPHYR_VERSION}" >> $GITHUB_ENV[0m
2025-12-17T18:51:07.4275846Z [36;1mecho "extra_west_args=${extra_west_args}" >> $GITHUB_ENV[0m
2025-12-17T18:51:07.4276282Z [36;1mecho "extra_cmake_args=${shield:+-DSHIELD=\"$shield\"}${zmk_load_arg}" >> $GITHUB_ENV[0m
2025-12-17T18:51:07.4276746Z [36;1mecho "display_name=${shield:+$shield - }${board}" >> $GITHUB_ENV[0m
2025-12-17T18:51:07.4277200Z [36;1mecho "artifact_name=${artifact_name:-${shield:+$shield-}${board}-zmk}" >> $GITHUB_ENV[0m
2025-12-17T18:51:07.4278774Z shell: sh -x {0}
2025-12-17T18:51:07.4278964Z env:
2025-12-17T18:51:07.4279143Z   build_dir: /tmp/tmp.8dAvseFSWP
2025-12-17T18:51:07.4279375Z   board: eyelash_sofle_right
2025-12-17T18:51:07.4279592Z   shield: nice_view_custom
2025-12-17T18:51:07.4279783Z   artifact_name: 
2025-12-17T18:51:07.4279958Z   snippet: 
2025-12-17T18:51:07.4280119Z ##[endgroup]
2025-12-17T18:51:07.5078218Z + [ -e zephyr/module.yml ]
2025-12-17T18:51:07.5079293Z + export zmk_load_arg= -DZMK_EXTRA_MODULES='/__w/zmk-sofle/zmk-sofle'
2025-12-17T18:51:07.5081870Z + new_tmp_dir=/tmp/zmk-config
2025-12-17T18:51:07.5082560Z + mkdir -p /tmp/zmk-config
2025-12-17T18:51:07.5091213Z + echo base_dir=/tmp/zmk-config
2025-12-17T18:51:07.5091777Z + [ -n  ]
2025-12-17T18:51:07.5092081Z + echo zephyr_version=4.1.0
2025-12-17T18:51:07.5093830Z + echo extra_west_args=
2025-12-17T18:51:07.5094698Z + echo extra_cmake_args=-DSHIELD="nice_view_custom" -DZMK_EXTRA_MODULES='/__w/zmk-sofle/zmk-sofle'
2025-12-17T18:51:07.5096011Z + echo display_name=nice_view_custom - eyelash_sofle_right
2025-12-17T18:51:07.5096630Z + echo artifact_name=nice_view_custom-eyelash_sofle_right-zmk
2025-12-17T18:51:07.5168284Z ##[group]Run if [ "/tmp/zmk-config" != "${GITHUB_WORKSPACE}" ]; then
2025-12-17T18:51:07.5168715Z [36;1mif [ "/tmp/zmk-config" != "${GITHUB_WORKSPACE}" ]; then[0m
2025-12-17T18:51:07.5169025Z [36;1m  mkdir "/tmp/zmk-config/config"[0m
2025-12-17T18:51:07.5169489Z [36;1m  cp -R config/* "/tmp/zmk-config/config/"[0m
2025-12-17T18:51:07.5169738Z [36;1mfi[0m
2025-12-17T18:51:07.5169985Z shell: sh -e {0}
2025-12-17T18:51:07.5170152Z env:
2025-12-17T18:51:07.5170325Z   build_dir: /tmp/tmp.8dAvseFSWP
2025-12-17T18:51:07.5170543Z   base_dir: /tmp/zmk-config
2025-12-17T18:51:07.5170753Z   zephyr_version: 4.1.0
2025-12-17T18:51:07.5170948Z   extra_west_args: 
2025-12-17T18:51:07.5171284Z   extra_cmake_args: -DSHIELD="nice_view_custom" -DZMK_EXTRA_MODULES='/__w/zmk-sofle/zmk-sofle'
2025-12-17T18:51:07.5171722Z   display_name: nice_view_custom - eyelash_sofle_right
2025-12-17T18:51:07.5172045Z   artifact_name: nice_view_custom-eyelash_sofle_right-zmk
2025-12-17T18:51:07.5172843Z ##[endgroup]
2025-12-17T18:51:07.6611863Z ##[group]Run actions/cache@v4
2025-12-17T18:51:07.6612409Z with:
2025-12-17T18:51:07.6612917Z   path: /tmp/zmk-config/modules/
/tmp/zmk-config/tools/
/tmp/zmk-config/zephyr/
/tmp/zmk-config/bootloader/
/tmp/zmk-config/zmk/

2025-12-17T18:51:07.6613739Z   key: Linux-build-cache-zephyr-4.1.0-modules-894fb66ef5982f4923c995ad3e56df2fd96e8b44d3656d1d201d07d8d75ce5c6
2025-12-17T18:51:07.6614370Z   restore-keys: Linux-build-cache-zephyr-4.1.0-modules-
Linux-build-
Linux-

2025-12-17T18:51:07.6614732Z   enableCrossOsArchive: false
2025-12-17T18:51:07.6614956Z   fail-on-cache-miss: false
2025-12-17T18:51:07.6615154Z   lookup-only: false
2025-12-17T18:51:07.6615346Z   save-always: false
2025-12-17T18:51:07.6615519Z env:
2025-12-17T18:51:07.6615685Z   build_dir: /tmp/tmp.8dAvseFSWP
2025-12-17T18:51:07.6615913Z   base_dir: /tmp/zmk-config
2025-12-17T18:51:07.6616112Z   zephyr_version: 4.1.0
2025-12-17T18:51:07.6616300Z   extra_west_args: 
2025-12-17T18:51:07.6616684Z   extra_cmake_args: -DSHIELD="nice_view_custom" -DZMK_EXTRA_MODULES='/__w/zmk-sofle/zmk-sofle'
2025-12-17T18:51:07.6617113Z   display_name: nice_view_custom - eyelash_sofle_right
2025-12-17T18:51:07.6617443Z   artifact_name: nice_view_custom-eyelash_sofle_right-zmk
2025-12-17T18:51:07.6617745Z   cache_name: cache-zephyr-4.1.0-modules
2025-12-17T18:51:07.6617976Z ##[endgroup]
2025-12-17T18:51:07.6621724Z ##[command]/usr/bin/docker exec  63126ed590253af3b68abed293e5338a25025d9b823bdaef876a2c60d273729e sh -c "cat /etc/*release | grep ^ID"
2025-12-17T18:51:07.9964055Z Cache hit for: Linux-build-cache-zephyr-4.1.0-modules-894fb66ef5982f4923c995ad3e56df2fd96e8b44d3656d1d201d07d8d75ce5c6
2025-12-17T18:51:09.1050017Z Received 130023424 of 2009302056 (6.5%), 124.0 MBs/sec
2025-12-17T18:51:10.1055590Z Received 301989888 of 2009302056 (15.0%), 143.9 MBs/sec
2025-12-17T18:51:11.1098944Z Received 494927872 of 2009302056 (24.6%), 157.1 MBs/sec
2025-12-17T18:51:12.1110294Z Received 666894336 of 2009302056 (33.2%), 158.8 MBs/sec
2025-12-17T18:51:13.1133986Z Received 809500672 of 2009302056 (40.3%), 154.2 MBs/sec
2025-12-17T18:51:14.1131252Z Received 1010827264 of 2009302056 (50.3%), 160.5 MBs/sec
2025-12-17T18:51:15.1769353Z Received 1207959552 of 2009302056 (60.1%), 162.9 MBs/sec
2025-12-17T18:51:16.1773664Z Received 1392508928 of 2009302056 (69.3%), 164.5 MBs/sec
2025-12-17T18:51:17.1838853Z Received 1581252608 of 2009302056 (78.7%), 166.1 MBs/sec
2025-12-17T18:51:18.1841037Z Received 1744830464 of 2009302056 (86.8%), 165.1 MBs/sec
2025-12-17T18:51:19.1845331Z Received 1900019712 of 2009302056 (94.6%), 163.6 MBs/sec
2025-12-17T18:51:19.7453429Z Received 2009302056 of 2009302056 (100.0%), 164.6 MBs/sec
2025-12-17T18:51:19.7454419Z Cache Size: ~1916 MB (2009302056 B)
2025-12-17T18:51:19.7489534Z [command]/usr/bin/tar -xf /__w/_temp/078ca831-d8d6-4d2c-a774-ee0b3d4da723/cache.tgz -P -C /__w/zmk-sofle/zmk-sofle -z
2025-12-17T18:51:40.0197412Z Cache restored successfully
2025-12-17T18:51:40.3740086Z Cache restored from key: Linux-build-cache-zephyr-4.1.0-modules-894fb66ef5982f4923c995ad3e56df2fd96e8b44d3656d1d201d07d8d75ce5c6
2025-12-17T18:51:40.3876835Z ##[group]Run west init -l "/tmp/zmk-config/config"
2025-12-17T18:51:40.3877221Z [36;1mwest init -l "/tmp/zmk-config/config"[0m
2025-12-17T18:51:40.3877606Z shell: sh -e {0}
2025-12-17T18:51:40.3877964Z env:
2025-12-17T18:51:40.3878144Z   build_dir: /tmp/tmp.8dAvseFSWP
2025-12-17T18:51:40.3878383Z   base_dir: /tmp/zmk-config
2025-12-17T18:51:40.3878597Z   zephyr_version: 4.1.0
2025-12-17T18:51:40.3878784Z   extra_west_args: 
2025-12-17T18:51:40.3879130Z   extra_cmake_args: -DSHIELD="nice_view_custom" -DZMK_EXTRA_MODULES='/__w/zmk-sofle/zmk-sofle'
2025-12-17T18:51:40.3879579Z   display_name: nice_view_custom - eyelash_sofle_right
2025-12-17T18:51:40.3879909Z   artifact_name: nice_view_custom-eyelash_sofle_right-zmk
2025-12-17T18:51:40.3880191Z ##[endgroup]
2025-12-17T18:51:40.5553766Z === Initializing from existing manifest repository config
2025-12-17T18:51:40.5554459Z --- Creating /tmp/zmk-config/.west and local configuration file
2025-12-17T18:51:40.5563069Z === Initialized. Now run "west update" inside /tmp/zmk-config.
2025-12-17T18:51:40.5796389Z ##[group]Run west update --fetch-opt=--filter=tree:0
2025-12-17T18:51:40.5796771Z [36;1mwest update --fetch-opt=--filter=tree:0[0m
2025-12-17T18:51:40.5797145Z shell: sh -e {0}
2025-12-17T18:51:40.5797324Z env:
2025-12-17T18:51:40.5797510Z   build_dir: /tmp/tmp.8dAvseFSWP
2025-12-17T18:51:40.5797740Z   base_dir: /tmp/zmk-config
2025-12-17T18:51:40.5797952Z   zephyr_version: 4.1.0
2025-12-17T18:51:40.5798143Z   extra_west_args: 
2025-12-17T18:51:40.5798482Z   extra_cmake_args: -DSHIELD="nice_view_custom" -DZMK_EXTRA_MODULES='/__w/zmk-sofle/zmk-sofle'
2025-12-17T18:51:40.5798931Z   display_name: nice_view_custom - eyelash_sofle_right
2025-12-17T18:51:40.5799286Z   artifact_name: nice_view_custom-eyelash_sofle_right-zmk
2025-12-17T18:51:40.5799575Z ##[endgroup]
2025-12-17T18:51:40.8646454Z === updating zmk (zmk):
2025-12-17T18:51:41.0162922Z HEAD is now at 0b5a103c fix(core): Generate correct keymap layer names for all builds (#3047)
2025-12-17T18:51:41.0314788Z === updating zephyr (zephyr):
2025-12-17T18:51:41.0341943Z --- zephyr: fetching, need revision v3.5.0+zmk-fixes
2025-12-17T18:51:41.3867619Z From https://github.com/zmkfirmware/zephyr
2025-12-17T18:51:41.3868361Z  * branch                v3.5.0+zmk-fixes -> FETCH_HEAD
2025-12-17T18:51:42.5118966Z HEAD is now at dacab4875 scripts: check_init_priorities: drop recursive child parsing
2025-12-17T18:51:42.5503111Z === updating eyelash_sofle (eyelash_sofle):
2025-12-17T18:51:42.5503632Z --- eyelash_sofle: initializing
2025-12-17T18:51:42.5548715Z Initialized empty Git repository in /tmp/zmk-config/eyelash_sofle/.git/
2025-12-17T18:51:42.5581184Z --- eyelash_sofle: fetching, need revision refactor
2025-12-17T18:51:42.7633204Z From https://github.com/a741725193/zmk-sofle
2025-12-17T18:51:42.7633598Z  * branch            refactor   -> FETCH_HEAD
2025-12-17T18:51:43.0715647Z HEAD is now at 504d2a5 [Draw] update configuration
2025-12-17T18:51:43.0776141Z HEAD is now at 504d2a5 [Draw] update configuration
2025-12-17T18:51:43.0780495Z === updating mario-peripheral-animation (mario-peripheral-animation):
2025-12-17T18:51:43.0781742Z --- mario-peripheral-animation: initializing
2025-12-17T18:51:43.0816548Z Initialized empty Git repository in /tmp/zmk-config/mario-peripheral-animation/.git/
2025-12-17T18:51:43.0850452Z --- mario-peripheral-animation: fetching, need revision main
2025-12-17T18:51:43.2655437Z From https://github.com/GPeye/mario-peripheral-animation
2025-12-17T18:51:43.2656077Z  * branch            main       -> FETCH_HEAD
2025-12-17T18:51:43.8606811Z HEAD is now at 1aa3950 vid
2025-12-17T18:51:43.8973306Z HEAD is now at 1aa3950 vid
2025-12-17T18:51:43.8977424Z === updating nanopb (modules/lib/nanopb):
2025-12-17T18:51:43.9305812Z HEAD is now at 8c60555 Merge pull request #4 from petejohanson/build/find-protoc-fixes
2025-12-17T18:51:43.9310556Z === updating zmk-studio-messages (modules/msgs/zmk-studio-messages):
2025-12-17T18:51:43.9437564Z HEAD is now at 6cb4c28 refactor: Return detailed save changes response.
2025-12-17T18:51:43.9441934Z === updating acpica (modules/lib/acpica):
2025-12-17T18:51:44.1302809Z HEAD is now at 0333c2af1 os_specific: zephyr: add generic platform support
2025-12-17T18:51:44.1308536Z === updating canopennode (modules/lib/canopennode):
2025-12-17T18:51:44.1489198Z HEAD is now at dec12fa stack: map CANopenNode crc16_ccitt() to Zephyr crc16_itu_t()
2025-12-17T18:51:44.1493424Z === updating cmsis (modules/hal/cmsis):
2025-12-17T18:51:44.1706311Z HEAD is now at 5a00331 remove cmsis-dsp and cmsis-nn
2025-12-17T18:51:44.1710356Z === updating cmsis-dsp (modules/lib/cmsis-dsp):
2025-12-17T18:51:44.4888535Z HEAD is now at ff7b5fd1 compute Library: fix inline function that is not static
2025-12-17T18:51:44.4894904Z === updating cmsis-nn (modules/lib/cmsis-nn):
2025-12-17T18:51:44.5449632Z HEAD is now at 0c8669d Merge pull request #1 from XenuIsWatching/zephyr
2025-12-17T18:51:44.5454327Z === updating fatfs (modules/fs/fatfs):
2025-12-17T18:51:44.5647032Z HEAD is now at 427159b zephyr: fix ffconf.h override use of STRINGIZE
2025-12-17T18:51:44.5650618Z === updating hal_ambiq (modules/hal/ambiq):
2025-12-17T18:51:44.6297761Z HEAD is now at 0a7c993 modules: hal_ambiq: Add Ambiq Apollo4 Blue Plus SoC
2025-12-17T18:51:44.6301536Z === updating hal_atmel (modules/hal/atmel):
2025-12-17T18:51:44.9043986Z HEAD is now at 5ab4300 Remove LITTLE_ENDIAN and __LITTLE_ENDIAN defines
2025-12-17T18:51:44.9048859Z === updating hal_espressif (modules/hal/espressif):
2025-12-17T18:51:45.6540839Z HEAD is now at 31fc5758f3 random: rename header file as in Zephyr.
2025-12-17T18:51:45.6549048Z === updating hal_ethos_u (modules/hal/ethos_u):
2025-12-17T18:51:45.6731198Z HEAD is now at 90ada2e Clarify README regarding CPU choice
2025-12-17T18:51:45.6735199Z === updating hal_gigadevice (modules/hal/gigadevice):
2025-12-17T18:51:45.7321071Z HEAD is now at 2994b7d README.md: add pllmf and pack exception for gd32a50x
2025-12-17T18:51:45.7325775Z === updating hal_intel (modules/hal/intel):
2025-12-17T18:51:45.7490981Z HEAD is now at b3b43d4 pm: fix handling reset prep in incorrect place
2025-12-17T18:51:45.7495191Z === updating hal_nordic (modules/hal/nordic):
2025-12-17T18:51:46.3939973Z HEAD is now at 884c4d6 nrfx: Update to version 3.6.0
2025-12-17T18:51:46.3945464Z === updating hal_nuvoton (modules/hal/nuvoton):
2025-12-17T18:51:46.4510400Z HEAD is now at 3e0a4c4 hal: NuMaker M46x: revise API name of M460 FMC erase bank
2025-12-17T18:51:46.4514379Z === updating hal_quicklogic (modules/hal/quicklogic):
2025-12-17T18:51:46.4656382Z HEAD is now at b3a66fe Remove references to FPGA IP core drivers
2025-12-17T18:51:46.4660625Z === updating hal_renesas (modules/hal/renesas):
2025-12-17T18:51:46.4820582Z HEAD is now at a6cf2af Remove dynamic memory allocation from PD code
2025-12-17T18:51:46.4824670Z === updating hal_rpi_pico (modules/hal/rpi_pico):
2025-12-17T18:51:46.5293026Z HEAD is now at fba7162 Merge pull request #5 from soburi/zephyr_timer_modification
2025-12-17T18:51:46.5296945Z === updating hal_stm32 (modules/hal/stm32):
2025-12-17T18:51:48.2148465Z HEAD is now at 89ef0a33 stm32cube: stm32h5:  ethernet: PTP clock doesnâ€™t works
2025-12-17T18:51:48.2154626Z === updating hal_telink (modules/hal/telink):
2025-12-17T18:51:48.2341136Z HEAD is now at 38573af B91 ADC driver support
2025-12-17T18:51:48.2345337Z === updating hal_wurthelektronik (modules/hal/wurthelektronik):
2025-12-17T18:51:48.2485268Z HEAD is now at 24ca987 Initialized WE HAL module repository.
2025-12-17T18:51:48.2489794Z === updating libmetal (modules/hal/libmetal):
2025-12-17T18:51:48.2671501Z HEAD is now at b91611a lib: update libmetal to release v2023.04.0
2025-12-17T18:51:48.2675614Z === updating liblc3 (modules/lib/liblc3):
2025-12-17T18:51:48.2844885Z HEAD is now at 448f3de Merge pull request #8 from carlescufi/rename
2025-12-17T18:51:48.2849109Z === updating littlefs (modules/fs/littlefs):
2025-12-17T18:51:48.3005228Z HEAD is now at ca583fd Merge tag 'v2.5.0' of https://github.com/littlefs-project/littlefs into zephyr
2025-12-17T18:51:48.3009321Z === updating lvgl (modules/lib/gui/lvgl):
2025-12-17T18:51:48.5894804Z HEAD is now at 8a6a2d1d2 zephyr: Move gluecode back to zephyr main repository
2025-12-17T18:51:48.5900924Z === updating mbedtls (modules/crypto/mbedtls):
2025-12-17T18:51:48.7301744Z HEAD is now at c38dc78d9 Merge pull request #44 from d3zd3z/zephyr-3.4.0
2025-12-17T18:51:48.7307957Z === updating mipi-sys-t (modules/debug/mipi-sys-t):
2025-12-17T18:51:48.7496257Z HEAD is now at a819419 library: allow building without wchar support
2025-12-17T18:51:48.7500531Z === updating nrf_hw_models (modules/bsim_hw_models/nrf_hw_models):
2025-12-17T18:51:48.7678445Z HEAD is now at f459580 TEMP & ECB: Fix INTEN sideeffect prototypes
2025-12-17T18:51:48.7683177Z === updating open-amp (modules/lib/open-amp):
2025-12-17T18:51:48.7853997Z HEAD is now at 42b7c57 cmake: Compile with WITH_DCACHE_RSC_TABLE
2025-12-17T18:51:48.7858205Z === updating percepio (modules/debug/percepio):
2025-12-17T18:51:48.8117431Z HEAD is now at a3728ef Merge pull request #4 from peter-mitsis/pmitsis-k_mem_block
2025-12-17T18:51:48.8123441Z === updating picolibc (modules/lib/picolibc):
2025-12-17T18:51:48.9669607Z HEAD is now at d07c38ff0 Version 1.8.2
2025-12-17T18:51:48.9675916Z === updating segger (modules/debug/segger):
2025-12-17T18:51:48.9821449Z HEAD is now at 9d01912 segger: config: RTT spinlock implementation
2025-12-17T18:51:48.9825599Z === updating tinycrypt (modules/crypto/tinycrypt):
2025-12-17T18:51:48.9962559Z HEAD is now at 3e9a49d cmake: Fix conditional in root CMakeLists.txt
2025-12-17T18:51:48.9967533Z === updating trusted-firmware-a (modules/tee/tf-a/trusted-firmware-a):
2025-12-17T18:51:49.1823253Z HEAD is now at 421dc0502 Merge pull request #3 from SgrrZhf/topics/huizha01/2.9.0-updates
2025-12-17T18:51:49.1829254Z === updating uoscore-uedhoc (modules/lib/uoscore-uedhoc):
2025-12-17T18:51:49.2065419Z HEAD is now at 5fe2cb6 2.2.1
2025-12-17T18:51:49.2069702Z === updating zcbor (modules/lib/zcbor):
2025-12-17T18:51:49.2253555Z HEAD is now at 67fd8bb Update version from 0.6.99 to 0.7.0
2025-12-17T18:51:49.2504951Z ##[group]Run west zephyr-export
2025-12-17T18:51:49.2505247Z [36;1mwest zephyr-export[0m
2025-12-17T18:51:49.2505568Z shell: sh -e {0}
2025-12-17T18:51:49.2505758Z env:
2025-12-17T18:51:49.2505937Z   build_dir: /tmp/tmp.8dAvseFSWP
2025-12-17T18:51:49.2506166Z   base_dir: /tmp/zmk-config
2025-12-17T18:51:49.2506378Z   zephyr_version: 4.1.0
2025-12-17T18:51:49.2506563Z   extra_west_args: 
2025-12-17T18:51:49.2506920Z   extra_cmake_args: -DSHIELD="nice_view_custom" -DZMK_EXTRA_MODULES='/__w/zmk-sofle/zmk-sofle'
2025-12-17T18:51:49.2507375Z   display_name: nice_view_custom - eyelash_sofle_right
2025-12-17T18:51:49.2507713Z   artifact_name: nice_view_custom-eyelash_sofle_right-zmk
2025-12-17T18:51:49.2508002Z ##[endgroup]
2025-12-17T18:51:49.7818963Z Zephyr (/tmp/zmk-config/zephyr/share/zephyr-package/cmake)
2025-12-17T18:51:49.7819583Z has been added to the user package registry in:
2025-12-17T18:51:49.7819918Z ~/.cmake/packages/Zephyr
2025-12-17T18:51:49.7820066Z 
2025-12-17T18:51:50.0471923Z ZephyrUnittest (/tmp/zmk-config/zephyr/share/zephyrunittest-package/cmake)
2025-12-17T18:51:50.0472650Z has been added to the user package registry in:
2025-12-17T18:51:50.0472990Z ~/.cmake/packages/ZephyrUnittest
2025-12-17T18:51:50.0473179Z 
2025-12-17T18:51:50.0722520Z ##[group]Run west build -s zmk/app -d "/tmp/tmp.8dAvseFSWP" -b "eyelash_sofle_right"  -- -DZMK_CONFIG=/tmp/zmk-config/config -DSHIELD="nice_view_custom" -DZMK_EXTRA_MODULES='/__w/zmk-sofle/zmk-sofle' 
2025-12-17T18:51:50.0723779Z [36;1mwest build -s zmk/app -d "/tmp/tmp.8dAvseFSWP" -b "eyelash_sofle_right"  -- -DZMK_CONFIG=/tmp/zmk-config/config -DSHIELD="nice_view_custom" -DZMK_EXTRA_MODULES='/__w/zmk-sofle/zmk-sofle' [0m
2025-12-17T18:51:50.0724587Z shell: sh -x {0}
2025-12-17T18:51:50.0724763Z env:
2025-12-17T18:51:50.0724939Z   build_dir: /tmp/tmp.8dAvseFSWP
2025-12-17T18:51:50.0725168Z   base_dir: /tmp/zmk-config
2025-12-17T18:51:50.0725372Z   zephyr_version: 4.1.0
2025-12-17T18:51:50.0725558Z   extra_west_args: 
2025-12-17T18:51:50.0725901Z   extra_cmake_args: -DSHIELD="nice_view_custom" -DZMK_EXTRA_MODULES='/__w/zmk-sofle/zmk-sofle'
2025-12-17T18:51:50.0726341Z   display_name: nice_view_custom - eyelash_sofle_right
2025-12-17T18:51:50.0726901Z   artifact_name: nice_view_custom-eyelash_sofle_right-zmk
2025-12-17T18:51:50.0727177Z ##[endgroup]
2025-12-17T18:51:50.1285925Z + west build -s zmk/app -d /tmp/tmp.8dAvseFSWP -b eyelash_sofle_right -- -DZMK_CONFIG=/tmp/zmk-config/config -DSHIELD=nice_view_custom -DZMK_EXTRA_MODULES=/__w/zmk-sofle/zmk-sofle
2025-12-17T18:51:50.3247418Z -- west build: generating a build system
2025-12-17T18:51:50.5920032Z Loading Zephyr default modules (Zephyr base).
2025-12-17T18:51:50.5921748Z -- Application: /tmp/zmk-config/zmk/app
2025-12-17T18:51:50.5922504Z -- CMake version: 3.31.6
2025-12-17T18:51:50.7007402Z -- Found Python3: /usr/bin/python3 (found suitable version "3.12.3", minimum required is "3.8") found components: Interpreter
2025-12-17T18:51:50.7127640Z -- Cache files will be written to: /tmp/zmk-config/zephyr/.cache
2025-12-17T18:51:50.7186846Z -- Zephyr version: 3.5.0 (/tmp/zmk-config/zephyr)
2025-12-17T18:51:50.7816292Z -- Found west (found suitable version "1.5.0", minimum required is "0.14.0")
2025-12-17T18:51:51.2583799Z -- Adding /tmp/zmk-config/mario-peripheral-animation/boards/shields/nice_view_custom
2025-12-17T18:51:51.2705060Z -- ZMK Config directory: /tmp/zmk-config/config
2025-12-17T18:51:51.2708484Z -- ZMK Config Kconfig: /tmp/zmk-config/config/eyelash_sofle.conf
2025-12-17T18:51:51.2709349Z -- Using keymap file: /tmp/zmk-config/config/eyelash_sofle_right.keymap
2025-12-17T18:51:51.2710190Z -- Using keymap file: /tmp/zmk-config/config/eyelash_sofle_right.keymap
2025-12-17T18:51:51.2777711Z -- Board: eyelash_sofle_right
2025-12-17T18:51:51.2814335Z -- Shield(s): nice_view_custom
2025-12-17T18:51:51.4233631Z -- ZEPHYR_TOOLCHAIN_VARIANT not set, trying to locate Zephyr SDK
2025-12-17T18:51:51.4258307Z -- Found host-tools: zephyr 0.16.9 (/opt/zephyr-sdk-0.16.9)
2025-12-17T18:51:51.4266172Z -- Found toolchain: zephyr 0.16.9 (/opt/zephyr-sdk-0.16.9)
2025-12-17T18:51:51.4302990Z -- Found Dtc: /opt/zephyr-sdk-0.16.9/sysroots/x86_64-pokysdk-linux/usr/bin/dtc (found suitable version "1.6.0", minimum required is "1.4.6")
2025-12-17T18:51:51.4307288Z -- Found BOARD.dts: /tmp/zmk-config/eyelash_sofle/boards/arm/eyelash_sofle/eyelash_sofle_right.dts
2025-12-17T18:51:51.4308507Z -- Found devicetree overlay: /tmp/zmk-config/mario-peripheral-animation/boards/shields/nice_view_custom/nice_view_custom.overlay
2025-12-17T18:51:51.4309376Z -- Found devicetree overlay: /tmp/zmk-config/config/eyelash_sofle_right.keymap
2025-12-17T18:51:51.6057446Z devicetree error: /keymap/layer_2: undefined node label 'scroll_encoder'
2025-12-17T18:51:51.6151977Z CMake Error at /tmp/zmk-config/zephyr/cmake/modules/dts.cmake:279 (message):
2025-12-17T18:51:51.6155467Z -- In: /tmp/tmp.8dAvseFSWP/zephyr, command: /usr/bin/python3;/tmp/zmk-config/zephyr/scripts/dts/gen_defines.py;--dts;/tmp/tmp.8dAvseFSWP/zephyr/zephyr.dts.pre;--dtc-flags;'';--bindings-dirs;/tmp/zmk-config/zmk/app/module/dts/bindings;/tmp/zmk-config/zmk/app/dts/bindings;/tmp/zmk-config/zephyr/dts/bindings;--header-out;/tmp/tmp.8dAvseFSWP/zephyr/include/generated/devicetree_generated.h.new;--dts-out;/tmp/tmp.8dAvseFSWP/zephyr/zephyr.dts.new;--edt-pickle-out;/tmp/tmp.8dAvseFSWP/zephyr/edt.pickle;--vendor-prefixes;/tmp/zmk-config/zmk/app/dts/bindings/vendor-prefixes.txt;--vendor-prefixes;/tmp/zmk-config/zephyr/dts/bindings/vendor-prefixes.txt
2025-12-17T18:51:51.6159519Z   gen_defines.py failed with return code: 1
2025-12-17T18:51:51.6159983Z Call Stack (most recent call first):
2025-12-17T18:51:51.6160574Z   /tmp/zmk-config/zephyr/cmake/modules/zephyr_default.cmake:129 (include)
2025-12-17T18:51:51.6161356Z   /tmp/zmk-config/zephyr/share/zephyr-package/cmake/ZephyrConfig.cmake:66 (include)
2025-12-17T18:51:51.6161946Z   /tmp/zmk-config/zephyr/share/zephyr-package/cmake/ZephyrConfig.cmake:92 (include_boilerplate)
2025-12-17T18:51:51.6162603Z   CMakeLists.txt:9 (find_package)
2025-12-17T18:51:51.6162764Z 
2025-12-17T18:51:51.6162768Z 
2025-12-17T18:51:51.6162882Z -- Configuring incomplete, errors occurred!
2025-12-17T18:51:51.6189258Z FATAL ERROR: command exited with status 1: /usr/local/bin/cmake -DWEST_PYTHON=/usr/bin/python3 -B/tmp/tmp.8dAvseFSWP -GNinja -DBOARD=eyelash_sofle_right -DZMK_CONFIG=/tmp/zmk-config/config -DSHIELD=nice_view_custom -DZMK_EXTRA_MODULES=/__w/zmk-sofle/zmk-sofle -S/tmp/zmk-config/zmk/app
2025-12-17T18:51:51.6423768Z ##[error]Process completed with exit code 1.
2025-12-17T18:51:51.6473860Z ##[group]Run if [ -f "/tmp/tmp.8dAvseFSWP/zephyr/.config" ]
2025-12-17T18:51:51.6474262Z [36;1mif [ -f "/tmp/tmp.8dAvseFSWP/zephyr/.config" ][0m
2025-12-17T18:51:51.6474538Z [36;1mthen[0m
2025-12-17T18:51:51.6474794Z [36;1m  grep -v -e "^#" -e "^$" "/tmp/tmp.8dAvseFSWP/zephyr/.config" | sort[0m
2025-12-17T18:51:51.6475096Z [36;1melse[0m
2025-12-17T18:51:51.6475280Z [36;1m  echo "No Kconfig output"[0m
2025-12-17T18:51:51.6475499Z [36;1mfi[0m
2025-12-17T18:51:51.6475751Z shell: sh -e {0}
2025-12-17T18:51:51.6475922Z env:
2025-12-17T18:51:51.6476092Z   build_dir: /tmp/tmp.8dAvseFSWP
2025-12-17T18:51:51.6476321Z   base_dir: /tmp/zmk-config
2025-12-17T18:51:51.6476546Z   zephyr_version: 4.1.0
2025-12-17T18:51:51.6476729Z   extra_west_args: 
2025-12-17T18:51:51.6477076Z   extra_cmake_args: -DSHIELD="nice_view_custom" -DZMK_EXTRA_MODULES='/__w/zmk-sofle/zmk-sofle'
2025-12-17T18:51:51.6477515Z   display_name: nice_view_custom - eyelash_sofle_right
2025-12-17T18:51:51.6477878Z   artifact_name: nice_view_custom-eyelash_sofle_right-zmk
2025-12-17T18:51:51.6478162Z ##[endgroup]
2025-12-17T18:51:51.7015065Z No Kconfig output
2025-12-17T18:51:51.7065979Z ##[group]Run if [ -f "/tmp/tmp.8dAvseFSWP/zephyr/zephyr.dts" ]
2025-12-17T18:51:51.7066401Z [36;1mif [ -f "/tmp/tmp.8dAvseFSWP/zephyr/zephyr.dts" ][0m
2025-12-17T18:51:51.7066689Z [36;1mthen[0m
2025-12-17T18:51:51.7066916Z [36;1m  cat "/tmp/tmp.8dAvseFSWP/zephyr/zephyr.dts"[0m
2025-12-17T18:51:51.7067258Z [36;1melif [ -f "/tmp/tmp.8dAvseFSWP/zephyr/zephyr.dts.pre" ][0m
2025-12-17T18:51:51.7067556Z [36;1mthen[0m
2025-12-17T18:51:51.7067790Z [36;1m  cat -s "/tmp/tmp.8dAvseFSWP/zephyr/zephyr.dts.pre"[0m
2025-12-17T18:51:51.7068085Z [36;1melse[0m
2025-12-17T18:51:51.7068264Z [36;1m  echo "No Devicetree output"[0m
2025-12-17T18:51:51.7068494Z [36;1mfi[0m
2025-12-17T18:51:51.7068744Z shell: sh -e {0}
2025-12-17T18:51:51.7068910Z env:
2025-12-17T18:51:51.7069083Z   build_dir: /tmp/tmp.8dAvseFSWP
2025-12-17T18:51:51.7069310Z   base_dir: /tmp/zmk-config
2025-12-17T18:51:51.7069525Z   zephyr_version: 4.1.0
2025-12-17T18:51:51.7069722Z   extra_west_args: 
2025-12-17T18:51:51.7070113Z   extra_cmake_args: -DSHIELD="nice_view_custom" -DZMK_EXTRA_MODULES='/__w/zmk-sofle/zmk-sofle'
2025-12-17T18:51:51.7070563Z   display_name: nice_view_custom - eyelash_sofle_right
2025-12-17T18:51:51.7070912Z   artifact_name: nice_view_custom-eyelash_sofle_right-zmk
2025-12-17T18:51:51.7071197Z ##[endgroup]
2025-12-17T18:51:51.7574769Z # 0 "/tmp/zmk-config/zephyr/misc/empty_file.c"
2025-12-17T18:51:51.7575482Z # 0 "<built-in>"
2025-12-17T18:51:51.7575813Z # 0 "<command-line>"
2025-12-17T18:51:51.7576417Z # 1 "/tmp/zmk-config/eyelash_sofle/boards/arm/eyelash_sofle/eyelash_sofle_right.dts" 1
2025-12-17T18:51:51.7577203Z 
2025-12-17T18:51:51.7577580Z # 1 "/tmp/zmk-config/eyelash_sofle/boards/arm/eyelash_sofle/eyelash_sofle.dtsi" 1
2025-12-17T18:51:51.7584257Z 
2025-12-17T18:51:51.7584388Z /dts-v1/;
2025-12-17T18:51:51.7591889Z # 1 "/tmp/zmk-config/zephyr/dts/arm/nordic/nrf52840_qiaa.dtsi" 1 3 4
2025-12-17T18:51:51.7592560Z 
2025-12-17T18:51:51.7592788Z # 1 "/tmp/zmk-config/zephyr/dts/common/mem.h" 1 3 4
2025-12-17T18:51:51.7593404Z # 8 "/tmp/zmk-config/zephyr/dts/arm/nordic/nrf52840_qiaa.dtsi" 2 3 4
2025-12-17T18:51:51.7594051Z # 1 "/tmp/zmk-config/zephyr/dts/arm/nordic/nrf52840.dtsi" 1 3 4
2025-12-17T18:51:51.7594439Z 
2025-12-17T18:51:51.7594647Z # 1 "/tmp/zmk-config/zephyr/dts/arm/armv7-m.dtsi" 1 3 4
2025-12-17T18:51:51.7594979Z 
2025-12-17T18:51:51.7595195Z # 1 "/tmp/zmk-config/zephyr/dts/common/skeleton.dtsi" 1 3 4
2025-12-17T18:51:51.7595738Z # 9 "/tmp/zmk-config/zephyr/dts/common/skeleton.dtsi" 3 4
2025-12-17T18:51:51.7596439Z / {
2025-12-17T18:51:51.7596686Z  #address-cells = <1>;
2025-12-17T18:51:51.7596983Z  #size-cells = <1>;
2025-12-17T18:51:51.7597263Z  chosen { };
2025-12-17T18:51:51.7597536Z  aliases { };
2025-12-17T18:51:51.7597797Z };
2025-12-17T18:51:51.7598125Z # 4 "/tmp/zmk-config/zephyr/dts/arm/armv7-m.dtsi" 2 3 4
2025-12-17T18:51:51.7598450Z 
2025-12-17T18:51:51.7598551Z / {
2025-12-17T18:51:51.7598773Z  soc {
2025-12-17T18:51:51.7599025Z   #address-cells = <1>;
2025-12-17T18:51:51.7599334Z   #size-cells = <1>;
2025-12-17T18:51:51.7599652Z   compatible = "simple-bus";
2025-12-17T18:51:51.7600023Z   interrupt-parent = <&nvic>;
2025-12-17T18:51:51.7600368Z   ranges;
2025-12-17T18:51:51.7600516Z 
2025-12-17T18:51:51.7600668Z   nvic: interrupt-controller@e000e100 {
2025-12-17T18:51:51.7601091Z    #address-cells = <1>;
2025-12-17T18:51:51.7601457Z    compatible = "arm,v7m-nvic";
2025-12-17T18:51:51.7601819Z    reg = <0xe000e100 0xc00>;
2025-12-17T18:51:51.7602319Z    interrupt-controller;
2025-12-17T18:51:51.7602679Z    #interrupt-cells = <2>;
2025-12-17T18:51:51.7603001Z   };
2025-12-17T18:51:51.7603149Z 
2025-12-17T18:51:51.7603273Z   systick: timer@e000e010 {
2025-12-17T18:51:51.7603644Z    compatible = "arm,armv7m-systick";
2025-12-17T18:51:51.7604029Z    reg = <0xe000e010 0x10>;
2025-12-17T18:51:51.7604319Z   };
2025-12-17T18:51:51.7604571Z  };
2025-12-17T18:51:51.7604856Z };
2025-12-17T18:51:51.7605250Z # 4 "/tmp/zmk-config/zephyr/dts/arm/nordic/nrf52840.dtsi" 2 3 4
2025-12-17T18:51:51.7606171Z # 1 "/tmp/zmk-config/zephyr/dts/arm/nordic/nrf_common.dtsi" 1 3 4
2025-12-17T18:51:51.7606549Z 
2025-12-17T18:51:51.7606834Z # 1 "/tmp/zmk-config/zephyr/include/zephyr/dt-bindings/adc/adc.h" 1 3 4
2025-12-17T18:51:51.7607525Z # 8 "/tmp/zmk-config/zephyr/dts/arm/nordic/nrf_common.dtsi" 2 3 4
2025-12-17T18:51:51.7608071Z # 1 "/tmp/zmk-config/zephyr/include/zephyr/dt-bindings/adc/nrf-adc.h" 1 3 4
2025-12-17T18:51:51.7608548Z # 10 "/tmp/zmk-config/zephyr/include/zephyr/dt-bindings/adc/nrf-adc.h" 3 4
2025-12-17T18:51:51.7609018Z # 1 "/tmp/zmk-config/zephyr/include/zephyr/dt-bindings/dt-util.h" 1 3 4
2025-12-17T18:51:51.7609439Z # 19 "/tmp/zmk-config/zephyr/include/zephyr/dt-bindings/dt-util.h" 3 4
2025-12-17T18:51:51.7609832Z # 1 "/tmp/zmk-config/zephyr/include/zephyr/sys/util_macro.h" 1 3 4
2025-12-17T18:51:51.7610220Z # 34 "/tmp/zmk-config/zephyr/include/zephyr/sys/util_macro.h" 3 4
2025-12-17T18:51:51.7610609Z # 1 "/tmp/zmk-config/zephyr/include/zephyr/sys/util_internal.h" 1 3 4
2025-12-17T18:51:51.7611017Z # 18 "/tmp/zmk-config/zephyr/include/zephyr/sys/util_internal.h" 3 4
2025-12-17T18:51:51.7611398Z # 1 "/tmp/zmk-config/zephyr/include/zephyr/sys/util_loops.h" 1 3 4
2025-12-17T18:51:51.7611781Z # 1083 "/tmp/zmk-config/zephyr/include/zephyr/sys/util_loops.h" 3 4
2025-12-17T18:51:51.7612924Z # 1 "/tmp/zmk-config/zephyr/include/zephyr/sys/util_listify.h" 1 3 4
2025-12-17T18:51:51.7613415Z # 1084 "/tmp/zmk-config/zephyr/include/zephyr/sys/util_loops.h" 2 3 4
2025-12-17T18:51:51.7613823Z # 19 "/tmp/zmk-config/zephyr/include/zephyr/sys/util_internal.h" 2 3 4
2025-12-17T18:51:51.7614225Z # 153 "/tmp/zmk-config/zephyr/include/zephyr/sys/util_internal.h" 3 4
2025-12-17T18:51:51.7614646Z # 1 "/tmp/zmk-config/zephyr/include/zephyr/sys/util_internal_is_eq.h" 1 3 4
2025-12-17T18:51:51.7615099Z # 154 "/tmp/zmk-config/zephyr/include/zephyr/sys/util_internal.h" 2 3 4
2025-12-17T18:51:51.7615498Z # 184 "/tmp/zmk-config/zephyr/include/zephyr/sys/util_internal.h" 3 4
2025-12-17T18:51:51.7615924Z # 1 "/tmp/zmk-config/zephyr/include/zephyr/sys/util_internal_util_inc.h" 1 3 4
2025-12-17T18:51:51.7616355Z # 185 "/tmp/zmk-config/zephyr/include/zephyr/sys/util_internal.h" 2 3 4
2025-12-17T18:51:51.7616604Z 
2025-12-17T18:51:51.7617039Z # 1 "/tmp/zmk-config/zephyr/include/zephyr/sys/util_internal_util_dec.h" 1 3 4
2025-12-17T18:51:51.7617472Z # 188 "/tmp/zmk-config/zephyr/include/zephyr/sys/util_internal.h" 2 3 4
2025-12-17T18:51:51.7617710Z 
2025-12-17T18:51:51.7617898Z # 1 "/tmp/zmk-config/zephyr/include/zephyr/sys/util_internal_util_x2.h" 1 3 4
2025-12-17T18:51:51.7618509Z # 191 "/tmp/zmk-config/zephyr/include/zephyr/sys/util_internal.h" 2 3 4
2025-12-17T18:51:51.7618905Z # 35 "/tmp/zmk-config/zephyr/include/zephyr/sys/util_macro.h" 2 3 4
2025-12-17T18:51:51.7619303Z # 20 "/tmp/zmk-config/zephyr/include/zephyr/dt-bindings/dt-util.h" 2 3 4
2025-12-17T18:51:51.7619737Z # 11 "/tmp/zmk-config/zephyr/include/zephyr/dt-bindings/adc/nrf-adc.h" 2 3 4
2025-12-17T18:51:51.7620144Z # 9 "/tmp/zmk-config/zephyr/dts/arm/nordic/nrf_common.dtsi" 2 3 4
2025-12-17T18:51:51.7620546Z # 1 "/tmp/zmk-config/zephyr/include/zephyr/dt-bindings/gpio/gpio.h" 1 3 4
2025-12-17T18:51:51.7620950Z # 10 "/tmp/zmk-config/zephyr/dts/arm/nordic/nrf_common.dtsi" 2 3 4
2025-12-17T18:51:51.7621334Z # 1 "/tmp/zmk-config/zephyr/include/zephyr/dt-bindings/i2c/i2c.h" 1 3 4
2025-12-17T18:51:51.7621714Z # 11 "/tmp/zmk-config/zephyr/dts/arm/nordic/nrf_common.dtsi" 2 3 4
2025-12-17T18:51:51.7622645Z # 1 "/tmp/zmk-config/zephyr/include/zephyr/dt-bindings/pinctrl/nrf-pinctrl.h" 1 3 4
2025-12-17T18:51:51.7623108Z # 12 "/tmp/zmk-config/zephyr/dts/arm/nordic/nrf_common.dtsi" 2 3 4
2025-12-17T18:51:51.7623500Z # 1 "/tmp/zmk-config/zephyr/include/zephyr/dt-bindings/pwm/pwm.h" 1 3 4
2025-12-17T18:51:51.7623886Z # 13 "/tmp/zmk-config/zephyr/dts/arm/nordic/nrf_common.dtsi" 2 3 4
2025-12-17T18:51:51.7624106Z 
2025-12-17T18:51:51.7624223Z # 1 "/tmp/zmk-config/zephyr/dts/common/freq.h" 1 3 4
2025-12-17T18:51:51.7624549Z # 15 "/tmp/zmk-config/zephyr/dts/arm/nordic/nrf_common.dtsi" 2 3 4
2025-12-17T18:51:51.7625056Z # 1 "/tmp/zmk-config/zephyr/dts/arm/nordic/override.dtsi" 1 3 4
2025-12-17T18:51:51.7625429Z # 16 "/tmp/zmk-config/zephyr/dts/arm/nordic/nrf_common.dtsi" 2 3 4
2025-12-17T18:51:51.7625781Z # 24 "/tmp/zmk-config/zephyr/dts/arm/nordic/nrf_common.dtsi" 3 4
2025-12-17T18:51:51.7626054Z / {
2025-12-17T18:51:51.7626228Z  pinctrl: pin-controller {
2025-12-17T18:51:51.7626368Z 
2025-12-17T18:51:51.7626466Z   compatible = "nordic,nrf-pinctrl";
2025-12-17T18:51:51.7626689Z  };
2025-12-17T18:51:51.7626783Z 
2025-12-17T18:51:51.7626862Z  rng_hci: entropy_bt_hci {
2025-12-17T18:51:51.7627089Z   compatible = "zephyr,bt-hci-entropy";
2025-12-17T18:51:51.7627332Z   status = "okay";
2025-12-17T18:51:51.7627503Z  };
2025-12-17T18:51:51.7627584Z 
2025-12-17T18:51:51.7627661Z  sw_pwm: sw-pwm {
2025-12-17T18:51:51.7627863Z   compatible = "nordic,nrf-sw-pwm";
2025-12-17T18:51:51.7628100Z   status = "disabled";
2025-12-17T18:51:51.7628293Z   generator = <&timer1>;
2025-12-17T18:51:51.7628505Z   clock-prescaler = <0>;
2025-12-17T18:51:51.7628698Z   #pwm-cells = <3>;
2025-12-17T18:51:51.7628872Z  };
2025-12-17T18:51:51.7629014Z };
2025-12-17T18:51:51.7629097Z 
2025-12-17T18:51:51.7629163Z &systick {
2025-12-17T18:51:51.7629261Z 
2025-12-17T18:51:51.7629333Z  status = "disabled";
2025-12-17T18:51:51.7629512Z };
2025-12-17T18:51:51.7629739Z # 5 "/tmp/zmk-config/zephyr/dts/arm/nordic/nrf52840.dtsi" 2 3 4
2025-12-17T18:51:51.7629974Z 
2025-12-17T18:51:51.7630035Z / {
2025-12-17T18:51:51.7630190Z  chosen {
2025-12-17T18:51:51.7630364Z   zephyr,entropy = &rng;
2025-12-17T18:51:51.7630609Z   zephyr,flash-controller = &flash_controller;
2025-12-17T18:51:51.7630882Z  };
2025-12-17T18:51:51.7630967Z 
2025-12-17T18:51:51.7631039Z  cpus {
2025-12-17T18:51:51.7631201Z   #address-cells = <1>;
2025-12-17T18:51:51.7631395Z   #size-cells = <0>;
2025-12-17T18:51:51.7631508Z 
2025-12-17T18:51:51.7631580Z   cpu@0 {
2025-12-17T18:51:51.7631740Z    device_type = "cpu";
2025-12-17T18:51:51.7631942Z    compatible = "arm,cortex-m4f";
2025-12-17T18:51:51.7632380Z    reg = <0>;
2025-12-17T18:51:51.7632557Z    #address-cells = <1>;
2025-12-17T18:51:51.7632765Z    #size-cells = <1>;
2025-12-17T18:51:51.7632880Z 
2025-12-17T18:51:51.7632958Z    itm: itm@e0000000 {
2025-12-17T18:51:51.7633152Z     compatible = "arm,armv7m-itm";
2025-12-17T18:51:51.7633388Z     reg = <0xe0000000 0x1000>;
2025-12-17T18:51:51.7633605Z     swo-ref-frequency = <32000000>;
2025-12-17T18:51:51.7633815Z    };
2025-12-17T18:51:51.7633963Z   };
2025-12-17T18:51:51.7634108Z  };
2025-12-17T18:51:51.7634330Z 
2025-12-17T18:51:51.7634391Z  soc {
2025-12-17T18:51:51.7634553Z   ficr: ficr@10000000 {
2025-12-17T18:51:51.7634755Z    compatible = "nordic,nrf-ficr";
2025-12-17T18:51:51.7634980Z    reg = <0x10000000 0x1000>;
2025-12-17T18:51:51.7635175Z    status = "okay";
2025-12-17T18:51:51.7635342Z   };
2025-12-17T18:51:51.7635426Z 
2025-12-17T18:51:51.7635501Z   uicr: uicr@10001000 {
2025-12-17T18:51:51.7635693Z    compatible = "nordic,nrf-uicr";
2025-12-17T18:51:51.7635916Z    reg = <0x10001000 0x1000>;
2025-12-17T18:51:51.7636115Z    status = "okay";
2025-12-17T18:51:51.7636275Z   };
2025-12-17T18:51:51.7636360Z 
2025-12-17T18:51:51.7636433Z   sram0: memory@20000000 {
2025-12-17T18:51:51.7636644Z    compatible = "mmio-sram";
2025-12-17T18:51:51.7636836Z   };
2025-12-17T18:51:51.7636924Z 
2025-12-17T18:51:51.7636996Z   clock: clock@40000000 {
2025-12-17T18:51:51.7637207Z    compatible = "nordic,nrf-clock";
2025-12-17T18:51:51.7637431Z    reg = <0x40000000 0x1000>;
2025-12-17T18:51:51.7637635Z    interrupts = <0 1>;
2025-12-17T18:51:51.7637817Z    status = "okay";
2025-12-17T18:51:51.7637982Z   };
2025-12-17T18:51:51.7638061Z 
2025-12-17T18:51:51.7638136Z   power: power@40000000 {
2025-12-17T18:51:51.7638346Z    compatible = "nordic,nrf-power";
2025-12-17T18:51:51.7638570Z    reg = <0x40000000 0x1000>;
2025-12-17T18:51:51.7638766Z    interrupts = <0 1>;
2025-12-17T18:51:51.7638948Z    status = "okay";
2025-12-17T18:51:51.7639127Z    #address-cells = <1>;
2025-12-17T18:51:51.7639432Z    #size-cells = <1>;
2025-12-17T18:51:51.7639556Z 
2025-12-17T18:51:51.7639637Z    gpregret1: gpregret1@4000051c {
2025-12-17T18:51:51.7639859Z     #address-cells = <1>;
2025-12-17T18:51:51.7640049Z     #size-cells = <1>;
2025-12-17T18:51:51.7640255Z     compatible = "nordic,nrf-gpregret";
2025-12-17T18:51:51.7640502Z     reg = <0x4000051c 0x1>;
2025-12-17T18:51:51.7640692Z     status = "okay";
2025-12-17T18:51:51.7640867Z    };
2025-12-17T18:51:51.7640960Z 
2025-12-17T18:51:51.7641039Z    gpregret2: gpregret2@40000520 {
2025-12-17T18:51:51.7641267Z     #address-cells = <1>;
2025-12-17T18:51:51.7641458Z     #size-cells = <1>;
2025-12-17T18:51:51.7641660Z     compatible = "nordic,nrf-gpregret";
2025-12-17T18:51:51.7641892Z     reg = <0x40000520 0x1>;
2025-12-17T18:51:51.7642079Z     status = "okay";
2025-12-17T18:51:51.7642525Z    };
2025-12-17T18:51:51.7642712Z   };
2025-12-17T18:51:51.7642797Z 
2025-12-17T18:51:51.7642869Z   radio: radio@40001000 {
2025-12-17T18:51:51.7643084Z    compatible = "nordic,nrf-radio";
2025-12-17T18:51:51.7643310Z    reg = <0x40001000 0x1000>;
2025-12-17T18:51:51.7643502Z    interrupts = <1 1>;
2025-12-17T18:51:51.7643683Z    status = "okay";
2025-12-17T18:51:51.7643878Z    ieee802154-supported;
2025-12-17T18:51:51.7644080Z    ble-2mbps-supported;
2025-12-17T18:51:51.7644283Z    ble-coded-phy-supported;
2025-12-17T18:51:51.7644494Z    tx-high-power-supported;
2025-12-17T18:51:51.7644633Z 
2025-12-17T18:51:51.7644705Z    ieee802154: ieee802154 {
2025-12-17T18:51:51.7644921Z     compatible = "nordic,nrf-ieee802154";
2025-12-17T18:51:51.7645163Z     status = "disabled";
2025-12-17T18:51:51.7645349Z    };
2025-12-17T18:51:51.7645498Z   };
2025-12-17T18:51:51.7645579Z 
2025-12-17T18:51:51.7645647Z   uart0: uart@40002000 {
2025-12-17T18:51:51.7645771Z 
2025-12-17T18:51:51.7645856Z    compatible = "nordic,nrf-uarte";
2025-12-17T18:51:51.7646081Z    reg = <0x40002000 0x1000>;
2025-12-17T18:51:51.7646281Z    interrupts = <2 1>;
2025-12-17T18:51:51.7646500Z    status = "disabled";
2025-12-17T18:51:51.7646682Z   };
2025-12-17T18:51:51.7646764Z 
2025-12-17T18:51:51.7646835Z   i2c0: i2c@40003000 {
2025-12-17T18:51:51.7646944Z 
2025-12-17T18:51:51.7647026Z    compatible = "nordic,nrf-twim";
2025-12-17T18:51:51.7647255Z    #address-cells = <1>;
2025-12-17T18:51:51.7647450Z    #size-cells = <0>;
2025-12-17T18:51:51.7647628Z    reg = <0x40003000 0x1000>;
2025-12-17T18:51:51.7647835Z    clock-frequency = <100000>;
2025-12-17T18:51:51.7648045Z    interrupts = <3 1>;
2025-12-17T18:51:51.7648331Z    easydma-maxcnt-bits = <16>;
2025-12-17T18:51:51.7648874Z    status = "disabled";
2025-12-17T18:51:51.7649065Z   };
2025-12-17T18:51:51.7649150Z 
2025-12-17T18:51:51.7649229Z   spi0: spi@40003000 {
2025-12-17T18:51:51.7649349Z 
2025-12-17T18:51:51.7649437Z    compatible = "nordic,nrf-spim";
2025-12-17T18:51:51.7649675Z    #address-cells = <1>;
2025-12-17T18:51:51.7649873Z    #size-cells = <0>;
2025-12-17T18:51:51.7650053Z    reg = <0x40003000 0x1000>;
2025-12-17T18:51:51.7650260Z    interrupts = <3 1>;
2025-12-17T18:51:51.7650469Z    max-frequency = <((8) * 1000 * 1000)>;
2025-12-17T18:51:51.7650714Z    easydma-maxcnt-bits = <16>;
2025-12-17T18:51:51.7650933Z    status = "disabled";
2025-12-17T18:51:51.7651114Z   };
2025-12-17T18:51:51.7651199Z 
2025-12-17T18:51:51.7651268Z   i2c1: i2c@40004000 {
2025-12-17T18:51:51.7651386Z 
2025-12-17T18:51:51.7651470Z    compatible = "nordic,nrf-twim";
2025-12-17T18:51:51.7651699Z    #address-cells = <1>;
2025-12-17T18:51:51.7651894Z    #size-cells = <0>;
2025-12-17T18:51:51.7652076Z    reg = <0x40004000 0x1000>;
2025-12-17T18:51:51.7652545Z    clock-frequency = <100000>;
2025-12-17T18:51:51.7652758Z    interrupts = <4 1>;
2025-12-17T18:51:51.7652949Z    easydma-maxcnt-bits = <16>;
2025-12-17T18:51:51.7653159Z    status = "disabled";
2025-12-17T18:51:51.7653334Z   };
2025-12-17T18:51:51.7653416Z 
2025-12-17T18:51:51.7653486Z   spi1: spi@40004000 {
2025-12-17T18:51:51.7653602Z 
2025-12-17T18:51:51.7653684Z    compatible = "nordic,nrf-spim";
2025-12-17T18:51:51.7654039Z    #address-cells = <1>;
2025-12-17T18:51:51.7654242Z    #size-cells = <0>;
2025-12-17T18:51:51.7654426Z    reg = <0x40004000 0x1000>;
2025-12-17T18:51:51.7654627Z    interrupts = <4 1>;
2025-12-17T18:51:51.7654819Z    max-frequency = <((8) * 1000 * 1000)>;
2025-12-17T18:51:51.7655066Z    easydma-maxcnt-bits = <16>;
2025-12-17T18:51:51.7655279Z    status = "disabled";
2025-12-17T18:51:51.7655456Z   };
2025-12-17T18:51:51.7655537Z 
2025-12-17T18:51:51.7655606Z   nfct: nfct@40005000 {
2025-12-17T18:51:51.7655805Z    compatible = "nordic,nrf-nfct";
2025-12-17T18:51:51.7656035Z    reg = <0x40005000 0x1000>;
2025-12-17T18:51:51.7656230Z    interrupts = <5 1>;
2025-12-17T18:51:51.7656416Z    status = "okay";
2025-12-17T18:51:51.7656584Z   };
2025-12-17T18:51:51.7656666Z 
2025-12-17T18:51:51.7656742Z   gpiote: gpiote@40006000 {
2025-12-17T18:51:51.7656962Z    compatible = "nordic,nrf-gpiote";
2025-12-17T18:51:51.7657194Z    reg = <0x40006000 0x1000>;
2025-12-17T18:51:51.7657386Z    interrupts = <6 5>;
2025-12-17T18:51:51.7657579Z    status = "disabled";
2025-12-17T18:51:51.7657759Z   };
2025-12-17T18:51:51.7657838Z 
2025-12-17T18:51:51.7657906Z   adc: adc@40007000 {
2025-12-17T18:51:51.7658105Z    compatible = "nordic,nrf-saadc";
2025-12-17T18:51:51.7658333Z    reg = <0x40007000 0x1000>;
2025-12-17T18:51:51.7658535Z    interrupts = <7 1>;
2025-12-17T18:51:51.7658716Z    status = "disabled";
2025-12-17T18:51:51.7658910Z    #io-channel-cells = <1>;
2025-12-17T18:51:51.7659108Z   };
2025-12-17T18:51:51.7659189Z 
2025-12-17T18:51:51.7659262Z   timer0: timer@40008000 {
2025-12-17T18:51:51.7659483Z    compatible = "nordic,nrf-timer";
2025-12-17T18:51:51.7659708Z    status = "disabled";
2025-12-17T18:51:51.7659887Z    reg = <0x40008000 0x1000>;
2025-12-17T18:51:51.7660081Z    cc-num = <4>;
2025-12-17T18:51:51.7660265Z    max-bit-width = <32>;
2025-12-17T18:51:51.7660455Z    interrupts = <8 1>;
2025-12-17T18:51:51.7660645Z    prescaler = <0>;
2025-12-17T18:51:51.7660819Z   };
2025-12-17T18:51:51.7660899Z 
2025-12-17T18:51:51.7660976Z   timer1: timer@40009000 {
2025-12-17T18:51:51.7661194Z    compatible = "nordic,nrf-timer";
2025-12-17T18:51:51.7661415Z    status = "disabled";
2025-12-17T18:51:51.7661595Z    reg = <0x40009000 0x1000>;
2025-12-17T18:51:51.7661792Z    cc-num = <4>;
2025-12-17T18:51:51.7661972Z    max-bit-width = <32>;
2025-12-17T18:51:51.7662339Z    interrupts = <9 1>;
2025-12-17T18:51:51.7662525Z    prescaler = <0>;
2025-12-17T18:51:51.7662696Z   };
2025-12-17T18:51:51.7662776Z 
2025-12-17T18:51:51.7662854Z   timer2: timer@4000a000 {
2025-12-17T18:51:51.7663179Z    compatible = "nordic,nrf-timer";
2025-12-17T18:51:51.7663404Z    status = "disabled";
2025-12-17T18:51:51.7663590Z    reg = <0x4000a000 0x1000>;
2025-12-17T18:51:51.7663778Z    cc-num = <4>;
2025-12-17T18:51:51.7663954Z    max-bit-width = <32>;
2025-12-17T18:51:51.7664145Z    interrupts = <10 1>;
2025-12-17T18:51:51.7664324Z    prescaler = <0>;
2025-12-17T18:51:51.7664492Z   };
2025-12-17T18:51:51.7664573Z 
2025-12-17T18:51:51.7664646Z   rtc0: rtc@4000b000 {
2025-12-17T18:51:51.7664844Z    compatible = "nordic,nrf-rtc";
2025-12-17T18:51:51.7665070Z    reg = <0x4000b000 0x1000>;
2025-12-17T18:51:51.7665264Z    cc-num = <3>;
2025-12-17T18:51:51.7665432Z    interrupts = <11 1>;
2025-12-17T18:51:51.7665621Z    status = "disabled";
2025-12-17T18:51:51.7665811Z    clock-frequency = <32768>;
2025-12-17T18:51:51.7666018Z    prescaler = <1>;
2025-12-17T18:51:51.7666183Z   };
2025-12-17T18:51:51.7666272Z 
2025-12-17T18:51:51.7666344Z   temp: temp@4000c000 {
2025-12-17T18:51:51.7666544Z    compatible = "nordic,nrf-temp";
2025-12-17T18:51:51.7666768Z    reg = <0x4000c000 0x1000>;
2025-12-17T18:51:51.7666970Z    interrupts = <12 1>;
2025-12-17T18:51:51.7667151Z    status = "okay";
2025-12-17T18:51:51.7667312Z   };
2025-12-17T18:51:51.7667396Z 
2025-12-17T18:51:51.7667467Z   rng: random@4000d000 {
2025-12-17T18:51:51.7667671Z    compatible = "nordic,nrf-rng";
2025-12-17T18:51:51.7667885Z    reg = <0x4000d000 0x1000>;
2025-12-17T18:51:51.7668085Z    interrupts = <13 1>;
2025-12-17T18:51:51.7668383Z    status = "okay";
2025-12-17T18:51:51.7668546Z   };
2025-12-17T18:51:51.7668633Z 
2025-12-17T18:51:51.7668702Z   ecb: ecb@4000e000 {
2025-12-17T18:51:51.7668896Z    compatible = "nordic,nrf-ecb";
2025-12-17T18:51:51.7669109Z    reg = <0x4000e000 0x1000>;
2025-12-17T18:51:51.7669312Z    interrupts = <14 1>;
2025-12-17T18:51:51.7669586Z    status = "okay";
2025-12-17T18:51:51.7669878Z   };
2025-12-17T18:51:51.7669990Z 
2025-12-17T18:51:51.7670090Z   ccm: ccm@4000f000 {
2025-12-17T18:51:51.7670453Z    compatible = "nordic,nrf-ccm";
2025-12-17T18:51:51.7670773Z    reg = <0x4000f000 0x1000>;
2025-12-17T18:51:51.7671051Z    interrupts = <15 1>;
2025-12-17T18:51:51.7671414Z    length-field-length-8-bits;
2025-12-17T18:51:51.7671721Z    status = "okay";
2025-12-17T18:51:51.7671966Z   };
2025-12-17T18:51:51.7672327Z 
2025-12-17T18:51:51.7672508Z   wdt: wdt0: watchdog@40010000 {
2025-12-17T18:51:51.7672819Z    compatible = "nordic,nrf-wdt";
2025-12-17T18:51:51.7684920Z    reg = <0x40010000 0x1000>;
2025-12-17T18:51:51.7685330Z    interrupts = <16 1>;
2025-12-17T18:51:51.7685640Z    status = "okay";
2025-12-17T18:51:51.7685890Z   };
2025-12-17T18:51:51.7685981Z 
2025-12-17T18:51:51.7686057Z   rtc1: rtc@40011000 {
2025-12-17T18:51:51.7686260Z    compatible = "nordic,nrf-rtc";
2025-12-17T18:51:51.7686510Z    reg = <0x40011000 0x1000>;
2025-12-17T18:51:51.7686717Z    cc-num = <4>;
2025-12-17T18:51:51.7686893Z    interrupts = <17 1>;
2025-12-17T18:51:51.7687087Z    status = "disabled";
2025-12-17T18:51:51.7687281Z    clock-frequency = <32768>;
2025-12-17T18:51:51.7687498Z    prescaler = <1>;
2025-12-17T18:51:51.7687666Z   };
2025-12-17T18:51:51.7687756Z 
2025-12-17T18:51:51.7687830Z   qdec: qdec0: qdec@40012000 {
2025-12-17T18:51:51.7688054Z    compatible = "nordic,nrf-qdec";
2025-12-17T18:51:51.7688277Z    reg = <0x40012000 0x1000>;
2025-12-17T18:51:51.7688478Z    interrupts = <18 1>;
2025-12-17T18:51:51.7688662Z    status = "disabled";
2025-12-17T18:51:51.7688827Z   };
2025-12-17T18:51:51.7688913Z 
2025-12-17T18:51:51.7688992Z   comp: comparator@40013000 {
2025-12-17T18:51:51.7689123Z 
2025-12-17T18:51:51.7689212Z    compatible = "nordic,nrf-comp";
2025-12-17T18:51:51.7689425Z    reg = <0x40013000 0x1000>;
2025-12-17T18:51:51.7689622Z    interrupts = <19 1>;
2025-12-17T18:51:51.7689813Z    status = "disabled";
2025-12-17T18:51:51.7690008Z    #io-channel-cells = <1>;
2025-12-17T18:51:51.7690201Z   };
2025-12-17T18:51:51.7690289Z 
2025-12-17T18:51:51.7690363Z   egu0: swi0: egu@40014000 {
2025-12-17T18:51:51.7690620Z    compatible = "nordic,nrf-egu", "nordic,nrf-swi";
2025-12-17T18:51:51.7691075Z    reg = <0x40014000 0x1000>;
2025-12-17T18:51:51.7691277Z    interrupts = <20 1>;
2025-12-17T18:51:51.7691462Z    status = "okay";
2025-12-17T18:51:51.7691617Z   };
2025-12-17T18:51:51.7691702Z 
2025-12-17T18:51:51.7691778Z   egu1: swi1: egu@40015000 {
2025-12-17T18:51:51.7692027Z    compatible = "nordic,nrf-egu", "nordic,nrf-swi";
2025-12-17T18:51:51.7692502Z    reg = <0x40015000 0x1000>;
2025-12-17T18:51:51.7692719Z    interrupts = <21 1>;
2025-12-17T18:51:51.7692913Z    status = "okay";
2025-12-17T18:51:51.7693073Z   };
2025-12-17T18:51:51.7693162Z 
2025-12-17T18:51:51.7693236Z   egu2: swi2: egu@40016000 {
2025-12-17T18:51:51.7693475Z    compatible = "nordic,nrf-egu", "nordic,nrf-swi";
2025-12-17T18:51:51.7693731Z    reg = <0x40016000 0x1000>;
2025-12-17T18:51:51.7693925Z    interrupts = <22 1>;
2025-12-17T18:51:51.7694109Z    status = "okay";
2025-12-17T18:51:51.7694269Z   };
2025-12-17T18:51:51.7694349Z 
2025-12-17T18:51:51.7694424Z   egu3: swi3: egu@40017000 {
2025-12-17T18:51:51.7694654Z    compatible = "nordic,nrf-egu", "nordic,nrf-swi";
2025-12-17T18:51:51.7694914Z    reg = <0x40017000 0x1000>;
2025-12-17T18:51:51.7695104Z    interrupts = <23 1>;
2025-12-17T18:51:51.7695283Z    status = "okay";
2025-12-17T18:51:51.7695444Z   };
2025-12-17T18:51:51.7695522Z 
2025-12-17T18:51:51.7695592Z   egu4: swi4: egu@40018000 {
2025-12-17T18:51:51.7695820Z    compatible = "nordic,nrf-egu", "nordic,nrf-swi";
2025-12-17T18:51:51.7696191Z    reg = <0x40018000 0x1000>;
2025-12-17T18:51:51.7696394Z    interrupts = <24 1>;
2025-12-17T18:51:51.7696578Z    status = "okay";
2025-12-17T18:51:51.7696744Z   };
2025-12-17T18:51:51.7696824Z 
2025-12-17T18:51:51.7696898Z   egu5: swi5: egu@40019000 {
2025-12-17T18:51:51.7697130Z    compatible = "nordic,nrf-egu", "nordic,nrf-swi";
2025-12-17T18:51:51.7697397Z    reg = <0x40019000 0x1000>;
2025-12-17T18:51:51.7697596Z    interrupts = <25 1>;
2025-12-17T18:51:51.7697773Z    status = "okay";
2025-12-17T18:51:51.7697942Z   };
2025-12-17T18:51:51.7698021Z 
2025-12-17T18:51:51.7698104Z   timer3: timer@4001a000 {
2025-12-17T18:51:51.7698310Z    compatible = "nordic,nrf-timer";
2025-12-17T18:51:51.7698541Z    status = "disabled";
2025-12-17T18:51:51.7698726Z    reg = <0x4001a000 0x1000>;
2025-12-17T18:51:51.7698913Z    cc-num = <6>;
2025-12-17T18:51:51.7699097Z    max-bit-width = <32>;
2025-12-17T18:51:51.7699298Z    interrupts = <26 1>;
2025-12-17T18:51:51.7699481Z    prescaler = <0>;
2025-12-17T18:51:51.7699661Z   };
2025-12-17T18:51:51.7699743Z 
2025-12-17T18:51:51.7699823Z   timer4: timer@4001b000 {
2025-12-17T18:51:51.7700038Z    compatible = "nordic,nrf-timer";
2025-12-17T18:51:51.7700261Z    status = "disabled";
2025-12-17T18:51:51.7700445Z    reg = <0x4001b000 0x1000>;
2025-12-17T18:51:51.7700642Z    cc-num = <6>;
2025-12-17T18:51:51.7700817Z    max-bit-width = <32>;
2025-12-17T18:51:51.7701013Z    interrupts = <27 1>;
2025-12-17T18:51:51.7701197Z    prescaler = <0>;
2025-12-17T18:51:51.7701357Z   };
2025-12-17T18:51:51.7701447Z 
2025-12-17T18:51:51.7701519Z   pwm0: pwm@4001c000 {
2025-12-17T18:51:51.7701720Z    compatible = "nordic,nrf-pwm";
2025-12-17T18:51:51.7701947Z    reg = <0x4001c000 0x1000>;
2025-12-17T18:51:51.7702329Z    interrupts = <28 1>;
2025-12-17T18:51:51.7702528Z    status = "disabled";
2025-12-17T18:51:51.7702705Z    #pwm-cells = <3>;
2025-12-17T18:51:51.7702883Z   };
2025-12-17T18:51:51.7702964Z 
2025-12-17T18:51:51.7703047Z   pdm0: pdm@4001d000 {
2025-12-17T18:51:51.7703252Z    compatible = "nordic,nrf-pdm";
2025-12-17T18:51:51.7703474Z    reg = <0x4001d000 0x1000>;
2025-12-17T18:51:51.7703677Z    interrupts = <29 1>;
2025-12-17T18:51:51.7703861Z    status = "disabled";
2025-12-17T18:51:51.7704030Z   };
2025-12-17T18:51:51.7704115Z 
2025-12-17T18:51:51.7704182Z   acl: acl@4001e000 {
2025-12-17T18:51:51.7704371Z    compatible = "nordic,nrf-acl";
2025-12-17T18:51:51.7704577Z    reg = <0x4001e000 0x1000>;
2025-12-17T18:51:51.7704769Z    status = "okay";
2025-12-17T18:51:51.7704935Z   };
2025-12-17T18:51:51.7705141Z 
2025-12-17T18:51:51.7705250Z   flash_controller: flash-controller@4001e000 {
2025-12-17T18:51:51.7705550Z    compatible = "nordic,nrf52-flash-controller";
2025-12-17T18:51:51.7705811Z    reg = <0x4001e000 0x1000>;
2025-12-17T18:51:51.7706004Z    partial-erase;
2025-12-17T18:51:51.7706118Z 
2025-12-17T18:51:51.7706191Z    #address-cells = <1>;
2025-12-17T18:51:51.7706383Z    #size-cells = <1>;
2025-12-17T18:51:51.7706496Z 
2025-12-17T18:51:51.7706567Z    flash0: flash@0 {
2025-12-17T18:51:51.7706764Z     compatible = "soc-nv-flash";
2025-12-17T18:51:51.7706992Z     erase-block-size = <4096>;
2025-12-17T18:51:51.7707206Z     write-block-size = <4>;
2025-12-17T18:51:51.7707396Z    };
2025-12-17T18:51:51.7707541Z   };
2025-12-17T18:51:51.7707624Z 
2025-12-17T18:51:51.7707702Z   ppi: ppi@4001f000 {
2025-12-17T18:51:51.7707891Z    compatible = "nordic,nrf-ppi";
2025-12-17T18:51:51.7708105Z    reg = <0x4001f000 0x1000>;
2025-12-17T18:51:51.7708294Z    status = "okay";
2025-12-17T18:51:51.7708452Z   };
2025-12-17T18:51:51.7708544Z 
2025-12-17T18:51:51.7708610Z   mwu: mwu@40020000 {
2025-12-17T18:51:51.7708798Z    compatible = "nordic,nrf-mwu";
2025-12-17T18:51:51.7709005Z    reg = <0x40020000 0x1000>;
2025-12-17T18:51:51.7709197Z    status = "okay";
2025-12-17T18:51:51.7709393Z   };
2025-12-17T18:51:51.7709474Z 
2025-12-17T18:51:51.7709551Z   pwm1: pwm@40021000 {
2025-12-17T18:51:51.7709739Z    compatible = "nordic,nrf-pwm";
2025-12-17T18:51:51.7709951Z    reg = <0x40021000 0x1000>;
2025-12-17T18:51:51.7710258Z    interrupts = <33 1>;
2025-12-17T18:51:51.7710453Z    status = "disabled";
2025-12-17T18:51:51.7710638Z    #pwm-cells = <3>;
2025-12-17T18:51:51.7710811Z   };
2025-12-17T18:51:51.7710892Z 
2025-12-17T18:51:51.7710961Z   pwm2: pwm@40022000 {
2025-12-17T18:51:51.7711157Z    compatible = "nordic,nrf-pwm";
2025-12-17T18:51:51.7711376Z    reg = <0x40022000 0x1000>;
2025-12-17T18:51:51.7711570Z    interrupts = <34 1>;
2025-12-17T18:51:51.7711755Z    status = "disabled";
2025-12-17T18:51:51.7711935Z    #pwm-cells = <3>;
2025-12-17T18:51:51.7712301Z   };
2025-12-17T18:51:51.7712394Z 
2025-12-17T18:51:51.7712463Z   spi2: spi@40023000 {
2025-12-17T18:51:51.7712580Z 
2025-12-17T18:51:51.7712664Z    compatible = "nordic,nrf-spim";
2025-12-17T18:51:51.7712893Z    #address-cells = <1>;
2025-12-17T18:51:51.7713087Z    #size-cells = <0>;
2025-12-17T18:51:51.7713265Z    reg = <0x40023000 0x1000>;
2025-12-17T18:51:51.7713462Z    interrupts = <35 1>;
2025-12-17T18:51:51.7713659Z    max-frequency = <((8) * 1000 * 1000)>;
2025-12-17T18:51:51.7713906Z    easydma-maxcnt-bits = <16>;
2025-12-17T18:51:51.7714115Z    status = "disabled";
2025-12-17T18:51:51.7714288Z   };
2025-12-17T18:51:51.7714376Z 
2025-12-17T18:51:51.7714440Z   rtc2: rtc@40024000 {
2025-12-17T18:51:51.7714638Z    compatible = "nordic,nrf-rtc";
2025-12-17T18:51:51.7714859Z    reg = <0x40024000 0x1000>;
2025-12-17T18:51:51.7715055Z    cc-num = <4>;
2025-12-17T18:51:51.7715230Z    interrupts = <36 1>;
2025-12-17T18:51:51.7715411Z    status = "disabled";
2025-12-17T18:51:51.7715609Z    clock-frequency = <32768>;
2025-12-17T18:51:51.7715818Z    prescaler = <1>;
2025-12-17T18:51:51.7715981Z   };
2025-12-17T18:51:51.7716069Z 
2025-12-17T18:51:51.7716134Z   i2s0: i2s@40025000 {
2025-12-17T18:51:51.7716325Z    compatible = "nordic,nrf-i2s";
2025-12-17T18:51:51.7716547Z    #address-cells = <1>;
2025-12-17T18:51:51.7716733Z    #size-cells = <0>;
2025-12-17T18:51:51.7716914Z    reg = <0x40025000 0x1000>;
2025-12-17T18:51:51.7717112Z    interrupts = <37 1>;
2025-12-17T18:51:51.7717293Z    status = "disabled";
2025-12-17T18:51:51.7717468Z   };
2025-12-17T18:51:51.7717552Z 
2025-12-17T18:51:51.7717618Z   usbd: usbd@40027000 {
2025-12-17T18:51:51.7717808Z    compatible = "nordic,nrf-usbd";
2025-12-17T18:51:51.7718022Z    reg = <0x40027000 0x1000>;
2025-12-17T18:51:51.7718217Z    interrupts = <39 1>;
2025-12-17T18:51:51.7718406Z    num-bidir-endpoints = <1>;
2025-12-17T18:51:51.7718610Z    num-in-endpoints = <7>;
2025-12-17T18:51:51.7718815Z    num-out-endpoints = <7>;
2025-12-17T18:51:51.7719157Z    num-isoin-endpoints = <1>;
2025-12-17T18:51:51.7719375Z    num-isoout-endpoints = <1>;
2025-12-17T18:51:51.7719577Z    status = "disabled";
2025-12-17T18:51:51.7719743Z   };
2025-12-17T18:51:51.7719820Z 
2025-12-17T18:51:51.7719890Z   uart1: uart@40028000 {
2025-12-17T18:51:51.7720084Z    compatible = "nordic,nrf-uarte";
2025-12-17T18:51:51.7720301Z    reg = <0x40028000 0x1000>;
2025-12-17T18:51:51.7720491Z    interrupts = <40 1>;
2025-12-17T18:51:51.7720675Z    status = "disabled";
2025-12-17T18:51:51.7720841Z   };
2025-12-17T18:51:51.7720919Z 
2025-12-17T18:51:51.7720993Z   qspi: qspi@40029000 {
2025-12-17T18:51:51.7721179Z    compatible = "nordic,nrf-qspi";
2025-12-17T18:51:51.7721397Z    #address-cells = <1>;
2025-12-17T18:51:51.7721584Z    #size-cells = <0>;
2025-12-17T18:51:51.7721784Z    reg = <0x40029000 0x1000>, <0x12000000 0x8000000>;
2025-12-17T18:51:51.7722046Z    reg-names = "qspi", "qspi_mm";
2025-12-17T18:51:51.7722451Z    interrupts = <41 1>;
2025-12-17T18:51:51.7722640Z    status = "disabled";
2025-12-17T18:51:51.7722805Z   };
2025-12-17T18:51:51.7722888Z 
2025-12-17T18:51:51.7722957Z   pwm3: pwm@4002d000 {
2025-12-17T18:51:51.7723151Z    compatible = "nordic,nrf-pwm";
2025-12-17T18:51:51.7723360Z    reg = <0x4002d000 0x1000>;
2025-12-17T18:51:51.7723553Z    interrupts = <45 1>;
2025-12-17T18:51:51.7723732Z    status = "disabled";
2025-12-17T18:51:51.7723905Z    #pwm-cells = <3>;
2025-12-17T18:51:51.7724074Z   };
2025-12-17T18:51:51.7724152Z 
2025-12-17T18:51:51.7724388Z   spi3: spi@4002f000 {
2025-12-17T18:51:51.7724581Z    compatible = "nordic,nrf-spim";
2025-12-17T18:51:51.7724804Z    #address-cells = <1>;
2025-12-17T18:51:51.7725002Z    #size-cells = <0>;
2025-12-17T18:51:51.7725175Z    reg = <0x4002f000 0x1000>;
2025-12-17T18:51:51.7725369Z    interrupts = <47 1>;
2025-12-17T18:51:51.7725566Z    max-frequency = <((32) * 1000 * 1000)>;
2025-12-17T18:51:51.7725803Z    easydma-maxcnt-bits = <16>;
2025-12-17T18:51:51.7726019Z    rx-delay-supported;
2025-12-17T18:51:51.7726212Z    rx-delay = <2>;
2025-12-17T18:51:51.7726388Z    status = "disabled";
2025-12-17T18:51:51.7726555Z   };
2025-12-17T18:51:51.7726639Z 
2025-12-17T18:51:51.7726709Z   gpio0: gpio@50000000 {
2025-12-17T18:51:51.7726907Z    compatible = "nordic,nrf-gpio";
2025-12-17T18:51:51.7727129Z    gpio-controller;
2025-12-17T18:51:51.7727317Z    reg = <0x50000000 0x200
2025-12-17T18:51:51.7727508Z           0x50000500 0x300>;
2025-12-17T18:51:51.7727697Z    #gpio-cells = <2>;
2025-12-17T18:51:51.7727879Z    status = "disabled";
2025-12-17T18:51:51.7728055Z    port = <0>;
2025-12-17T18:51:51.7728211Z   };
2025-12-17T18:51:51.7728300Z 
2025-12-17T18:51:51.7728369Z   gpio1: gpio@50000300 {
2025-12-17T18:51:51.7728568Z    compatible = "nordic,nrf-gpio";
2025-12-17T18:51:51.7728784Z    gpio-controller;
2025-12-17T18:51:51.7728959Z    reg = <0x50000300 0x200
2025-12-17T18:51:51.7729146Z           0x50000800 0x300>;
2025-12-17T18:51:51.7729333Z    #gpio-cells = <2>;
2025-12-17T18:51:51.7729509Z    ngpios = <16>;
2025-12-17T18:51:51.7729689Z    status = "disabled";
2025-12-17T18:51:51.7729864Z    port = <1>;
2025-12-17T18:51:51.7730015Z   };
2025-12-17T18:51:51.7730101Z 
2025-12-17T18:51:51.7730179Z   cryptocell: crypto@5002a000 {
2025-12-17T18:51:51.7730454Z    compatible = "nordic,cryptocell", "arm,cryptocell-310";
2025-12-17T18:51:51.7730758Z    reg = <0x5002a000 0x1000>, <0x5002b000 0x1000>;
2025-12-17T18:51:51.7731012Z    reg-names = "wrapper", "core";
2025-12-17T18:51:51.7731231Z    interrupts = <42 1>;
2025-12-17T18:51:51.7731418Z    status = "disabled";
2025-12-17T18:51:51.7731589Z   };
2025-12-17T18:51:51.7731731Z  };
2025-12-17T18:51:51.7731871Z };
2025-12-17T18:51:51.7731958Z 
2025-12-17T18:51:51.7732019Z &nvic {
2025-12-17T18:51:51.7732414Z  arm,num-irq-priority-bits = <3>;
2025-12-17T18:51:51.7732624Z };
2025-12-17T18:51:51.7732869Z # 9 "/tmp/zmk-config/zephyr/dts/arm/nordic/nrf52840_qiaa.dtsi" 2 3 4
2025-12-17T18:51:51.7733117Z 
2025-12-17T18:51:51.7733179Z &flash0 {
2025-12-17T18:51:51.7733338Z  reg = <0x00000000 ((1024) * 1024)>;
2025-12-17T18:51:51.7733675Z };
2025-12-17T18:51:51.7733759Z 
2025-12-17T18:51:51.7733820Z &sram0 {
2025-12-17T18:51:51.7733978Z  reg = <0x20000000 ((256) * 1024)>;
2025-12-17T18:51:51.7734179Z };
2025-12-17T18:51:51.7734264Z 
2025-12-17T18:51:51.7734321Z / {
2025-12-17T18:51:51.7734461Z  soc {
2025-12-17T18:51:51.7734675Z   compatible = "nordic,nrf52840-qiaa", "nordic,nrf52840",
2025-12-17T18:51:51.7734970Z         "nordic,nrf52", "simple-bus";
2025-12-17T18:51:51.7735185Z  };
2025-12-17T18:51:51.7735325Z };
2025-12-17T18:51:51.7735604Z # 10 "/tmp/zmk-config/eyelash_sofle/boards/arm/eyelash_sofle/eyelash_sofle.dtsi" 2
2025-12-17T18:51:51.7736064Z # 1 "/tmp/zmk-config/zephyr/include/zephyr/dt-bindings/led/led.h" 1 3 4
2025-12-17T18:51:51.7736499Z # 11 "/tmp/zmk-config/eyelash_sofle/boards/arm/eyelash_sofle/eyelash_sofle.dtsi" 2
2025-12-17T18:51:51.7736962Z # 1 "/tmp/zmk-config/zmk/app/include/dt-bindings/zmk/matrix_transform.h" 1 3 4
2025-12-17T18:51:51.7737432Z # 12 "/tmp/zmk-config/eyelash_sofle/boards/arm/eyelash_sofle/eyelash_sofle.dtsi" 2
2025-12-17T18:51:51.7737718Z 
2025-12-17T18:51:51.7737940Z # 1 "/tmp/zmk-config/eyelash_sofle/boards/arm/eyelash_sofle/eyelash_sofle-layouts.dtsi" 1
2025-12-17T18:51:51.7738381Z # 1 "/tmp/zmk-config/zmk/app/dts/physical_layouts.dtsi" 1 3 4
2025-12-17T18:51:51.7738601Z 
2025-12-17T18:51:51.7738660Z / {
2025-12-17T18:51:51.7738835Z     key_physical_attrs: key_physical_attrs {
2025-12-17T18:51:51.7739103Z         compatible = "zmk,key-physical-attrs";
2025-12-17T18:51:51.7739388Z 
2025-12-17T18:51:51.7739465Z         #key-cells = <7>;
2025-12-17T18:51:51.7739651Z     };
2025-12-17T18:51:51.7739793Z };
2025-12-17T18:51:51.7740085Z # 2 "/tmp/zmk-config/eyelash_sofle/boards/arm/eyelash_sofle/eyelash_sofle-layouts.dtsi" 2
2025-12-17T18:51:51.7740394Z 
2025-12-17T18:51:51.7740452Z / {
2025-12-17T18:51:51.7740631Z     eyelash_sofle_layout: eyelash_sofle_layout {
2025-12-17T18:51:51.7740899Z         compatible = "zmk,physical-layout";
2025-12-17T18:51:51.7741146Z         display-name = "Layout";
2025-12-17T18:51:51.7741379Z         transform = <&default_transform>;
2025-12-17T18:51:51.7741600Z         keys
2025-12-17T18:51:51.7741783Z             = <&key_physical_attrs 100 100 0 50 0 0 0>
2025-12-17T18:51:51.7742046Z             , <&key_physical_attrs 100 100 100 50 0 0 0>
2025-12-17T18:51:51.7742503Z             , <&key_physical_attrs 100 100 200 12 0 0 0>
2025-12-17T18:51:51.7742756Z             , <&key_physical_attrs 100 100 300 0 0 0 0>
2025-12-17T18:51:51.7743012Z             , <&key_physical_attrs 100 100 400 12 0 0 0>
2025-12-17T18:51:51.7743257Z             , <&key_physical_attrs 100 100 500 12 0 0 0>
2025-12-17T18:51:51.7743501Z             , <&key_physical_attrs 100 100 775 12 0 0 0>
2025-12-17T18:51:51.7743754Z             , <&key_physical_attrs 100 100 1050 12 0 0 0>
2025-12-17T18:51:51.7744013Z             , <&key_physical_attrs 100 100 1150 12 0 0 0>
2025-12-17T18:51:51.7744263Z             , <&key_physical_attrs 100 100 1250 0 0 0 0>
2025-12-17T18:51:51.7744512Z             , <&key_physical_attrs 100 100 1350 12 0 0 0>
2025-12-17T18:51:51.7744761Z             , <&key_physical_attrs 100 100 1450 50 0 0 0>
2025-12-17T18:51:51.7745026Z             , <&key_physical_attrs 100 100 1550 50 0 0 0>
2025-12-17T18:51:51.7745286Z             , <&key_physical_attrs 100 100 0 150 0 0 0>
2025-12-17T18:51:51.7745539Z             , <&key_physical_attrs 100 100 100 150 0 0 0>
2025-12-17T18:51:51.7745789Z             , <&key_physical_attrs 100 100 200 112 0 0 0>
2025-12-17T18:51:51.7746038Z             , <&key_physical_attrs 100 100 300 100 0 0 0>
2025-12-17T18:51:51.7746287Z             , <&key_physical_attrs 100 100 400 112 0 0 0>
2025-12-17T18:51:51.7746570Z             , <&key_physical_attrs 100 100 500 112 0 0 0>
2025-12-17T18:51:51.7746820Z             , <&key_physical_attrs 100 100 775 212 0 0 0>
2025-12-17T18:51:51.7747070Z             , <&key_physical_attrs 100 100 1050 112 0 0 0>
2025-12-17T18:51:51.7747328Z             , <&key_physical_attrs 100 100 1150 112 0 0 0>
2025-12-17T18:51:51.7747709Z             , <&key_physical_attrs 100 100 1250 100 0 0 0>
2025-12-17T18:51:51.7747958Z             , <&key_physical_attrs 100 100 1350 112 0 0 0>
2025-12-17T18:51:51.7748206Z             , <&key_physical_attrs 100 100 1450 150 0 0 0>
2025-12-17T18:51:51.7748456Z             , <&key_physical_attrs 100 100 1550 150 0 0 0>
2025-12-17T18:51:51.7748703Z             , <&key_physical_attrs 100 100 0 250 0 0 0>
2025-12-17T18:51:51.7748962Z             , <&key_physical_attrs 100 100 100 250 0 0 0>
2025-12-17T18:51:51.7749213Z             , <&key_physical_attrs 100 100 200 212 0 0 0>
2025-12-17T18:51:51.7749461Z             , <&key_physical_attrs 100 100 300 200 0 0 0>
2025-12-17T18:51:51.7749705Z             , <&key_physical_attrs 100 100 400 212 0 0 0>
2025-12-17T18:51:51.7749955Z             , <&key_physical_attrs 100 100 500 212 0 0 0>
2025-12-17T18:51:51.7750203Z             , <&key_physical_attrs 100 100 675 112 0 0 0>
2025-12-17T18:51:51.7750451Z             , <&key_physical_attrs 100 100 1050 212 0 0 0>
2025-12-17T18:51:51.7750710Z             , <&key_physical_attrs 100 100 1150 212 0 0 0>
2025-12-17T18:51:51.7750962Z             , <&key_physical_attrs 100 100 1250 200 0 0 0>
2025-12-17T18:51:51.7751215Z             , <&key_physical_attrs 100 100 1350 212 0 0 0>
2025-12-17T18:51:51.7751460Z             , <&key_physical_attrs 100 100 1450 250 0 0 0>
2025-12-17T18:51:51.7751711Z             , <&key_physical_attrs 100 100 1550 250 0 0 0>
2025-12-17T18:51:51.7752070Z             , <&key_physical_attrs 100 100 0 350 0 0 0>
2025-12-17T18:51:51.7752497Z             , <&key_physical_attrs 100 100 100 350 0 0 0>
2025-12-17T18:51:51.7752751Z             , <&key_physical_attrs 100 100 200 312 0 0 0>
2025-12-17T18:51:51.7753002Z             , <&key_physical_attrs 100 100 300 300 0 0 0>
2025-12-17T18:51:51.7753247Z             , <&key_physical_attrs 100 100 400 312 0 0 0>
2025-12-17T18:51:51.7753493Z             , <&key_physical_attrs 100 100 500 312 0 0 0>
2025-12-17T18:51:51.7753743Z             , <&key_physical_attrs 100 100 875 112 0 0 0>
2025-12-17T18:51:51.7754007Z             , <&key_physical_attrs 100 100 1050 312 0 0 0>
2025-12-17T18:51:51.7754256Z             , <&key_physical_attrs 100 100 1150 312 0 0 0>
2025-12-17T18:51:51.7754506Z             , <&key_physical_attrs 100 100 1250 300 0 0 0>
2025-12-17T18:51:51.7754754Z             , <&key_physical_attrs 100 100 1350 312 0 0 0>
2025-12-17T18:51:51.7755000Z             , <&key_physical_attrs 100 100 1450 350 0 0 0>
2025-12-17T18:51:51.7755253Z             , <&key_physical_attrs 100 100 1550 350 0 0 0>
2025-12-17T18:51:51.7755498Z             , <&key_physical_attrs 100 100 650 338 0 0 0>
2025-12-17T18:51:51.7755747Z             , <&key_physical_attrs 100 100 200 412 0 0 0>
2025-12-17T18:51:51.7755991Z             , <&key_physical_attrs 100 100 300 400 0 0 0>
2025-12-17T18:51:51.7756247Z             , <&key_physical_attrs 100 100 400 412 0 0 0>
2025-12-17T18:51:51.7756515Z             , <&key_physical_attrs 100 100 550 412 3000 500 412>
2025-12-17T18:51:51.7756802Z             , <&key_physical_attrs 100 100 675 362 3000 500 412>
2025-12-17T18:51:51.7757064Z             , <&key_physical_attrs 100 100 775 112 0 0 0>
2025-12-17T18:51:51.7757349Z             , <&key_physical_attrs 100 100 875 362 (-3000) 1150 412>
2025-12-17T18:51:51.7757653Z             , <&key_physical_attrs 100 100 1000 412 (-3000) 1150 412>
2025-12-17T18:51:51.7757929Z             , <&key_physical_attrs 100 100 1150 412 0 0 0>
2025-12-17T18:51:51.7758191Z             , <&key_physical_attrs 100 100 1250 400 0 0 0>
2025-12-17T18:51:51.7758441Z             , <&key_physical_attrs 100 100 1350 412 0 0 0>
2025-12-17T18:51:51.7758666Z             ;
2025-12-17T18:51:51.7758824Z     };
2025-12-17T18:51:51.7758969Z };
2025-12-17T18:51:51.7759252Z # 14 "/tmp/zmk-config/eyelash_sofle/boards/arm/eyelash_sofle/eyelash_sofle.dtsi" 2
2025-12-17T18:51:51.7759545Z 
2025-12-17T18:51:51.7759603Z / {
2025-12-17T18:51:51.7759759Z     model = "eyelash_sofle";
2025-12-17T18:51:51.7760012Z     compatible = "eyelashperipherals,eyelash_sofle";
2025-12-17T18:51:51.7760341Z 
2025-12-17T18:51:51.7760404Z     chosen {
2025-12-17T18:51:51.7760599Z         zephyr,code-partition = &code_partition;
2025-12-17T18:51:51.7760854Z         zephyr,sram = &sram0;
2025-12-17T18:51:51.7761062Z         zephyr,flash = &flash0;
2025-12-17T18:51:51.7761269Z         zmk,kscan = &kscan0;
2025-12-17T18:51:51.7761470Z         zmk,battery = &vbatt;
2025-12-17T18:51:51.7761678Z         zmk,underglow = &led_strip;
2025-12-17T18:51:51.7761941Z         zmk,physical-layout = &eyelash_sofle_layout;
2025-12-17T18:51:51.7762408Z         zmk,backlight = &backlight;
2025-12-17T18:51:51.7762625Z     };
2025-12-17T18:51:51.7762720Z 
2025-12-17T18:51:51.7762800Z  left_encoder: encoder_left {
2025-12-17T18:51:51.7763017Z   compatible = "alps,ec11";
2025-12-17T18:51:51.7763218Z   label = "LEFT_ENCODER";
2025-12-17T18:51:51.7763414Z   resolution = <4>;
2025-12-17T18:51:51.7763592Z         steps = <40>;
2025-12-17T18:51:51.7763798Z         a-gpios = <&gpio1 10 ((0 << 0) | (1 << 4))>;
2025-12-17T18:51:51.7764069Z      b-gpios = <&gpio1 14 ((0 << 0) | (1 << 4))>;
2025-12-17T18:51:51.7764313Z   status = "disabled";
2025-12-17T18:51:51.7764487Z  };
2025-12-17T18:51:51.7764569Z 
2025-12-17T18:51:51.7764634Z     sensors {
2025-12-17T18:51:51.7764817Z   compatible = "zmk,keymap-sensors";
2025-12-17T18:51:51.7765050Z   sensors = <&left_encoder>;
2025-12-17T18:51:51.7765236Z  };
2025-12-17T18:51:51.7765319Z 
2025-12-17T18:51:51.7765385Z     kscan0: kscan {
2025-12-17T18:51:51.7765705Z         compatible = "zmk,kscan-gpio-matrix";
2025-12-17T18:51:51.7765955Z         wakeup-source;
2025-12-17T18:51:51.7766149Z         diode-direction = "col2row";
2025-12-17T18:51:51.7766368Z         row-gpios
2025-12-17T18:51:51.7766547Z             = <&gpio0 19 ((0 << 0) | (1 << 5))>
2025-12-17T18:51:51.7766792Z             , <&gpio0 8 ((0 << 0) | (1 << 5))>
2025-12-17T18:51:51.7767024Z             , <&gpio0 12 ((0 << 0) | (1 << 5))>
2025-12-17T18:51:51.7767262Z             , <&gpio0 11 ((0 << 0) | (1 << 5))>
2025-12-17T18:51:51.7767495Z             , <&gpio1 9 ((0 << 0) | (1 << 5))>
2025-12-17T18:51:51.7767714Z             ;
2025-12-17T18:51:51.7767868Z     };
2025-12-17T18:51:51.7767953Z 
2025-12-17T18:51:51.7768047Z     default_transform: keymap_transform_0 {
2025-12-17T18:51:51.7768317Z         compatible = "zmk,matrix-transform";
2025-12-17T18:51:51.7768556Z         columns = <14>;
2025-12-17T18:51:51.7768733Z         rows = <5>;
2025-12-17T18:51:51.7768902Z         map = <
2025-12-17T18:51:51.7769193Z             (((0) << 8) + (0)) (((0) << 8) + (1)) (((0) << 8) + (2)) (((0) << 8) + (3)) (((0) << 8) + (4)) (((0) << 8) + (5)) (((0) << 8) + (7)) (((0) << 8) + (8)) (((0) << 8) + (9)) (((0) << 8) + (10)) (((0) << 8) + (11)) (((0) << 8) + (12)) (((0) << 8) + (13))
2025-12-17T18:51:51.7769638Z             (((1) << 8) + (0)) (((1) << 8) + (1)) (((1) << 8) + (2)) (((1) << 8) + (3)) (((1) << 8) + (4)) (((1) << 8) + (5)) (((1) << 8) + (7)) (((1) << 8) + (8)) (((1) << 8) + (9)) (((1) << 8) + (10)) (((1) << 8) + (11)) (((1) << 8) + (12)) (((1) << 8) + (13))
2025-12-17T18:51:51.7770061Z             (((2) << 8) + (0)) (((2) << 8) + (1)) (((2) << 8) + (2)) (((2) << 8) + (3)) (((2) << 8) + (4)) (((2) << 8) + (5)) (((2) << 8) + (7)) (((2) << 8) + (8)) (((2) << 8) + (9)) (((2) << 8) + (10)) (((2) << 8) + (11)) (((2) << 8) + (12)) (((2) << 8) + (13))
2025-12-17T18:51:51.7770477Z             (((3) << 8) + (0)) (((3) << 8) + (1)) (((3) << 8) + (2)) (((3) << 8) + (3)) (((3) << 8) + (4)) (((3) << 8) + (5)) (((3) << 8) + (7)) (((3) << 8) + (8)) (((3) << 8) + (9)) (((3) << 8) + (10)) (((3) << 8) + (11)) (((3) << 8) + (12)) (((3) << 8) + (13))
2025-12-17T18:51:51.7770890Z             (((4) << 8) + (0)) (((4) << 8) + (1)) (((4) << 8) + (2)) (((4) << 8) + (3)) (((4) << 8) + (4)) (((4) << 8) + (5)) (((4) << 8) + (7)) (((4) << 8) + (8)) (((4) << 8) + (9)) (((4) << 8) + (10)) (((4) << 8) + (11)) (((4) << 8) + (12))
2025-12-17T18:51:51.7771202Z         >;
2025-12-17T18:51:51.7771353Z     };
2025-12-17T18:51:51.7771554Z 
2025-12-17T18:51:51.7771623Z     ext-power {
2025-12-17T18:51:51.7771826Z         compatible = "zmk,ext-power-generic";
2025-12-17T18:51:51.7772081Z         label = "EXT_POWER";
2025-12-17T18:51:51.7772666Z         control-gpios = <&gpio0 13 (0 << 0)>;
2025-12-17T18:51:51.7773063Z          init-delay-ms = <50>;
2025-12-17T18:51:51.7773288Z     };
2025-12-17T18:51:51.7773373Z 
2025-12-17T18:51:51.7773443Z     vbatt: vbatt {
2025-12-17T18:51:51.7773639Z         compatible = "zmk,battery-nrf-vddh";
2025-12-17T18:51:51.7773894Z        init-delay-ms = <50>;
2025-12-17T18:51:51.7774088Z     };
2025-12-17T18:51:51.7774172Z 
2025-12-17T18:51:51.7774248Z     backlight: pwmleds {
2025-12-17T18:51:51.7774454Z         compatible = "pwm-leds";
2025-12-17T18:51:51.7774664Z         pwm_led_0 {
2025-12-17T18:51:51.7774863Z             pwms = <&pwm0 0 (((1) * 1000UL) * 1000UL) (0 << 0)>;
2025-12-17T18:51:51.7775124Z         };
2025-12-17T18:51:51.7775270Z     };
2025-12-17T18:51:51.7775405Z };
2025-12-17T18:51:51.7775499Z 
2025-12-17T18:51:51.7775558Z &adc {
2025-12-17T18:51:51.7775704Z     status = "okay";
2025-12-17T18:51:51.7775869Z };
2025-12-17T18:51:51.7775951Z 
2025-12-17T18:51:51.7776013Z &gpiote {
2025-12-17T18:51:51.7776161Z     status = "okay";
2025-12-17T18:51:51.7776321Z };
2025-12-17T18:51:51.7776396Z 
2025-12-17T18:51:51.7776457Z &gpio0 {
2025-12-17T18:51:51.7776602Z     status = "okay";
2025-12-17T18:51:51.7776757Z };
2025-12-17T18:51:51.7776830Z 
2025-12-17T18:51:51.7776888Z &gpio1 {
2025-12-17T18:51:51.7777168Z     status = "okay";
2025-12-17T18:51:51.7777331Z };
2025-12-17T18:51:51.7777409Z 
2025-12-17T18:51:51.7777468Z &usbd {
2025-12-17T18:51:51.7777611Z     status = "okay";
2025-12-17T18:51:51.7777782Z     cdc_acm_uart: cdc_acm_uart {
2025-12-17T18:51:51.7778006Z         compatible = "zephyr,cdc-acm-uart";
2025-12-17T18:51:51.7778226Z     };
2025-12-17T18:51:51.7778363Z };
2025-12-17T18:51:51.7778439Z 
2025-12-17T18:51:51.7778498Z &flash0 {
2025-12-17T18:51:51.7778583Z 
2025-12-17T18:51:51.7778649Z     partitions {
2025-12-17T18:51:51.7778843Z         compatible = "fixed-partitions";
2025-12-17T18:51:51.7779077Z         #address-cells = <1>;
2025-12-17T18:51:51.7779277Z         #size-cells = <1>;
2025-12-17T18:51:51.7779404Z 
2025-12-17T18:51:51.7779485Z         sd_partition: partition@0 {
2025-12-17T18:51:51.7779712Z             reg = <0x00000000 0x00026000>;
2025-12-17T18:51:51.7779924Z         };
2025-12-17T18:51:51.7780089Z         code_partition: partition@26000 {
2025-12-17T18:51:51.7780329Z             reg = <0x00026000 0x000c6000>;
2025-12-17T18:51:51.7780534Z         };
2025-12-17T18:51:51.7780821Z # 140 "/tmp/zmk-config/eyelash_sofle/boards/arm/eyelash_sofle/eyelash_sofle.dtsi"
2025-12-17T18:51:51.7781194Z         storage_partition: partition@ec000 {
2025-12-17T18:51:51.7781431Z             reg = <0x000ec000 0x00008000>;
2025-12-17T18:51:51.7781638Z         };
2025-12-17T18:51:51.7781726Z 
2025-12-17T18:51:51.7781808Z         boot_partition: partition@f4000 {
2025-12-17T18:51:51.7782043Z             reg = <0x000f4000 0x0000c000>;
2025-12-17T18:51:51.7782509Z         };
2025-12-17T18:51:51.7782661Z     };
2025-12-17T18:51:51.7782803Z };
2025-12-17T18:51:51.7782885Z 
2025-12-17T18:51:51.7782948Z &pinctrl {
2025-12-17T18:51:51.7783122Z     spi3_default: spi3_default {
2025-12-17T18:51:51.7783334Z         group1 {
2025-12-17T18:51:51.7783569Z             psels = <((((((1) * 32U) + (12)) & 0x7FU) << 0U) | ((5U & 0xFFFFU) << 16U))>;
2025-12-17T18:51:51.7783848Z         };
2025-12-17T18:51:51.7783998Z     };
2025-12-17T18:51:51.7784080Z 
2025-12-17T18:51:51.7784157Z     spi3_sleep: spi3_sleep {
2025-12-17T18:51:51.7784355Z         group1 {
2025-12-17T18:51:51.7784580Z             psels = <((((((1) * 32U) + (12)) & 0x7FU) << 0U) | ((5U & 0xFFFFU) << 16U))>;
2025-12-17T18:51:51.7784869Z             low-power-enable;
2025-12-17T18:51:51.7785059Z         };
2025-12-17T18:51:51.7785203Z     };
2025-12-17T18:51:51.7785286Z 
2025-12-17T18:51:51.7785366Z     spi0_default: spi0_default {
2025-12-17T18:51:51.7785562Z         group1 {
2025-12-17T18:51:51.7785910Z             psels = <((((((0) * 32U) + (20)) & 0x7FU) << 0U) | ((4U & 0xFFFFU) << 16U))>,
2025-12-17T18:51:51.7786229Z                 <((((((0) * 32U) + (17)) & 0x7FU) << 0U) | ((5U & 0xFFFFU) << 16U))>,
2025-12-17T18:51:51.7786528Z                 <((((((0) * 32U) + (25)) & 0x7FU) << 0U) | ((6U & 0xFFFFU) << 16U))>;
2025-12-17T18:51:51.7786775Z         };
2025-12-17T18:51:51.7786920Z     };
2025-12-17T18:51:51.7787000Z 
2025-12-17T18:51:51.7787079Z     spi0_sleep: spi0_sleep {
2025-12-17T18:51:51.7787274Z         group1 {
2025-12-17T18:51:51.7787495Z             psels = <((((((0) * 32U) + (20)) & 0x7FU) << 0U) | ((4U & 0xFFFFU) << 16U))>,
2025-12-17T18:51:51.7787808Z                 <((((((0) * 32U) + (17)) & 0x7FU) << 0U) | ((5U & 0xFFFFU) << 16U))>,
2025-12-17T18:51:51.7788095Z                 <((((((0) * 32U) + (25)) & 0x7FU) << 0U) | ((6U & 0xFFFFU) << 16U))>;
2025-12-17T18:51:51.7788354Z             low-power-enable;
2025-12-17T18:51:51.7788545Z         };
2025-12-17T18:51:51.7788691Z     };
2025-12-17T18:51:51.7788775Z 
2025-12-17T18:51:51.7788853Z     pwm0_default: pwm0_default {
2025-12-17T18:51:51.7789059Z         group1 {
2025-12-17T18:51:51.7789279Z             psels = <((((((1) * 32U) + (13)) & 0x7FU) << 0U) | ((22U & 0xFFFFU) << 16U))>;
2025-12-17T18:51:51.7789550Z         };
2025-12-17T18:51:51.7789692Z     };
2025-12-17T18:51:51.7789849Z     pwm0_sleep: pwm0_sleep {
2025-12-17T18:51:51.7790038Z         group1 {
2025-12-17T18:51:51.7790363Z             psels = <((((((1) * 32U) + (13)) & 0x7FU) << 0U) | ((22U & 0xFFFFU) << 16U))>;
2025-12-17T18:51:51.7790651Z             low-power-enable;
2025-12-17T18:51:51.7790840Z         };
2025-12-17T18:51:51.7790984Z     };
2025-12-17T18:51:51.7791127Z };
2025-12-17T18:51:51.7791207Z 
2025-12-17T18:51:51.7791269Z &spi3 {
2025-12-17T18:51:51.7791440Z     compatible = "nordic,nrf-spim";
2025-12-17T18:51:51.7791661Z     status = "okay";
2025-12-17T18:51:51.7791771Z 
2025-12-17T18:51:51.7791851Z     pinctrl-0 = <&spi3_default>;
2025-12-17T18:51:51.7792074Z     pinctrl-1 = <&spi3_sleep>;
2025-12-17T18:51:51.7792489Z     pinctrl-names = "default", "sleep";
2025-12-17T18:51:51.7792656Z 
2025-12-17T18:51:51.7792733Z     led_strip: ws2812@0 {
2025-12-17T18:51:51.7792946Z         compatible = "worldsemi,ws2812-spi";
2025-12-17T18:51:51.7793122Z 
2025-12-17T18:51:51.7793184Z         reg = <0>;
2025-12-17T18:51:51.7793371Z         spi-max-frequency = <4000000>;
2025-12-17T18:51:51.7793528Z 
2025-12-17T18:51:51.7793606Z         chain-length = <7>;
2025-12-17T18:51:51.7793806Z         spi-one-frame = <0x70>;
2025-12-17T18:51:51.7794023Z         spi-zero-frame = <0x40>;
2025-12-17T18:51:51.7794161Z 
2025-12-17T18:51:51.7794235Z         color-mapping = <2 1 3>;
2025-12-17T18:51:51.7794432Z     };
2025-12-17T18:51:51.7794572Z };
2025-12-17T18:51:51.7794653Z 
2025-12-17T18:51:51.7794720Z &pwm0 {
2025-12-17T18:51:51.7794873Z     status = "okay";
2025-12-17T18:51:51.7795060Z     pinctrl-0 = <&pwm0_default>;
2025-12-17T18:51:51.7795272Z     pinctrl-1 = <&pwm0_sleep>;
2025-12-17T18:51:51.7795489Z     pinctrl-names = "default", "sleep";
2025-12-17T18:51:51.7795706Z };
2025-12-17T18:51:51.7795784Z 
2025-12-17T18:51:51.7795856Z zephyr_udc0: &usbd {
2025-12-17T18:51:51.7796043Z     compatible = "nordic,nrf-usbd";
2025-12-17T18:51:51.7796260Z     status = "okay";
2025-12-17T18:51:51.7796420Z };
2025-12-17T18:51:51.7796497Z 
2025-12-17T18:51:51.7796567Z nice_view_spi: &spi0 {
2025-12-17T18:51:51.7796760Z     compatible = "nordic,nrf-spim";
2025-12-17T18:51:51.7796983Z     pinctrl-0 = <&spi0_default>;
2025-12-17T18:51:51.7797187Z     pinctrl-1 = <&spi0_sleep>;
2025-12-17T18:51:51.7797397Z     pinctrl-names = "default", "sleep";
2025-12-17T18:51:51.7797620Z     cs-gpios = <&gpio0 6 (0 << 0)>;
2025-12-17T18:51:51.7797815Z };
2025-12-17T18:51:51.7798110Z # 8 "/tmp/zmk-config/eyelash_sofle/boards/arm/eyelash_sofle/eyelash_sofle_right.dts" 2
2025-12-17T18:51:51.7798417Z 
2025-12-17T18:51:51.7798479Z &kscan0 {
2025-12-17T18:51:51.7798633Z      col-gpios
2025-12-17T18:51:51.7798918Z         = <&gpio0 22 (0 << 0)>
2025-12-17T18:51:51.7799115Z          , <&gpio0 29 (0 << 0)>
2025-12-17T18:51:51.7799313Z          , <&gpio0 3 (0 << 0)>
2025-12-17T18:51:51.7799498Z          , <&gpio0 28 (0 << 0)>
2025-12-17T18:51:51.7799689Z          , <&gpio0 30 (0 << 0)>
2025-12-17T18:51:51.7799877Z          , <&gpio0 21 (0 << 0)>
2025-12-17T18:51:51.7800058Z          , <&gpio0 23 (0 << 0)>
2025-12-17T18:51:51.7800238Z          ;
2025-12-17T18:51:51.7800382Z };
2025-12-17T18:51:51.7800465Z 
2025-12-17T18:51:51.7800533Z &default_transform {
2025-12-17T18:51:51.7800711Z     col-offset = <7>;
2025-12-17T18:51:51.7800885Z };
2025-12-17T18:51:51.7801027Z # 0 "<command-line>" 2
2025-12-17T18:51:51.7801452Z # 1 "/tmp/zmk-config/mario-peripheral-animation/boards/shields/nice_view_custom/nice_view_custom.overlay" 1
2025-12-17T18:51:51.7801847Z 
2025-12-17T18:51:51.7801912Z &nice_view_spi {
2025-12-17T18:51:51.7802078Z     status = "okay";
2025-12-17T18:51:51.7802357Z     nice_view: ls0xx@0 {
2025-12-17T18:51:51.7802563Z         compatible = "sharp,ls0xx";
2025-12-17T18:51:51.7802789Z         spi-max-frequency = <1000000>;
2025-12-17T18:51:51.7803007Z         reg = <0>;
2025-12-17T18:51:51.7803174Z         width = <160>;
2025-12-17T18:51:51.7803354Z         height = <68>;
2025-12-17T18:51:51.7803527Z     };
2025-12-17T18:51:51.7803673Z };
2025-12-17T18:51:51.7803752Z 
2025-12-17T18:51:51.7803818Z / {
2025-12-17T18:51:51.7803960Z     chosen {
2025-12-17T18:51:51.7804256Z         zephyr,display = &nice_view;
2025-12-17T18:51:51.7804489Z     };
2025-12-17T18:51:51.7804627Z };
2025-12-17T18:51:51.7804778Z # 0 "<command-line>" 2
2025-12-17T18:51:51.7805019Z # 1 "/tmp/zmk-config/config/eyelash_sofle_right.keymap" 1
2025-12-17T18:51:51.7805336Z # 1 "/tmp/zmk-config/config/eyelash_sofle.keymap" 1
2025-12-17T18:51:51.7805528Z 
2025-12-17T18:51:51.7805757Z # 1 "/tmp/zmk-config/zephyr/include/zephyr/dt-bindings/input/input-event-codes.h" 1 3 4
2025-12-17T18:51:51.7806176Z # 7 "/tmp/zmk-config/config/eyelash_sofle.keymap" 2
2025-12-17T18:51:51.7806477Z # 1 "/tmp/zmk-config/zmk/app/dts/behaviors.dtsi" 1 3 4
2025-12-17T18:51:51.7806671Z 
2025-12-17T18:51:51.7806811Z # 1 "/tmp/zmk-config/zmk/app/dts/behaviors/key_press.dtsi" 1 3 4
2025-12-17T18:51:51.7807044Z 
2025-12-17T18:51:51.7807207Z # 1 "/tmp/zmk-config/zmk/app/include/dt-bindings/zmk/behaviors.h" 1 3 4
2025-12-17T18:51:51.7807593Z # 8 "/tmp/zmk-config/zmk/app/dts/behaviors/key_press.dtsi" 2 3 4
2025-12-17T18:51:51.7807809Z 
2025-12-17T18:51:51.7807878Z / {
2025-12-17T18:51:51.7808021Z     behaviors {
2025-12-17T18:51:51.7808129Z 
2025-12-17T18:51:51.7808201Z     /omit-if-no-ref/
2025-12-17T18:51:51.7808312Z 
2025-12-17T18:51:51.7808386Z         kp: key_press {
2025-12-17T18:51:51.7808598Z             compatible = "zmk,behavior-key-press";
2025-12-17T18:51:51.7808860Z             #binding-cells = <1>;
2025-12-17T18:51:51.7809089Z             display-name = "Key Press";
2025-12-17T18:51:51.7809307Z         };
2025-12-17T18:51:51.7809449Z     };
2025-12-17T18:51:51.7809596Z };
2025-12-17T18:51:51.7809790Z # 8 "/tmp/zmk-config/zmk/app/dts/behaviors.dtsi" 2 3 4
2025-12-17T18:51:51.7810119Z # 1 "/tmp/zmk-config/zmk/app/dts/behaviors/key_toggle.dtsi" 1 3 4
2025-12-17T18:51:51.7810350Z 
2025-12-17T18:51:51.7810514Z # 1 "/tmp/zmk-config/zmk/app/include/dt-bindings/zmk/behaviors.h" 1 3 4
2025-12-17T18:51:51.7810900Z # 8 "/tmp/zmk-config/zmk/app/dts/behaviors/key_toggle.dtsi" 2 3 4
2025-12-17T18:51:51.7811121Z 
2025-12-17T18:51:51.7811180Z / {
2025-12-17T18:51:51.7811333Z     behaviors {
2025-12-17T18:51:51.7811434Z 
2025-12-17T18:51:51.7811509Z     /omit-if-no-ref/
2025-12-17T18:51:51.7811618Z 
2025-12-17T18:51:51.7811694Z         kt: key_toggle {
2025-12-17T18:51:51.7811907Z             compatible = "zmk,behavior-key-toggle";
2025-12-17T18:51:51.7812262Z             #binding-cells = <1>;
2025-12-17T18:51:51.7812491Z             display-name = "Key Toggle";
2025-12-17T18:51:51.7812708Z         };
2025-12-17T18:51:51.7812855Z     };
2025-12-17T18:51:51.7812999Z };
2025-12-17T18:51:51.7813303Z # 9 "/tmp/zmk-config/zmk/app/dts/behaviors.dtsi" 2 3 4
2025-12-17T18:51:51.7813649Z # 1 "/tmp/zmk-config/zmk/app/dts/behaviors/transparent.dtsi" 1 3 4
2025-12-17T18:51:51.7813890Z 
2025-12-17T18:51:51.7814060Z # 1 "/tmp/zmk-config/zmk/app/include/dt-bindings/zmk/behaviors.h" 1 3 4
2025-12-17T18:51:51.7814451Z # 8 "/tmp/zmk-config/zmk/app/dts/behaviors/transparent.dtsi" 2 3 4
2025-12-17T18:51:51.7814683Z 
2025-12-17T18:51:51.7814743Z / {
2025-12-17T18:51:51.7814898Z     behaviors {
2025-12-17T18:51:51.7815005Z 
2025-12-17T18:51:51.7815086Z         /omit-if-no-ref/
2025-12-17T18:51:51.7815216Z 
2025-12-17T18:51:51.7815292Z         trans: transparent {
2025-12-17T18:51:51.7815533Z             compatible = "zmk,behavior-transparent";
2025-12-17T18:51:51.7815799Z             #binding-cells = <0>;
2025-12-17T18:51:51.7816022Z             display-name = "Transparent";
2025-12-17T18:51:51.7816249Z         };
2025-12-17T18:51:51.7816400Z     };
2025-12-17T18:51:51.7816537Z };
2025-12-17T18:51:51.7816749Z # 10 "/tmp/zmk-config/zmk/app/dts/behaviors.dtsi" 2 3 4
2025-12-17T18:51:51.7817079Z # 1 "/tmp/zmk-config/zmk/app/dts/behaviors/none.dtsi" 1 3 4
2025-12-17T18:51:51.7817288Z 
2025-12-17T18:51:51.7817457Z # 1 "/tmp/zmk-config/zmk/app/include/dt-bindings/zmk/behaviors.h" 1 3 4
2025-12-17T18:51:51.7817817Z # 8 "/tmp/zmk-config/zmk/app/dts/behaviors/none.dtsi" 2 3 4
2025-12-17T18:51:51.7818023Z 
2025-12-17T18:51:51.7818083Z / {
2025-12-17T18:51:51.7818232Z     behaviors {
2025-12-17T18:51:51.7818443Z 
2025-12-17T18:51:51.7818520Z         /omit-if-no-ref/
2025-12-17T18:51:51.7818654Z 
2025-12-17T18:51:51.7818720Z         none: none {
2025-12-17T18:51:51.7818924Z             compatible = "zmk,behavior-none";
2025-12-17T18:51:51.7819179Z             #binding-cells = <0>;
2025-12-17T18:51:51.7819392Z             display-name = "None";
2025-12-17T18:51:51.7819598Z         };
2025-12-17T18:51:51.7819743Z     };
2025-12-17T18:51:51.7819879Z };
2025-12-17T18:51:51.7820080Z # 11 "/tmp/zmk-config/zmk/app/dts/behaviors.dtsi" 2 3 4
2025-12-17T18:51:51.7820419Z # 1 "/tmp/zmk-config/zmk/app/dts/behaviors/mod_tap.dtsi" 1 3 4
2025-12-17T18:51:51.7820633Z 
2025-12-17T18:51:51.7820797Z # 1 "/tmp/zmk-config/zmk/app/include/dt-bindings/zmk/behaviors.h" 1 3 4
2025-12-17T18:51:51.7821172Z # 8 "/tmp/zmk-config/zmk/app/dts/behaviors/mod_tap.dtsi" 2 3 4
2025-12-17T18:51:51.7821383Z 
2025-12-17T18:51:51.7821449Z / {
2025-12-17T18:51:51.7821594Z     behaviors {
2025-12-17T18:51:51.7821699Z 
2025-12-17T18:51:51.7821775Z         /omit-if-no-ref/
2025-12-17T18:51:51.7821905Z 
2025-12-17T18:51:51.7821972Z         mt: mod_tap {
2025-12-17T18:51:51.7822288Z             compatible = "zmk,behavior-hold-tap";
2025-12-17T18:51:51.7822547Z             #binding-cells = <2>;
2025-12-17T18:51:51.7822772Z             flavor = "hold-preferred";
2025-12-17T18:51:51.7823009Z             tapping-term-ms = <200>;
2025-12-17T18:51:51.7823234Z             bindings = <&kp>, <&kp>;
2025-12-17T18:51:51.7823464Z             display-name = "Mod-Tap";
2025-12-17T18:51:51.7823687Z         };
2025-12-17T18:51:51.7823830Z     };
2025-12-17T18:51:51.7823973Z };
2025-12-17T18:51:51.7824168Z # 12 "/tmp/zmk-config/zmk/app/dts/behaviors.dtsi" 2 3 4
2025-12-17T18:51:51.7824496Z # 1 "/tmp/zmk-config/zmk/app/dts/behaviors/layer_tap.dtsi" 1 3 4
2025-12-17T18:51:51.7824724Z 
2025-12-17T18:51:51.7824885Z # 1 "/tmp/zmk-config/zmk/app/include/dt-bindings/zmk/behaviors.h" 1 3 4
2025-12-17T18:51:51.7825266Z # 8 "/tmp/zmk-config/zmk/app/dts/behaviors/layer_tap.dtsi" 2 3 4
2025-12-17T18:51:51.7825486Z 
2025-12-17T18:51:51.7825551Z / {
2025-12-17T18:51:51.7825692Z     behaviors {
2025-12-17T18:51:51.7825901Z 
2025-12-17T18:51:51.7825973Z         /omit-if-no-ref/
2025-12-17T18:51:51.7826093Z 
2025-12-17T18:51:51.7826170Z         lt: layer_tap {
2025-12-17T18:51:51.7826374Z             compatible = "zmk,behavior-hold-tap";
2025-12-17T18:51:51.7826634Z             #binding-cells = <2>;
2025-12-17T18:51:51.7826856Z             flavor = "tap-preferred";
2025-12-17T18:51:51.7827094Z             tapping-term-ms = <200>;
2025-12-17T18:51:51.7827433Z             bindings = <&mo>, <&kp>;
2025-12-17T18:51:51.7827661Z             display-name = "Layer-Tap";
2025-12-17T18:51:51.7827884Z         };
2025-12-17T18:51:51.7828025Z     };
2025-12-17T18:51:51.7828174Z };
2025-12-17T18:51:51.7828369Z # 13 "/tmp/zmk-config/zmk/app/dts/behaviors.dtsi" 2 3 4
2025-12-17T18:51:51.7828685Z # 1 "/tmp/zmk-config/zmk/app/dts/behaviors/gresc.dtsi" 1 3 4
2025-12-17T18:51:51.7828903Z 
2025-12-17T18:51:51.7829068Z # 1 "/tmp/zmk-config/zmk/app/include/dt-bindings/zmk/behaviors.h" 1 3 4
2025-12-17T18:51:51.7829436Z # 9 "/tmp/zmk-config/zmk/app/dts/behaviors/gresc.dtsi" 2 3 4
2025-12-17T18:51:51.7829789Z # 1 "/tmp/zmk-config/zmk/app/include/dt-bindings/zmk/keys.h" 1 3 4
2025-12-17T18:51:51.7830017Z 
2025-12-17T18:51:51.7830078Z        
2025-12-17T18:51:51.7830169Z 
2025-12-17T18:51:51.7830325Z # 1 "/tmp/zmk-config/zmk/app/include/dt-bindings/zmk/hid_usage.h" 1 3 4
2025-12-17T18:51:51.7830723Z # 11 "/tmp/zmk-config/zmk/app/include/dt-bindings/zmk/hid_usage.h" 3 4
2025-12-17T18:51:51.7831022Z        
2025-12-17T18:51:51.7831251Z # 9 "/tmp/zmk-config/zmk/app/include/dt-bindings/zmk/keys.h" 2 3 4
2025-12-17T18:51:51.7831665Z # 1 "/tmp/zmk-config/zmk/app/include/dt-bindings/zmk/hid_usage_pages.h" 1 3 4
2025-12-17T18:51:51.7832214Z # 11 "/tmp/zmk-config/zmk/app/include/dt-bindings/zmk/hid_usage_pages.h" 3 4
2025-12-17T18:51:51.7832537Z        
2025-12-17T18:51:51.7832916Z # 10 "/tmp/zmk-config/zmk/app/include/dt-bindings/zmk/keys.h" 2 3 4
2025-12-17T18:51:51.7833314Z # 1 "/tmp/zmk-config/zmk/app/include/dt-bindings/zmk/modifiers.h" 1 3 4
2025-12-17T18:51:51.7833555Z 
2025-12-17T18:51:51.7833613Z        
2025-12-17T18:51:51.7833840Z # 11 "/tmp/zmk-config/zmk/app/include/dt-bindings/zmk/keys.h" 2 3 4
2025-12-17T18:51:51.7834194Z # 10 "/tmp/zmk-config/zmk/app/dts/behaviors/gresc.dtsi" 2 3 4
2025-12-17T18:51:51.7834403Z 
2025-12-17T18:51:51.7834461Z / {
2025-12-17T18:51:51.7834608Z     behaviors {
2025-12-17T18:51:51.7834715Z 
2025-12-17T18:51:51.7834792Z         /omit-if-no-ref/
2025-12-17T18:51:51.7834912Z 
2025-12-17T18:51:51.7834995Z         gresc: grave_escape {
2025-12-17T18:51:51.7835224Z             compatible = "zmk,behavior-mod-morph";
2025-12-17T18:51:51.7835488Z             #binding-cells = <0>;
2025-12-17T18:51:51.7835794Z             bindings = <&kp (((((0x07) << 16) | (0x29))))>, <&kp ((((0x07) << 16) | (0x35)))>;
2025-12-17T18:51:51.7836101Z             mods = <(0x08|0x02|0x80|0x20)>;
2025-12-17T18:51:51.7836353Z             display-name = "Grave/Escape";
2025-12-17T18:51:51.7836584Z         };
2025-12-17T18:51:51.7836726Z     };
2025-12-17T18:51:51.7836873Z };
2025-12-17T18:51:51.7837075Z # 14 "/tmp/zmk-config/zmk/app/dts/behaviors.dtsi" 2 3 4
2025-12-17T18:51:51.7837415Z # 1 "/tmp/zmk-config/zmk/app/dts/behaviors/sticky_key.dtsi" 1 3 4
2025-12-17T18:51:51.7837652Z 
2025-12-17T18:51:51.7837817Z # 1 "/tmp/zmk-config/zmk/app/include/dt-bindings/zmk/behaviors.h" 1 3 4
2025-12-17T18:51:51.7838226Z # 8 "/tmp/zmk-config/zmk/app/dts/behaviors/sticky_key.dtsi" 2 3 4
2025-12-17T18:51:51.7838457Z 
2025-12-17T18:51:51.7838523Z / {
2025-12-17T18:51:51.7838669Z     behaviors {
2025-12-17T18:51:51.7838778Z 
2025-12-17T18:51:51.7838851Z         /omit-if-no-ref/
2025-12-17T18:51:51.7838978Z 
2025-12-17T18:51:51.7839055Z         sk: sticky_key {
2025-12-17T18:51:51.7839274Z             compatible = "zmk,behavior-sticky-key";
2025-12-17T18:51:51.7839547Z             #binding-cells = <1>;
2025-12-17T18:51:51.7839782Z             release-after-ms = <1000>;
2025-12-17T18:51:51.7840019Z             bindings = <&kp>;
2025-12-17T18:51:51.7840225Z             ignore-modifiers;
2025-12-17T18:51:51.7840442Z             display-name = "Sticky Key";
2025-12-17T18:51:51.7840667Z         };
2025-12-17T18:51:51.7840759Z 
2025-12-17T18:51:51.7840830Z         /omit-if-no-ref/
2025-12-17T18:51:51.7840957Z 
2025-12-17T18:51:51.7841030Z         sl: sticky_layer {
2025-12-17T18:51:51.7841258Z             compatible = "zmk,behavior-sticky-key";
2025-12-17T18:51:51.7841629Z             #binding-cells = <1>;
2025-12-17T18:51:51.7841855Z             release-after-ms = <1000>;
2025-12-17T18:51:51.7842088Z             bindings = <&mo>;
2025-12-17T18:51:51.7842396Z             quick-release;
2025-12-17T18:51:51.7842600Z             display-name = "Sticky Layer";
2025-12-17T18:51:51.7842668Z         };
2025-12-17T18:51:51.7842728Z     };
2025-12-17T18:51:51.7842733Z 
2025-12-17T18:51:51.7842792Z };
2025-12-17T18:51:51.7842921Z # 15 "/tmp/zmk-config/zmk/app/dts/behaviors.dtsi" 2 3 4
2025-12-17T18:51:51.7843085Z # 1 "/tmp/zmk-config/zmk/app/dts/behaviors/momentary_layer.dtsi" 1 3 4
2025-12-17T18:51:51.7843090Z 
2025-12-17T18:51:51.7843253Z # 1 "/tmp/zmk-config/zmk/app/include/dt-bindings/zmk/behaviors.h" 1 3 4
2025-12-17T18:51:51.7843417Z # 8 "/tmp/zmk-config/zmk/app/dts/behaviors/momentary_layer.dtsi" 2 3 4
2025-12-17T18:51:51.7843422Z 
2025-12-17T18:51:51.7843480Z / {
2025-12-17T18:51:51.7843552Z     behaviors {
2025-12-17T18:51:51.7843555Z 
2025-12-17T18:51:51.7843626Z         /omit-if-no-ref/
2025-12-17T18:51:51.7843635Z 
2025-12-17T18:51:51.7843709Z         mo: momentary_layer {
2025-12-17T18:51:51.7843825Z             compatible = "zmk,behavior-momentary-layer";
2025-12-17T18:51:51.7843901Z             #binding-cells = <1>;
2025-12-17T18:51:51.7843991Z             display-name = "Momentary Layer";
2025-12-17T18:51:51.7844059Z         };
2025-12-17T18:51:51.7844119Z     };
2025-12-17T18:51:51.7844178Z };
2025-12-17T18:51:51.7844408Z # 16 "/tmp/zmk-config/zmk/app/dts/behaviors.dtsi" 2 3 4
2025-12-17T18:51:51.7844568Z # 1 "/tmp/zmk-config/zmk/app/dts/behaviors/toggle_layer.dtsi" 1 3 4
2025-12-17T18:51:51.7844573Z 
2025-12-17T18:51:51.7844738Z # 1 "/tmp/zmk-config/zmk/app/include/dt-bindings/zmk/behaviors.h" 1 3 4
2025-12-17T18:51:51.7844882Z # 8 "/tmp/zmk-config/zmk/app/dts/behaviors/toggle_layer.dtsi" 2 3 4
2025-12-17T18:51:51.7844886Z 
2025-12-17T18:51:51.7844945Z / {
2025-12-17T18:51:51.7845017Z     behaviors {
2025-12-17T18:51:51.7845021Z 
2025-12-17T18:51:51.7845092Z         /omit-if-no-ref/
2025-12-17T18:51:51.7845101Z 
2025-12-17T18:51:51.7845179Z         tog: toggle_layer {
2025-12-17T18:51:51.7845288Z             compatible = "zmk,behavior-toggle-layer";
2025-12-17T18:51:51.7845364Z             #binding-cells = <1>;
2025-12-17T18:51:51.7845453Z             display-name = "Toggle Layer";
2025-12-17T18:51:51.7845515Z         };
2025-12-17T18:51:51.7845574Z     };
2025-12-17T18:51:51.7845639Z };
2025-12-17T18:51:51.7845755Z # 17 "/tmp/zmk-config/zmk/app/dts/behaviors.dtsi" 2 3 4
2025-12-17T18:51:51.7845893Z # 1 "/tmp/zmk-config/zmk/app/dts/behaviors/to_layer.dtsi" 1 3 4
2025-12-17T18:51:51.7845897Z 
2025-12-17T18:51:51.7846061Z # 1 "/tmp/zmk-config/zmk/app/include/dt-bindings/zmk/behaviors.h" 1 3 4
2025-12-17T18:51:51.7846192Z # 8 "/tmp/zmk-config/zmk/app/dts/behaviors/to_layer.dtsi" 2 3 4
2025-12-17T18:51:51.7846196Z 
2025-12-17T18:51:51.7846263Z / {
2025-12-17T18:51:51.7846330Z     behaviors {
2025-12-17T18:51:51.7846335Z 
2025-12-17T18:51:51.7846408Z         /omit-if-no-ref/
2025-12-17T18:51:51.7846416Z 
2025-12-17T18:51:51.7846521Z         to: to_layer {
2025-12-17T18:51:51.7846621Z             compatible = "zmk,behavior-to-layer";
2025-12-17T18:51:51.7846696Z             #binding-cells = <1>;
2025-12-17T18:51:51.7846781Z             display-name = "To Layer";
2025-12-17T18:51:51.7846841Z         };
2025-12-17T18:51:51.7846908Z     };
2025-12-17T18:51:51.7846968Z };
2025-12-17T18:51:51.7847080Z # 18 "/tmp/zmk-config/zmk/app/dts/behaviors.dtsi" 2 3 4
2025-12-17T18:51:51.7847219Z # 1 "/tmp/zmk-config/zmk/app/dts/behaviors/reset.dtsi" 1 3 4
2025-12-17T18:51:51.7847224Z 
2025-12-17T18:51:51.7847367Z # 1 "/tmp/zmk-config/zmk/app/include/dt-bindings/zmk/reset.h" 1 3 4
2025-12-17T18:51:51.7847491Z # 8 "/tmp/zmk-config/zmk/app/dts/behaviors/reset.dtsi" 2 3 4
2025-12-17T18:51:51.7847495Z 
2025-12-17T18:51:51.7847560Z / {
2025-12-17T18:51:51.7847626Z     behaviors {
2025-12-17T18:51:51.7847630Z 
2025-12-17T18:51:51.7847710Z         sys_reset: sysreset {
2025-12-17T18:51:51.7847805Z             compatible = "zmk,behavior-reset";
2025-12-17T18:51:51.7847995Z             #binding-cells = <0>;
2025-12-17T18:51:51.7848079Z             display-name = "Reset";
2025-12-17T18:51:51.7848142Z         };
2025-12-17T18:51:51.7848146Z 
2025-12-17T18:51:51.7848225Z         bootloader: bootload {
2025-12-17T18:51:51.7848320Z             compatible = "zmk,behavior-reset";
2025-12-17T18:51:51.7848392Z             type = <0x57>;
2025-12-17T18:51:51.7848466Z             #binding-cells = <0>;
2025-12-17T18:51:51.7848560Z             display-name = "Bootloader";
2025-12-17T18:51:51.7848620Z         };
2025-12-17T18:51:51.7848680Z     };
2025-12-17T18:51:51.7848753Z };
2025-12-17T18:51:51.7848863Z # 19 "/tmp/zmk-config/zmk/app/dts/behaviors.dtsi" 2 3 4
2025-12-17T18:51:51.7849057Z # 1 "/tmp/zmk-config/zmk/app/dts/behaviors/sensor_rotate_key_press.dtsi" 1 3 4
2025-12-17T18:51:51.7849062Z 
2025-12-17T18:51:51.7849119Z / {
2025-12-17T18:51:51.7849183Z     behaviors {
2025-12-17T18:51:51.7849187Z 
2025-12-17T18:51:51.7849325Z         /omit-if-no-ref/ inc_dec_cp: inc_dec_kp: enc_key_press {
2025-12-17T18:51:51.7849443Z             compatible = "zmk,behavior-sensor-rotate-var";
2025-12-17T18:51:51.7849530Z             #sensor-binding-cells = <2>;
2025-12-17T18:51:51.7849612Z             bindings = <&kp>, <&kp>;
2025-12-17T18:51:51.7849672Z         };
2025-12-17T18:51:51.7849735Z     };
2025-12-17T18:51:51.7849794Z };
2025-12-17T18:51:51.7849904Z # 20 "/tmp/zmk-config/zmk/app/dts/behaviors.dtsi" 2 3 4
2025-12-17T18:51:51.7850142Z # 1 "/tmp/zmk-config/zmk/app/dts/behaviors/rgb_underglow.dtsi" 1 3 4
2025-12-17T18:51:51.7850147Z 
2025-12-17T18:51:51.7850206Z / {
2025-12-17T18:51:51.7850271Z     behaviors {
2025-12-17T18:51:51.7850275Z 
2025-12-17T18:51:51.7850347Z         rgb_ug: rgb_ug {
2025-12-17T18:51:51.7850452Z             compatible = "zmk,behavior-rgb-underglow";
2025-12-17T18:51:51.7850529Z             #binding-cells = <2>;
2025-12-17T18:51:51.7850614Z             display-name = "Underglow";
2025-12-17T18:51:51.7850675Z         };
2025-12-17T18:51:51.7850743Z     };
2025-12-17T18:51:51.7850800Z };
2025-12-17T18:51:51.7850963Z # 21 "/tmp/zmk-config/zmk/app/dts/behaviors.dtsi" 2 3 4
2025-12-17T18:51:51.7851225Z # 1 "/tmp/zmk-config/zmk/app/dts/behaviors/bluetooth.dtsi" 1 3 4
2025-12-17T18:51:51.7851230Z 
2025-12-17T18:51:51.7851481Z # 1 "/tmp/zmk-config/zmk/app/include/dt-bindings/zmk/behaviors.h" 1 3 4
2025-12-17T18:51:51.7851651Z # 8 "/tmp/zmk-config/zmk/app/dts/behaviors/bluetooth.dtsi" 2 3 4
2025-12-17T18:51:51.7851660Z 
2025-12-17T18:51:51.7851750Z / {
2025-12-17T18:51:51.7851882Z     behaviors {
2025-12-17T18:51:51.7851886Z 
2025-12-17T18:51:51.7851973Z         /omit-if-no-ref/
2025-12-17T18:51:51.7851977Z 
2025-12-17T18:51:51.7852414Z         bt: bluetooth {
2025-12-17T18:51:51.7852563Z             compatible = "zmk,behavior-bluetooth";
2025-12-17T18:51:51.7852677Z             #binding-cells = <2>;
2025-12-17T18:51:51.7852831Z             display-name = "Bluetooth";
2025-12-17T18:51:51.7852924Z         };
2025-12-17T18:51:51.7853009Z     };
2025-12-17T18:51:51.7853213Z };
2025-12-17T18:51:51.7853364Z # 22 "/tmp/zmk-config/zmk/app/dts/behaviors.dtsi" 2 3 4
2025-12-17T18:51:51.7853537Z # 1 "/tmp/zmk-config/zmk/app/dts/behaviors/ext_power.dtsi" 1 3 4
2025-12-17T18:51:51.7853578Z 
2025-12-17T18:51:51.7853668Z / {
2025-12-17T18:51:51.7853769Z     behaviors {
2025-12-17T18:51:51.7853773Z 
2025-12-17T18:51:51.7853948Z         ext_power: extpower {
2025-12-17T18:51:51.7854128Z             compatible = "zmk,behavior-ext-power";
2025-12-17T18:51:51.7854240Z             #binding-cells = <1>;
2025-12-17T18:51:51.7854402Z             display-name = "External Power";
2025-12-17T18:51:51.7854495Z         };
2025-12-17T18:51:51.7854587Z     };
2025-12-17T18:51:51.7854746Z };
2025-12-17T18:51:51.7854909Z # 23 "/tmp/zmk-config/zmk/app/dts/behaviors.dtsi" 2 3 4
2025-12-17T18:51:51.7855128Z # 1 "/tmp/zmk-config/zmk/app/dts/behaviors/outputs.dtsi" 1 3 4
2025-12-17T18:51:51.7855133Z 
2025-12-17T18:51:51.7855327Z # 1 "/tmp/zmk-config/zmk/app/include/dt-bindings/zmk/behaviors.h" 1 3 4
2025-12-17T18:51:51.7855627Z # 8 "/tmp/zmk-config/zmk/app/dts/behaviors/outputs.dtsi" 2 3 4
2025-12-17T18:51:51.7855632Z 
2025-12-17T18:51:51.7855779Z / {
2025-12-17T18:51:51.7855925Z     behaviors {
2025-12-17T18:51:51.7855929Z 
2025-12-17T18:51:51.7856049Z         /omit-if-no-ref/
2025-12-17T18:51:51.7856092Z 
2025-12-17T18:51:51.7856193Z         out: outputs {
2025-12-17T18:51:51.7856323Z             compatible = "zmk,behavior-outputs";
2025-12-17T18:51:51.7856472Z             #binding-cells = <1>;
2025-12-17T18:51:51.7864908Z             display-name = "Output Selection";
2025-12-17T18:51:51.7865002Z         };
2025-12-17T18:51:51.7865068Z     };
2025-12-17T18:51:51.7865133Z };
2025-12-17T18:51:51.7865282Z # 24 "/tmp/zmk-config/zmk/app/dts/behaviors.dtsi" 2 3 4
2025-12-17T18:51:51.7865454Z # 1 "/tmp/zmk-config/zmk/app/dts/behaviors/caps_word.dtsi" 1 3 4
2025-12-17T18:51:51.7865458Z 
2025-12-17T18:51:51.7865637Z # 1 "/tmp/zmk-config/zmk/app/include/dt-bindings/zmk/behaviors.h" 1 3 4
2025-12-17T18:51:51.7865794Z # 8 "/tmp/zmk-config/zmk/app/dts/behaviors/caps_word.dtsi" 2 3 4
2025-12-17T18:51:51.7865798Z 
2025-12-17T18:51:51.7865865Z / {
2025-12-17T18:51:51.7865932Z     behaviors {
2025-12-17T18:51:51.7865936Z 
2025-12-17T18:51:51.7866011Z         /omit-if-no-ref/
2025-12-17T18:51:51.7866019Z 
2025-12-17T18:51:51.7866099Z         caps_word: caps_word {
2025-12-17T18:51:51.7866206Z             compatible = "zmk,behavior-caps-word";
2025-12-17T18:51:51.7866459Z             #binding-cells = <0>;
2025-12-17T18:51:51.7866686Z             continue-list = <((0x02 << 24 | (((0x07) << 16) | (0x2D)))) ((((0x07) << 16) | (0x2A))) ((((0x07) << 16) | (0x4C)))>;
2025-12-17T18:51:51.7866770Z             display-name = "Caps Word";
2025-12-17T18:51:51.7866837Z         };
2025-12-17T18:51:51.7866897Z     };
2025-12-17T18:51:51.7866956Z };
2025-12-17T18:51:51.7867086Z # 25 "/tmp/zmk-config/zmk/app/dts/behaviors.dtsi" 2 3 4
2025-12-17T18:51:51.7867243Z # 1 "/tmp/zmk-config/zmk/app/dts/behaviors/key_repeat.dtsi" 1 3 4
2025-12-17T18:51:51.7867256Z 
2025-12-17T18:51:51.7867436Z # 1 "/tmp/zmk-config/zmk/app/include/dt-bindings/zmk/behaviors.h" 1 3 4
2025-12-17T18:51:51.7867576Z # 8 "/tmp/zmk-config/zmk/app/dts/behaviors/key_repeat.dtsi" 2 3 4
2025-12-17T18:51:51.7867580Z 
2025-12-17T18:51:51.7867637Z / {
2025-12-17T18:51:51.7867709Z     behaviors {
2025-12-17T18:51:51.7867713Z 
2025-12-17T18:51:51.7867784Z     /omit-if-no-ref/
2025-12-17T18:51:51.7867789Z 
2025-12-17T18:51:51.7867877Z         key_repeat: key_repeat {
2025-12-17T18:51:51.7867985Z             compatible = "zmk,behavior-key-repeat";
2025-12-17T18:51:51.7868064Z             #binding-cells = <0>;
2025-12-17T18:51:51.7868147Z             usage-pages = <(0x07)>;
2025-12-17T18:51:51.7868232Z             display-name = "Key Repeat";
2025-12-17T18:51:51.7868292Z         };
2025-12-17T18:51:51.7868355Z     };
2025-12-17T18:51:51.7868413Z };
2025-12-17T18:51:51.7868533Z # 26 "/tmp/zmk-config/zmk/app/dts/behaviors.dtsi" 2 3 4
2025-12-17T18:51:51.7868699Z # 1 "/tmp/zmk-config/zmk/app/dts/behaviors/backlight.dtsi" 1 3 4
2025-12-17T18:51:51.7868703Z 
2025-12-17T18:51:51.7868875Z # 1 "/tmp/zmk-config/zmk/app/include/dt-bindings/zmk/behaviors.h" 1 3 4
2025-12-17T18:51:51.7869016Z # 8 "/tmp/zmk-config/zmk/app/dts/behaviors/backlight.dtsi" 2 3 4
2025-12-17T18:51:51.7869025Z 
2025-12-17T18:51:51.7869083Z  / {
2025-12-17T18:51:51.7869149Z     behaviors {
2025-12-17T18:51:51.7869153Z 
2025-12-17T18:51:51.7869232Z         /omit-if-no-ref/
2025-12-17T18:51:51.7869240Z 
2025-12-17T18:51:51.7869308Z         bl: bcklight {
2025-12-17T18:51:51.7869411Z             compatible = "zmk,behavior-backlight";
2025-12-17T18:51:51.7869489Z             #binding-cells = <2>;
2025-12-17T18:51:51.7869569Z             display-name = "Backlight";
2025-12-17T18:51:51.7869631Z         };
2025-12-17T18:51:51.7869694Z     };
2025-12-17T18:51:51.7869753Z };
2025-12-17T18:51:51.7869873Z # 27 "/tmp/zmk-config/zmk/app/dts/behaviors.dtsi" 2 3 4
2025-12-17T18:51:51.7870007Z # 1 "/tmp/zmk-config/zmk/app/dts/behaviors/macros.dtsi" 1 3 4
2025-12-17T18:51:51.7870251Z # 29 "/tmp/zmk-config/zmk/app/dts/behaviors/macros.dtsi" 3 4
2025-12-17T18:51:51.7870316Z / {
2025-12-17T18:51:51.7870381Z     behaviors {
2025-12-17T18:51:51.7870460Z         macro_tap: macro_tap {
2025-12-17T18:51:51.7870574Z             compatible = "zmk,macro-control-mode-tap";
2025-12-17T18:51:51.7870648Z             #binding-cells = <0>;
2025-12-17T18:51:51.7870707Z         };
2025-12-17T18:51:51.7870711Z 
2025-12-17T18:51:51.7870799Z         macro_press: macro_press {
2025-12-17T18:51:51.7870916Z             compatible = "zmk,macro-control-mode-press";
2025-12-17T18:51:51.7870996Z             #binding-cells = <0>;
2025-12-17T18:51:51.7871057Z         };
2025-12-17T18:51:51.7871061Z 
2025-12-17T18:51:51.7871143Z         macro_release: macro_release {
2025-12-17T18:51:51.7871263Z             compatible = "zmk,macro-control-mode-release";
2025-12-17T18:51:51.7871336Z             #binding-cells = <0>;
2025-12-17T18:51:51.7871395Z         };
2025-12-17T18:51:51.7871404Z 
2025-12-17T18:51:51.7871493Z         macro_tap_time: macro_tap_time {
2025-12-17T18:51:51.7871596Z             compatible = "zmk,macro-control-tap-time";
2025-12-17T18:51:51.7871669Z             #binding-cells = <1>;
2025-12-17T18:51:51.7871733Z         };
2025-12-17T18:51:51.7871737Z 
2025-12-17T18:51:51.7871822Z         macro_wait_time: macro_wait_time {
2025-12-17T18:51:51.7871931Z             compatible = "zmk,macro-control-wait-time";
2025-12-17T18:51:51.7872081Z             #binding-cells = <1>;
2025-12-17T18:51:51.7872275Z         };
2025-12-17T18:51:51.7872280Z 
2025-12-17T18:51:51.7872400Z         macro_pause_for_release: macro_pause_for_release {
2025-12-17T18:51:51.7872506Z             compatible = "zmk,macro-pause-for-release";
2025-12-17T18:51:51.7872578Z             #binding-cells = <0>;
2025-12-17T18:51:51.7872642Z         };
2025-12-17T18:51:51.7872646Z 
2025-12-17T18:51:51.7872735Z         macro_param_1to1: macro_param_1to1 {
2025-12-17T18:51:51.7872839Z             compatible = "zmk,macro-param-1to1";
2025-12-17T18:51:51.7872917Z             #binding-cells = <0>;
2025-12-17T18:51:51.7872976Z         };
2025-12-17T18:51:51.7872980Z 
2025-12-17T18:51:51.7873068Z         macro_param_1to2: macro_param_1to2 {
2025-12-17T18:51:51.7873156Z             compatible = "zmk,macro-param-1to2";
2025-12-17T18:51:51.7873227Z             #binding-cells = <0>;
2025-12-17T18:51:51.7873290Z         };
2025-12-17T18:51:51.7873294Z 
2025-12-17T18:51:51.7873381Z         macro_param_2to1: macro_param_2to1 {
2025-12-17T18:51:51.7873480Z             compatible = "zmk,macro-param-2to1";
2025-12-17T18:51:51.7873558Z             #binding-cells = <0>;
2025-12-17T18:51:51.7873616Z         };
2025-12-17T18:51:51.7873619Z 
2025-12-17T18:51:51.7873707Z         macro_param_2to2: macro_param_2to2 {
2025-12-17T18:51:51.7873803Z             compatible = "zmk,macro-param-2to2";
2025-12-17T18:51:51.7873879Z             #binding-cells = <0>;
2025-12-17T18:51:51.7873942Z         };
2025-12-17T18:51:51.7874005Z     };
2025-12-17T18:51:51.7874063Z };
2025-12-17T18:51:51.7874194Z # 28 "/tmp/zmk-config/zmk/app/dts/behaviors.dtsi" 2 3 4
2025-12-17T18:51:51.7874343Z # 1 "/tmp/zmk-config/zmk/app/dts/behaviors/soft_off.dtsi" 1 3 4
2025-12-17T18:51:51.7874347Z 
2025-12-17T18:51:51.7874522Z # 1 "/tmp/zmk-config/zmk/app/include/dt-bindings/zmk/behaviors.h" 1 3 4
2025-12-17T18:51:51.7874657Z # 8 "/tmp/zmk-config/zmk/app/dts/behaviors/soft_off.dtsi" 2 3 4
2025-12-17T18:51:51.7874661Z 
2025-12-17T18:51:51.7874723Z / {
2025-12-17T18:51:51.7874794Z     behaviors {
2025-12-17T18:51:51.7874798Z 
2025-12-17T18:51:51.7874870Z         /omit-if-no-ref/
2025-12-17T18:51:51.7874874Z 
2025-12-17T18:51:51.7874956Z         soft_off: z_so_off {
2025-12-17T18:51:51.7875060Z             compatible = "zmk,behavior-soft-off";
2025-12-17T18:51:51.7875135Z             #binding-cells = <0>;
2025-12-17T18:51:51.7875235Z             split-peripheral-off-on-press;
2025-12-17T18:51:51.7875295Z         };
2025-12-17T18:51:51.7875354Z     };
2025-12-17T18:51:51.7875539Z };
2025-12-17T18:51:51.7875659Z # 29 "/tmp/zmk-config/zmk/app/dts/behaviors.dtsi" 2 3 4
2025-12-17T18:51:51.7875818Z # 1 "/tmp/zmk-config/zmk/app/dts/behaviors/studio_unlock.dtsi" 1 3 4
2025-12-17T18:51:51.7875822Z 
2025-12-17T18:51:51.7875884Z / {
2025-12-17T18:51:51.7875948Z     behaviors {
2025-12-17T18:51:51.7876031Z         studio_unlock: studio_unlock {
2025-12-17T18:51:51.7876142Z             compatible = "zmk,behavior-studio-unlock";
2025-12-17T18:51:51.7876220Z             #binding-cells = <0>;
2025-12-17T18:51:51.7876304Z             display-name = "Studio Unlock";
2025-12-17T18:51:51.7876367Z         };
2025-12-17T18:51:51.7876425Z     };
2025-12-17T18:51:51.7876487Z };
2025-12-17T18:51:51.7876601Z # 30 "/tmp/zmk-config/zmk/app/dts/behaviors.dtsi" 2 3 4
2025-12-17T18:51:51.7876744Z # 1 "/tmp/zmk-config/zmk/app/dts/behaviors/mouse_keys.dtsi" 1 3 4
2025-12-17T18:51:51.7876748Z 
2025-12-17T18:51:51.7876924Z # 1 "/tmp/zmk-config/zmk/app/dts/behaviors/mouse_key_press.dtsi" 1 3 4
2025-12-17T18:51:51.7876932Z 
2025-12-17T18:51:51.7877097Z # 1 "/tmp/zmk-config/zmk/app/include/dt-bindings/zmk/behaviors.h" 1 3 4
2025-12-17T18:51:51.7877253Z # 8 "/tmp/zmk-config/zmk/app/dts/behaviors/mouse_key_press.dtsi" 2 3 4
2025-12-17T18:51:51.7877261Z 
2025-12-17T18:51:51.7877320Z / {
2025-12-17T18:51:51.7877384Z     behaviors {
2025-12-17T18:51:51.7877388Z 
2025-12-17T18:51:51.7877462Z         /omit-if-no-ref/
2025-12-17T18:51:51.7877466Z 
2025-12-17T18:51:51.7877646Z         mkp: mouse_key_press {
2025-12-17T18:51:51.7877768Z             compatible = "zmk,behavior-mouse-key-press";
2025-12-17T18:51:51.7877848Z             #binding-cells = <1>;
2025-12-17T18:51:51.7877939Z             display-name = "Mouse Key Press";
2025-12-17T18:51:51.7877999Z         };
2025-12-17T18:51:51.7878063Z     };
2025-12-17T18:51:51.7878067Z 
2025-12-17T18:51:51.7878161Z     mkp_input_listener: mkp_input_listener {
2025-12-17T18:51:51.7878253Z         compatible = "zmk,input-listener";
2025-12-17T18:51:51.7878325Z         device = <&mkp>;
2025-12-17T18:51:51.7878387Z     };
2025-12-17T18:51:51.7878451Z };
2025-12-17T18:51:51.7878597Z # 8 "/tmp/zmk-config/zmk/app/dts/behaviors/mouse_keys.dtsi" 2 3 4
2025-12-17T18:51:51.7878737Z # 1 "/tmp/zmk-config/zmk/app/dts/behaviors/mouse_move.dtsi" 1 3 4
2025-12-17T18:51:51.7878882Z # 9 "/tmp/zmk-config/zmk/app/dts/behaviors/mouse_move.dtsi" 3 4
2025-12-17T18:51:51.7878941Z / {
2025-12-17T18:51:51.7879007Z     behaviors {
2025-12-17T18:51:51.7879104Z         /omit-if-no-ref/ mmv: mouse_move {
2025-12-17T18:51:51.7879213Z             compatible = "zmk,behavior-input-two-axis";
2025-12-17T18:51:51.7879291Z             #binding-cells = <1>;
2025-12-17T18:51:51.7879369Z             x-input-code = <0x00>;
2025-12-17T18:51:51.7879443Z             y-input-code = <0x01>;
2025-12-17T18:51:51.7879532Z             time-to-max-speed-ms = <300>;
2025-12-17T18:51:51.7879618Z             acceleration-exponent = <1>;
2025-12-17T18:51:51.7879677Z         };
2025-12-17T18:51:51.7879739Z     };
2025-12-17T18:51:51.7879747Z 
2025-12-17T18:51:51.7879838Z     mmv_input_listener: mmv_input_listener {
2025-12-17T18:51:51.7879924Z         compatible = "zmk,input-listener";
2025-12-17T18:51:51.7880002Z         device = <&mmv>;
2025-12-17T18:51:51.7880061Z     };
2025-12-17T18:51:51.7880118Z };
2025-12-17T18:51:51.7880266Z # 9 "/tmp/zmk-config/zmk/app/dts/behaviors/mouse_keys.dtsi" 2 3 4
2025-12-17T18:51:51.7880422Z # 1 "/tmp/zmk-config/zmk/app/dts/behaviors/mouse_scroll.dtsi" 1 3 4
2025-12-17T18:51:51.7880577Z # 10 "/tmp/zmk-config/zmk/app/dts/behaviors/mouse_scroll.dtsi" 3 4
2025-12-17T18:51:51.7880636Z / {
2025-12-17T18:51:51.7880699Z     behaviors {
2025-12-17T18:51:51.7880788Z         /omit-if-no-ref/ msc: mouse_scroll {
2025-12-17T18:51:51.7880890Z             compatible = "zmk,behavior-input-two-axis";
2025-12-17T18:51:51.7880963Z             #binding-cells = <1>;
2025-12-17T18:51:51.7881041Z             x-input-code = <0x06>;
2025-12-17T18:51:51.7881112Z             y-input-code = <0x08>;
2025-12-17T18:51:51.7881285Z             time-to-max-speed-ms = <300>;
2025-12-17T18:51:51.7881373Z             acceleration-exponent = <0>;
2025-12-17T18:51:51.7881433Z         };
2025-12-17T18:51:51.7881495Z     };
2025-12-17T18:51:51.7881499Z 
2025-12-17T18:51:51.7881588Z     msc_input_listener: msc_input_listener {
2025-12-17T18:51:51.7881672Z         compatible = "zmk,input-listener";
2025-12-17T18:51:51.7881743Z         device = <&msc>;
2025-12-17T18:51:51.7881804Z     };
2025-12-17T18:51:51.7881861Z };
2025-12-17T18:51:51.7882011Z # 10 "/tmp/zmk-config/zmk/app/dts/behaviors/mouse_keys.dtsi" 2 3 4
2025-12-17T18:51:51.7882227Z # 31 "/tmp/zmk-config/zmk/app/dts/behaviors.dtsi" 2 3 4
2025-12-17T18:51:51.7882337Z # 8 "/tmp/zmk-config/config/eyelash_sofle.keymap" 2
2025-12-17T18:51:51.7882477Z # 1 "/tmp/zmk-config/zmk/app/include/dt-bindings/zmk/bt.h" 1 3 4
2025-12-17T18:51:51.7882578Z # 9 "/tmp/zmk-config/config/eyelash_sofle.keymap" 2
2025-12-17T18:51:51.7882744Z # 1 "/tmp/zmk-config/zmk/app/include/dt-bindings/zmk/ext_power.h" 1 3 4
2025-12-17T18:51:51.7882856Z # 10 "/tmp/zmk-config/config/eyelash_sofle.keymap" 2
2025-12-17T18:51:51.7882861Z 
2025-12-17T18:51:51.7883020Z # 1 "/tmp/zmk-config/zmk/app/include/dt-bindings/zmk/pointing.h" 1 3 4
2025-12-17T18:51:51.7883024Z 
2025-12-17T18:51:51.7883088Z        
2025-12-17T18:51:51.7883191Z # 12 "/tmp/zmk-config/config/eyelash_sofle.keymap" 2
2025-12-17T18:51:51.7883329Z # 1 "/tmp/zmk-config/zmk/app/include/dt-bindings/zmk/rgb.h" 1 3 4
2025-12-17T18:51:51.7883546Z # 13 "/tmp/zmk-config/config/eyelash_sofle.keymap" 2
2025-12-17T18:51:51.7883705Z # 1 "/tmp/zmk-config/zmk/app/include/dt-bindings/zmk/outputs.h" 1 3 4
2025-12-17T18:51:51.7883808Z # 14 "/tmp/zmk-config/config/eyelash_sofle.keymap" 2
2025-12-17T18:51:51.7883913Z # 29 "/tmp/zmk-config/config/eyelash_sofle.keymap"
2025-12-17T18:51:51.7883974Z &mmv {
2025-12-17T18:51:51.7884059Z     time-to-max-speed-ms = <500>;
2025-12-17T18:51:51.7884143Z     acceleration-exponent = <1>;
2025-12-17T18:51:51.7884222Z     trigger-period-ms = <16>;
2025-12-17T18:51:51.7884293Z };
2025-12-17T18:51:51.7884297Z 
2025-12-17T18:51:51.7884353Z / {
2025-12-17T18:51:51.7884416Z     macros {
2025-12-17T18:51:51.7884478Z     };
2025-12-17T18:51:51.7884483Z 
2025-12-17T18:51:51.7884545Z     behaviors {
2025-12-17T18:51:51.7884624Z         five_rights: five_rights {
2025-12-17T18:51:51.7884717Z             compatible = "zmk,behavior-macro";
2025-12-17T18:51:51.7884790Z             #binding-cells = <0>;
2025-12-17T18:51:51.7884867Z             wait-ms = <30>;
2025-12-17T18:51:51.7884938Z             tap-ms = <30>;
2025-12-17T18:51:51.7885194Z             bindings = <&kp ((((0x07) << 16) | (0x4F))) &kp ((((0x07) << 16) | (0x4F))) &kp ((((0x07) << 16) | (0x4F))) &kp ((((0x07) << 16) | (0x4F))) &kp ((((0x07) << 16) | (0x4F)))>;
2025-12-17T18:51:51.7885258Z         };
2025-12-17T18:51:51.7885262Z 
2025-12-17T18:51:51.7885335Z         five_downs: five_downs {
2025-12-17T18:51:51.7885423Z             compatible = "zmk,behavior-macro";
2025-12-17T18:51:51.7885500Z             #binding-cells = <0>;
2025-12-17T18:51:51.7885573Z             wait-ms = <30>;
2025-12-17T18:51:51.7885645Z             tap-ms = <30>;
2025-12-17T18:51:51.7885881Z             bindings = <&kp ((((0x07) << 16) | (0x51))) &kp ((((0x07) << 16) | (0x51))) &kp ((((0x07) << 16) | (0x51))) &kp ((((0x07) << 16) | (0x51))) &kp ((((0x07) << 16) | (0x51)))>;
2025-12-17T18:51:51.7885942Z         };
2025-12-17T18:51:51.7885945Z 
2025-12-17T18:51:51.7886020Z         five_ups: five_ups {
2025-12-17T18:51:51.7886109Z             compatible = "zmk,behavior-macro";
2025-12-17T18:51:51.7886180Z             #binding-cells = <0>;
2025-12-17T18:51:51.7886251Z             wait-ms = <30>;
2025-12-17T18:51:51.7886318Z             tap-ms = <30>;
2025-12-17T18:51:51.7886552Z             bindings = <&kp ((((0x07) << 16) | (0x52))) &kp ((((0x07) << 16) | (0x52))) &kp ((((0x07) << 16) | (0x52))) &kp ((((0x07) << 16) | (0x52))) &kp ((((0x07) << 16) | (0x52)))>;
2025-12-17T18:51:51.7886612Z         };
2025-12-17T18:51:51.7886771Z 
2025-12-17T18:51:51.7886847Z         five_lefts: five_lefts {
2025-12-17T18:51:51.7886938Z             compatible = "zmk,behavior-macro";
2025-12-17T18:51:51.7887011Z             #binding-cells = <0>;
2025-12-17T18:51:51.7887079Z             wait-ms = <30>;
2025-12-17T18:51:51.7887151Z             tap-ms = <30>;
2025-12-17T18:51:51.7887384Z             bindings = <&kp ((((0x07) << 16) | (0x50))) &kp ((((0x07) << 16) | (0x50))) &kp ((((0x07) << 16) | (0x50))) &kp ((((0x07) << 16) | (0x50))) &kp ((((0x07) << 16) | (0x50)))>;
2025-12-17T18:51:51.7887447Z         };
2025-12-17T18:51:51.7887451Z 
2025-12-17T18:51:51.7887537Z         ctrl_five_rights: ctrl_five_rights {
2025-12-17T18:51:51.7887621Z             compatible = "zmk,behavior-macro";
2025-12-17T18:51:51.7887696Z             #binding-cells = <0>;
2025-12-17T18:51:51.7887762Z             wait-ms = <30>;
2025-12-17T18:51:51.7887829Z             tap-ms = <30>;
2025-12-17T18:51:51.7887899Z             bindings =
2025-12-17T18:51:51.7888003Z                 <&macro_press &kp (((((0x07) << 16) | (0xE0))))>,
2025-12-17T18:51:51.7888104Z                 <&macro_tap &kp ((((0x07) << 16) | (0x4F)))>,
2025-12-17T18:51:51.7888192Z                 <&macro_tap &kp ((((0x07) << 16) | (0x4F)))>,
2025-12-17T18:51:51.7888275Z                 <&macro_tap &kp ((((0x07) << 16) | (0x4F)))>,
2025-12-17T18:51:51.7888363Z                 <&macro_tap &kp ((((0x07) << 16) | (0x4F)))>,
2025-12-17T18:51:51.7888447Z                 <&macro_tap &kp ((((0x07) << 16) | (0x4F)))>,
2025-12-17T18:51:51.7888628Z                 <&macro_release &kp (((((0x07) << 16) | (0xE0))))>;
2025-12-17T18:51:51.7888694Z         };
2025-12-17T18:51:51.7888697Z 
2025-12-17T18:51:51.7888780Z         ctrl_five_lefts: ctrl_five_lefts {
2025-12-17T18:51:51.7888866Z             compatible = "zmk,behavior-macro";
2025-12-17T18:51:51.7888943Z             #binding-cells = <0>;
2025-12-17T18:51:51.7889010Z             wait-ms = <30>;
2025-12-17T18:51:51.7889082Z             tap-ms = <30>;
2025-12-17T18:51:51.7889151Z             bindings =
2025-12-17T18:51:51.7889247Z                 <&macro_press &kp (((((0x07) << 16) | (0xE0))))>,
2025-12-17T18:51:51.7889336Z                 <&macro_tap &kp ((((0x07) << 16) | (0x50)))>,
2025-12-17T18:51:51.7889422Z                 <&macro_tap &kp ((((0x07) << 16) | (0x50)))>,
2025-12-17T18:51:51.7889506Z                 <&macro_tap &kp ((((0x07) << 16) | (0x50)))>,
2025-12-17T18:51:51.7889592Z                 <&macro_tap &kp ((((0x07) << 16) | (0x50)))>,
2025-12-17T18:51:51.7889679Z                 <&macro_tap &kp ((((0x07) << 16) | (0x50)))>,
2025-12-17T18:51:51.7889782Z                 <&macro_release &kp (((((0x07) << 16) | (0xE0))))>;
2025-12-17T18:51:51.7889841Z         };
2025-12-17T18:51:51.7889844Z 
2025-12-17T18:51:51.7889913Z         win_z_4: win_z_4 {
2025-12-17T18:51:51.7890001Z             compatible = "zmk,behavior-macro";
2025-12-17T18:51:51.7890072Z             #binding-cells = <0>;
2025-12-17T18:51:51.7890141Z             wait-ms = <500>;
2025-12-17T18:51:51.7890213Z             tap-ms = <50>;
2025-12-17T18:51:51.7890509Z             bindings = <&kp (((((0x07) << 16) | (0x29)))) &kp (0x08 << 24 | ((((0x07) << 16) | (0x1D)))) &macro_wait_time 1000 &kp (((((0x07) << 16) | (0x21)))) &kp (((((0x07) << 16) | (0x28))))>;
2025-12-17T18:51:51.7890569Z         };
2025-12-17T18:51:51.7890579Z 
2025-12-17T18:51:51.7890646Z         win_z_5: win_z_5 {
2025-12-17T18:51:51.7890733Z             compatible = "zmk,behavior-macro";
2025-12-17T18:51:51.7890813Z             #binding-cells = <0>;
2025-12-17T18:51:51.7890881Z             wait-ms = <500>;
2025-12-17T18:51:51.7890949Z             tap-ms = <50>;
2025-12-17T18:51:51.7891234Z             bindings = <&kp (((((0x07) << 16) | (0x29)))) &kp (0x08 << 24 | ((((0x07) << 16) | (0x1D)))) &macro_wait_time 1000 &kp (((((0x07) << 16) | (0x22)))) &kp (((((0x07) << 16) | (0x28))))>;
2025-12-17T18:51:51.7891295Z         };
2025-12-17T18:51:51.7891298Z 
2025-12-17T18:51:51.7891368Z         win_z_6: win_z_6 {
2025-12-17T18:51:51.7891453Z             compatible = "zmk,behavior-macro";
2025-12-17T18:51:51.7891609Z             #binding-cells = <0>;
2025-12-17T18:51:51.7891681Z             wait-ms = <500>;
2025-12-17T18:51:51.7891747Z             tap-ms = <50>;
2025-12-17T18:51:51.7892024Z             bindings = <&kp (((((0x07) << 16) | (0x29)))) &kp (0x08 << 24 | ((((0x07) << 16) | (0x1D)))) &macro_wait_time 1000 &kp (((((0x07) << 16) | (0x23)))) &kp (((((0x07) << 16) | (0x28))))>;
2025-12-17T18:51:51.7892245Z         };
2025-12-17T18:51:51.7892251Z 
2025-12-17T18:51:51.7892328Z         win_z_7: win_z_7 {
2025-12-17T18:51:51.7892413Z             compatible = "zmk,behavior-macro";
2025-12-17T18:51:51.7892490Z             #binding-cells = <0>;
2025-12-17T18:51:51.7892558Z             wait-ms = <500>;
2025-12-17T18:51:51.7892629Z             tap-ms = <50>;
2025-12-17T18:51:51.7892903Z             bindings = <&kp (((((0x07) << 16) | (0x29)))) &kp (0x08 << 24 | ((((0x07) << 16) | (0x1D)))) &macro_wait_time 1000 &kp (((((0x07) << 16) | (0x24)))) &kp (((((0x07) << 16) | (0x28))))>;
2025-12-17T18:51:51.7892969Z         };
2025-12-17T18:51:51.7892973Z 
2025-12-17T18:51:51.7893063Z         win_z_8: win_z_8 {
2025-12-17T18:51:51.7893146Z             compatible = "zmk,behavior-macro";
2025-12-17T18:51:51.7893230Z             #binding-cells = <0>;
2025-12-17T18:51:51.7893315Z             wait-ms = <500>;
2025-12-17T18:51:51.7893380Z             tap-ms = <50>;
2025-12-17T18:51:51.7893774Z             bindings = <&kp (((((0x07) << 16) | (0x29)))) &kp (0x08 << 24 | ((((0x07) << 16) | (0x1D)))) &macro_wait_time 1000 &kp (((((0x07) << 16) | (0x25)))) &kp (((((0x07) << 16) | (0x28))))>;
2025-12-17T18:51:51.7893839Z         };
2025-12-17T18:51:51.7893842Z 
2025-12-17T18:51:51.7893939Z         win_alt_shift_comma: win_alt_shift_comma {
2025-12-17T18:51:51.7894029Z             compatible = "zmk,behavior-macro";
2025-12-17T18:51:51.7894101Z             #binding-cells = <0>;
2025-12-17T18:51:51.7894169Z             wait-ms = <30>;
2025-12-17T18:51:51.7894239Z             tap-ms = <30>;
2025-12-17T18:51:51.7894403Z             bindings = <&kp (0x08 << 24 | (0x04 << 24 | (0x02 << 24 | ((((0x07) << 16) | (0x36))))))>;
2025-12-17T18:51:51.7894468Z         };
2025-12-17T18:51:51.7894471Z 
2025-12-17T18:51:51.7894553Z         win_alt_shift_n: win_alt_shift_n {
2025-12-17T18:51:51.7894636Z             compatible = "zmk,behavior-macro";
2025-12-17T18:51:51.7894713Z             #binding-cells = <0>;
2025-12-17T18:51:51.7894781Z             wait-ms = <30>;
2025-12-17T18:51:51.7894852Z             tap-ms = <30>;
2025-12-17T18:51:51.7895009Z             bindings = <&kp (0x08 << 24 | (0x04 << 24 | (0x02 << 24 | ((((0x07) << 16) | (0x11))))))>;
2025-12-17T18:51:51.7895068Z         };
2025-12-17T18:51:51.7895071Z 
2025-12-17T18:51:51.7895148Z         was_up: was_up {
2025-12-17T18:51:51.7895230Z             compatible = "zmk,behavior-macro";
2025-12-17T18:51:51.7895302Z             #binding-cells = <0>;
2025-12-17T18:51:51.7895370Z             wait-ms = <30>;
2025-12-17T18:51:51.7895443Z             tap-ms = <30>;
2025-12-17T18:51:51.7895601Z             bindings = <&kp (0x08 << 24 | (0x04 << 24 | (0x02 << 24 | ((((0x07) << 16) | (0x52))))))>;
2025-12-17T18:51:51.7895659Z         };
2025-12-17T18:51:51.7895663Z 
2025-12-17T18:51:51.7895736Z         was_down: was_down {
2025-12-17T18:51:51.7895818Z             compatible = "zmk,behavior-macro";
2025-12-17T18:51:51.7895892Z             #binding-cells = <0>;
2025-12-17T18:51:51.7895957Z             wait-ms = <30>;
2025-12-17T18:51:51.7896027Z             tap-ms = <30>;
2025-12-17T18:51:51.7896178Z             bindings = <&kp (0x08 << 24 | (0x04 << 24 | (0x02 << 24 | ((((0x07) << 16) | (0x51))))))>;
2025-12-17T18:51:51.7896236Z         };
2025-12-17T18:51:51.7896239Z 
2025-12-17T18:51:51.7896310Z         was_left: was_left {
2025-12-17T18:51:51.7896398Z             compatible = "zmk,behavior-macro";
2025-12-17T18:51:51.7896469Z             #binding-cells = <0>;
2025-12-17T18:51:51.7896534Z             wait-ms = <30>;
2025-12-17T18:51:51.7896602Z             tap-ms = <30>;
2025-12-17T18:51:51.7896860Z             bindings = <&kp (0x08 << 24 | (0x04 << 24 | (0x02 << 24 | ((((0x07) << 16) | (0x50))))))>;
2025-12-17T18:51:51.7896923Z         };
2025-12-17T18:51:51.7896927Z 
2025-12-17T18:51:51.7896999Z         was_right: was_right {
2025-12-17T18:51:51.7897081Z             compatible = "zmk,behavior-macro";
2025-12-17T18:51:51.7897154Z             #binding-cells = <0>;
2025-12-17T18:51:51.7897219Z             wait-ms = <30>;
2025-12-17T18:51:51.7897288Z             tap-ms = <30>;
2025-12-17T18:51:51.7897435Z             bindings = <&kp (0x08 << 24 | (0x04 << 24 | (0x02 << 24 | ((((0x07) << 16) | (0x4F))))))>;
2025-12-17T18:51:51.7897492Z         };
2025-12-17T18:51:51.7897496Z 
2025-12-17T18:51:51.7897591Z         ctrl_shift_home_del: ctrl_shift_home_del {
2025-12-17T18:51:51.7897672Z             compatible = "zmk,behavior-macro";
2025-12-17T18:51:51.7897742Z             #binding-cells = <0>;
2025-12-17T18:51:51.7897810Z             wait-ms = <30>;
2025-12-17T18:51:51.7897879Z             tap-ms = <30>;
2025-12-17T18:51:51.7898054Z             bindings = <&kp (0x01 << 24 | (0x02 << 24 | ((((0x07) << 16) | (0x4A))))) &kp ((((0x07) << 16) | (0x4C)))>;
2025-12-17T18:51:51.7898116Z         };
2025-12-17T18:51:51.7898120Z 
2025-12-17T18:51:51.7898209Z         ctrl_shift_end_del: ctrl_shift_end_del {
2025-12-17T18:51:51.7898291Z             compatible = "zmk,behavior-macro";
2025-12-17T18:51:51.7898365Z             #binding-cells = <0>;
2025-12-17T18:51:51.7898508Z             wait-ms = <30>;
2025-12-17T18:51:51.7898579Z             tap-ms = <30>;
2025-12-17T18:51:51.7898746Z             bindings = <&kp (0x01 << 24 | (0x02 << 24 | ((((0x07) << 16) | (0x4D))))) &kp ((((0x07) << 16) | (0x4C)))>;
2025-12-17T18:51:51.7898804Z         };
2025-12-17T18:51:51.7898808Z 
2025-12-17T18:51:51.7898891Z         shift_home_del: shift_home_del {
2025-12-17T18:51:51.7898975Z             compatible = "zmk,behavior-macro";
2025-12-17T18:51:51.7899045Z             #binding-cells = <0>;
2025-12-17T18:51:51.7899122Z             wait-ms = <30>;
2025-12-17T18:51:51.7899186Z             tap-ms = <30>;
2025-12-17T18:51:51.7899338Z             bindings = <&kp (0x02 << 24 | ((((0x07) << 16) | (0x4A)))) &kp ((((0x07) << 16) | (0x4C)))>;
2025-12-17T18:51:51.7899400Z         };
2025-12-17T18:51:51.7899404Z 
2025-12-17T18:51:51.7899484Z         shift_end_del: shift_end_del {
2025-12-17T18:51:51.7899570Z             compatible = "zmk,behavior-macro";
2025-12-17T18:51:51.7899644Z             #binding-cells = <0>;
2025-12-17T18:51:51.7899710Z             wait-ms = <30>;
2025-12-17T18:51:51.7899779Z             tap-ms = <30>;
2025-12-17T18:51:51.7899928Z             bindings = <&kp (0x02 << 24 | ((((0x07) << 16) | (0x4D)))) &kp ((((0x07) << 16) | (0x4C)))>;
2025-12-17T18:51:51.7899987Z         };
2025-12-17T18:51:51.7899990Z 
2025-12-17T18:51:51.7900079Z         select_all_copy: select_all_copy {
2025-12-17T18:51:51.7900162Z             compatible = "zmk,behavior-macro";
2025-12-17T18:51:51.7900237Z             #binding-cells = <0>;
2025-12-17T18:51:51.7900309Z             label = "SACPY";
2025-12-17T18:51:51.7900375Z             wait-ms = <20>;
2025-12-17T18:51:51.7900442Z             tap-ms = <20>;
2025-12-17T18:51:51.7900609Z             bindings = <&kp (0x01 << 24 | ((((0x07) << 16) | (0x04)))) &kp (0x01 << 24 | ((((0x07) << 16) | (0x06))))>;
2025-12-17T18:51:51.7900667Z         };
2025-12-17T18:51:51.7900671Z 
2025-12-17T18:51:51.7900755Z         select_all_cut: select_all_cut {
2025-12-17T18:51:51.7900842Z             compatible = "zmk,behavior-macro";
2025-12-17T18:51:51.7900917Z             #binding-cells = <0>;
2025-12-17T18:51:51.7900984Z             label = "SAX";
2025-12-17T18:51:51.7901050Z             wait-ms = <20>;
2025-12-17T18:51:51.7901117Z             tap-ms = <20>;
2025-12-17T18:51:51.7901279Z             bindings = <&kp (0x01 << 24 | ((((0x07) << 16) | (0x04)))) &kp (0x01 << 24 | ((((0x07) << 16) | (0x1B))))>;
2025-12-17T18:51:51.7901338Z         };
2025-12-17T18:51:51.7901342Z 
2025-12-17T18:51:51.7901511Z         select_all_del: select_all_del {
2025-12-17T18:51:51.7901594Z             compatible = "zmk,behavior-macro";
2025-12-17T18:51:51.7901667Z             #binding-cells = <0>;
2025-12-17T18:51:51.7901737Z             label = "SADEL";
2025-12-17T18:51:51.7901804Z             wait-ms = <20>;
2025-12-17T18:51:51.7901873Z             tap-ms = <20>;
2025-12-17T18:51:51.7902018Z             bindings = <&kp (0x01 << 24 | ((((0x07) << 16) | (0x04)))) &kp ((((0x07) << 16) | (0x4C)))>;
2025-12-17T18:51:51.7902081Z         };
2025-12-17T18:51:51.7902085Z 
2025-12-17T18:51:51.7902267Z         morph_left: morph_left {
2025-12-17T18:51:51.7902364Z             compatible = "zmk,behavior-mod-morph";
2025-12-17T18:51:51.7902436Z             #binding-cells = <0>;
2025-12-17T18:51:51.7902531Z             bindings = <&five_lefts>, <&five_lefts>;
2025-12-17T18:51:51.7902603Z             mods = <(0x01 | 0x10)>;
2025-12-17T18:51:51.7902678Z             keep-mods = <(0x01 | 0x10)>;
2025-12-17T18:51:51.7902741Z         };
2025-12-17T18:51:51.7902750Z 
2025-12-17T18:51:51.7902830Z         morph_right: morph_right {
2025-12-17T18:51:51.7902926Z             compatible = "zmk,behavior-mod-morph";
2025-12-17T18:51:51.7902999Z             #binding-cells = <0>;
2025-12-17T18:51:51.7903098Z             bindings = <&five_rights>, <&five_rights>;
2025-12-17T18:51:51.7903170Z             mods = <(0x01 | 0x10)>;
2025-12-17T18:51:51.7903246Z             keep-mods = <(0x01 | 0x10)>;
2025-12-17T18:51:51.7903303Z         };
2025-12-17T18:51:51.7903418Z 
2025-12-17T18:51:51.7903497Z         morph_up: morph_up {
2025-12-17T18:51:51.7903592Z             compatible = "zmk,behavior-mod-morph";
2025-12-17T18:51:51.7903664Z             #binding-cells = <0>;
2025-12-17T18:51:51.7903798Z             bindings = <&five_ups>, <&kp ((((0x0C) << 16) | (0xB5)))>;
2025-12-17T18:51:51.7903867Z             mods = <(0x01 | 0x10)>;
2025-12-17T18:51:51.7903929Z         };
2025-12-17T18:51:51.7903933Z 
2025-12-17T18:51:51.7904008Z         morph_down: morph_down {
2025-12-17T18:51:51.7904100Z             compatible = "zmk,behavior-mod-morph";
2025-12-17T18:51:51.7904176Z             #binding-cells = <0>;
2025-12-17T18:51:51.7904308Z             bindings = <&five_downs>, <&kp (((((0x0C) << 16) | (0xB6))))>;
2025-12-17T18:51:51.7904376Z             mods = <(0x01 | 0x10)>;
2025-12-17T18:51:51.7904438Z         };
2025-12-17T18:51:51.7904441Z 
2025-12-17T18:51:51.7904518Z         morph_mmv_up: morph_mmv_up {
2025-12-17T18:51:51.7904613Z             compatible = "zmk,behavior-mod-morph";
2025-12-17T18:51:51.7904685Z             #binding-cells = <0>;
2025-12-17T18:51:51.7904787Z             bindings = <&mmv ((-180) & 0xFFFF)>, <&was_up>;
2025-12-17T18:51:51.7904857Z             mods = <(0x01 | 0x10)>;
2025-12-17T18:51:51.7904916Z         };
2025-12-17T18:51:51.7904920Z 
2025-12-17T18:51:51.7905001Z         morph_mmv_down: morph_mmv_down {
2025-12-17T18:51:51.7905100Z             compatible = "zmk,behavior-mod-morph";
2025-12-17T18:51:51.7905170Z             #binding-cells = <0>;
2025-12-17T18:51:51.7905277Z             bindings = <&mmv ((180) & 0xFFFF)>, <&was_down>;
2025-12-17T18:51:51.7905348Z             mods = <(0x01 | 0x10)>;
2025-12-17T18:51:51.7905407Z         };
2025-12-17T18:51:51.7905410Z 
2025-12-17T18:51:51.7905492Z         morph_mmv_left: morph_mmv_left {
2025-12-17T18:51:51.7905580Z             compatible = "zmk,behavior-mod-morph";
2025-12-17T18:51:51.7905652Z             #binding-cells = <0>;
2025-12-17T18:51:51.7905777Z             bindings = <&mmv (((-180) & 0xFFFF) << 16)>, <&was_left>;
2025-12-17T18:51:51.7905844Z             mods = <(0x01 | 0x10)>;
2025-12-17T18:51:51.7905902Z         };
2025-12-17T18:51:51.7905905Z 
2025-12-17T18:51:51.7905992Z         morph_mmv_right: morph_mmv_right {
2025-12-17T18:51:51.7906082Z             compatible = "zmk,behavior-mod-morph";
2025-12-17T18:51:51.7906156Z             #binding-cells = <0>;
2025-12-17T18:51:51.7906269Z             bindings = <&mmv (((180) & 0xFFFF) << 16)>, <&was_right>;
2025-12-17T18:51:51.7906335Z             mods = <(0x01 | 0x10)>;
2025-12-17T18:51:51.7906511Z         };
2025-12-17T18:51:51.7906514Z 
2025-12-17T18:51:51.7906587Z         prev_win: prev_win {
2025-12-17T18:51:51.7906673Z                 compatible = "zmk,behavior-macro";
2025-12-17T18:51:51.7906754Z                 #binding-cells = <0>;
2025-12-17T18:51:51.7906825Z                 label = "PREV_WIN";
2025-12-17T18:51:51.7906948Z                 bindings = <&kp (0x04 << 24 | ((((0x07) << 16) | (0x2B))))>;
2025-12-17T18:51:51.7907016Z             };
2025-12-17T18:51:51.7907020Z 
2025-12-17T18:51:51.7907101Z         second_prev_win: second_prev_win {
2025-12-17T18:51:51.7907188Z                 compatible = "zmk,behavior-macro";
2025-12-17T18:51:51.7907263Z                 #binding-cells = <0>;
2025-12-17T18:51:51.7907339Z                 label = "SEC_PREV_WIN";
2025-12-17T18:51:51.7907415Z                 wait-ms = <30>;
2025-12-17T18:51:51.7907486Z                 tap-ms = <30>;
2025-12-17T18:51:51.7907553Z                 bindings =
2025-12-17T18:51:51.7907662Z                     <&macro_press &kp (((((0x07) << 16) | (0xE2))))>,
2025-12-17T18:51:51.7907757Z                     <&macro_tap &kp ((((0x07) << 16) | (0x2B)))>,
2025-12-17T18:51:51.7907850Z                     <&macro_tap &kp ((((0x07) << 16) | (0x2B)))>,
2025-12-17T18:51:51.7907956Z                     <&macro_release &kp (((((0x07) << 16) | (0xE2))))>;
2025-12-17T18:51:51.7908014Z         };
2025-12-17T18:51:51.7908017Z 
2025-12-17T18:51:51.7908172Z         meh_press: meh_press {
2025-12-17T18:51:51.7908264Z             compatible = "zmk,behavior-macro";
2025-12-17T18:51:51.7908337Z             #binding-cells = <0>;
2025-12-17T18:51:51.7908465Z             bindings = <&macro_press &kp (((((0x07) << 16) | (0xE0))))
2025-12-17T18:51:51.7908560Z                         &macro_press &kp (((((0x07) << 16) | (0xE2))))
2025-12-17T18:51:51.7908660Z                         &macro_press &kp (((((0x07) << 16) | (0xE1))))>;
2025-12-17T18:51:51.7908723Z         };
2025-12-17T18:51:51.7908727Z 
2025-12-17T18:51:51.7908802Z         caw_press: caw_press {
2025-12-17T18:51:51.7908891Z             compatible = "zmk,behavior-macro";
2025-12-17T18:51:51.7908969Z             #binding-cells = <0>;
2025-12-17T18:51:51.7909100Z             bindings = <&macro_press &kp (((((0x07) << 16) | (0xE0))))
2025-12-17T18:51:51.7909204Z                         &macro_press &kp (((((0x07) << 16) | (0xE2))))
2025-12-17T18:51:51.7909306Z                         &macro_press &kp (((((0x07) << 16) | (0xE3))))>;
2025-12-17T18:51:51.7909372Z         };
2025-12-17T18:51:51.7909375Z 
2025-12-17T18:51:51.7909460Z         meh_release: meh_release {
2025-12-17T18:51:51.7909552Z             compatible = "zmk,behavior-macro";
2025-12-17T18:51:51.7909631Z             #binding-cells = <0>;
2025-12-17T18:51:51.7909760Z             bindings = <&macro_release &kp (((((0x07) << 16) | (0xE0))))
2025-12-17T18:51:51.7909856Z                         &macro_release &kp (((((0x07) << 16) | (0xE2))))
2025-12-17T18:51:51.7909962Z                         &macro_release &kp (((((0x07) << 16) | (0xE1))))>;
2025-12-17T18:51:51.7910025Z         };
2025-12-17T18:51:51.7910029Z 
2025-12-17T18:51:51.7910105Z         caw_release: caw_release {
2025-12-17T18:51:51.7910196Z             compatible = "zmk,behavior-macro";
2025-12-17T18:51:51.7910269Z             #binding-cells = <0>;
2025-12-17T18:51:51.7910390Z             bindings = <&macro_release &kp (((((0x07) << 16) | (0xE0))))
2025-12-17T18:51:51.7910489Z                         &macro_release &kp (((((0x07) << 16) | (0xE2))))
2025-12-17T18:51:51.7910590Z                         &macro_release &kp (((((0x07) << 16) | (0xE3))))>;
2025-12-17T18:51:51.7910654Z         };
2025-12-17T18:51:51.7910657Z 
2025-12-17T18:51:51.7910724Z         meh_a: meh_a {
2025-12-17T18:51:51.7910809Z             compatible = "zmk,behavior-macro";
2025-12-17T18:51:51.7910885Z             #binding-cells = <0>;
2025-12-17T18:51:51.7910955Z             label = "MEH_A";
2025-12-17T18:51:51.7911131Z             bindings = <&meh_press &macro_tap &kp ((((0x07) << 16) | (0x04))) &meh_release>;
2025-12-17T18:51:51.7911277Z         };
2025-12-17T18:51:51.7911281Z 
2025-12-17T18:51:51.7911346Z         meh_s: meh_s {
2025-12-17T18:51:51.7911436Z             compatible = "zmk,behavior-macro";
2025-12-17T18:51:51.7911509Z             #binding-cells = <0>;
2025-12-17T18:51:51.7911579Z             label = "MEH_S";
2025-12-17T18:51:51.7911744Z             bindings = <&meh_press &macro_tap &kp ((((0x07) << 16) | (0x16))) &meh_release>;
2025-12-17T18:51:51.7911808Z         };
2025-12-17T18:51:51.7911811Z 
2025-12-17T18:51:51.7911873Z         meh_d: meh_d {
2025-12-17T18:51:51.7911961Z             compatible = "zmk,behavior-macro";
2025-12-17T18:51:51.7912032Z             #binding-cells = <0>;
2025-12-17T18:51:51.7912206Z             label = "MEH_D";
2025-12-17T18:51:51.7912367Z             bindings = <&meh_press &macro_tap &kp ((((0x07) << 16) | (0x07))) &meh_release>;
2025-12-17T18:51:51.7912425Z         };
2025-12-17T18:51:51.7912429Z 
2025-12-17T18:51:51.7912499Z         meh_f: meh_f {
2025-12-17T18:51:51.7912582Z             compatible = "zmk,behavior-macro";
2025-12-17T18:51:51.7912653Z             #binding-cells = <0>;
2025-12-17T18:51:51.7912723Z             label = "MEH_F";
2025-12-17T18:51:51.7912880Z             bindings = <&meh_press &macro_tap &kp ((((0x07) << 16) | (0x09))) &meh_release>;
2025-12-17T18:51:51.7912938Z         };
2025-12-17T18:51:51.7912945Z 
2025-12-17T18:51:51.7913008Z         caw_a: caw_a {
2025-12-17T18:51:51.7913203Z             compatible = "zmk,behavior-macro";
2025-12-17T18:51:51.7913281Z             #binding-cells = <0>;
2025-12-17T18:51:51.7913347Z             label = "CAW_A";
2025-12-17T18:51:51.7913504Z             bindings = <&caw_press &macro_tap &kp ((((0x07) << 16) | (0x04))) &caw_release>;
2025-12-17T18:51:51.7913566Z         };
2025-12-17T18:51:51.7913569Z 
2025-12-17T18:51:51.7913633Z         caw_s: caw_s {
2025-12-17T18:51:51.7913716Z             compatible = "zmk,behavior-macro";
2025-12-17T18:51:51.7913792Z             #binding-cells = <0>;
2025-12-17T18:51:51.7913863Z             label = "CAW_S";
2025-12-17T18:51:51.7914020Z             bindings = <&caw_press &macro_tap &kp ((((0x07) << 16) | (0x16))) &caw_release>;
2025-12-17T18:51:51.7914079Z         };
2025-12-17T18:51:51.7914083Z 
2025-12-17T18:51:51.7914148Z         caw_d: caw_d {
2025-12-17T18:51:51.7914233Z             compatible = "zmk,behavior-macro";
2025-12-17T18:51:51.7914304Z             #binding-cells = <0>;
2025-12-17T18:51:51.7914375Z             label = "CAW_D";
2025-12-17T18:51:51.7914533Z             bindings = <&caw_press &macro_tap &kp ((((0x07) << 16) | (0x07))) &caw_release>;
2025-12-17T18:51:51.7914592Z         };
2025-12-17T18:51:51.7914596Z 
2025-12-17T18:51:51.7914661Z         caw_f: caw_f {
2025-12-17T18:51:51.7914744Z             compatible = "zmk,behavior-macro";
2025-12-17T18:51:51.7914814Z             #binding-cells = <0>;
2025-12-17T18:51:51.7914882Z             label = "CAW_F";
2025-12-17T18:51:51.7915038Z             bindings = <&caw_press &macro_tap &kp ((((0x07) << 16) | (0x09))) &caw_release>;
2025-12-17T18:51:51.7915101Z         };
2025-12-17T18:51:51.7915105Z 
2025-12-17T18:51:51.7915172Z         caw_q: caw_q {
2025-12-17T18:51:51.7915261Z             compatible = "zmk,behavior-macro";
2025-12-17T18:51:51.7915332Z             #binding-cells = <0>;
2025-12-17T18:51:51.7915404Z             label = "CAW_Q";
2025-12-17T18:51:51.7915563Z             bindings = <&caw_press &macro_tap &kp ((((0x07) << 16) | (0x14))) &caw_release>;
2025-12-17T18:51:51.7915627Z         };
2025-12-17T18:51:51.7915630Z 
2025-12-17T18:51:51.7915693Z         caw_w: caw_w {
2025-12-17T18:51:51.7915776Z             compatible = "zmk,behavior-macro";
2025-12-17T18:51:51.7915850Z             #binding-cells = <0>;
2025-12-17T18:51:51.7915917Z             label = "CAW_W";
2025-12-17T18:51:51.7916077Z             bindings = <&caw_press &macro_tap &kp ((((0x07) << 16) | (0x1A))) &caw_release>;
2025-12-17T18:51:51.7916139Z         };
2025-12-17T18:51:51.7916142Z 
2025-12-17T18:51:51.7916318Z         caw_e: caw_e {
2025-12-17T18:51:51.7916402Z             compatible = "zmk,behavior-macro";
2025-12-17T18:51:51.7916476Z             #binding-cells = <0>;
2025-12-17T18:51:51.7916542Z             label = "CAW_E";
2025-12-17T18:51:51.7916699Z             bindings = <&caw_press &macro_tap &kp ((((0x07) << 16) | (0x08))) &caw_release>;
2025-12-17T18:51:51.7916757Z         };
2025-12-17T18:51:51.7916761Z 
2025-12-17T18:51:51.7916822Z         caw_r: caw_r {
2025-12-17T18:51:51.7916919Z             compatible = "zmk,behavior-macro";
2025-12-17T18:51:51.7916990Z             #binding-cells = <0>;
2025-12-17T18:51:51.7917054Z             label = "CAW_R";
2025-12-17T18:51:51.7917212Z             bindings = <&caw_press &macro_tap &kp ((((0x07) << 16) | (0x15))) &caw_release>;
2025-12-17T18:51:51.7917271Z         };
2025-12-17T18:51:51.7917274Z 
2025-12-17T18:51:51.7917349Z         td_n7_l: tap_dance_n7_l {
2025-12-17T18:51:51.7917449Z             compatible = "zmk,behavior-tap-dance";
2025-12-17T18:51:51.7917527Z             #binding-cells = <0>;
2025-12-17T18:51:51.7917607Z             tapping-term-ms = <400>;
2025-12-17T18:51:51.7917861Z             bindings = <&kp (0x08 << 24 | (0x04 << 24 | (0x02 << 24 | (((((0x07) << 16) | (0x27)))))))>, <&kp (0x08 << 24 | (0x04 << 24 | (0x02 << 24 | ((((0x07) << 16) | (0x0D))))))>;
2025-12-17T18:51:51.7917920Z         };
2025-12-17T18:51:51.7917923Z 
2025-12-17T18:51:51.7918002Z         ht_n0_td: hold_tap_n0_td {
2025-12-17T18:51:51.7918182Z             compatible = "zmk,behavior-hold-tap";
2025-12-17T18:51:51.7918259Z             #binding-cells = <2>;
2025-12-17T18:51:51.7918340Z             flavor = "tap-preferred";
2025-12-17T18:51:51.7918415Z             tapping-term-ms = <200>;
2025-12-17T18:51:51.7918496Z             bindings = <&kp>, <&td_n7_l>;
2025-12-17T18:51:51.7918554Z         };
2025-12-17T18:51:51.7918558Z 
2025-12-17T18:51:51.7918632Z         td_as_qs: tap_dance_as_qs {
2025-12-17T18:51:51.7918730Z             compatible = "zmk,behavior-tap-dance";
2025-12-17T18:51:51.7918806Z             #binding-cells = <0>;
2025-12-17T18:51:51.7918879Z             tapping-term-ms = <400>;
2025-12-17T18:51:51.7919095Z             bindings = <&kp (0x04 << 24 | (0x02 << 24 | ((((0x07) << 16) | (0x14)))))>, <&kp (0x04 << 24 | (0x02 << 24 | ((((0x07) << 16) | (0x1A)))))>;
2025-12-17T18:51:51.7919153Z         };
2025-12-17T18:51:51.7919156Z 
2025-12-17T18:51:51.7919237Z         ht_as_w_td: hold_tap_as_w_td {
2025-12-17T18:51:51.7919333Z             compatible = "zmk,behavior-hold-tap";
2025-12-17T18:51:51.7919407Z             #binding-cells = <2>;
2025-12-17T18:51:51.7919488Z             flavor = "tap-preferred";
2025-12-17T18:51:51.7919562Z             tapping-term-ms = <200>;
2025-12-17T18:51:51.7919641Z             bindings = <&kp>, <&td_as_qs>;
2025-12-17T18:51:51.7919703Z         };
2025-12-17T18:51:51.7919707Z 
2025-12-17T18:51:51.7919789Z         td_prev_sw: tap_dance_prev_win {
2025-12-17T18:51:51.7919883Z             compatible = "zmk,behavior-tap-dance";
2025-12-17T18:51:51.7919960Z             #binding-cells = <0>;
2025-12-17T18:51:51.7920034Z             tapping-term-ms = <400>;
2025-12-17T18:51:51.7920139Z             bindings = <&prev_win>, <&second_prev_win>;
2025-12-17T18:51:51.7920197Z         };
2025-12-17T18:51:51.7920201Z 
2025-12-17T18:51:51.7920291Z         td_was_comma_n: tap_dance_was_comma_n {
2025-12-17T18:51:51.7920386Z             compatible = "zmk,behavior-tap-dance";
2025-12-17T18:51:51.7920463Z             #binding-cells = <0>;
2025-12-17T18:51:51.7920537Z             tapping-term-ms = <400>;
2025-12-17T18:51:51.7920665Z             bindings = <&win_alt_shift_comma>, <&win_alt_shift_n>;
2025-12-17T18:51:51.7920725Z         };
2025-12-17T18:51:51.7920728Z 
2025-12-17T18:51:51.7920816Z         ht_wz4_prev_td: hold_tap_wz4_prev {
2025-12-17T18:51:51.7920906Z             compatible = "zmk,behavior-hold-tap";
2025-12-17T18:51:51.7920978Z             #binding-cells = <2>;
2025-12-17T18:51:51.7921059Z             flavor = "tap-preferred";
2025-12-17T18:51:51.7921219Z             tapping-term-ms = <200>;
2025-12-17T18:51:51.7921301Z             bindings = <&win_z_4>, <&td_prev_sw>;
2025-12-17T18:51:51.7921363Z         };
2025-12-17T18:51:51.7921366Z 
2025-12-17T18:51:51.7921447Z         ht_wz4_was_td: hold_tap_wz4_was {
2025-12-17T18:51:51.7921539Z             compatible = "zmk,behavior-hold-tap";
2025-12-17T18:51:51.7921610Z             #binding-cells = <2>;
2025-12-17T18:51:51.7921686Z             flavor = "tap-preferred";
2025-12-17T18:51:51.7921767Z             tapping-term-ms = <200>;
2025-12-17T18:51:51.7921861Z             bindings = <&win_z_4>, <&td_was_comma_n>;
2025-12-17T18:51:51.7921919Z         };
2025-12-17T18:51:51.7921923Z 
2025-12-17T18:51:51.7922014Z         td_ctrl_alt_bv: tap_dance_ctrl_alt_bv {
2025-12-17T18:51:51.7922202Z             compatible = "zmk,behavior-tap-dance";
2025-12-17T18:51:51.7922276Z             #binding-cells = <0>;
2025-12-17T18:51:51.7922353Z             tapping-term-ms = <400>;
2025-12-17T18:51:51.7922564Z             bindings = <&kp (0x01 << 24 | (0x04 << 24 | ((((0x07) << 16) | (0x05)))))>, <&kp (0x01 << 24 | (0x04 << 24 | ((((0x07) << 16) | (0x19)))))>;
2025-12-17T18:51:51.7922626Z         };
2025-12-17T18:51:51.7922629Z 
2025-12-17T18:51:51.7922715Z         ht_was1_cabv_td: hold_tap_was1_cabv {
2025-12-17T18:51:51.7922803Z             compatible = "zmk,behavior-hold-tap";
2025-12-17T18:51:51.7922878Z             #binding-cells = <2>;
2025-12-17T18:51:51.7923066Z             flavor = "tap-preferred";
2025-12-17T18:51:51.7923144Z             tapping-term-ms = <200>;
2025-12-17T18:51:51.7923232Z             bindings = <&kp>, <&td_ctrl_alt_bv>;
2025-12-17T18:51:51.7923290Z         };
2025-12-17T18:51:51.7923294Z 
2025-12-17T18:51:51.7923381Z         td_ctx_sa_cut: tap_dance_ctx_sa_cut {
2025-12-17T18:51:51.7923471Z             compatible = "zmk,behavior-tap-dance";
2025-12-17T18:51:51.7923542Z             #binding-cells = <0>;
2025-12-17T18:51:51.7923619Z             tapping-term-ms = <400>;
2025-12-17T18:51:51.7923754Z             bindings = <&kp (((((0x07) << 16) | (0x65))))>, <&select_all_cut>;
2025-12-17T18:51:51.7923813Z         };
2025-12-17T18:51:51.7923817Z 
2025-12-17T18:51:51.7923911Z         ht_lghome_ctx_td: hold_tap_lghome_ctx {
2025-12-17T18:51:51.7924003Z             compatible = "zmk,behavior-hold-tap";
2025-12-17T18:51:51.7924075Z             #binding-cells = <2>;
2025-12-17T18:51:51.7924154Z             flavor = "tap-preferred";
2025-12-17T18:51:51.7924233Z             tapping-term-ms = <200>;
2025-12-17T18:51:51.7924314Z             bindings = <&kp>, <&td_ctx_sa_cut>;
2025-12-17T18:51:51.7924373Z         };
2025-12-17T18:51:51.7924377Z 
2025-12-17T18:51:51.7924462Z         td_ps_sa_copy: tap_dance_ps_sa_copy {
2025-12-17T18:51:51.7924558Z             compatible = "zmk,behavior-tap-dance";
2025-12-17T18:51:51.7924632Z             #binding-cells = <0>;
2025-12-17T18:51:51.7924706Z             tapping-term-ms = <400>;
2025-12-17T18:51:51.7924897Z             bindings = <&kp (0x08 << 24 | (0x04 << 24 | (0x02 << 24 | ((((0x07) << 16) | (0x0D))))))>, <&select_all_copy>;
2025-12-17T18:51:51.7924960Z         };
2025-12-17T18:51:51.7924963Z 
2025-12-17T18:51:51.7925054Z         ht_lgshfte_ps_td: hold_tap_lgshfte_ps {
2025-12-17T18:51:51.7925150Z             compatible = "zmk,behavior-hold-tap";
2025-12-17T18:51:51.7925222Z             #binding-cells = <2>;
2025-12-17T18:51:51.7925300Z             flavor = "tap-preferred";
2025-12-17T18:51:51.7925372Z             tapping-term-ms = <200>;
2025-12-17T18:51:51.7925504Z             bindings = <&lg_home_alt_tab_ctrl_home>, <&td_ps_sa_copy>;
2025-12-17T18:51:51.7925566Z         };
2025-12-17T18:51:51.7925569Z 
2025-12-17T18:51:51.7925646Z         mt_cshome: modtap_cshome {
2025-12-17T18:51:51.7925739Z             compatible = "zmk,behavior-hold-tap";
2025-12-17T18:51:51.7925810Z             #binding-cells = <2>;
2025-12-17T18:51:51.7925887Z             flavor = "tap-preferred";
2025-12-17T18:51:51.7925963Z             tapping-term-ms = <200>;
2025-12-17T18:51:51.7926184Z             bindings = <&kp>, <&kp>;
2025-12-17T18:51:51.7926244Z         };
2025-12-17T18:51:51.7926248Z 
2025-12-17T18:51:51.7926331Z         mt_csend: modtap_csend {
2025-12-17T18:51:51.7926422Z             compatible = "zmk,behavior-hold-tap";
2025-12-17T18:51:51.7926494Z             #binding-cells = <2>;
2025-12-17T18:51:51.7926573Z             flavor = "tap-preferred";
2025-12-17T18:51:51.7926646Z             tapping-term-ms = <200>;
2025-12-17T18:51:51.7926727Z             bindings = <&kp>, <&kp>;
2025-12-17T18:51:51.7926788Z         };
2025-12-17T18:51:51.7926792Z 
2025-12-17T18:51:51.7926871Z         mt_ctrl: modtap_ctrl_generic {
2025-12-17T18:51:51.7926961Z             compatible = "zmk,behavior-hold-tap";
2025-12-17T18:51:51.7927032Z             #binding-cells = <2>;
2025-12-17T18:51:51.7927106Z             flavor = "tap-preferred";
2025-12-17T18:51:51.7927183Z             tapping-term-ms = <200>;
2025-12-17T18:51:51.7927252Z             bindings = <&kp>, <&kp>;
2025-12-17T18:51:51.7927317Z         };
2025-12-17T18:51:51.7927321Z 
2025-12-17T18:51:51.7927409Z         ht_cshome_del: hold_tap_cshome_del {
2025-12-17T18:51:51.7927498Z             compatible = "zmk,behavior-hold-tap";
2025-12-17T18:51:51.7927574Z             #binding-cells = <2>;
2025-12-17T18:51:51.7927649Z             flavor = "tap-preferred";
2025-12-17T18:51:51.7927721Z             tapping-term-ms = <200>;
2025-12-17T18:51:51.7927843Z             bindings = <&ctrl_shift_home_del>, <&shift_home_del>;
2025-12-17T18:51:51.7927981Z         };
2025-12-17T18:51:51.7927985Z 
2025-12-17T18:51:51.7928069Z         ht_csend_del: hold_tap_csend_del {
2025-12-17T18:51:51.7928160Z             compatible = "zmk,behavior-hold-tap";
2025-12-17T18:51:51.7928231Z             #binding-cells = <2>;
2025-12-17T18:51:51.7928305Z             flavor = "tap-preferred";
2025-12-17T18:51:51.7928381Z             tapping-term-ms = <200>;
2025-12-17T18:51:51.7928494Z             bindings = <&ctrl_shift_end_del>, <&shift_end_del>;
2025-12-17T18:51:51.7928561Z         };
2025-12-17T18:51:51.7928565Z 
2025-12-17T18:51:51.7928650Z         ht_was6_altf4: hold_tap_was6_altf4 {
2025-12-17T18:51:51.7928738Z             compatible = "zmk,behavior-hold-tap";
2025-12-17T18:51:51.7928815Z             #binding-cells = <2>;
2025-12-17T18:51:51.7928890Z             flavor = "tap-preferred";
2025-12-17T18:51:51.7928964Z             tapping-term-ms = <200>;
2025-12-17T18:51:51.7929040Z             bindings = <&kp>, <&kp>;
2025-12-17T18:51:51.7929099Z         };
2025-12-17T18:51:51.7929108Z 
2025-12-17T18:51:51.7929230Z         lg_home_alt_tab_ctrl_home: lg_home_alt_tab_ctrl_home {
2025-12-17T18:51:51.7929320Z             compatible = "zmk,behavior-macro";
2025-12-17T18:51:51.7929392Z             #binding-cells = <0>;
2025-12-17T18:51:51.7929480Z             label = "LG_HOME_ALT_TAB_CTRL_HOME";
2025-12-17T18:51:51.7929550Z             wait-ms = <50>;
2025-12-17T18:51:51.7929619Z             tap-ms = <50>;
2025-12-17T18:51:51.7929690Z             bindings =
2025-12-17T18:51:51.7929817Z                 <&macro_tap &kp (0x08 << 24 | ((((0x07) << 16) | (0x4A))))>,
2025-12-17T18:51:51.7929895Z                 <&macro_wait_time 100>,
2025-12-17T18:51:51.7930002Z                 <&macro_press &kp (((((0x07) << 16) | (0xE2))))>,
2025-12-17T18:51:51.7930096Z                 <&macro_tap &kp ((((0x07) << 16) | (0x2B)))>,
2025-12-17T18:51:51.7930175Z                 <&macro_wait_time 50>,
2025-12-17T18:51:51.7930292Z                 <&macro_tap &kp (0x01 << 24 | ((((0x07) << 16) | (0x4A))))>,
2025-12-17T18:51:51.7930366Z                 <&macro_wait_time 50>,
2025-12-17T18:51:51.7930474Z                 <&macro_release &kp (((((0x07) << 16) | (0xE2))))>;
2025-12-17T18:51:51.7930533Z         };
2025-12-17T18:51:51.7930536Z 
2025-12-17T18:51:51.7930618Z         td_win_win_h: tap_dance_win_win_h {
2025-12-17T18:51:51.7930717Z             compatible = "zmk,behavior-tap-dance";
2025-12-17T18:51:51.7930787Z             #binding-cells = <0>;
2025-12-17T18:51:51.7930861Z             tapping-term-ms = <200>;
2025-12-17T18:51:51.7931160Z             bindings = <&kp (0x08 << 24 | (0x04 << 24 | (0x02 << 24 | ((((0x07) << 16) | (0x18))))))>, <&kp (0x08 << 24 | ((((0x07) << 16) | (0x0B))))>;
2025-12-17T18:51:51.7931220Z         };
2025-12-17T18:51:51.7931223Z 
2025-12-17T18:51:51.7931306Z         ht_mo2_win_td: hold_tap_mo2_win {
2025-12-17T18:51:51.7931396Z             compatible = "zmk,behavior-hold-tap";
2025-12-17T18:51:51.7931468Z             #binding-cells = <2>;
2025-12-17T18:51:51.7931552Z             flavor = "tap-preferred";
2025-12-17T18:51:51.7931626Z             tapping-term-ms = <200>;
2025-12-17T18:51:51.7931706Z             bindings = <&mo>, <&td_win_win_h>;
2025-12-17T18:51:51.7931768Z         };
2025-12-17T18:51:51.7931772Z 
2025-12-17T18:51:51.7931858Z         td_enter_was_u: tap_dance_enter_was_u {
2025-12-17T18:51:51.7931955Z             compatible = "zmk,behavior-tap-dance";
2025-12-17T18:51:51.7932026Z             #binding-cells = <0>;
2025-12-17T18:51:51.7932363Z             tapping-term-ms = <400>;
2025-12-17T18:51:51.7932577Z             bindings = <&mkp ((1UL << (0)))>, <&kp (0x08 << 24 | (0x04 << 24 | (0x02 << 24 | ((((0x07) << 16) | (0x18))))))>;
2025-12-17T18:51:51.7932640Z         };
2025-12-17T18:51:51.7932643Z 
2025-12-17T18:51:51.7932749Z         ht_mo2_enter_was_u: hold_tap_mo2_enter_was_u {
2025-12-17T18:51:51.7932849Z             compatible = "zmk,behavior-hold-tap";
2025-12-17T18:51:51.7932923Z             #binding-cells = <2>;
2025-12-17T18:51:51.7933126Z             flavor = "tap-preferred";
2025-12-17T18:51:51.7933208Z             tapping-term-ms = <200>;
2025-12-17T18:51:51.7933294Z             bindings = <&mo>, <&td_enter_was_u>;
2025-12-17T18:51:51.7933358Z         };
2025-12-17T18:51:51.7933362Z 
2025-12-17T18:51:51.7933482Z         td_maximize_minimize: tap_dance_maximize_minimize {
2025-12-17T18:51:51.7933576Z             compatible = "zmk,behavior-tap-dance";
2025-12-17T18:51:51.7933651Z             #binding-cells = <0>;
2025-12-17T18:51:51.7933728Z             tapping-term-ms = <400>;
2025-12-17T18:51:51.7933983Z             bindings = <&kp (0x08 << 24 | (0x04 << 24 | (0x02 << 24 | (((((0x07) << 16) | (0x23)))))))>, <&kp (0x08 << 24 | (0x04 << 24 | (0x02 << 24 | ((((0x07) << 16) | (0x10))))))>;
2025-12-17T18:51:51.7934043Z         };
2025-12-17T18:51:51.7934047Z 
2025-12-17T18:51:51.7934142Z         ht_close_window_td: hold_tap_close_window {
2025-12-17T18:51:51.7934236Z             compatible = "zmk,behavior-hold-tap";
2025-12-17T18:51:51.7934312Z             #binding-cells = <2>;
2025-12-17T18:51:51.7934390Z             flavor = "tap-preferred";
2025-12-17T18:51:51.7934467Z             tapping-term-ms = <200>;
2025-12-17T18:51:51.7934562Z             bindings = <&kp>, <&td_maximize_minimize>;
2025-12-17T18:51:51.7934621Z         };
2025-12-17T18:51:51.7934629Z 
2025-12-17T18:51:51.7934688Z     };
2025-12-17T18:51:51.7934794Z # 704 "/tmp/zmk-config/config/eyelash_sofle.keymap"
2025-12-17T18:51:51.7934862Z     keymap {
2025-12-17T18:51:51.7934942Z         compatible = "zmk,keymap";
2025-12-17T18:51:51.7934949Z 
2025-12-17T18:51:51.7935011Z         layer0 {
2025-12-17T18:51:51.7935084Z             bindings = <
2025-12-17T18:51:51.7935580Z &kp (((((0x07) << 16) | (0x29)))) &kp (((((0x07) << 16) | (0x1E)))) &kp (((((0x07) << 16) | (0x1F)))) &kp (((((0x07) << 16) | (0x20)))) &kp (((((0x07) << 16) | (0x21)))) &kp (((((0x07) << 16) | (0x22)))) &kp ((((0x07) << 16) | (0x52))) &kp (((((0x07) << 16) | (0x23)))) &kp (((((0x07) << 16) | (0x24)))) &kp (((((0x07) << 16) | (0x25)))) &kp (((((0x07) << 16) | (0x26)))) &kp (((((0x07) << 16) | (0x27)))) &kp ((((0x07) << 16) | (0x2A)))
2025-12-17T18:51:51.7936113Z &kp ((((0x07) << 16) | (0x2B))) &kp ((((0x07) << 16) | (0x14))) &kp ((((0x07) << 16) | (0x1A))) &kp ((((0x07) << 16) | (0x08))) &kp ((((0x07) << 16) | (0x15))) &kp ((((0x07) << 16) | (0x17))) &kp ((((0x07) << 16) | (0x51))) &kp ((((0x07) << 16) | (0x1C))) &kp ((((0x07) << 16) | (0x18))) &kp ((((0x07) << 16) | (0x0C))) &kp ((((0x07) << 16) | (0x12))) &kp ((((0x07) << 16) | (0x13))) &ht_as_w_td (0x04 << 24 | (0x02 << 24 | ((((0x07) << 16) | (0x16))))) 0
2025-12-17T18:51:51.7936853Z &kp (((((0x07) << 16) | (0x39)))) &kp ((((0x07) << 16) | (0x04))) &kp ((((0x07) << 16) | (0x16))) &kp ((((0x07) << 16) | (0x07))) &kp ((((0x07) << 16) | (0x09))) &kp ((((0x07) << 16) | (0x0A))) &kp ((((0x07) << 16) | (0x50))) &kp ((((0x07) << 16) | (0x0B))) &kp ((((0x07) << 16) | (0x0D))) &kp ((((0x07) << 16) | (0x0E))) &kp ((((0x07) << 16) | (0x0F))) &ht_n0_td (0x08 << 24 | (0x04 << 24 | (0x02 << 24 | (((((0x07) << 16) | (0x24))))))) 0 &ht_was1_cabv_td (0x08 << 24 | (0x04 << 24 | (0x02 << 24 | (((((0x07) << 16) | (0x1E))))))) 0
2025-12-17T18:51:51.7937409Z &kp (((((0x07) << 16) | (0xE1)))) &kp ((((0x07) << 16) | (0x1D))) &kp ((((0x07) << 16) | (0x1B))) &kp ((((0x07) << 16) | (0x06))) &kp ((((0x07) << 16) | (0x19))) &kp ((((0x07) << 16) | (0x05))) &kp ((((0x07) << 16) | (0x4F))) &kp ((((0x07) << 16) | (0x11))) &kp ((((0x07) << 16) | (0x10))) &kp ((((0x07) << 16) | (0x36))) &kp (((((0x07) << 16) | (0x37)))) &ht_close_window_td (0x04 << 24 | ((((0x07) << 16) | (0x3D)))) 0 &kp (((((0x07) << 16) | (0x28))))
2025-12-17T18:51:51.7938033Z &kp ((((0x0C) << 16) | (0xCD))) &kp (((((0x07) << 16) | (0xE0)))) &kp ((((0x07) << 16) | (0xE3))) &kp ((((0x07) << 16) | (0xE2))) &kp ((((0x07) << 16) | (0x2C))) &mo 1 &trans &ht_mo2_enter_was_u 2 0 &kp (0x08 << 24 | (0x04 << 24 | ((((0x07) << 16) | (0xE1))))) &ht_lgshfte_ps_td 0 0 &ht_lghome_ctx_td (0x08 << 24 | (0x02 << 24 | ((((0x07) << 16) | (0x08))))) 0 &kp ((((0x07) << 16) | (0x4C)))
2025-12-17T18:51:51.7938104Z             >;
2025-12-17T18:51:51.7938108Z 
2025-12-17T18:51:51.7938298Z             sensor-bindings = <&inc_dec_kp ((((0x0C) << 16) | (0xE9))) (((((0x0C) << 16) | (0xEA))))>;
2025-12-17T18:51:51.7938378Z             display-name = "LAYER0";
2025-12-17T18:51:51.7938436Z         };
2025-12-17T18:51:51.7938440Z 
2025-12-17T18:51:51.7938501Z         layer_1 {
2025-12-17T18:51:51.7938575Z             bindings = <
2025-12-17T18:51:51.7939049Z &kp ((((0x07) << 16) | (0x44))) &kp ((((0x07) << 16) | (0x3A))) &kp ((((0x07) << 16) | (0x3B))) &kp ((((0x07) << 16) | (0x3C))) &kp ((((0x07) << 16) | (0x3D))) &kp ((((0x07) << 16) | (0x3E))) &morph_mmv_up &kp ((((0x07) << 16) | (0x3F))) &kp ((((0x07) << 16) | (0x40))) &kp ((((0x07) << 16) | (0x41))) &kp ((((0x07) << 16) | (0x42))) &kp ((((0x07) << 16) | (0x43))) &kp ((((0x07) << 16) | (0x45)))
2025-12-17T18:51:51.7939545Z &prev_win &second_prev_win &trans &win_z_4 &win_z_5 &win_z_6 &morph_mmv_down &kp (0x02 << 24 | (((((0x07) << 16) | (0x38))))) &morph_mmv_up &kp ((((0x07) << 16) | (0x30))) &kp (((((0x07) << 16) | (0x38)))) &kp (((((0x07) << 16) | (0x33)))) &kp (0x01 << 24 | (0x04 << 24 | ((((0x07) << 16) | (0x1A)))))
2025-12-17T18:51:51.7939937Z &trans &caw_q &caw_w &caw_e &caw_r &win_z_7 &morph_mmv_left &morph_mmv_left &morph_mmv_down &morph_mmv_right &kp ((((0x07) << 16) | (0x2D))) &kp ((((0x07) << 16) | (0x2E))) &kp (((((0x07) << 16) | (0x34))))
2025-12-17T18:51:51.7940391Z &kp (((((0x07) << 16) | (0xE1)))) &caw_a &caw_s &caw_d &caw_f &win_z_8 &morph_mmv_right &kp ((0x02 << 24 | (((0x07) << 16) | (0x35)))) &kp ((((0x07) << 16) | (0x35))) &kp ((((0x07) << 16) | (0x54))) &kp (0x02 << 24 | ((((0x07) << 16) | (0x2E)))) &kp (0x02 << 24 | ((((0x07) << 16) | (0x2D)))) &kp ((((0x07) << 16) | (0x2F)))
2025-12-17T18:51:51.7940839Z &kp ((((0x0C) << 16) | (0xE2))) &kp (((((0x07) << 16) | (0xE0)))) &trans &kp ((((0x07) << 16) | (0xE2))) &trans &trans &trans &mkp ((1UL << (0))) &kp (0x02 << 24 | (((((0x07) << 16) | (0x34))))) &kp (0x02 << 24 | ((((0x07) << 16) | (0x2F)))) &kp ((((0x07) << 16) | (0x64))) &kp (0x04 << 24 | (0x02 << 24 | ((((0x07) << 16) | (0x16)))))
2025-12-17T18:51:51.7940905Z             >;
2025-12-17T18:51:51.7940908Z 
2025-12-17T18:51:51.7940982Z             display-name = "layer1";
2025-12-17T18:51:51.7941224Z             sensor-bindings = <&inc_dec_kp (0x01 << 24 | (0x02 << 24 | ((((0x07) << 16) | (0x2E))))) (0x01 << 24 | ((((0x07) << 16) | (0x2D))))>;
2025-12-17T18:51:51.7941289Z         };
2025-12-17T18:51:51.7941293Z 
2025-12-17T18:51:51.7941435Z         layer_2 {
2025-12-17T18:51:51.7941503Z             bindings = <
2025-12-17T18:51:51.7942550Z &ht_was6_altf4 (0x08 << 24 | (0x04 << 24 | (0x02 << 24 | (((((0x07) << 16) | (0x23))))))) (0x04 << 24 | ((((0x07) << 16) | (0x3D)))) &bt 3 0 &bt 3 3 &bt 3 2 &kp (0x08 << 24 | ((((0x07) << 16) | (0x4A)))) &kp (0x08 << 24 | (0x02 << 24 | ((((0x07) << 16) | (0x08))))) &morph_up &mt_cshome (0x01 << 24 | (0x02 << 24 | ((((0x07) << 16) | (0x4A))))) (0x02 << 24 | ((((0x07) << 16) | (0x4A)))) &mt_csend (0x01 << 24 | (0x02 << 24 | ((((0x07) << 16) | (0x4D))))) (0x02 << 24 | ((((0x07) << 16) | (0x4D)))) &ht_cshome_del 0 0 &ht_csend_del 0 0 &mt_ctrl (0x01 << 24 | ((((0x07) << 16) | (0x4A)))) ((((0x07) << 16) | (0x4A))) &mt_ctrl (0x01 << 24 | ((((0x07) << 16) | (0x4D)))) ((((0x07) << 16) | (0x4D)))
2025-12-17T18:51:51.7943186Z &trans &trans &trans &trans &trans &kp (0x08 << 24 | (((((0x07) << 16) | (0x37))))) &morph_down &kp (0x04 << 24 | ((((0x07) << 16) | (0x46)))) &kp ((((0x07) << 16) | (0x52))) &kp (((((0x07) << 16) | (0x4B)))) &kp (((((0x07) << 16) | (0x4E)))) &mt_ctrl (0x01 << 24 | (0x02 << 24 | (((((0x07) << 16) | (0x4B)))))) (0x01 << 24 | (((((0x07) << 16) | (0x4B))))) &mt_ctrl (0x01 << 24 | (0x02 << 24 | (((((0x07) << 16) | (0x4E)))))) (0x01 << 24 | (((((0x07) << 16) | (0x4E)))))
2025-12-17T18:51:51.7943665Z &trans &trans &trans &trans &kp (0x01 << 24 | (0x02 << 24 | ((((0x07) << 16) | (0x19))))) &trans &morph_left &kp ((((0x07) << 16) | (0x50))) &kp ((((0x07) << 16) | (0x51))) &kp ((((0x07) << 16) | (0x4F))) &trans &trans &trans
2025-12-17T18:51:51.7944193Z &trans &trans &trans &trans &kp (0x01 << 24 | (0x04 << 24 | ((((0x07) << 16) | (0x19))))) &kp (0x01 << 24 | (0x04 << 24 | ((((0x07) << 16) | (0x05))))) &morph_right &trans &trans &trans &trans &kp (0x08 << 24 | (0x04 << 24 | (0x02 << 24 | (((((0x07) << 16) | (0x21))))))) &kp (0x08 << 24 | (0x04 << 24 | (0x02 << 24 | (((((0x07) << 16) | (0x22)))))))
2025-12-17T18:51:51.7944416Z &bt 0 0 &kp (((((0x07) << 16) | (0xE0)))) &trans &trans &trans &trans &trans &trans &trans &trans &trans &select_all_del
2025-12-17T18:51:51.7944482Z             >;
2025-12-17T18:51:51.7944486Z 
2025-12-17T18:51:51.7944585Z             sensor-bindings = <&scroll_encoder>;
2025-12-17T18:51:51.7944645Z         };
2025-12-17T18:51:51.7944649Z 
2025-12-17T18:51:51.7944713Z         layer_3 {
2025-12-17T18:51:51.7944781Z             bindings = <
2025-12-17T18:51:51.7944980Z &trans &trans &trans &trans &trans &trans &trans &trans &trans &trans &trans &trans &trans
2025-12-17T18:51:51.7945179Z &trans &trans &trans &trans &trans &trans &trans &trans &trans &trans &trans &trans &trans
2025-12-17T18:51:51.7945364Z &trans &trans &trans &trans &trans &trans &trans &trans &trans &trans &trans &trans &trans
2025-12-17T18:51:51.7945548Z &trans &trans &trans &trans &trans &trans &trans &trans &trans &trans &trans &trans &trans
2025-12-17T18:51:51.7945729Z &trans &trans &trans &trans &trans &trans &trans &trans &trans &trans &trans &trans
2025-12-17T18:51:51.7945790Z             >;
2025-12-17T18:51:51.7945854Z         };
2025-12-17T18:51:51.7945913Z     };
2025-12-17T18:51:51.7945971Z };
2025-12-17T18:51:51.7946103Z # 2 "/tmp/zmk-config/config/eyelash_sofle_right.keymap" 2
2025-12-17T18:51:51.7946172Z # 0 "<command-line>" 2
2025-12-17T18:51:51.7946270Z # 1 "/tmp/zmk-config/zephyr/misc/empty_file.c"
2025-12-17T18:51:51.8007377Z Post job cleanup.
2025-12-17T18:51:51.8010756Z ##[command]/usr/bin/docker exec  63126ed590253af3b68abed293e5338a25025d9b823bdaef876a2c60d273729e sh -c "cat /etc/*release | grep ^ID"
2025-12-17T18:51:51.9860422Z [command]/usr/bin/git version
2025-12-17T18:51:51.9895919Z git version 2.43.0
2025-12-17T18:51:51.9939913Z Temporarily overriding HOME='/__w/_temp/53aed1b7-40b6-4c6c-8709-84df662c412d' before making global git config changes
2025-12-17T18:51:51.9941211Z Adding repository directory to the temporary git global config as a safe directory
2025-12-17T18:51:51.9947183Z [command]/usr/bin/git config --global --add safe.directory /__w/zmk-sofle/zmk-sofle
2025-12-17T18:51:51.9978486Z [command]/usr/bin/git config --local --name-only --get-regexp core\.sshCommand
2025-12-17T18:51:52.0016427Z [command]/usr/bin/git submodule foreach --recursive sh -c "git config --local --name-only --get-regexp 'core\.sshCommand' && git config --local --unset-all 'core.sshCommand' || :"
2025-12-17T18:51:52.0243839Z [command]/usr/bin/git config --local --name-only --get-regexp http\.https\:\/\/github\.com\/\.extraheader
2025-12-17T18:51:52.0262491Z http.https://github.com/.extraheader
2025-12-17T18:51:52.0274514Z [command]/usr/bin/git config --local --unset-all http.https://github.com/.extraheader
2025-12-17T18:51:52.0304154Z [command]/usr/bin/git submodule foreach --recursive sh -c "git config --local --name-only --get-regexp 'http\.https\:\/\/github\.com\/\.extraheader' && git config --local --unset-all 'http.https://github.com/.extraheader' || :"
2025-12-17T18:51:52.0523813Z [command]/usr/bin/git config --local --name-only --get-regexp ^includeIf\.gitdir:
2025-12-17T18:51:52.0551849Z [command]/usr/bin/git submodule foreach --recursive git config --local --show-origin --name-only --get-regexp remote.origin.url
2025-12-17T18:51:52.0889930Z Stop and remove container: 7df3fcbb54fb4e439c2a10b174d7d185_zmkfirmwarezmkbuildarmstable_a8cbdc
2025-12-17T18:51:52.0894661Z ##[command]/usr/bin/docker rm --force 63126ed590253af3b68abed293e5338a25025d9b823bdaef876a2c60d273729e
2025-12-17T18:51:56.5853249Z 63126ed590253af3b68abed293e5338a25025d9b823bdaef876a2c60d273729e
2025-12-17T18:51:56.5886141Z Remove container network: github_network_387d2b973a794a8488d4ecd0e29a4b86
2025-12-17T18:51:56.5890623Z ##[command]/usr/bin/docker network rm github_network_387d2b973a794a8488d4ecd0e29a4b86
2025-12-17T18:51:56.7076146Z github_network_387d2b973a794a8488d4ecd0e29a4b86
2025-12-17T18:51:56.7136061Z Cleaning up orphan processes